<?xml version="1.0" encoding="ISO-8859-1" ?>
<link_info>
   <banner>TMS320C2000 Linker Unix v18.12.3.LTS</banner>
   <copyright>Copyright (c) 1996-2018 Texas Instruments Incorporated</copyright>
   <link_time>0x5dd95166</link_time>
   <link_errors>0x1</link_errors>
   <output_file>uNMR_CCS613.out</output_file>
   <entry_point>
      <name>_c_int00</name>
      <address>0x3dd6</address>
   </entry_point>
   <input_file_list>
      <input_file id="fl-2">
         <path>./DSP2833x/source/</path>
         <kind>object</kind>
         <file>DSP2833x_GlobalVariableDefs.obj</file>
         <name>DSP2833x_GlobalVariableDefs.obj</name>
      </input_file>
      <input_file id="fl-3">
         <path>./DSP2833x_common/source/</path>
         <kind>object</kind>
         <file>DSP2833x_ADC_cal.obj</file>
         <name>DSP2833x_ADC_cal.obj</name>
      </input_file>
      <input_file id="fl-4">
         <path>./DSP2833x_common/source/</path>
         <kind>object</kind>
         <file>DSP2833x_Adc.obj</file>
         <name>DSP2833x_Adc.obj</name>
      </input_file>
      <input_file id="fl-5">
         <path>./DSP2833x_common/source/</path>
         <kind>object</kind>
         <file>DSP2833x_CSMPasswords.obj</file>
         <name>DSP2833x_CSMPasswords.obj</name>
      </input_file>
      <input_file id="fl-6">
         <path>./DSP2833x_common/source/</path>
         <kind>object</kind>
         <file>DSP2833x_CodeStartBranch.obj</file>
         <name>DSP2833x_CodeStartBranch.obj</name>
      </input_file>
      <input_file id="fl-7">
         <path>./DSP2833x_common/source/</path>
         <kind>object</kind>
         <file>DSP2833x_CpuTimers.obj</file>
         <name>DSP2833x_CpuTimers.obj</name>
      </input_file>
      <input_file id="fl-8">
         <path>./DSP2833x_common/source/</path>
         <kind>object</kind>
         <file>DSP2833x_DBGIER.obj</file>
         <name>DSP2833x_DBGIER.obj</name>
      </input_file>
      <input_file id="fl-9">
         <path>./DSP2833x_common/source/</path>
         <kind>object</kind>
         <file>DSP2833x_DMA.obj</file>
         <name>DSP2833x_DMA.obj</name>
      </input_file>
      <input_file id="fl-a">
         <path>./DSP2833x_common/source/</path>
         <kind>object</kind>
         <file>DSP2833x_DefaultIsr.obj</file>
         <name>DSP2833x_DefaultIsr.obj</name>
      </input_file>
      <input_file id="fl-b">
         <path>./DSP2833x_common/source/</path>
         <kind>object</kind>
         <file>DSP2833x_DisInt.obj</file>
         <name>DSP2833x_DisInt.obj</name>
      </input_file>
      <input_file id="fl-c">
         <path>./DSP2833x_common/source/</path>
         <kind>object</kind>
         <file>DSP2833x_ECan.obj</file>
         <name>DSP2833x_ECan.obj</name>
      </input_file>
      <input_file id="fl-d">
         <path>./DSP2833x_common/source/</path>
         <kind>object</kind>
         <file>DSP2833x_ECap.obj</file>
         <name>DSP2833x_ECap.obj</name>
      </input_file>
      <input_file id="fl-e">
         <path>./DSP2833x_common/source/</path>
         <kind>object</kind>
         <file>DSP2833x_EPwm.obj</file>
         <name>DSP2833x_EPwm.obj</name>
      </input_file>
      <input_file id="fl-f">
         <path>./DSP2833x_common/source/</path>
         <kind>object</kind>
         <file>DSP2833x_EQep.obj</file>
         <name>DSP2833x_EQep.obj</name>
      </input_file>
      <input_file id="fl-10">
         <path>./DSP2833x_common/source/</path>
         <kind>object</kind>
         <file>DSP2833x_Gpio.obj</file>
         <name>DSP2833x_Gpio.obj</name>
      </input_file>
      <input_file id="fl-11">
         <path>./DSP2833x_common/source/</path>
         <kind>object</kind>
         <file>DSP2833x_I2C.obj</file>
         <name>DSP2833x_I2C.obj</name>
      </input_file>
      <input_file id="fl-12">
         <path>./DSP2833x_common/source/</path>
         <kind>object</kind>
         <file>DSP2833x_Mcbsp.obj</file>
         <name>DSP2833x_Mcbsp.obj</name>
      </input_file>
      <input_file id="fl-13">
         <path>./DSP2833x_common/source/</path>
         <kind>object</kind>
         <file>DSP2833x_MemCopy.obj</file>
         <name>DSP2833x_MemCopy.obj</name>
      </input_file>
      <input_file id="fl-14">
         <path>./DSP2833x_common/source/</path>
         <kind>object</kind>
         <file>DSP2833x_PieCtrl.obj</file>
         <name>DSP2833x_PieCtrl.obj</name>
      </input_file>
      <input_file id="fl-15">
         <path>./DSP2833x_common/source/</path>
         <kind>object</kind>
         <file>DSP2833x_PieVect.obj</file>
         <name>DSP2833x_PieVect.obj</name>
      </input_file>
      <input_file id="fl-16">
         <path>./DSP2833x_common/source/</path>
         <kind>object</kind>
         <file>DSP2833x_Sci.obj</file>
         <name>DSP2833x_Sci.obj</name>
      </input_file>
      <input_file id="fl-17">
         <path>./DSP2833x_common/source/</path>
         <kind>object</kind>
         <file>DSP2833x_Spi.obj</file>
         <name>DSP2833x_Spi.obj</name>
      </input_file>
      <input_file id="fl-18">
         <path>./DSP2833x_common/source/</path>
         <kind>object</kind>
         <file>DSP2833x_SysCtrl.obj</file>
         <name>DSP2833x_SysCtrl.obj</name>
      </input_file>
      <input_file id="fl-19">
         <path>./DSP2833x_common/source/</path>
         <kind>object</kind>
         <file>DSP2833x_Xintf.obj</file>
         <name>DSP2833x_Xintf.obj</name>
      </input_file>
      <input_file id="fl-1a">
         <path>./DSP2833x_common/source/</path>
         <kind>object</kind>
         <file>DSP2833x_usDelay.obj</file>
         <name>DSP2833x_usDelay.obj</name>
      </input_file>
      <input_file id="fl-1b">
         <path>./SOURCE/</path>
         <kind>object</kind>
         <file>ADS1248 .obj</file>
         <name>ADS1248 .obj</name>
      </input_file>
      <input_file id="fl-1c">
         <path>./SOURCE/</path>
         <kind>object</kind>
         <file>PLL.obj</file>
         <name>PLL.obj</name>
      </input_file>
      <input_file id="fl-1d">
         <path>./SOURCE/</path>
         <kind>object</kind>
         <file>RunNMR.obj</file>
         <name>RunNMR.obj</name>
      </input_file>
      <input_file id="fl-1e">
         <path>./SOURCE/</path>
         <kind>object</kind>
         <file>asic.obj</file>
         <name>asic.obj</name>
      </input_file>
      <input_file id="fl-1f">
         <path>./SOURCE/</path>
         <kind>object</kind>
         <file>cpu_timer.obj</file>
         <name>cpu_timer.obj</name>
      </input_file>
      <input_file id="fl-20">
         <path>./SOURCE/</path>
         <kind>object</kind>
         <file>gpio_init.obj</file>
         <name>gpio_init.obj</name>
      </input_file>
      <input_file id="fl-21">
         <path>./SOURCE/</path>
         <kind>object</kind>
         <file>main.obj</file>
         <name>main.obj</name>
      </input_file>
      <input_file id="fl-22">
         <path>./SOURCE/</path>
         <kind>object</kind>
         <file>nmr.obj</file>
         <name>nmr.obj</name>
      </input_file>
      <input_file id="fl-23">
         <path>./SOURCE/</path>
         <kind>object</kind>
         <file>nmr_plsq.obj</file>
         <name>nmr_plsq.obj</name>
      </input_file>
      <input_file id="fl-24">
         <path>./SOURCE/</path>
         <kind>object</kind>
         <file>noe1dseq.obj</file>
         <name>noe1dseq.obj</name>
      </input_file>
      <input_file id="fl-25">
         <path>./freeMODBUS/ascii/</path>
         <kind>object</kind>
         <file>mbascii.obj</file>
         <name>mbascii.obj</name>
      </input_file>
      <input_file id="fl-26">
         <path>./freeMODBUS/functions/</path>
         <kind>object</kind>
         <file>mbfunccoils.obj</file>
         <name>mbfunccoils.obj</name>
      </input_file>
      <input_file id="fl-27">
         <path>./freeMODBUS/functions/</path>
         <kind>object</kind>
         <file>mbfuncdiag.obj</file>
         <name>mbfuncdiag.obj</name>
      </input_file>
      <input_file id="fl-28">
         <path>./freeMODBUS/functions/</path>
         <kind>object</kind>
         <file>mbfuncdisc.obj</file>
         <name>mbfuncdisc.obj</name>
      </input_file>
      <input_file id="fl-29">
         <path>./freeMODBUS/functions/</path>
         <kind>object</kind>
         <file>mbfuncholding.obj</file>
         <name>mbfuncholding.obj</name>
      </input_file>
      <input_file id="fl-2a">
         <path>./freeMODBUS/functions/</path>
         <kind>object</kind>
         <file>mbfuncinput.obj</file>
         <name>mbfuncinput.obj</name>
      </input_file>
      <input_file id="fl-2b">
         <path>./freeMODBUS/functions/</path>
         <kind>object</kind>
         <file>mbfuncother.obj</file>
         <name>mbfuncother.obj</name>
      </input_file>
      <input_file id="fl-2c">
         <path>./freeMODBUS/functions/</path>
         <kind>object</kind>
         <file>mbutils.obj</file>
         <name>mbutils.obj</name>
      </input_file>
      <input_file id="fl-2d">
         <path>./freeMODBUS/</path>
         <kind>object</kind>
         <file>mb.obj</file>
         <name>mb.obj</name>
      </input_file>
      <input_file id="fl-2e">
         <path>./freeMODBUS/</path>
         <kind>object</kind>
         <file>portevent.obj</file>
         <name>portevent.obj</name>
      </input_file>
      <input_file id="fl-2f">
         <path>./freeMODBUS/</path>
         <kind>object</kind>
         <file>portserial.obj</file>
         <name>portserial.obj</name>
      </input_file>
      <input_file id="fl-30">
         <path>./freeMODBUS/</path>
         <kind>object</kind>
         <file>porttimer.obj</file>
         <name>porttimer.obj</name>
      </input_file>
      <input_file id="fl-31">
         <path>./freeMODBUS/rtu/</path>
         <kind>object</kind>
         <file>mbcrc.obj</file>
         <name>mbcrc.obj</name>
      </input_file>
      <input_file id="fl-32">
         <path>./freeMODBUS/rtu/</path>
         <kind>object</kind>
         <file>mbrtu.obj</file>
         <name>mbrtu.obj</name>
      </input_file>
      <input_file id="fl-33">
         <path>./freeMODBUS/tcp/</path>
         <kind>object</kind>
         <file>mbtcp.obj</file>
         <name>mbtcp.obj</name>
      </input_file>
      <input_file id="fl-3a">
         <kind>object</kind>
         <file>&lt;internal&gt;</file>
         <name>&lt;internal&gt;</name>
      </input_file>
      <input_file id="fl-46">
         <path>/Applications/ti/ccs920/ccs/tools/compiler/ti-cgt-c2000_18.12.3.LTS/lib/</path>
         <kind>archive</kind>
         <file>rts2800_fpu32.lib</file>
         <name>e_powf.c.obj</name>
      </input_file>
      <input_file id="fl-47">
         <path>/Applications/ti/ccs920/ccs/tools/compiler/ti-cgt-c2000_18.12.3.LTS/lib/</path>
         <kind>archive</kind>
         <file>rts2800_fpu32.lib</file>
         <name>e_sqrtf.c.obj</name>
      </input_file>
      <input_file id="fl-48">
         <path>/Applications/ti/ccs920/ccs/tools/compiler/ti-cgt-c2000_18.12.3.LTS/lib/</path>
         <kind>archive</kind>
         <file>rts2800_fpu32.lib</file>
         <name>s_floorf.c.obj</name>
      </input_file>
      <input_file id="fl-49">
         <path>/Applications/ti/ccs920/ccs/tools/compiler/ti-cgt-c2000_18.12.3.LTS/lib/</path>
         <kind>archive</kind>
         <file>rts2800_fpu32.lib</file>
         <name>s_scalbnf.c.obj</name>
      </input_file>
      <input_file id="fl-4a">
         <path>/Applications/ti/ccs920/ccs/tools/compiler/ti-cgt-c2000_18.12.3.LTS/lib/</path>
         <kind>archive</kind>
         <file>rts2800_fpu32.lib</file>
         <name>boot28.asm.obj</name>
      </input_file>
      <input_file id="fl-4b">
         <path>/Applications/ti/ccs920/ccs/tools/compiler/ti-cgt-c2000_18.12.3.LTS/lib/</path>
         <kind>archive</kind>
         <file>rts2800_fpu32.lib</file>
         <name>fs_div28.asm.obj</name>
      </input_file>
      <input_file id="fl-4c">
         <path>/Applications/ti/ccs920/ccs/tools/compiler/ti-cgt-c2000_18.12.3.LTS/lib/</path>
         <kind>archive</kind>
         <file>rts2800_fpu32.lib</file>
         <name>i_div28.asm.obj</name>
      </input_file>
      <input_file id="fl-4d">
         <path>/Applications/ti/ccs920/ccs/tools/compiler/ti-cgt-c2000_18.12.3.LTS/lib/</path>
         <kind>archive</kind>
         <file>rts2800_fpu32.lib</file>
         <name>l_div28.asm.obj</name>
      </input_file>
      <input_file id="fl-4e">
         <path>/Applications/ti/ccs920/ccs/tools/compiler/ti-cgt-c2000_18.12.3.LTS/lib/</path>
         <kind>archive</kind>
         <file>rts2800_fpu32.lib</file>
         <name>cpy_tbl.c.obj</name>
      </input_file>
      <input_file id="fl-4f">
         <path>/Applications/ti/ccs920/ccs/tools/compiler/ti-cgt-c2000_18.12.3.LTS/lib/</path>
         <kind>archive</kind>
         <file>rts2800_fpu32.lib</file>
         <name>memcpy.c.obj</name>
      </input_file>
      <input_file id="fl-50">
         <path>/Applications/ti/ccs920/ccs/tools/compiler/ti-cgt-c2000_18.12.3.LTS/lib/</path>
         <kind>archive</kind>
         <file>rts2800_fpu32.lib</file>
         <name>pre_init.c.obj</name>
      </input_file>
      <input_file id="fl-51">
         <path>/Applications/ti/ccs920/ccs/tools/compiler/ti-cgt-c2000_18.12.3.LTS/lib/</path>
         <kind>archive</kind>
         <file>rts2800_fpu32.lib</file>
         <name>startup.c.obj</name>
      </input_file>
      <input_file id="fl-52">
         <path>/Applications/ti/ccs920/ccs/tools/compiler/ti-cgt-c2000_18.12.3.LTS/lib/</path>
         <kind>archive</kind>
         <file>rts2800_fpu32.lib</file>
         <name>exit.c.obj</name>
      </input_file>
      <input_file id="fl-53">
         <path>/Applications/ti/ccs920/ccs/tools/compiler/ti-cgt-c2000_18.12.3.LTS/lib/</path>
         <kind>archive</kind>
         <file>rts2800_fpu32.lib</file>
         <name>_lock.c.obj</name>
      </input_file>
      <input_file id="fl-54">
         <path>/Applications/ti/ccs920/ccs/tools/compiler/ti-cgt-c2000_18.12.3.LTS/lib/</path>
         <kind>archive</kind>
         <file>rts2800_fpu32.lib</file>
         <name>args_main.c.obj</name>
      </input_file>
      <input_file id="fl-55">
         <path>/Applications/ti/ccs920/ccs/tools/compiler/ti-cgt-c2000_18.12.3.LTS/lib/</path>
         <kind>archive</kind>
         <file>rts2800_fpu32.lib</file>
         <name>strcpy.c.obj</name>
      </input_file>
      <input_file id="fl-56">
         <path>/Applications/ti/ccs920/ccs/tools/compiler/ti-cgt-c2000_18.12.3.LTS/lib/</path>
         <kind>archive</kind>
         <file>rts2800_fpu32.lib</file>
         <name>errno.c.obj</name>
      </input_file>
      <input_file id="fl-57">
         <path>/Applications/ti/ccs920/ccs/tools/compiler/ti-cgt-c2000_18.12.3.LTS/lib/</path>
         <kind>archive</kind>
         <file>rts2800_fpu32.lib</file>
         <name>s_copysignf.c.obj</name>
      </input_file>
   </input_file_list>
   <object_component_list>
      <object_component id="oc-8a">
         <name>codestart</name>
         <load_address>0x0</load_address>
         <run_address>0x0</run_address>
         <size>0x2</size>
         <input_file_ref idref="fl-6"/>
      </object_component>
      <object_component id="oc-f0">
         <name>ramfuncs</name>
         <load_address>0x811c</load_address>
         <run_address>0x811c</run_address>
         <size>0x4</size>
         <input_file_ref idref="fl-1a"/>
      </object_component>
      <object_component id="oc-1fa">
         <name>.text</name>
         <load_address>0x4042</load_address>
         <run_address>0x4042</run_address>
         <size>0x14</size>
         <input_file_ref idref="fl-4"/>
      </object_component>
      <object_component id="oc-89">
         <name>.text</name>
         <load_address>0x407d</load_address>
         <run_address>0x407d</run_address>
         <size>0x8</size>
         <input_file_ref idref="fl-6"/>
      </object_component>
      <object_component id="oc-95">
         <name>.text</name>
         <load_address>0x4091</load_address>
         <run_address>0x4091</run_address>
         <size>0x3</size>
         <input_file_ref idref="fl-8"/>
      </object_component>
      <object_component id="oc-1fb">
         <name>.text</name>
         <load_address>0x26b3</load_address>
         <run_address>0x26b3</run_address>
         <size>0x3e9</size>
         <input_file_ref idref="fl-9"/>
      </object_component>
      <object_component id="oc-a0">
         <name>.text:retain</name>
         <load_address>0x2e05</load_address>
         <run_address>0x2e05</run_address>
         <size>0x316</size>
         <input_file_ref idref="fl-a"/>
      </object_component>
      <object_component id="oc-a5">
         <name>.text</name>
         <load_address>0x4085</load_address>
         <run_address>0x4085</run_address>
         <size>0x7</size>
         <input_file_ref idref="fl-b"/>
      </object_component>
      <object_component id="oc-1f7">
         <name>.text</name>
         <load_address>0x3a86</load_address>
         <run_address>0x3a86</run_address>
         <size>0xc8</size>
         <input_file_ref idref="fl-e"/>
      </object_component>
      <object_component id="oc-1f6">
         <name>.text</name>
         <load_address>0x402b</load_address>
         <run_address>0x402b</run_address>
         <size>0x17</size>
         <input_file_ref idref="fl-10"/>
      </object_component>
      <object_component id="oc-1e7">
         <name>.text</name>
         <load_address>0x3415</load_address>
         <run_address>0x3415</run_address>
         <size>0x15c</size>
         <input_file_ref idref="fl-12"/>
      </object_component>
      <object_component id="oc-1f8">
         <name>.text</name>
         <load_address>0x3f1a</load_address>
         <run_address>0x3f1a</run_address>
         <size>0x28</size>
         <input_file_ref idref="fl-14"/>
      </object_component>
      <object_component id="oc-1f9">
         <name>.text</name>
         <load_address>0x3fd5</load_address>
         <run_address>0x3fd5</run_address>
         <size>0x20</size>
         <input_file_ref idref="fl-15"/>
      </object_component>
      <object_component id="oc-1f5">
         <name>.text</name>
         <load_address>0x38be</load_address>
         <run_address>0x38be</run_address>
         <size>0xf8</size>
         <input_file_ref idref="fl-18"/>
      </object_component>
      <object_component id="oc-1d2">
         <name>.text</name>
         <load_address>0x0</load_address>
         <run_address>0x0</run_address>
         <size>0xfbb</size>
         <input_file_ref idref="fl-1d"/>
      </object_component>
      <object_component id="oc-1e2">
         <name>.text</name>
         <load_address>0x311b</load_address>
         <run_address>0x311b</run_address>
         <size>0x186</size>
         <input_file_ref idref="fl-1e"/>
      </object_component>
      <object_component id="oc-109">
         <name>.text:retain</name>
         <load_address>0x4067</load_address>
         <run_address>0x4067</run_address>
         <size>0xd</size>
         <input_file_ref idref="fl-1f"/>
      </object_component>
      <object_component id="oc-1d8">
         <name>.text</name>
         <load_address>0xfbb</load_address>
         <run_address>0xfbb</run_address>
         <size>0x8ef</size>
         <input_file_ref idref="fl-20"/>
      </object_component>
      <object_component id="oc-1d4">
         <name>.text</name>
         <load_address>0x2104</load_address>
         <run_address>0x2104</run_address>
         <size>0x5af</size>
         <input_file_ref idref="fl-21"/>
      </object_component>
      <object_component id="oc-11a">
         <name>.text:retain</name>
         <load_address>0x3cbe</load_address>
         <run_address>0x3cbe</run_address>
         <size>0x67</size>
         <input_file_ref idref="fl-21"/>
      </object_component>
      <object_component id="oc-1e6">
         <name>.text</name>
         <load_address>0x37b4</load_address>
         <run_address>0x37b4</run_address>
         <size>0x10a</size>
         <input_file_ref idref="fl-22"/>
      </object_component>
      <object_component id="oc-1df">
         <name>.text</name>
         <load_address>0x18aa</load_address>
         <run_address>0x18aa</run_address>
         <size>0x85a</size>
         <input_file_ref idref="fl-23"/>
      </object_component>
      <object_component id="oc-215">
         <name>.text</name>
         <load_address>0x36a4</load_address>
         <run_address>0x36a4</run_address>
         <size>0x110</size>
         <input_file_ref idref="fl-29"/>
      </object_component>
      <object_component id="oc-219">
         <name>.text</name>
         <load_address>0x3bd6</load_address>
         <run_address>0x3bd6</run_address>
         <size>0x76</size>
         <input_file_ref idref="fl-2c"/>
      </object_component>
      <object_component id="oc-1fc">
         <name>.text</name>
         <load_address>0x32a1</load_address>
         <run_address>0x32a1</run_address>
         <size>0x174</size>
         <input_file_ref idref="fl-2d"/>
      </object_component>
      <object_component id="oc-208">
         <name>.text</name>
         <load_address>0x3e2c</load_address>
         <run_address>0x3e2c</run_address>
         <size>0x3b</size>
         <input_file_ref idref="fl-2e"/>
      </object_component>
      <object_component id="oc-211">
         <name>.text</name>
         <load_address>0x39b6</load_address>
         <run_address>0x39b6</run_address>
         <size>0xd0</size>
         <input_file_ref idref="fl-2f"/>
      </object_component>
      <object_component id="oc-155">
         <name>.text:retain</name>
         <load_address>0x3c4c</load_address>
         <run_address>0x3c4c</run_address>
         <size>0x72</size>
         <input_file_ref idref="fl-2f"/>
      </object_component>
      <object_component id="oc-212">
         <name>.text</name>
         <load_address>0x3e67</load_address>
         <run_address>0x3e67</run_address>
         <size>0x31</size>
         <input_file_ref idref="fl-30"/>
      </object_component>
      <object_component id="oc-15c">
         <name>.text:retain</name>
         <load_address>0x3e98</load_address>
         <run_address>0x3e98</run_address>
         <size>0x2f</size>
         <input_file_ref idref="fl-30"/>
      </object_component>
      <object_component id="oc-214">
         <name>.text</name>
         <load_address>0x3f69</load_address>
         <run_address>0x3f69</run_address>
         <size>0x26</size>
         <input_file_ref idref="fl-31"/>
      </object_component>
      <object_component id="oc-207">
         <name>.text</name>
         <load_address>0x3571</load_address>
         <run_address>0x3571</run_address>
         <size>0x133</size>
         <input_file_ref idref="fl-32"/>
      </object_component>
      <object_component id="oc-205">
         <name>.text</name>
         <load_address>0x2a9c</load_address>
         <run_address>0x2a9c</run_address>
         <size>0x369</size>
         <input_file_ref idref="fl-46"/>
      </object_component>
      <object_component id="oc-20c">
         <name>.text</name>
         <load_address>0x3f42</load_address>
         <run_address>0x3f42</run_address>
         <size>0x27</size>
         <input_file_ref idref="fl-47"/>
      </object_component>
      <object_component id="oc-204">
         <name>.text</name>
         <load_address>0x3d25</load_address>
         <run_address>0x3d25</run_address>
         <size>0x59</size>
         <input_file_ref idref="fl-48"/>
      </object_component>
      <object_component id="oc-210">
         <name>.text</name>
         <load_address>0x3d7e</load_address>
         <run_address>0x3d7e</run_address>
         <size>0x58</size>
         <input_file_ref idref="fl-49"/>
      </object_component>
      <object_component id="oc-48">
         <name>.text</name>
         <load_address>0x3dd6</load_address>
         <run_address>0x3dd6</run_address>
         <size>0x56</size>
         <input_file_ref idref="fl-4a"/>
      </object_component>
      <object_component id="oc-18b">
         <name>.text</name>
         <load_address>0x3b4e</load_address>
         <run_address>0x3b4e</run_address>
         <size>0x88</size>
         <input_file_ref idref="fl-4b"/>
      </object_component>
      <object_component id="oc-190">
         <name>.text</name>
         <load_address>0x3fb3</load_address>
         <run_address>0x3fb3</run_address>
         <size>0x22</size>
         <input_file_ref idref="fl-4c"/>
      </object_component>
      <object_component id="oc-195">
         <name>.text</name>
         <load_address>0x3ec7</load_address>
         <run_address>0x3ec7</run_address>
         <size>0x2a</size>
         <input_file_ref idref="fl-4d"/>
      </object_component>
      <object_component id="oc-1ce">
         <name>.text</name>
         <load_address>0x3f8f</load_address>
         <run_address>0x3f8f</run_address>
         <size>0x24</size>
         <input_file_ref idref="fl-4e"/>
      </object_component>
      <object_component id="oc-1d3">
         <name>.text</name>
         <load_address>0x3ff5</load_address>
         <run_address>0x3ff5</run_address>
         <size>0x1d</size>
         <input_file_ref idref="fl-4f"/>
      </object_component>
      <object_component id="oc-1cd">
         <name>.text</name>
         <load_address>0x4094</load_address>
         <run_address>0x4094</run_address>
         <size>0x2</size>
         <input_file_ref idref="fl-50"/>
      </object_component>
      <object_component id="oc-1cf">
         <name>.text</name>
         <load_address>0x4096</load_address>
         <run_address>0x4096</run_address>
         <size>0x1</size>
         <input_file_ref idref="fl-51"/>
      </object_component>
      <object_component id="oc-1d1">
         <name>.text</name>
         <load_address>0x3ef1</load_address>
         <run_address>0x3ef1</run_address>
         <size>0x29</size>
         <input_file_ref idref="fl-52"/>
      </object_component>
      <object_component id="oc-1fe">
         <name>.text</name>
         <load_address>0x4074</load_address>
         <run_address>0x4074</run_address>
         <size>0x9</size>
         <input_file_ref idref="fl-53"/>
      </object_component>
      <object_component id="oc-1d0">
         <name>.text</name>
         <load_address>0x4012</load_address>
         <run_address>0x4012</run_address>
         <size>0x19</size>
         <input_file_ref idref="fl-54"/>
      </object_component>
      <object_component id="oc-1da">
         <name>.text</name>
         <load_address>0x408c</load_address>
         <run_address>0x408c</run_address>
         <size>0x5</size>
         <input_file_ref idref="fl-55"/>
      </object_component>
      <object_component id="oc-216">
         <name>.text</name>
         <load_address>0x4056</load_address>
         <run_address>0x4056</run_address>
         <size>0x11</size>
         <input_file_ref idref="fl-57"/>
      </object_component>
      <object_component id="oc-116">
         <name>.cinit</name>
         <load_address>0x80ba</load_address>
         <run_address>0x80ba</run_address>
         <size>0x15</size>
         <input_file_ref idref="fl-21"/>
      </object_component>
      <object_component id="oc-20a">
         <name>.cinit:_xFuncHandlers</name>
         <load_address>0x80cf</load_address>
         <run_address>0x80cf</run_address>
         <size>0x13</size>
         <input_file_ref idref="fl-2d"/>
      </object_component>
      <object_component id="oc-10f">
         <name>.cinit</name>
         <load_address>0x80e2</load_address>
         <run_address>0x80e2</run_address>
         <size>0x10</size>
         <input_file_ref idref="fl-20"/>
      </object_component>
      <object_component id="oc-1af">
         <name>.cinit</name>
         <load_address>0x80f2</load_address>
         <run_address>0x80f2</run_address>
         <size>0xe</size>
         <input_file_ref idref="fl-52"/>
      </object_component>
      <object_component id="oc-1d6">
         <name>.cinit:__lock</name>
         <load_address>0x8100</load_address>
         <run_address>0x8100</run_address>
         <size>0x5</size>
         <input_file_ref idref="fl-53"/>
      </object_component>
      <object_component id="oc-1ff">
         <name>.cinit:__unlock</name>
         <load_address>0x8105</load_address>
         <run_address>0x8105</run_address>
         <size>0x5</size>
         <input_file_ref idref="fl-53"/>
      </object_component>
      <object_component id="oc-203">
         <name>.cinit:_data1</name>
         <load_address>0x810a</load_address>
         <run_address>0x810a</run_address>
         <size>0x4</size>
         <input_file_ref idref="fl-20"/>
      </object_component>
      <object_component id="oc-201">
         <name>.cinit:_data2</name>
         <load_address>0x810e</load_address>
         <run_address>0x810e</run_address>
         <size>0x4</size>
         <input_file_ref idref="fl-20"/>
      </object_component>
      <object_component id="oc-148">
         <name>.cinit</name>
         <load_address>0x8112</load_address>
         <run_address>0x8112</run_address>
         <size>0x4</size>
         <input_file_ref idref="fl-2d"/>
      </object_component>
      <object_component id="oc-1c5">
         <name>.cinit</name>
         <load_address>0x8116</load_address>
         <run_address>0x8116</run_address>
         <size>0x4</size>
         <input_file_ref idref="fl-56"/>
      </object_component>
      <object_component id="oc-1fd">
         <name>.switch:_eMBRegHoldingCB</name>
         <load_address>0x8000</load_address>
         <run_address>0x8000</run_address>
         <size>0x5e</size>
         <input_file_ref idref="fl-21"/>
      </object_component>
      <object_component id="oc-1d7">
         <name>.switch:_GetNMRParameters</name>
         <load_address>0x805e</load_address>
         <run_address>0x805e</run_address>
         <size>0x2e</size>
         <input_file_ref idref="fl-1d"/>
      </object_component>
      <object_component id="oc-1d9">
         <name>.switch:_SetNMRParameters</name>
         <load_address>0x808c</load_address>
         <run_address>0x808c</run_address>
         <size>0x2e</size>
         <input_file_ref idref="fl-1d"/>
      </object_component>
      <object_component id="oc-185">
         <name>.stack</name>
         <uninitialized>true</uninitialized>
         <run_address>0x400</run_address>
         <size>0x0</size>
         <input_file_ref idref="fl-4a"/>
      </object_component>
      <object_component id="oc-26b">
         <name>.stack</name>
         <uninitialized>true</uninitialized>
         <run_address>0x400</run_address>
         <size>0x0</size>
      </object_component>
      <object_component id="oc-90">
         <name>.ebss</name>
         <uninitialized>true</uninitialized>
         <run_address>0xf9c0</run_address>
         <size>0x18</size>
         <input_file_ref idref="fl-7"/>
      </object_component>
      <object_component id="oc-fd">
         <name>.ebss</name>
         <uninitialized>true</uninitialized>
         <run_address>0xf700</run_address>
         <size>0x180</size>
         <input_file_ref idref="fl-1d"/>
      </object_component>
      <object_component id="oc-1dc">
         <name>.ebss:_dataBuf_real</name>
         <uninitialized>true</uninitialized>
         <run_address>0xdb80</run_address>
         <size>0x1b58</size>
         <input_file_ref idref="fl-1d"/>
      </object_component>
      <object_component id="oc-1db">
         <name>.ebss:_dataBuf_imag</name>
         <uninitialized>true</uninitialized>
         <run_address>0xc000</run_address>
         <size>0x1b58</size>
         <input_file_ref idref="fl-1d"/>
      </object_component>
      <object_component id="oc-110">
         <name>.ebss</name>
         <uninitialized>true</uninitialized>
         <run_address>0xdb76</run_address>
         <size>0xa</size>
         <input_file_ref idref="fl-20"/>
      </object_component>
      <object_component id="oc-202">
         <name>.ebss:_data1</name>
         <uninitialized>true</uninitialized>
         <run_address>0xf9dc</run_address>
         <size>0x3</size>
         <input_file_ref idref="fl-20"/>
      </object_component>
      <object_component id="oc-200">
         <name>.ebss:_data2</name>
         <uninitialized>true</uninitialized>
         <run_address>0xf9df</run_address>
         <size>0x3</size>
         <input_file_ref idref="fl-20"/>
      </object_component>
      <object_component id="oc-117">
         <name>.ebss</name>
         <uninitialized>true</uninitialized>
         <run_address>0xf6d8</run_address>
         <size>0x1c</size>
         <input_file_ref idref="fl-21"/>
      </object_component>
      <object_component id="oc-135">
         <name>.ebss</name>
         <uninitialized>true</uninitialized>
         <run_address>0xf9e6</run_address>
         <size>0x1</size>
         <input_file_ref idref="fl-27"/>
      </object_component>
      <object_component id="oc-149">
         <name>.ebss</name>
         <uninitialized>true</uninitialized>
         <run_address>0xdb58</run_address>
         <size>0x1e</size>
         <input_file_ref idref="fl-2d"/>
      </object_component>
      <object_component id="oc-209">
         <name>.ebss:_xFuncHandlers</name>
         <uninitialized>true</uninitialized>
         <run_address>0xf980</run_address>
         <size>0x40</size>
         <input_file_ref idref="fl-2d"/>
      </object_component>
      <object_component id="oc-14f">
         <name>.ebss</name>
         <uninitialized>true</uninitialized>
         <run_address>0xf9d8</run_address>
         <size>0x4</size>
         <input_file_ref idref="fl-2e"/>
      </object_component>
      <object_component id="oc-167">
         <name>.ebss</name>
         <uninitialized>true</uninitialized>
         <run_address>0xf6f4</run_address>
         <size>0x6</size>
         <input_file_ref idref="fl-32"/>
      </object_component>
      <object_component id="oc-213">
         <name>.ebss:_ucRTUBuf</name>
         <uninitialized>true</uninitialized>
         <run_address>0xf880</run_address>
         <size>0x100</size>
         <input_file_ref idref="fl-32"/>
      </object_component>
      <object_component id="oc-1b0">
         <name>.ebss</name>
         <uninitialized>true</uninitialized>
         <run_address>0xf6fa</run_address>
         <size>0x6</size>
         <input_file_ref idref="fl-52"/>
      </object_component>
      <object_component id="oc-1d5">
         <name>.ebss:__lock</name>
         <uninitialized>true</uninitialized>
         <run_address>0xf9e2</run_address>
         <size>0x2</size>
         <input_file_ref idref="fl-53"/>
      </object_component>
      <object_component id="oc-20b">
         <name>.ebss:__unlock</name>
         <uninitialized>true</uninitialized>
         <run_address>0xf9e4</run_address>
         <size>0x2</size>
         <input_file_ref idref="fl-53"/>
      </object_component>
      <object_component id="oc-1c6">
         <name>.ebss</name>
         <uninitialized>true</uninitialized>
         <run_address>0xf9e7</run_address>
         <size>0x1</size>
         <input_file_ref idref="fl-56"/>
      </object_component>
      <object_component id="oc-217">
         <name>.econst:.string:_aucCRCHi</name>
         <load_address>0xf9e8</load_address>
         <run_address>0xf9e8</run_address>
         <size>0x100</size>
         <input_file_ref idref="fl-31"/>
      </object_component>
      <object_component id="oc-218">
         <name>.econst:.string:_aucCRCLo</name>
         <load_address>0xfae8</load_address>
         <run_address>0xfae8</run_address>
         <size>0x100</size>
         <input_file_ref idref="fl-31"/>
      </object_component>
      <object_component id="oc-206">
         <name>.econst:_PieVectTableInit</name>
         <load_address>0xfbe8</load_address>
         <run_address>0xfbe8</run_address>
         <size>0x100</size>
         <input_file_ref idref="fl-15"/>
      </object_component>
      <object_component id="oc-16f">
         <name>.econst</name>
         <load_address>0xfce8</load_address>
         <run_address>0xfce8</run_address>
         <size>0x32</size>
         <input_file_ref idref="fl-46"/>
      </object_component>
      <object_component id="oc-fe">
         <name>.econst:.string</name>
         <load_address>0xfd1a</load_address>
         <run_address>0xfd1a</run_address>
         <size>0x13</size>
         <input_file_ref idref="fl-1d"/>
      </object_component>
      <object_component id="oc-12b">
         <name>.econst:.string</name>
         <load_address>0xfd2e</load_address>
         <run_address>0xfd2e</run_address>
         <size>0x9</size>
         <input_file_ref idref="fl-24"/>
      </object_component>
      <object_component id="oc-180">
         <name>.econst</name>
         <load_address>0xfd38</load_address>
         <run_address>0xfd38</run_address>
         <size>0x6</size>
         <input_file_ref idref="fl-49"/>
      </object_component>
      <object_component id="oc-1dd">
         <name>.econst:_$P$T0$1</name>
         <load_address>0xfd3e</load_address>
         <run_address>0xfd3e</run_address>
         <size>0x4</size>
         <input_file_ref idref="fl-1d"/>
      </object_component>
      <object_component id="oc-1de">
         <name>.econst:_$P$T1$2</name>
         <load_address>0xfd42</load_address>
         <run_address>0xfd42</run_address>
         <size>0x4</size>
         <input_file_ref idref="fl-1d"/>
      </object_component>
      <object_component id="oc-1eb">
         <name>.econst:_$P$T10$11</name>
         <load_address>0xfd46</load_address>
         <run_address>0xfd46</run_address>
         <size>0x4</size>
         <input_file_ref idref="fl-1d"/>
      </object_component>
      <object_component id="oc-1ec">
         <name>.econst:_$P$T11$12</name>
         <load_address>0xfd4a</load_address>
         <run_address>0xfd4a</run_address>
         <size>0x4</size>
         <input_file_ref idref="fl-1d"/>
      </object_component>
      <object_component id="oc-1ed">
         <name>.econst:_$P$T12$13</name>
         <load_address>0xfd4e</load_address>
         <run_address>0xfd4e</run_address>
         <size>0x4</size>
         <input_file_ref idref="fl-1d"/>
      </object_component>
      <object_component id="oc-1ee">
         <name>.econst:_$P$T13$14</name>
         <load_address>0xfd52</load_address>
         <run_address>0xfd52</run_address>
         <size>0x4</size>
         <input_file_ref idref="fl-1d"/>
      </object_component>
      <object_component id="oc-1ef">
         <name>.econst:_$P$T14$15</name>
         <load_address>0xfd56</load_address>
         <run_address>0xfd56</run_address>
         <size>0x4</size>
         <input_file_ref idref="fl-1d"/>
      </object_component>
      <object_component id="oc-1f0">
         <name>.econst:_$P$T15$16</name>
         <load_address>0xfd5a</load_address>
         <run_address>0xfd5a</run_address>
         <size>0x4</size>
         <input_file_ref idref="fl-1d"/>
      </object_component>
      <object_component id="oc-1f1">
         <name>.econst:_$P$T16$17</name>
         <load_address>0xfd5e</load_address>
         <run_address>0xfd5e</run_address>
         <size>0x4</size>
         <input_file_ref idref="fl-1d"/>
      </object_component>
      <object_component id="oc-1f2">
         <name>.econst:_$P$T17$18</name>
         <load_address>0xfd62</load_address>
         <run_address>0xfd62</run_address>
         <size>0x4</size>
         <input_file_ref idref="fl-1d"/>
      </object_component>
      <object_component id="oc-1f3">
         <name>.econst:_$P$T18$19</name>
         <load_address>0xfd66</load_address>
         <run_address>0xfd66</run_address>
         <size>0x4</size>
         <input_file_ref idref="fl-1d"/>
      </object_component>
      <object_component id="oc-1f4">
         <name>.econst:_$P$T19$20</name>
         <load_address>0xfd6a</load_address>
         <run_address>0xfd6a</run_address>
         <size>0x4</size>
         <input_file_ref idref="fl-1d"/>
      </object_component>
      <object_component id="oc-1e0">
         <name>.econst:_$P$T2$3</name>
         <load_address>0xfd6e</load_address>
         <run_address>0xfd6e</run_address>
         <size>0x4</size>
         <input_file_ref idref="fl-1d"/>
      </object_component>
      <object_component id="oc-1e1">
         <name>.econst:_$P$T3$4</name>
         <load_address>0xfd72</load_address>
         <run_address>0xfd72</run_address>
         <size>0x4</size>
         <input_file_ref idref="fl-1d"/>
      </object_component>
      <object_component id="oc-1e3">
         <name>.econst:_$P$T4$5</name>
         <load_address>0xfd76</load_address>
         <run_address>0xfd76</run_address>
         <size>0x4</size>
         <input_file_ref idref="fl-1d"/>
      </object_component>
      <object_component id="oc-1e4">
         <name>.econst:_$P$T5$6</name>
         <load_address>0xfd7a</load_address>
         <run_address>0xfd7a</run_address>
         <size>0x4</size>
         <input_file_ref idref="fl-1d"/>
      </object_component>
      <object_component id="oc-1e5">
         <name>.econst:_$P$T6$7</name>
         <load_address>0xfd7e</load_address>
         <run_address>0xfd7e</run_address>
         <size>0x4</size>
         <input_file_ref idref="fl-1d"/>
      </object_component>
      <object_component id="oc-1e8">
         <name>.econst:_$P$T7$8</name>
         <load_address>0xfd82</load_address>
         <run_address>0xfd82</run_address>
         <size>0x4</size>
         <input_file_ref idref="fl-1d"/>
      </object_component>
      <object_component id="oc-1e9">
         <name>.econst:_$P$T8$9</name>
         <load_address>0xfd86</load_address>
         <run_address>0xfd86</run_address>
         <size>0x4</size>
         <input_file_ref idref="fl-1d"/>
      </object_component>
      <object_component id="oc-1ea">
         <name>.econst:_$P$T9$10</name>
         <load_address>0xfd8a</load_address>
         <run_address>0xfd8a</run_address>
         <size>0x4</size>
         <input_file_ref idref="fl-1d"/>
      </object_component>
      <object_component id="oc-20d">
         <name>.econst:_bp</name>
         <load_address>0xfd8e</load_address>
         <run_address>0xfd8e</run_address>
         <size>0x4</size>
         <input_file_ref idref="fl-46"/>
      </object_component>
      <object_component id="oc-20f">
         <name>.econst:_dp_h</name>
         <load_address>0xfd92</load_address>
         <run_address>0xfd92</run_address>
         <size>0x4</size>
         <input_file_ref idref="fl-46"/>
      </object_component>
      <object_component id="oc-20e">
         <name>.econst:_dp_l</name>
         <load_address>0xfd96</load_address>
         <run_address>0xfd96</run_address>
         <size>0x4</size>
         <input_file_ref idref="fl-46"/>
      </object_component>
      <object_component id="oc-125">
         <name>.econst</name>
         <load_address>0xfd9a</load_address>
         <run_address>0xfd9a</run_address>
         <size>0x4</size>
         <input_file_ref idref="fl-23"/>
      </object_component>
      <object_component id="oc-118">
         <name>.econst</name>
         <load_address>0xfd9e</load_address>
         <run_address>0xfd9e</run_address>
         <size>0x2</size>
         <input_file_ref idref="fl-21"/>
      </object_component>
      <object_component id="oc-15b">
         <name>.econst</name>
         <load_address>0xfda0</load_address>
         <run_address>0xfda0</run_address>
         <size>0x2</size>
         <input_file_ref idref="fl-30"/>
      </object_component>
      <object_component id="oc-17a">
         <name>.econst</name>
         <load_address>0xfda2</load_address>
         <run_address>0xfda2</run_address>
         <size>0x2</size>
         <input_file_ref idref="fl-48"/>
      </object_component>
      <object_component id="oc-119">
         <name>DMARAML4</name>
         <uninitialized>true</uninitialized>
         <run_address>0xfdc0</run_address>
         <size>0x28</size>
         <input_file_ref idref="fl-21"/>
      </object_component>
      <object_component id="oc-186">
         <name>.reset</name>
         <load_address>0x3fffc0</load_address>
         <run_address>0x3fffc0</run_address>
         <size>0x2</size>
         <input_file_ref idref="fl-4a"/>
      </object_component>
      <object_component id="oc-88">
         <name>csm_rsvd</name>
         <load_address>0x33ff80</load_address>
         <run_address>0x33ff80</run_address>
         <size>0x76</size>
         <input_file_ref idref="fl-5"/>
      </object_component>
      <object_component id="oc-87">
         <name>csmpasswds</name>
         <load_address>0x33fff8</load_address>
         <run_address>0x33fff8</run_address>
         <size>0x8</size>
         <input_file_ref idref="fl-5"/>
      </object_component>
      <object_component id="oc-7d">
         <name>.adc_cal</name>
         <load_address>0x380080</load_address>
         <run_address>0x380080</run_address>
         <size>0x7</size>
         <input_file_ref idref="fl-3"/>
      </object_component>
      <object_component id="oc-7b">
         <name>PieVectTableFile</name>
         <uninitialized>true</uninitialized>
         <run_address>0xd00</run_address>
         <size>0x100</size>
         <input_file_ref idref="fl-2"/>
      </object_component>
      <object_component id="oc-77">
         <name>DevEmuRegsFile</name>
         <uninitialized>true</uninitialized>
         <run_address>0x880</run_address>
         <size>0xd0</size>
         <input_file_ref idref="fl-2"/>
      </object_component>
      <object_component id="oc-4f">
         <name>FlashRegsFile</name>
         <uninitialized>true</uninitialized>
         <run_address>0xa80</run_address>
         <size>0x8</size>
         <input_file_ref idref="fl-2"/>
      </object_component>
      <object_component id="oc-52">
         <name>CsmRegsFile</name>
         <uninitialized>true</uninitialized>
         <run_address>0xae0</run_address>
         <size>0x10</size>
         <input_file_ref idref="fl-2"/>
      </object_component>
      <object_component id="oc-51">
         <name>AdcMirrorFile</name>
         <uninitialized>true</uninitialized>
         <run_address>0xb00</run_address>
         <size>0x10</size>
         <input_file_ref idref="fl-2"/>
      </object_component>
      <object_component id="oc-5a">
         <name>XintfRegsFile</name>
         <uninitialized>true</uninitialized>
         <run_address>0xb20</run_address>
         <size>0x1e</size>
         <input_file_ref idref="fl-2"/>
      </object_component>
      <object_component id="oc-4b">
         <name>CpuTimer0RegsFile</name>
         <uninitialized>true</uninitialized>
         <run_address>0xc00</run_address>
         <size>0x8</size>
         <input_file_ref idref="fl-2"/>
      </object_component>
      <object_component id="oc-4c">
         <name>CpuTimer1RegsFile</name>
         <uninitialized>true</uninitialized>
         <run_address>0xc08</run_address>
         <size>0x8</size>
         <input_file_ref idref="fl-2"/>
      </object_component>
      <object_component id="oc-4d">
         <name>CpuTimer2RegsFile</name>
         <uninitialized>true</uninitialized>
         <run_address>0xc10</run_address>
         <size>0x8</size>
         <input_file_ref idref="fl-2"/>
      </object_component>
      <object_component id="oc-58">
         <name>PieCtrlRegsFile</name>
         <uninitialized>true</uninitialized>
         <run_address>0xce0</run_address>
         <size>0x1a</size>
         <input_file_ref idref="fl-2"/>
      </object_component>
      <object_component id="oc-78">
         <name>DmaRegsFile</name>
         <uninitialized>true</uninitialized>
         <run_address>0x1000</run_address>
         <size>0xe0</size>
         <input_file_ref idref="fl-2"/>
      </object_component>
      <object_component id="oc-6a">
         <name>McbspaRegsFile</name>
         <uninitialized>true</uninitialized>
         <run_address>0x5000</run_address>
         <size>0x25</size>
         <input_file_ref idref="fl-2"/>
      </object_component>
      <object_component id="oc-6b">
         <name>McbspbRegsFile</name>
         <uninitialized>true</uninitialized>
         <run_address>0x5040</run_address>
         <size>0x25</size>
         <input_file_ref idref="fl-2"/>
      </object_component>
      <object_component id="oc-6d">
         <name>ECanaRegsFile</name>
         <uninitialized>true</uninitialized>
         <run_address>0x6000</run_address>
         <size>0x34</size>
         <input_file_ref idref="fl-2"/>
      </object_component>
      <object_component id="oc-6f">
         <name>ECanaLAMRegsFile</name>
         <uninitialized>true</uninitialized>
         <run_address>0x6040</run_address>
         <size>0x40</size>
         <input_file_ref idref="fl-2"/>
      </object_component>
      <object_component id="oc-79">
         <name>ECanaMboxesFile</name>
         <uninitialized>true</uninitialized>
         <run_address>0x6100</run_address>
         <size>0x100</size>
         <input_file_ref idref="fl-2"/>
      </object_component>
      <object_component id="oc-70">
         <name>ECanaMOTSRegsFile</name>
         <uninitialized>true</uninitialized>
         <run_address>0x6080</run_address>
         <size>0x40</size>
         <input_file_ref idref="fl-2"/>
      </object_component>
      <object_component id="oc-71">
         <name>ECanaMOTORegsFile</name>
         <uninitialized>true</uninitialized>
         <run_address>0x60c0</run_address>
         <size>0x40</size>
         <input_file_ref idref="fl-2"/>
      </object_component>
      <object_component id="oc-6e">
         <name>ECanbRegsFile</name>
         <uninitialized>true</uninitialized>
         <run_address>0x6200</run_address>
         <size>0x34</size>
         <input_file_ref idref="fl-2"/>
      </object_component>
      <object_component id="oc-72">
         <name>ECanbLAMRegsFile</name>
         <uninitialized>true</uninitialized>
         <run_address>0x6240</run_address>
         <size>0x40</size>
         <input_file_ref idref="fl-2"/>
      </object_component>
      <object_component id="oc-7a">
         <name>ECanbMboxesFile</name>
         <uninitialized>true</uninitialized>
         <run_address>0x6300</run_address>
         <size>0x100</size>
         <input_file_ref idref="fl-2"/>
      </object_component>
      <object_component id="oc-73">
         <name>ECanbMOTSRegsFile</name>
         <uninitialized>true</uninitialized>
         <run_address>0x6280</run_address>
         <size>0x40</size>
         <input_file_ref idref="fl-2"/>
      </object_component>
      <object_component id="oc-74">
         <name>ECanbMOTORegsFile</name>
         <uninitialized>true</uninitialized>
         <run_address>0x62c0</run_address>
         <size>0x40</size>
         <input_file_ref idref="fl-2"/>
      </object_component>
      <object_component id="oc-63">
         <name>EPwm1RegsFile</name>
         <uninitialized>true</uninitialized>
         <run_address>0x6800</run_address>
         <size>0x22</size>
         <input_file_ref idref="fl-2"/>
      </object_component>
      <object_component id="oc-64">
         <name>EPwm2RegsFile</name>
         <uninitialized>true</uninitialized>
         <run_address>0x6840</run_address>
         <size>0x22</size>
         <input_file_ref idref="fl-2"/>
      </object_component>
      <object_component id="oc-65">
         <name>EPwm3RegsFile</name>
         <uninitialized>true</uninitialized>
         <run_address>0x6880</run_address>
         <size>0x22</size>
         <input_file_ref idref="fl-2"/>
      </object_component>
      <object_component id="oc-66">
         <name>EPwm4RegsFile</name>
         <uninitialized>true</uninitialized>
         <run_address>0x68c0</run_address>
         <size>0x22</size>
         <input_file_ref idref="fl-2"/>
      </object_component>
      <object_component id="oc-67">
         <name>EPwm5RegsFile</name>
         <uninitialized>true</uninitialized>
         <run_address>0x6900</run_address>
         <size>0x22</size>
         <input_file_ref idref="fl-2"/>
      </object_component>
      <object_component id="oc-68">
         <name>EPwm6RegsFile</name>
         <uninitialized>true</uninitialized>
         <run_address>0x6940</run_address>
         <size>0x22</size>
         <input_file_ref idref="fl-2"/>
      </object_component>
      <object_component id="oc-5b">
         <name>ECap1RegsFile</name>
         <uninitialized>true</uninitialized>
         <run_address>0x6a00</run_address>
         <size>0x20</size>
         <input_file_ref idref="fl-2"/>
      </object_component>
      <object_component id="oc-5c">
         <name>ECap2RegsFile</name>
         <uninitialized>true</uninitialized>
         <run_address>0x6a20</run_address>
         <size>0x20</size>
         <input_file_ref idref="fl-2"/>
      </object_component>
      <object_component id="oc-5d">
         <name>ECap3RegsFile</name>
         <uninitialized>true</uninitialized>
         <run_address>0x6a40</run_address>
         <size>0x20</size>
         <input_file_ref idref="fl-2"/>
      </object_component>
      <object_component id="oc-5e">
         <name>ECap4RegsFile</name>
         <uninitialized>true</uninitialized>
         <run_address>0x6a60</run_address>
         <size>0x20</size>
         <input_file_ref idref="fl-2"/>
      </object_component>
      <object_component id="oc-5f">
         <name>ECap5RegsFile</name>
         <uninitialized>true</uninitialized>
         <run_address>0x6a80</run_address>
         <size>0x20</size>
         <input_file_ref idref="fl-2"/>
      </object_component>
      <object_component id="oc-60">
         <name>ECap6RegsFile</name>
         <uninitialized>true</uninitialized>
         <run_address>0x6aa0</run_address>
         <size>0x20</size>
         <input_file_ref idref="fl-2"/>
      </object_component>
      <object_component id="oc-75">
         <name>EQep1RegsFile</name>
         <uninitialized>true</uninitialized>
         <run_address>0x6b00</run_address>
         <size>0x40</size>
         <input_file_ref idref="fl-2"/>
      </object_component>
      <object_component id="oc-76">
         <name>EQep2RegsFile</name>
         <uninitialized>true</uninitialized>
         <run_address>0x6b40</run_address>
         <size>0x40</size>
         <input_file_ref idref="fl-2"/>
      </object_component>
      <object_component id="oc-6c">
         <name>GpioCtrlRegsFile</name>
         <uninitialized>true</uninitialized>
         <run_address>0x6f80</run_address>
         <size>0x2e</size>
         <input_file_ref idref="fl-2"/>
      </object_component>
      <object_component id="oc-61">
         <name>GpioDataRegsFile</name>
         <uninitialized>true</uninitialized>
         <run_address>0x6fc0</run_address>
         <size>0x20</size>
         <input_file_ref idref="fl-2"/>
      </object_component>
      <object_component id="oc-50">
         <name>GpioIntRegsFile</name>
         <uninitialized>true</uninitialized>
         <run_address>0x6fe0</run_address>
         <size>0xa</size>
         <input_file_ref idref="fl-2"/>
      </object_component>
      <object_component id="oc-62">
         <name>SysCtrlRegsFile</name>
         <uninitialized>true</uninitialized>
         <run_address>0x7010</run_address>
         <size>0x20</size>
         <input_file_ref idref="fl-2"/>
      </object_component>
      <object_component id="oc-56">
         <name>SpiaRegsFile</name>
         <uninitialized>true</uninitialized>
         <run_address>0x7040</run_address>
         <size>0x10</size>
         <input_file_ref idref="fl-2"/>
      </object_component>
      <object_component id="oc-53">
         <name>SciaRegsFile</name>
         <uninitialized>true</uninitialized>
         <run_address>0x7050</run_address>
         <size>0x10</size>
         <input_file_ref idref="fl-2"/>
      </object_component>
      <object_component id="oc-57">
         <name>XIntruptRegsFile</name>
         <uninitialized>true</uninitialized>
         <run_address>0x7070</run_address>
         <size>0x10</size>
         <input_file_ref idref="fl-2"/>
      </object_component>
      <object_component id="oc-59">
         <name>AdcRegsFile</name>
         <uninitialized>true</uninitialized>
         <run_address>0x7100</run_address>
         <size>0x1e</size>
         <input_file_ref idref="fl-2"/>
      </object_component>
      <object_component id="oc-54">
         <name>ScibRegsFile</name>
         <uninitialized>true</uninitialized>
         <run_address>0x7750</run_address>
         <size>0x10</size>
         <input_file_ref idref="fl-2"/>
      </object_component>
      <object_component id="oc-55">
         <name>ScicRegsFile</name>
         <uninitialized>true</uninitialized>
         <run_address>0x7770</run_address>
         <size>0x10</size>
         <input_file_ref idref="fl-2"/>
      </object_component>
      <object_component id="oc-69">
         <name>I2caRegsFile</name>
         <uninitialized>true</uninitialized>
         <run_address>0x7900</run_address>
         <size>0x22</size>
         <input_file_ref idref="fl-2"/>
      </object_component>
      <object_component id="oc-4e">
         <name>CsmPwlFile</name>
         <uninitialized>true</uninitialized>
         <run_address>0x33fff8</run_address>
         <size>0x8</size>
         <input_file_ref idref="fl-2"/>
      </object_component>
      <object_component id="oc-4a">
         <name>PartIdRegsFile</name>
         <uninitialized>true</uninitialized>
         <run_address>0x380090</run_address>
         <size>0x1</size>
         <input_file_ref idref="fl-2"/>
      </object_component>
      <object_component id="oc-49">
         <name>.debug_info</name>
         <load_address>0x0</load_address>
         <run_address>0x0</run_address>
         <size>0x1342d</size>
         <input_file_ref idref="fl-2"/>
      </object_component>
      <object_component id="oc-7f">
         <name>.debug_info</name>
         <load_address>0x1342d</load_address>
         <run_address>0x1342d</run_address>
         <size>0x118</size>
         <input_file_ref idref="fl-3"/>
      </object_component>
      <object_component id="oc-82">
         <name>.debug_info</name>
         <load_address>0x13545</load_address>
         <run_address>0x13545</run_address>
         <size>0x1f19</size>
         <input_file_ref idref="fl-4"/>
      </object_component>
      <object_component id="oc-8c">
         <name>.debug_info</name>
         <load_address>0x1545e</load_address>
         <run_address>0x1545e</run_address>
         <size>0x166</size>
         <input_file_ref idref="fl-6"/>
      </object_component>
      <object_component id="oc-8f">
         <name>.debug_info</name>
         <load_address>0x155c4</load_address>
         <run_address>0x155c4</run_address>
         <size>0x819</size>
         <input_file_ref idref="fl-7"/>
      </object_component>
      <object_component id="oc-97">
         <name>.debug_info</name>
         <load_address>0x15ddd</load_address>
         <run_address>0x15ddd</run_address>
         <size>0x116</size>
         <input_file_ref idref="fl-8"/>
      </object_component>
      <object_component id="oc-9a">
         <name>.debug_info</name>
         <load_address>0x15ef3</load_address>
         <run_address>0x15ef3</run_address>
         <size>0x421a</size>
         <input_file_ref idref="fl-9"/>
      </object_component>
      <object_component id="oc-9f">
         <name>.debug_info</name>
         <load_address>0x1a10d</load_address>
         <run_address>0x1a10d</run_address>
         <size>0x2e16</size>
         <input_file_ref idref="fl-a"/>
      </object_component>
      <object_component id="oc-a7">
         <name>.debug_info</name>
         <load_address>0x1cf23</load_address>
         <run_address>0x1cf23</run_address>
         <size>0x11c</size>
         <input_file_ref idref="fl-b"/>
      </object_component>
      <object_component id="oc-aa">
         <name>.debug_info</name>
         <load_address>0x1d03f</load_address>
         <run_address>0x1d03f</run_address>
         <size>0x5d6f</size>
         <input_file_ref idref="fl-c"/>
      </object_component>
      <object_component id="oc-af">
         <name>.debug_info</name>
         <load_address>0x22dae</load_address>
         <run_address>0x22dae</run_address>
         <size>0x1b7d</size>
         <input_file_ref idref="fl-d"/>
      </object_component>
      <object_component id="oc-b4">
         <name>.debug_info</name>
         <load_address>0x2492b</load_address>
         <run_address>0x2492b</run_address>
         <size>0x215f</size>
         <input_file_ref idref="fl-e"/>
      </object_component>
      <object_component id="oc-b9">
         <name>.debug_info</name>
         <load_address>0x26a8a</load_address>
         <run_address>0x26a8a</run_address>
         <size>0x1b7d</size>
         <input_file_ref idref="fl-f"/>
      </object_component>
      <object_component id="oc-be">
         <name>.debug_info</name>
         <load_address>0x28607</load_address>
         <run_address>0x28607</run_address>
         <size>0x1bfe</size>
         <input_file_ref idref="fl-10"/>
      </object_component>
      <object_component id="oc-c3">
         <name>.debug_info</name>
         <load_address>0x2a205</load_address>
         <run_address>0x2a205</run_address>
         <size>0x1b7c</size>
         <input_file_ref idref="fl-11"/>
      </object_component>
      <object_component id="oc-c8">
         <name>.debug_info</name>
         <load_address>0x2bd81</load_address>
         <run_address>0x2bd81</run_address>
         <size>0x557d</size>
         <input_file_ref idref="fl-12"/>
      </object_component>
      <object_component id="oc-cd">
         <name>.debug_info</name>
         <load_address>0x312fe</load_address>
         <run_address>0x312fe</run_address>
         <size>0x348</size>
         <input_file_ref idref="fl-13"/>
      </object_component>
      <object_component id="oc-d2">
         <name>.debug_info</name>
         <load_address>0x31646</load_address>
         <run_address>0x31646</run_address>
         <size>0xb7d</size>
         <input_file_ref idref="fl-14"/>
      </object_component>
      <object_component id="oc-d7">
         <name>.debug_info</name>
         <load_address>0x321c3</load_address>
         <run_address>0x321c3</run_address>
         <size>0x22db</size>
         <input_file_ref idref="fl-15"/>
      </object_component>
      <object_component id="oc-dc">
         <name>.debug_info</name>
         <load_address>0x3449e</load_address>
         <run_address>0x3449e</run_address>
         <size>0x1b7c</size>
         <input_file_ref idref="fl-16"/>
      </object_component>
      <object_component id="oc-e1">
         <name>.debug_info</name>
         <load_address>0x3601a</load_address>
         <run_address>0x3601a</run_address>
         <size>0x1b7c</size>
         <input_file_ref idref="fl-17"/>
      </object_component>
      <object_component id="oc-e6">
         <name>.debug_info</name>
         <load_address>0x37b96</load_address>
         <run_address>0x37b96</run_address>
         <size>0x214e</size>
         <input_file_ref idref="fl-18"/>
      </object_component>
      <object_component id="oc-eb">
         <name>.debug_info</name>
         <load_address>0x39ce4</load_address>
         <run_address>0x39ce4</run_address>
         <size>0x2134</size>
         <input_file_ref idref="fl-19"/>
      </object_component>
      <object_component id="oc-f2">
         <name>.debug_info</name>
         <load_address>0x3be18</load_address>
         <run_address>0x3be18</run_address>
         <size>0x118</size>
         <input_file_ref idref="fl-1a"/>
      </object_component>
      <object_component id="oc-f5">
         <name>.debug_info</name>
         <load_address>0x3bf30</load_address>
         <run_address>0x3bf30</run_address>
         <size>0x182</size>
         <input_file_ref idref="fl-1b"/>
      </object_component>
      <object_component id="oc-f7">
         <name>.debug_info</name>
         <load_address>0x3c0b2</load_address>
         <run_address>0x3c0b2</run_address>
         <size>0x348</size>
         <input_file_ref idref="fl-1c"/>
      </object_component>
      <object_component id="oc-fc">
         <name>.debug_info</name>
         <load_address>0x3c3fa</load_address>
         <run_address>0x3c3fa</run_address>
         <size>0x90db</size>
         <input_file_ref idref="fl-1d"/>
      </object_component>
      <object_component id="oc-103">
         <name>.debug_info</name>
         <load_address>0x454d5</load_address>
         <run_address>0x454d5</run_address>
         <size>0x2ae7</size>
         <input_file_ref idref="fl-1e"/>
      </object_component>
      <object_component id="oc-108">
         <name>.debug_info</name>
         <load_address>0x47fbc</load_address>
         <run_address>0x47fbc</run_address>
         <size>0x384</size>
         <input_file_ref idref="fl-1f"/>
      </object_component>
      <object_component id="oc-10e">
         <name>.debug_info</name>
         <load_address>0x48340</load_address>
         <run_address>0x48340</run_address>
         <size>0x90eb</size>
         <input_file_ref idref="fl-20"/>
      </object_component>
      <object_component id="oc-115">
         <name>.debug_info</name>
         <load_address>0x5142b</load_address>
         <run_address>0x5142b</run_address>
         <size>0x6fba</size>
         <input_file_ref idref="fl-21"/>
      </object_component>
      <object_component id="oc-11f">
         <name>.debug_info</name>
         <load_address>0x583e5</load_address>
         <run_address>0x583e5</run_address>
         <size>0x1f6f</size>
         <input_file_ref idref="fl-22"/>
      </object_component>
      <object_component id="oc-124">
         <name>.debug_info</name>
         <load_address>0x5a354</load_address>
         <run_address>0x5a354</run_address>
         <size>0x1827</size>
         <input_file_ref idref="fl-23"/>
      </object_component>
      <object_component id="oc-12a">
         <name>.debug_info</name>
         <load_address>0x5bb7b</load_address>
         <run_address>0x5bb7b</run_address>
         <size>0x8e2</size>
         <input_file_ref idref="fl-24"/>
      </object_component>
      <object_component id="oc-130">
         <name>.debug_info</name>
         <load_address>0x5c45d</load_address>
         <run_address>0x5c45d</run_address>
         <size>0x18b</size>
         <input_file_ref idref="fl-25"/>
      </object_component>
      <object_component id="oc-132">
         <name>.debug_info</name>
         <load_address>0x5c5e8</load_address>
         <run_address>0x5c5e8</run_address>
         <size>0x193</size>
         <input_file_ref idref="fl-26"/>
      </object_component>
      <object_component id="oc-134">
         <name>.debug_info</name>
         <load_address>0x5c77b</load_address>
         <run_address>0x5c77b</run_address>
         <size>0x1a9</size>
         <input_file_ref idref="fl-27"/>
      </object_component>
      <object_component id="oc-137">
         <name>.debug_info</name>
         <load_address>0x5c924</load_address>
         <run_address>0x5c924</run_address>
         <size>0x192</size>
         <input_file_ref idref="fl-28"/>
      </object_component>
      <object_component id="oc-139">
         <name>.debug_info</name>
         <load_address>0x5cab6</load_address>
         <run_address>0x5cab6</run_address>
         <size>0xd87</size>
         <input_file_ref idref="fl-29"/>
      </object_component>
      <object_component id="oc-13e">
         <name>.debug_info</name>
         <load_address>0x5d83d</load_address>
         <run_address>0x5d83d</run_address>
         <size>0x193</size>
         <input_file_ref idref="fl-2a"/>
      </object_component>
      <object_component id="oc-140">
         <name>.debug_info</name>
         <load_address>0x5d9d0</load_address>
         <run_address>0x5d9d0</run_address>
         <size>0x193</size>
         <input_file_ref idref="fl-2b"/>
      </object_component>
      <object_component id="oc-142">
         <name>.debug_info</name>
         <load_address>0x5db63</load_address>
         <run_address>0x5db63</run_address>
         <size>0x946</size>
         <input_file_ref idref="fl-2c"/>
      </object_component>
      <object_component id="oc-147">
         <name>.debug_info</name>
         <load_address>0x5e4a9</load_address>
         <run_address>0x5e4a9</run_address>
         <size>0x1343</size>
         <input_file_ref idref="fl-2d"/>
      </object_component>
      <object_component id="oc-14e">
         <name>.debug_info</name>
         <load_address>0x5f7ec</load_address>
         <run_address>0x5f7ec</run_address>
         <size>0x649</size>
         <input_file_ref idref="fl-2e"/>
      </object_component>
      <object_component id="oc-154">
         <name>.debug_info</name>
         <load_address>0x5fe35</load_address>
         <run_address>0x5fe35</run_address>
         <size>0x354a</size>
         <input_file_ref idref="fl-2f"/>
      </object_component>
      <object_component id="oc-15a">
         <name>.debug_info</name>
         <load_address>0x6337f</load_address>
         <run_address>0x6337f</run_address>
         <size>0x180c</size>
         <input_file_ref idref="fl-30"/>
      </object_component>
      <object_component id="oc-161">
         <name>.debug_info</name>
         <load_address>0x64b8b</load_address>
         <run_address>0x64b8b</run_address>
         <size>0x4a4</size>
         <input_file_ref idref="fl-31"/>
      </object_component>
      <object_component id="oc-166">
         <name>.debug_info</name>
         <load_address>0x6502f</load_address>
         <run_address>0x6502f</run_address>
         <size>0x114c</size>
         <input_file_ref idref="fl-32"/>
      </object_component>
      <object_component id="oc-16c">
         <name>.debug_info</name>
         <load_address>0x6617b</load_address>
         <run_address>0x6617b</run_address>
         <size>0x187</size>
         <input_file_ref idref="fl-33"/>
      </object_component>
      <object_component id="oc-16e">
         <name>.debug_info</name>
         <load_address>0x66302</load_address>
         <run_address>0x66302</run_address>
         <size>0x88b</size>
         <input_file_ref idref="fl-46"/>
      </object_component>
      <object_component id="oc-174">
         <name>.debug_info</name>
         <load_address>0x66b8d</load_address>
         <run_address>0x66b8d</run_address>
         <size>0x3dc</size>
         <input_file_ref idref="fl-47"/>
      </object_component>
      <object_component id="oc-179">
         <name>.debug_info</name>
         <load_address>0x66f69</load_address>
         <run_address>0x66f69</run_address>
         <size>0x43a</size>
         <input_file_ref idref="fl-48"/>
      </object_component>
      <object_component id="oc-17f">
         <name>.debug_info</name>
         <load_address>0x673a3</load_address>
         <run_address>0x673a3</run_address>
         <size>0x4b9</size>
         <input_file_ref idref="fl-49"/>
      </object_component>
      <object_component id="oc-187">
         <name>.debug_info</name>
         <load_address>0x6785c</load_address>
         <run_address>0x6785c</run_address>
         <size>0x174</size>
         <input_file_ref idref="fl-4a"/>
      </object_component>
      <object_component id="oc-18c">
         <name>.debug_info</name>
         <load_address>0x679d0</load_address>
         <run_address>0x679d0</run_address>
         <size>0x115</size>
         <input_file_ref idref="fl-4b"/>
      </object_component>
      <object_component id="oc-191">
         <name>.debug_info</name>
         <load_address>0x67ae5</load_address>
         <run_address>0x67ae5</run_address>
         <size>0x142</size>
         <input_file_ref idref="fl-4c"/>
      </object_component>
      <object_component id="oc-196">
         <name>.debug_info</name>
         <load_address>0x67c27</load_address>
         <run_address>0x67c27</run_address>
         <size>0x1a6</size>
         <input_file_ref idref="fl-4d"/>
      </object_component>
      <object_component id="oc-19a">
         <name>.debug_info</name>
         <load_address>0x67dcd</load_address>
         <run_address>0x67dcd</run_address>
         <size>0x562</size>
         <input_file_ref idref="fl-4e"/>
      </object_component>
      <object_component id="oc-19f">
         <name>.debug_info</name>
         <load_address>0x6832f</load_address>
         <run_address>0x6832f</run_address>
         <size>0x43b</size>
         <input_file_ref idref="fl-4f"/>
      </object_component>
      <object_component id="oc-1a4">
         <name>.debug_info</name>
         <load_address>0x6876a</load_address>
         <run_address>0x6876a</run_address>
         <size>0x3ae</size>
         <input_file_ref idref="fl-50"/>
      </object_component>
      <object_component id="oc-1a9">
         <name>.debug_info</name>
         <load_address>0x68b18</load_address>
         <run_address>0x68b18</run_address>
         <size>0x3ab</size>
         <input_file_ref idref="fl-51"/>
      </object_component>
      <object_component id="oc-1ae">
         <name>.debug_info</name>
         <load_address>0x68ec3</load_address>
         <run_address>0x68ec3</run_address>
         <size>0x545</size>
         <input_file_ref idref="fl-52"/>
      </object_component>
      <object_component id="oc-1b5">
         <name>.debug_info</name>
         <load_address>0x69408</load_address>
         <run_address>0x69408</run_address>
         <size>0x4cd</size>
         <input_file_ref idref="fl-53"/>
      </object_component>
      <object_component id="oc-1ba">
         <name>.debug_info</name>
         <load_address>0x698d5</load_address>
         <run_address>0x698d5</run_address>
         <size>0x468</size>
         <input_file_ref idref="fl-54"/>
      </object_component>
      <object_component id="oc-1bf">
         <name>.debug_info</name>
         <load_address>0x69d3d</load_address>
         <run_address>0x69d3d</run_address>
         <size>0x4e5</size>
         <input_file_ref idref="fl-55"/>
      </object_component>
      <object_component id="oc-1c4">
         <name>.debug_info</name>
         <load_address>0x6a222</load_address>
         <run_address>0x6a222</run_address>
         <size>0x1c7</size>
         <input_file_ref idref="fl-56"/>
      </object_component>
      <object_component id="oc-1c8">
         <name>.debug_info</name>
         <load_address>0x6a3e9</load_address>
         <run_address>0x6a3e9</run_address>
         <size>0x407</size>
         <input_file_ref idref="fl-57"/>
      </object_component>
      <object_component id="oc-26c">
         <name>.debug_info</name>
         <load_address>0x6a7f0</load_address>
         <run_address>0x6a7f0</run_address>
         <size>0xa3</size>
      </object_component>
      <object_component id="oc-7c">
         <name>.debug_abbrev</name>
         <load_address>0x0</load_address>
         <run_address>0x0</run_address>
         <size>0xb7</size>
         <input_file_ref idref="fl-2"/>
      </object_component>
      <object_component id="oc-80">
         <name>.debug_abbrev</name>
         <load_address>0xb7</load_address>
         <run_address>0xb7</run_address>
         <size>0x2f</size>
         <input_file_ref idref="fl-3"/>
      </object_component>
      <object_component id="oc-85">
         <name>.debug_abbrev</name>
         <load_address>0xe6</load_address>
         <run_address>0xe6</run_address>
         <size>0x10f</size>
         <input_file_ref idref="fl-4"/>
      </object_component>
      <object_component id="oc-8d">
         <name>.debug_abbrev</name>
         <load_address>0x1f5</load_address>
         <run_address>0x1f5</run_address>
         <size>0x21</size>
         <input_file_ref idref="fl-6"/>
      </object_component>
      <object_component id="oc-93">
         <name>.debug_abbrev</name>
         <load_address>0x216</load_address>
         <run_address>0x216</run_address>
         <size>0xfd</size>
         <input_file_ref idref="fl-7"/>
      </object_component>
      <object_component id="oc-98">
         <name>.debug_abbrev</name>
         <load_address>0x313</load_address>
         <run_address>0x313</run_address>
         <size>0x2f</size>
         <input_file_ref idref="fl-8"/>
      </object_component>
      <object_component id="oc-9d">
         <name>.debug_abbrev</name>
         <load_address>0x342</load_address>
         <run_address>0x342</run_address>
         <size>0x14f</size>
         <input_file_ref idref="fl-9"/>
      </object_component>
      <object_component id="oc-a3">
         <name>.debug_abbrev</name>
         <load_address>0x491</load_address>
         <run_address>0x491</run_address>
         <size>0xa8</size>
         <input_file_ref idref="fl-a"/>
      </object_component>
      <object_component id="oc-a8">
         <name>.debug_abbrev</name>
         <load_address>0x539</load_address>
         <run_address>0x539</run_address>
         <size>0x2f</size>
         <input_file_ref idref="fl-b"/>
      </object_component>
      <object_component id="oc-ad">
         <name>.debug_abbrev</name>
         <load_address>0x568</load_address>
         <run_address>0x568</run_address>
         <size>0x151</size>
         <input_file_ref idref="fl-c"/>
      </object_component>
      <object_component id="oc-b2">
         <name>.debug_abbrev</name>
         <load_address>0x6b9</load_address>
         <run_address>0x6b9</run_address>
         <size>0xea</size>
         <input_file_ref idref="fl-d"/>
      </object_component>
      <object_component id="oc-b7">
         <name>.debug_abbrev</name>
         <load_address>0x7a3</load_address>
         <run_address>0x7a3</run_address>
         <size>0x111</size>
         <input_file_ref idref="fl-e"/>
      </object_component>
      <object_component id="oc-bc">
         <name>.debug_abbrev</name>
         <load_address>0x8b4</load_address>
         <run_address>0x8b4</run_address>
         <size>0xea</size>
         <input_file_ref idref="fl-f"/>
      </object_component>
      <object_component id="oc-c1">
         <name>.debug_abbrev</name>
         <load_address>0x99e</load_address>
         <run_address>0x99e</run_address>
         <size>0xdc</size>
         <input_file_ref idref="fl-10"/>
      </object_component>
      <object_component id="oc-c6">
         <name>.debug_abbrev</name>
         <load_address>0xa7a</load_address>
         <run_address>0xa7a</run_address>
         <size>0xdc</size>
         <input_file_ref idref="fl-11"/>
      </object_component>
      <object_component id="oc-cb">
         <name>.debug_abbrev</name>
         <load_address>0xb56</load_address>
         <run_address>0xb56</run_address>
         <size>0x146</size>
         <input_file_ref idref="fl-12"/>
      </object_component>
      <object_component id="oc-d0">
         <name>.debug_abbrev</name>
         <load_address>0xc9c</load_address>
         <run_address>0xc9c</run_address>
         <size>0x93</size>
         <input_file_ref idref="fl-13"/>
      </object_component>
      <object_component id="oc-d5">
         <name>.debug_abbrev</name>
         <load_address>0xd2f</load_address>
         <run_address>0xd2f</run_address>
         <size>0xc8</size>
[...]
         <object_component_ref idref="oc-1d4"/>
      </symbol>
      <symbol id="sm-5bc">
         <name>_cpu_timer2_isr</name>
         <value>0x3cbe</value>
         <object_component_ref idref="oc-11a"/>
      </symbol>
      <symbol id="sm-5bd">
         <name>_TSt2</name>
         <value>0xf6de</value>
         <object_component_ref idref="oc-117"/>
      </symbol>
      <symbol id="sm-5be">
         <name>_TSt3</name>
         <value>0xf6e0</value>
         <object_component_ref idref="oc-117"/>
      </symbol>
      <symbol id="sm-5bf">
         <name>_TSt1</name>
         <value>0xf6dc</value>
         <object_component_ref idref="oc-117"/>
      </symbol>
      <symbol id="sm-5c0">
         <name>_local_DINTCH1_ISR</name>
         <value>0x3cff</value>
         <object_component_ref idref="oc-11a"/>
      </symbol>
      <symbol id="sm-5c1">
         <name>_DMASource</name>
         <value>0xf6ec</value>
         <object_component_ref idref="oc-117"/>
      </symbol>
      <symbol id="sm-5c2">
         <name>_eMBRegHoldingCB</name>
         <value>0x2282</value>
         <object_component_ref idref="oc-1d4"/>
      </symbol>
      <symbol id="sm-5c3">
         <name>_MB_SLV_ID</name>
         <value>0xfd9f</value>
         <object_component_ref idref="oc-118"/>
      </symbol>
      <symbol id="sm-5c4">
         <name>_Period</name>
         <value>0xf6e6</value>
         <object_component_ref idref="oc-117"/>
      </symbol>
      <symbol id="sm-5c5">
         <name>_usAddress</name>
         <value>0xf6da</value>
         <object_component_ref idref="oc-117"/>
      </symbol>
      <symbol id="sm-5c6">
         <name>_Off_Period</name>
         <value>0xf6e4</value>
         <object_component_ref idref="oc-117"/>
      </symbol>
      <symbol id="sm-5c7">
         <name>_DMABuf1</name>
         <value>0xfdc0</value>
         <object_component_ref idref="oc-119"/>
      </symbol>
      <symbol id="sm-5c8">
         <name>_nextExpt</name>
         <value>0xf6ee</value>
         <object_component_ref idref="oc-117"/>
      </symbol>
      <symbol id="sm-5c9">
         <name>_epwm1_isr</name>
         <value>0x3d10</value>
         <object_component_ref idref="oc-11a"/>
      </symbol>
      <symbol id="sm-5ca">
         <name>_NMR_job</name>
         <value>0x2104</value>
         <object_component_ref idref="oc-1d4"/>
      </symbol>
      <symbol id="sm-5cb">
         <name>_DMADest</name>
         <value>0xf6ea</value>
         <object_component_ref idref="oc-117"/>
      </symbol>
      <symbol id="sm-5cc">
         <name>_Xint1Count</name>
         <value>0xf6e8</value>
         <object_component_ref idref="oc-117"/>
      </symbol>
      <symbol id="sm-5cd">
         <name>_j</name>
         <value>0xf6d9</value>
         <object_component_ref idref="oc-117"/>
      </symbol>
      <symbol id="sm-5ce">
         <name>_usRegInputBuf</name>
         <value>0xf6db</value>
         <object_component_ref idref="oc-117"/>
      </symbol>
      <symbol id="sm-5cf">
         <name>_asic_gain</name>
         <value>0xf6d8</value>
         <object_component_ref idref="oc-117"/>
      </symbol>
      <symbol id="sm-5d0">
         <name>_FW_VERSION</name>
         <value>0xfd9e</value>
         <object_component_ref idref="oc-118"/>
      </symbol>
      <symbol id="sm-5d1">
         <name>_On_Period</name>
         <value>0xf6e2</value>
         <object_component_ref idref="oc-117"/>
      </symbol>
      <symbol id="sm-5dd">
         <name>_ResetNMR</name>
         <value>0x37b4</value>
         <object_component_ref idref="oc-1e6"/>
      </symbol>
      <symbol id="sm-5de">
         <name>_InitNMR</name>
         <value>0x3828</value>
         <object_component_ref idref="oc-1e6"/>
      </symbol>
      <symbol id="sm-5df">
         <name>_EN_NMR_mode</name>
         <value>0x38ac</value>
         <object_component_ref idref="oc-1e6"/>
      </symbol>
      <symbol id="sm-5e0">
         <name>_EN_Tuning_mode</name>
         <value>0x38b5</value>
         <object_component_ref idref="oc-1e6"/>
      </symbol>
      <symbol id="sm-5e1">
         <name>_DlPlSeq</name>
         <value>0x38a6</value>
         <object_component_ref idref="oc-1e6"/>
      </symbol>
      <symbol id="sm-62c">
         <name>_GetPlsTime</name>
         <value>0x1975</value>
         <object_component_ref idref="oc-1df"/>
      </symbol>
      <symbol id="sm-62d">
         <name>_MAXT_NMR</name>
         <value>0xfd9c</value>
         <object_component_ref idref="oc-125"/>
      </symbol>
      <symbol id="sm-62e">
         <name>_PlsGen</name>
         <value>0x18b8</value>
         <object_component_ref idref="oc-1df"/>
      </symbol>
      <symbol id="sm-62f">
         <name>_IR</name>
         <value>0x1dbd</value>
         <object_component_ref idref="oc-1df"/>
      </symbol>
      <symbol id="sm-630">
         <name>_TuningSeq</name>
         <value>0x1bc0</value>
         <object_component_ref idref="oc-1df"/>
      </symbol>
      <symbol id="sm-631">
         <name>_PlsGenAddLoop</name>
         <value>0x1913</value>
         <object_component_ref idref="oc-1df"/>
      </symbol>
      <symbol id="sm-632">
         <name>_CPMG2</name>
         <value>0x1c83</value>
         <object_component_ref idref="oc-1df"/>
      </symbol>
      <symbol id="sm-633">
         <name>_FID2</name>
         <value>0x1a8e</value>
         <object_component_ref idref="oc-1df"/>
      </symbol>
      <symbol id="sm-634">
         <name>_FID3</name>
         <value>0x1988</value>
         <object_component_ref idref="oc-1df"/>
      </symbol>
      <symbol id="sm-635">
         <name>_plscpy</name>
         <value>0x18aa</value>
         <object_component_ref idref="oc-1df"/>
      </symbol>
      <symbol id="sm-636">
         <name>_PlsGenPulse</name>
         <value>0x1940</value>
         <object_component_ref idref="oc-1df"/>
      </symbol>
      <symbol id="sm-637">
         <name>_PlsGenDelay</name>
         <value>0x192c</value>
         <object_component_ref idref="oc-1df"/>
      </symbol>
      <symbol id="sm-638">
         <name>_PlsGenACQ</name>
         <value>0x1955</value>
         <object_component_ref idref="oc-1df"/>
      </symbol>
      <symbol id="sm-639">
         <name>_US_NMR</name>
         <value>0xfd9a</value>
         <object_component_ref idref="oc-125"/>
      </symbol>
      <symbol id="sm-63a">
         <name>_IRCPMG</name>
         <value>0x1f52</value>
         <object_component_ref idref="oc-1df"/>
      </symbol>
      <symbol id="sm-654">
         <name>_test</name>
         <value>0xf9e6</value>
         <object_component_ref idref="oc-135"/>
      </symbol>
      <symbol id="sm-670">
         <name>_eMBFuncWriteHoldingRegister</name>
         <value>0x36a4</value>
         <object_component_ref idref="oc-215"/>
      </symbol>
      <symbol id="sm-671">
         <name>_eMBFuncWriteMultipleHoldingRegister</name>
         <value>0x36c6</value>
         <object_component_ref idref="oc-215"/>
      </symbol>
      <symbol id="sm-672">
         <name>_eMBFuncReadWriteMultipleHoldingRegister</name>
         <value>0x3745</value>
         <object_component_ref idref="oc-215"/>
      </symbol>
      <symbol id="sm-673">
         <name>_eMBFuncReadHoldingRegister</name>
         <value>0x3700</value>
         <object_component_ref idref="oc-215"/>
      </symbol>
      <symbol id="sm-68b">
         <name>_xMBUtilGetBits</name>
         <value>0x3c10</value>
         <object_component_ref idref="oc-219"/>
      </symbol>
      <symbol id="sm-68c">
         <name>_xMBUtilSetBits</name>
         <value>0x3bd6</value>
         <object_component_ref idref="oc-219"/>
      </symbol>
      <symbol id="sm-68d">
         <name>_prveMBError2Exception</name>
         <value>0x3c34</value>
         <object_component_ref idref="oc-219"/>
      </symbol>
      <symbol id="sm-6d9">
         <name>_eMBPoll</name>
         <value>0x338d</value>
         <object_component_ref idref="oc-1fc"/>
      </symbol>
      <symbol id="sm-6da">
         <name>_pxMBFrameCBReceiveFSMCur</name>
         <value>0xdb70</value>
         <object_component_ref idref="oc-149"/>
      </symbol>
      <symbol id="sm-6db">
         <name>_eMBRegisterCB</name>
         <value>0x32eb</value>
         <object_component_ref idref="oc-1fc"/>
      </symbol>
      <symbol id="sm-6dc">
         <name>_pxMBPortCBTimerExpired</name>
         <value>0xdb6e</value>
         <object_component_ref idref="oc-149"/>
      </symbol>
      <symbol id="sm-6dd">
         <name>_pxMBFrameCBTransmitFSMCur</name>
         <value>0xdb72</value>
         <object_component_ref idref="oc-149"/>
      </symbol>
      <symbol id="sm-6de">
         <name>_eMBClose</name>
         <value>0x3354</value>
         <object_component_ref idref="oc-1fc"/>
      </symbol>
      <symbol id="sm-6df">
         <name>_eMBDisable</name>
         <value>0x3377</value>
         <object_component_ref idref="oc-1fc"/>
      </symbol>
      <symbol id="sm-6e0">
         <name>_pxMBFrameCBByteReceived</name>
         <value>0xdb6a</value>
         <object_component_ref idref="oc-149"/>
      </symbol>
      <symbol id="sm-6e1">
         <name>_eMBEnable</name>
         <value>0x3365</value>
         <object_component_ref idref="oc-1fc"/>
      </symbol>
      <symbol id="sm-6e2">
         <name>_pxMBFrameCBTransmitterEmpty</name>
         <value>0xdb6c</value>
         <object_component_ref idref="oc-149"/>
      </symbol>
      <symbol id="sm-6e3">
         <name>_eMBInit</name>
         <value>0x32a1</value>
         <object_component_ref idref="oc-1fc"/>
      </symbol>
      <symbol id="sm-6f7">
         <name>_xMBPortEventInit</name>
         <value>0x3e2c</value>
         <object_component_ref idref="oc-208"/>
      </symbol>
      <symbol id="sm-6f8">
         <name>_xMBPortEventGet</name>
         <value>0x3e4c</value>
         <object_component_ref idref="oc-208"/>
      </symbol>
      <symbol id="sm-6f9">
         <name>_portMBox</name>
         <value>0xf9d8</value>
         <object_component_ref idref="oc-14f"/>
      </symbol>
      <symbol id="sm-6fa">
         <name>_xMBPortEventPost</name>
         <value>0x3e32</value>
         <object_component_ref idref="oc-208"/>
      </symbol>
      <symbol id="sm-716">
         <name>_xMBPortSerialPutByte</name>
         <value>0x3a73</value>
         <object_component_ref idref="oc-211"/>
      </symbol>
      <symbol id="sm-717">
         <name>_vMBPortSerialEnable</name>
         <value>0x39bf</value>
         <object_component_ref idref="oc-211"/>
      </symbol>
      <symbol id="sm-718">
         <name>_vMBPortSerialWaitForTXEnd</name>
         <value>0x3a06</value>
         <object_component_ref idref="oc-211"/>
      </symbol>
      <symbol id="sm-719">
         <name>_xMBPortSerialInit</name>
         <value>0x3a0e</value>
         <object_component_ref idref="oc-211"/>
      </symbol>
      <symbol id="sm-71a">
         <name>_sciaTxIsr</name>
         <value>0x3c8b</value>
         <object_component_ref idref="oc-155"/>
      </symbol>
      <symbol id="sm-71b">
         <name>_sciaRxIsr</name>
         <value>0x3c4c</value>
         <object_component_ref idref="oc-155"/>
      </symbol>
      <symbol id="sm-71c">
         <name>_xMBPortSerialGetByte</name>
         <value>0x3a7c</value>
         <object_component_ref idref="oc-211"/>
      </symbol>
      <symbol id="sm-72c">
         <name>_vMBPortTimersEnable</name>
         <value>0x3e8c</value>
         <object_component_ref idref="oc-212"/>
      </symbol>
      <symbol id="sm-72d">
         <name>_cpu_timer1_isr</name>
         <value>0x3e98</value>
         <object_component_ref idref="oc-15c"/>
      </symbol>
      <symbol id="sm-72e">
         <name>_xMBPortTimersInit</name>
         <value>0x3e67</value>
         <object_component_ref idref="oc-212"/>
      </symbol>
      <symbol id="sm-72f">
         <name>_vMBPortTimersDisable</name>
         <value>0x3e93</value>
         <object_component_ref idref="oc-212"/>
      </symbol>
      <symbol id="sm-730">
         <name>_TimerTicksPer50us</name>
         <value>0xfda0</value>
         <object_component_ref idref="oc-15b"/>
      </symbol>
      <symbol id="sm-744">
         <name>_usMBCRC16</name>
         <value>0x3f69</value>
         <object_component_ref idref="oc-214"/>
      </symbol>
      <symbol id="sm-772">
         <name>_eMBRTUSend</name>
         <value>0x35e6</value>
         <object_component_ref idref="oc-207"/>
      </symbol>
      <symbol id="sm-773">
         <name>_eMBRTUStop</name>
         <value>0x35b1</value>
         <object_component_ref idref="oc-207"/>
      </symbol>
      <symbol id="sm-774">
         <name>_xMBRTUReceiveFSM</name>
         <value>0x3620</value>
         <object_component_ref idref="oc-207"/>
      </symbol>
      <symbol id="sm-775">
         <name>_eMBRTUStart</name>
         <value>0x35a3</value>
         <object_component_ref idref="oc-207"/>
      </symbol>
      <symbol id="sm-776">
         <name>_ucRTUBuf</name>
         <value>0xf880</value>
         <object_component_ref idref="oc-213"/>
      </symbol>
      <symbol id="sm-777">
         <name>_xMBRTUTransmitFSM</name>
         <value>0x365a</value>
         <object_component_ref idref="oc-207"/>
      </symbol>
      <symbol id="sm-778">
         <name>_xMBRTUTimerT35Expired</name>
         <value>0x3688</value>
         <object_component_ref idref="oc-207"/>
      </symbol>
      <symbol id="sm-779">
         <name>_eMBRTUInit</name>
         <value>0x3571</value>
         <object_component_ref idref="oc-207"/>
      </symbol>
      <symbol id="sm-77a">
         <name>_eMBRTUReceive</name>
         <value>0x35bc</value>
         <object_component_ref idref="oc-207"/>
      </symbol>
      <symbol id="sm-7d5">
         <name>_powf</name>
         <value>0x2a9c</value>
         <object_component_ref idref="oc-205"/>
      </symbol>
      <symbol id="sm-7d6">
         <name>_pow</name>
         <value>0x2a9c</value>
         <object_component_ref idref="oc-205"/>
      </symbol>
      <symbol id="sm-7e6">
         <name>_sqrtf</name>
         <value>0x3f42</value>
         <object_component_ref idref="oc-20c"/>
      </symbol>
      <symbol id="sm-7e7">
         <name>_sqrt</name>
         <value>0x3f42</value>
         <object_component_ref idref="oc-20c"/>
      </symbol>
      <symbol id="sm-7fd">
         <name>_floorf</name>
         <value>0x3d25</value>
         <object_component_ref idref="oc-204"/>
      </symbol>
      <symbol id="sm-7fe">
         <name>_floor</name>
         <value>0x3d25</value>
         <object_component_ref idref="oc-204"/>
      </symbol>
      <symbol id="sm-816">
         <name>_scalbn</name>
         <value>0x3d7e</value>
         <object_component_ref idref="oc-210"/>
      </symbol>
      <symbol id="sm-817">
         <name>_ldexp</name>
         <value>0x3d7e</value>
         <object_component_ref idref="oc-210"/>
      </symbol>
      <symbol id="sm-818">
         <name>_scalbnf</name>
         <value>0x3d7e</value>
         <object_component_ref idref="oc-210"/>
      </symbol>
      <symbol id="sm-819">
         <name>_ldexpf</name>
         <value>0x3d7e</value>
         <object_component_ref idref="oc-210"/>
      </symbol>
      <symbol id="sm-834">
         <name>_c_int00</name>
         <value>0x3dd6</value>
         <object_component_ref idref="oc-48"/>
      </symbol>
      <symbol id="sm-835">
         <name>__stack</name>
         <value>0x400</value>
         <object_component_ref idref="oc-185"/>
      </symbol>
      <symbol id="sm-846">
         <name>FS$$DIV</name>
         <value>0x3b4e</value>
         <object_component_ref idref="oc-18b"/>
      </symbol>
      <symbol id="sm-854">
         <name>I$$MOD</name>
         <value>0x3fc4</value>
         <object_component_ref idref="oc-190"/>
      </symbol>
      <symbol id="sm-855">
         <name>I$$DIV</name>
         <value>0x3fb3</value>
         <object_component_ref idref="oc-190"/>
      </symbol>
      <symbol id="sm-861">
         <name>UL$$MOD</name>
         <value>0x3eeb</value>
         <object_component_ref idref="oc-195"/>
      </symbol>
      <symbol id="sm-862">
         <name>L$$MOD</name>
         <value>0x3ed6</value>
         <object_component_ref idref="oc-195"/>
      </symbol>
      <symbol id="sm-863">
         <name>L$$DIV</name>
         <value>0x3ec7</value>
         <object_component_ref idref="oc-195"/>
      </symbol>
      <symbol id="sm-864">
         <name>UL$$DIV</name>
         <value>0x3ee4</value>
         <object_component_ref idref="oc-195"/>
      </symbol>
      <symbol id="sm-873">
         <name>_copy_in</name>
         <value>0x3f8f</value>
         <object_component_ref idref="oc-1ce"/>
      </symbol>
      <symbol id="sm-884">
         <name>_memcpy</name>
         <value>0x3ff5</value>
         <object_component_ref idref="oc-1d3"/>
      </symbol>
      <symbol id="sm-890">
         <name>__system_pre_init</name>
         <value>0x4094</value>
         <object_component_ref idref="oc-1cd"/>
      </symbol>
      <symbol id="sm-89d">
         <name>__system_post_cinit</name>
         <value>0x4096</value>
         <object_component_ref idref="oc-1cf"/>
      </symbol>
      <symbol id="sm-8b1">
         <name>C$$EXIT</name>
         <value>0x3ef1</value>
         <object_component_ref idref="oc-1d1"/>
      </symbol>
      <symbol id="sm-8b2">
         <name>_exit</name>
         <value>0x3ef3</value>
         <object_component_ref idref="oc-1d1"/>
      </symbol>
      <symbol id="sm-8b3">
         <name>___TI_cleanup_ptr</name>
         <value>0xf6fc</value>
         <object_component_ref idref="oc-1b0"/>
      </symbol>
      <symbol id="sm-8b4">
         <name>___TI_enable_exit_profile_output</name>
         <value>0xf6fa</value>
         <object_component_ref idref="oc-1b0"/>
      </symbol>
      <symbol id="sm-8b5">
         <name>_abort</name>
         <value>0x3ef1</value>
         <object_component_ref idref="oc-1d1"/>
      </symbol>
      <symbol id="sm-8b6">
         <name>___TI_dtors_ptr</name>
         <value>0xf6fe</value>
         <object_component_ref idref="oc-1b0"/>
      </symbol>
      <symbol id="sm-8ca">
         <name>__unlock</name>
         <value>0xf9e4</value>
         <object_component_ref idref="oc-20b"/>
      </symbol>
      <symbol id="sm-8cb">
         <name>__lock</name>
         <value>0xf9e2</value>
         <object_component_ref idref="oc-1d5"/>
      </symbol>
      <symbol id="sm-8cc">
         <name>__register_lock</name>
         <value>0x4078</value>
         <object_component_ref idref="oc-1fe"/>
      </symbol>
      <symbol id="sm-8cd">
         <name>__nop</name>
         <value>0x407c</value>
         <object_component_ref idref="oc-1fe"/>
      </symbol>
      <symbol id="sm-8ce">
         <name>__register_unlock</name>
         <value>0x4074</value>
         <object_component_ref idref="oc-1fe"/>
      </symbol>
      <symbol id="sm-8dd">
         <name>__args_main</name>
         <value>0x4012</value>
         <object_component_ref idref="oc-1d0"/>
      </symbol>
      <symbol id="sm-8ea">
         <name>_strcpy</name>
         <value>0x408c</value>
         <object_component_ref idref="oc-1da"/>
      </symbol>
      <symbol id="sm-8f4">
         <name>_errno</name>
         <value>0xf9e7</value>
         <object_component_ref idref="oc-1c6"/>
      </symbol>
      <symbol id="sm-900">
         <name>_copysignf</name>
         <value>0x4056</value>
         <object_component_ref idref="oc-216"/>
      </symbol>
      <symbol id="sm-901">
         <name>_copysign</name>
         <value>0x4056</value>
         <object_component_ref idref="oc-216"/>
      </symbol>
   </symbol_table>
   <title>Link errors: red sections failed placement,available memory ranges in purple</title>
</link_info>
