<?xml version="1.0"?>
<link_info>
   <banner>TMS320C2000 Linker PC v16.9.3.LTS</banner>
   <copyright>Copyright (c) 1996-2017 Texas Instruments Incorporated</copyright>
   <link_time>0x5995bff3</link_time>
   <link_errors>0x2</link_errors>
   <output_file>uNMR_CCS613.out</output_file>
   <entry_point>
      <name>_c_int00</name>
      <address>0x3e06</address>
   </entry_point>
   <input_file_list>
      <input_file id="fl-2">
         <path>.\DSP2833x\source\</path>
         <kind>object</kind>
         <file>DSP2833x_GlobalVariableDefs.obj</file>
         <name>DSP2833x_GlobalVariableDefs.obj</name>
      </input_file>
      <input_file id="fl-3">
         <path>.\DSP2833x_common\source\</path>
         <kind>object</kind>
         <file>DSP2833x_ADC_cal.obj</file>
         <name>DSP2833x_ADC_cal.obj</name>
      </input_file>
      <input_file id="fl-4">
         <path>.\DSP2833x_common\source\</path>
         <kind>object</kind>
         <file>DSP2833x_Adc.obj</file>
         <name>DSP2833x_Adc.obj</name>
      </input_file>
      <input_file id="fl-5">
         <path>.\DSP2833x_common\source\</path>
         <kind>object</kind>
         <file>DSP2833x_CSMPasswords.obj</file>
         <name>DSP2833x_CSMPasswords.obj</name>
      </input_file>
      <input_file id="fl-6">
         <path>.\DSP2833x_common\source\</path>
         <kind>object</kind>
         <file>DSP2833x_CodeStartBranch.obj</file>
         <name>DSP2833x_CodeStartBranch.obj</name>
      </input_file>
      <input_file id="fl-7">
         <path>.\DSP2833x_common\source\</path>
         <kind>object</kind>
         <file>DSP2833x_CpuTimers.obj</file>
         <name>DSP2833x_CpuTimers.obj</name>
      </input_file>
      <input_file id="fl-8">
         <path>.\DSP2833x_common\source\</path>
         <kind>object</kind>
         <file>DSP2833x_DBGIER.obj</file>
         <name>DSP2833x_DBGIER.obj</name>
      </input_file>
      <input_file id="fl-9">
         <path>.\DSP2833x_common\source\</path>
         <kind>object</kind>
         <file>DSP2833x_DMA.obj</file>
         <name>DSP2833x_DMA.obj</name>
      </input_file>
      <input_file id="fl-a">
         <path>.\DSP2833x_common\source\</path>
         <kind>object</kind>
         <file>DSP2833x_DefaultIsr.obj</file>
         <name>DSP2833x_DefaultIsr.obj</name>
      </input_file>
      <input_file id="fl-b">
         <path>.\DSP2833x_common\source\</path>
         <kind>object</kind>
         <file>DSP2833x_DisInt.obj</file>
         <name>DSP2833x_DisInt.obj</name>
      </input_file>
      <input_file id="fl-c">
         <path>.\DSP2833x_common\source\</path>
         <kind>object</kind>
         <file>DSP2833x_ECan.obj</file>
         <name>DSP2833x_ECan.obj</name>
      </input_file>
      <input_file id="fl-d">
         <path>.\DSP2833x_common\source\</path>
         <kind>object</kind>
         <file>DSP2833x_ECap.obj</file>
         <name>DSP2833x_ECap.obj</name>
      </input_file>
      <input_file id="fl-e">
         <path>.\DSP2833x_common\source\</path>
         <kind>object</kind>
         <file>DSP2833x_EPwm.obj</file>
         <name>DSP2833x_EPwm.obj</name>
      </input_file>
      <input_file id="fl-f">
         <path>.\DSP2833x_common\source\</path>
         <kind>object</kind>
         <file>DSP2833x_EQep.obj</file>
         <name>DSP2833x_EQep.obj</name>
      </input_file>
      <input_file id="fl-10">
         <path>.\DSP2833x_common\source\</path>
         <kind>object</kind>
         <file>DSP2833x_Gpio.obj</file>
         <name>DSP2833x_Gpio.obj</name>
      </input_file>
      <input_file id="fl-11">
         <path>.\DSP2833x_common\source\</path>
         <kind>object</kind>
         <file>DSP2833x_I2C.obj</file>
         <name>DSP2833x_I2C.obj</name>
      </input_file>
      <input_file id="fl-12">
         <path>.\DSP2833x_common\source\</path>
         <kind>object</kind>
         <file>DSP2833x_Mcbsp.obj</file>
         <name>DSP2833x_Mcbsp.obj</name>
      </input_file>
      <input_file id="fl-13">
         <path>.\DSP2833x_common\source\</path>
         <kind>object</kind>
         <file>DSP2833x_MemCopy.obj</file>
         <name>DSP2833x_MemCopy.obj</name>
      </input_file>
      <input_file id="fl-14">
         <path>.\DSP2833x_common\source\</path>
         <kind>object</kind>
         <file>DSP2833x_PieCtrl.obj</file>
         <name>DSP2833x_PieCtrl.obj</name>
      </input_file>
      <input_file id="fl-15">
         <path>.\DSP2833x_common\source\</path>
         <kind>object</kind>
         <file>DSP2833x_PieVect.obj</file>
         <name>DSP2833x_PieVect.obj</name>
      </input_file>
      <input_file id="fl-16">
         <path>.\DSP2833x_common\source\</path>
         <kind>object</kind>
         <file>DSP2833x_Sci.obj</file>
         <name>DSP2833x_Sci.obj</name>
      </input_file>
      <input_file id="fl-17">
         <path>.\DSP2833x_common\source\</path>
         <kind>object</kind>
         <file>DSP2833x_Spi.obj</file>
         <name>DSP2833x_Spi.obj</name>
      </input_file>
      <input_file id="fl-18">
         <path>.\DSP2833x_common\source\</path>
         <kind>object</kind>
         <file>DSP2833x_SysCtrl.obj</file>
         <name>DSP2833x_SysCtrl.obj</name>
      </input_file>
      <input_file id="fl-19">
         <path>.\DSP2833x_common\source\</path>
         <kind>object</kind>
         <file>DSP2833x_Xintf.obj</file>
         <name>DSP2833x_Xintf.obj</name>
      </input_file>
      <input_file id="fl-1a">
         <path>.\DSP2833x_common\source\</path>
         <kind>object</kind>
         <file>DSP2833x_usDelay.obj</file>
         <name>DSP2833x_usDelay.obj</name>
      </input_file>
      <input_file id="fl-1b">
         <path>.\SOURCE\</path>
         <kind>object</kind>
         <file>ADS1248 .obj</file>
         <name>ADS1248 .obj</name>
      </input_file>
      <input_file id="fl-1c">
         <path>.\SOURCE\</path>
         <kind>object</kind>
         <file>PLL.obj</file>
         <name>PLL.obj</name>
      </input_file>
      <input_file id="fl-1d">
         <path>.\SOURCE\</path>
         <kind>object</kind>
         <file>RunNMR.obj</file>
         <name>RunNMR.obj</name>
      </input_file>
      <input_file id="fl-1e">
         <path>.\SOURCE\</path>
         <kind>object</kind>
         <file>asic.obj</file>
         <name>asic.obj</name>
      </input_file>
      <input_file id="fl-1f">
         <path>.\SOURCE\</path>
         <kind>object</kind>
         <file>cpu_timer.obj</file>
         <name>cpu_timer.obj</name>
      </input_file>
      <input_file id="fl-20">
         <path>.\SOURCE\</path>
         <kind>object</kind>
         <file>gpio_init.obj</file>
         <name>gpio_init.obj</name>
      </input_file>
      <input_file id="fl-21">
         <path>.\SOURCE\</path>
         <kind>object</kind>
         <file>main.obj</file>
         <name>main.obj</name>
      </input_file>
      <input_file id="fl-22">
         <path>.\SOURCE\</path>
         <kind>object</kind>
         <file>nmr.obj</file>
         <name>nmr.obj</name>
      </input_file>
      <input_file id="fl-23">
         <path>.\SOURCE\</path>
         <kind>object</kind>
         <file>nmr_plsq.obj</file>
         <name>nmr_plsq.obj</name>
      </input_file>
      <input_file id="fl-24">
         <path>.\SOURCE\</path>
         <kind>object</kind>
         <file>tempcontoller.obj</file>
         <name>tempcontoller.obj</name>
      </input_file>
      <input_file id="fl-25">
         <path>.\freeMODBUS\ascii\</path>
         <kind>object</kind>
         <file>mbascii.obj</file>
         <name>mbascii.obj</name>
      </input_file>
      <input_file id="fl-26">
         <path>.\freeMODBUS\functions\</path>
         <kind>object</kind>
         <file>mbfunccoils.obj</file>
         <name>mbfunccoils.obj</name>
      </input_file>
      <input_file id="fl-27">
         <path>.\freeMODBUS\functions\</path>
         <kind>object</kind>
         <file>mbfuncdiag.obj</file>
         <name>mbfuncdiag.obj</name>
      </input_file>
      <input_file id="fl-28">
         <path>.\freeMODBUS\functions\</path>
         <kind>object</kind>
         <file>mbfuncdisc.obj</file>
         <name>mbfuncdisc.obj</name>
      </input_file>
      <input_file id="fl-29">
         <path>.\freeMODBUS\functions\</path>
         <kind>object</kind>
         <file>mbfuncholding.obj</file>
         <name>mbfuncholding.obj</name>
      </input_file>
      <input_file id="fl-2a">
         <path>.\freeMODBUS\functions\</path>
         <kind>object</kind>
         <file>mbfuncinput.obj</file>
         <name>mbfuncinput.obj</name>
      </input_file>
      <input_file id="fl-2b">
         <path>.\freeMODBUS\functions\</path>
         <kind>object</kind>
         <file>mbfuncother.obj</file>
         <name>mbfuncother.obj</name>
      </input_file>
      <input_file id="fl-2c">
         <path>.\freeMODBUS\functions\</path>
         <kind>object</kind>
         <file>mbutils.obj</file>
         <name>mbutils.obj</name>
      </input_file>
      <input_file id="fl-2d">
         <path>.\freeMODBUS\</path>
         <kind>object</kind>
         <file>mb.obj</file>
         <name>mb.obj</name>
      </input_file>
      <input_file id="fl-2e">
         <path>.\freeMODBUS\</path>
         <kind>object</kind>
         <file>portevent.obj</file>
         <name>portevent.obj</name>
      </input_file>
      <input_file id="fl-2f">
         <path>.\freeMODBUS\</path>
         <kind>object</kind>
         <file>portserial.obj</file>
         <name>portserial.obj</name>
      </input_file>
      <input_file id="fl-30">
         <path>.\freeMODBUS\</path>
         <kind>object</kind>
         <file>porttimer.obj</file>
         <name>porttimer.obj</name>
      </input_file>
      <input_file id="fl-31">
         <path>.\freeMODBUS\rtu\</path>
         <kind>object</kind>
         <file>mbcrc.obj</file>
         <name>mbcrc.obj</name>
      </input_file>
      <input_file id="fl-32">
         <path>.\freeMODBUS\rtu\</path>
         <kind>object</kind>
         <file>mbrtu.obj</file>
         <name>mbrtu.obj</name>
      </input_file>
      <input_file id="fl-33">
         <path>.\freeMODBUS\tcp\</path>
         <kind>object</kind>
         <file>mbtcp.obj</file>
         <name>mbtcp.obj</name>
      </input_file>
      <input_file id="fl-3a">
         <kind>object</kind>
         <file>&lt;internal&gt;</file>
         <name>&lt;internal&gt;</name>
      </input_file>
      <input_file id="fl-48">
         <path>C:\ti\ccsv7\tools\compiler\ti-cgt-c2000_16.9.3.LTS\lib\</path>
         <kind>archive</kind>
         <file>rts2800_fpu32.lib</file>
         <name>boot28.obj</name>
      </input_file>
      <input_file id="fl-49">
         <path>C:\ti\ccsv7\tools\compiler\ti-cgt-c2000_16.9.3.LTS\lib\</path>
         <kind>archive</kind>
         <file>rts2800_fpu32.lib</file>
         <name>cpy_tbl.obj</name>
      </input_file>
      <input_file id="fl-4a">
         <path>C:\ti\ccsv7\tools\compiler\ti-cgt-c2000_16.9.3.LTS\lib\</path>
         <kind>archive</kind>
         <file>rts2800_fpu32.lib</file>
         <name>e_powf.obj</name>
      </input_file>
      <input_file id="fl-4b">
         <path>C:\ti\ccsv7\tools\compiler\ti-cgt-c2000_16.9.3.LTS\lib\</path>
         <kind>archive</kind>
         <file>rts2800_fpu32.lib</file>
         <name>e_sqrtf.obj</name>
      </input_file>
      <input_file id="fl-4c">
         <path>C:\ti\ccsv7\tools\compiler\ti-cgt-c2000_16.9.3.LTS\lib\</path>
         <kind>archive</kind>
         <file>rts2800_fpu32.lib</file>
         <name>errno.obj</name>
      </input_file>
      <input_file id="fl-4d">
         <path>C:\ti\ccsv7\tools\compiler\ti-cgt-c2000_16.9.3.LTS\lib\</path>
         <kind>archive</kind>
         <file>rts2800_fpu32.lib</file>
         <name>exit.obj</name>
      </input_file>
      <input_file id="fl-4e">
         <path>C:\ti\ccsv7\tools\compiler\ti-cgt-c2000_16.9.3.LTS\lib\</path>
         <kind>archive</kind>
         <file>rts2800_fpu32.lib</file>
         <name>fs_div28.obj</name>
      </input_file>
      <input_file id="fl-4f">
         <path>C:\ti\ccsv7\tools\compiler\ti-cgt-c2000_16.9.3.LTS\lib\</path>
         <kind>archive</kind>
         <file>rts2800_fpu32.lib</file>
         <name>i_div28.obj</name>
      </input_file>
      <input_file id="fl-50">
         <path>C:\ti\ccsv7\tools\compiler\ti-cgt-c2000_16.9.3.LTS\lib\</path>
         <kind>archive</kind>
         <file>rts2800_fpu32.lib</file>
         <name>l_div28.obj</name>
      </input_file>
      <input_file id="fl-51">
         <path>C:\ti\ccsv7\tools\compiler\ti-cgt-c2000_16.9.3.LTS\lib\</path>
         <kind>archive</kind>
         <file>rts2800_fpu32.lib</file>
         <name>memcpy.obj</name>
      </input_file>
      <input_file id="fl-52">
         <path>C:\ti\ccsv7\tools\compiler\ti-cgt-c2000_16.9.3.LTS\lib\</path>
         <kind>archive</kind>
         <file>rts2800_fpu32.lib</file>
         <name>pre_init.obj</name>
      </input_file>
      <input_file id="fl-53">
         <path>C:\ti\ccsv7\tools\compiler\ti-cgt-c2000_16.9.3.LTS\lib\</path>
         <kind>archive</kind>
         <file>rts2800_fpu32.lib</file>
         <name>s_floorf.obj</name>
      </input_file>
      <input_file id="fl-54">
         <path>C:\ti\ccsv7\tools\compiler\ti-cgt-c2000_16.9.3.LTS\lib\</path>
         <kind>archive</kind>
         <file>rts2800_fpu32.lib</file>
         <name>s_scalbnf.obj</name>
      </input_file>
      <input_file id="fl-55">
         <path>C:\ti\ccsv7\tools\compiler\ti-cgt-c2000_16.9.3.LTS\lib\</path>
         <kind>archive</kind>
         <file>rts2800_fpu32.lib</file>
         <name>startup.obj</name>
      </input_file>
      <input_file id="fl-56">
         <path>C:\ti\ccsv7\tools\compiler\ti-cgt-c2000_16.9.3.LTS\lib\</path>
         <kind>archive</kind>
         <file>rts2800_fpu32.lib</file>
         <name>strcpy.obj</name>
      </input_file>
      <input_file id="fl-57">
         <path>C:\ti\ccsv7\tools\compiler\ti-cgt-c2000_16.9.3.LTS\lib\</path>
         <kind>archive</kind>
         <file>rts2800_fpu32.lib</file>
         <name>vla_alloc.obj</name>
      </input_file>
      <input_file id="fl-58">
         <path>C:\ti\ccsv7\tools\compiler\ti-cgt-c2000_16.9.3.LTS\lib\</path>
         <kind>archive</kind>
         <file>rts2800_fpu32.lib</file>
         <name>_lock.obj</name>
      </input_file>
      <input_file id="fl-59">
         <path>C:\ti\ccsv7\tools\compiler\ti-cgt-c2000_16.9.3.LTS\lib\</path>
         <kind>archive</kind>
         <file>rts2800_fpu32.lib</file>
         <name>args_main.obj</name>
      </input_file>
      <input_file id="fl-5a">
         <path>C:\ti\ccsv7\tools\compiler\ti-cgt-c2000_16.9.3.LTS\lib\</path>
         <kind>archive</kind>
         <file>rts2800_fpu32.lib</file>
         <name>error.obj</name>
      </input_file>
      <input_file id="fl-5b">
         <path>C:\ti\ccsv7\tools\compiler\ti-cgt-c2000_16.9.3.LTS\lib\</path>
         <kind>archive</kind>
         <file>rts2800_fpu32.lib</file>
         <name>memory.obj</name>
      </input_file>
      <input_file id="fl-5c">
         <path>C:\ti\ccsv7\tools\compiler\ti-cgt-c2000_16.9.3.LTS\lib\</path>
         <kind>archive</kind>
         <file>rts2800_fpu32.lib</file>
         <name>s_copysignf.obj</name>
      </input_file>
   </input_file_list>
   <object_component_list>
      <object_component id="oc-8a">
         <name>codestart</name>
         <load_address>0x0</load_address>
         <run_address>0x0</run_address>
         <size>0x2</size>
         <input_file_ref idref="fl-6"/>
      </object_component>
      <object_component id="oc-f0">
         <name>ramfuncs</name>
         <load_address>0x80e8</load_address>
         <run_address>0x80e8</run_address>
         <size>0x4</size>
         <input_file_ref idref="fl-1a"/>
      </object_component>
      <object_component id="oc-208">
         <name>.text</name>
         <load_address>0x4077</load_address>
         <run_address>0x4077</run_address>
         <size>0x14</size>
         <input_file_ref idref="fl-4"/>
      </object_component>
      <object_component id="oc-89">
         <name>.text</name>
         <load_address>0x40b2</load_address>
         <run_address>0x40b2</run_address>
         <size>0x8</size>
         <input_file_ref idref="fl-6"/>
      </object_component>
      <object_component id="oc-95">
         <name>.text</name>
         <load_address>0x40c6</load_address>
         <run_address>0x40c6</run_address>
         <size>0x3</size>
         <input_file_ref idref="fl-8"/>
      </object_component>
      <object_component id="oc-209">
         <name>.text</name>
         <load_address>0x236a</load_address>
         <run_address>0x236a</run_address>
         <size>0x3e9</size>
         <input_file_ref idref="fl-9"/>
      </object_component>
      <object_component id="oc-a0">
         <name>.text:retain</name>
         <load_address>0x2ad3</load_address>
         <run_address>0x2ad3</run_address>
         <size>0x316</size>
         <input_file_ref idref="fl-a"/>
      </object_component>
      <object_component id="oc-a5">
         <name>.text</name>
         <load_address>0x40ba</load_address>
         <run_address>0x40ba</run_address>
         <size>0x7</size>
         <input_file_ref idref="fl-b"/>
      </object_component>
      <object_component id="oc-205">
         <name>.text</name>
         <load_address>0x3ab0</load_address>
         <run_address>0x3ab0</run_address>
         <size>0xc8</size>
         <input_file_ref idref="fl-e"/>
      </object_component>
      <object_component id="oc-204">
         <name>.text</name>
         <load_address>0x4060</load_address>
         <run_address>0x4060</run_address>
         <size>0x17</size>
         <input_file_ref idref="fl-10"/>
      </object_component>
      <object_component id="oc-1f6">
         <name>.text</name>
         <load_address>0x343f</load_address>
         <run_address>0x343f</run_address>
         <size>0x15c</size>
         <input_file_ref idref="fl-12"/>
      </object_component>
      <object_component id="oc-206">
         <name>.text</name>
         <load_address>0x3f50</load_address>
         <run_address>0x3f50</run_address>
         <size>0x28</size>
         <input_file_ref idref="fl-14"/>
      </object_component>
      <object_component id="oc-207">
         <name>.text</name>
         <load_address>0x4009</load_address>
         <run_address>0x4009</run_address>
         <size>0x20</size>
         <input_file_ref idref="fl-15"/>
      </object_component>
      <object_component id="oc-203">
         <name>.text</name>
         <load_address>0x38e8</load_address>
         <run_address>0x38e8</run_address>
         <size>0xf8</size>
         <input_file_ref idref="fl-18"/>
      </object_component>
      <object_component id="oc-1e4">
         <name>.text</name>
         <load_address>0x0</load_address>
         <run_address>0x0</run_address>
         <size>0xcc8</size>
         <input_file_ref idref="fl-1d"/>
      </object_component>
      <object_component id="oc-1f5">
         <name>.text</name>
         <load_address>0x3145</load_address>
         <run_address>0x3145</run_address>
         <size>0x186</size>
         <input_file_ref idref="fl-1e"/>
      </object_component>
      <object_component id="oc-109">
         <name>.text:retain</name>
         <load_address>0x409c</load_address>
         <run_address>0x409c</run_address>
         <size>0xd</size>
         <input_file_ref idref="fl-1f"/>
      </object_component>
      <object_component id="oc-1eb">
         <name>.text</name>
         <load_address>0xcc8</load_address>
         <run_address>0xcc8</run_address>
         <size>0x69b</size>
         <input_file_ref idref="fl-20"/>
      </object_component>
      <object_component id="oc-1e7">
         <name>.text</name>
         <load_address>0x1f0f</load_address>
         <run_address>0x1f0f</run_address>
         <size>0x45b</size>
         <input_file_ref idref="fl-21"/>
      </object_component>
      <object_component id="oc-11a">
         <name>.text:retain</name>
         <load_address>0x3ce6</load_address>
         <run_address>0x3ce6</run_address>
         <size>0x67</size>
         <input_file_ref idref="fl-21"/>
      </object_component>
      <object_component id="oc-1f4">
         <name>.text</name>
         <load_address>0x37de</load_address>
         <run_address>0x37de</run_address>
         <size>0x10a</size>
         <input_file_ref idref="fl-22"/>
      </object_component>
      <object_component id="oc-1f1">
         <name>.text</name>
         <load_address>0x1363</load_address>
         <run_address>0x1363</run_address>
         <size>0x68e</size>
         <input_file_ref idref="fl-23"/>
      </object_component>
      <object_component id="oc-1ee">
         <name>.text</name>
         <load_address>0x19f1</load_address>
         <run_address>0x19f1</run_address>
         <size>0x51e</size>
         <input_file_ref idref="fl-24"/>
      </object_component>
      <object_component id="oc-1e5">
         <name>.text</name>
         <load_address>0x36ce</load_address>
         <run_address>0x36ce</run_address>
         <size>0x110</size>
         <input_file_ref idref="fl-29"/>
      </object_component>
      <object_component id="oc-202">
         <name>.text</name>
         <load_address>0x3c00</load_address>
         <run_address>0x3c00</run_address>
         <size>0x74</size>
         <input_file_ref idref="fl-2c"/>
      </object_component>
      <object_component id="oc-20a">
         <name>.text</name>
         <load_address>0x32cb</load_address>
         <run_address>0x32cb</run_address>
         <size>0x174</size>
         <input_file_ref idref="fl-2d"/>
      </object_component>
      <object_component id="oc-216">
         <name>.text</name>
         <load_address>0x3e5c</load_address>
         <run_address>0x3e5c</run_address>
         <size>0x3b</size>
         <input_file_ref idref="fl-2e"/>
      </object_component>
      <object_component id="oc-21d">
         <name>.text</name>
         <load_address>0x39e0</load_address>
         <run_address>0x39e0</run_address>
         <size>0xd0</size>
         <input_file_ref idref="fl-2f"/>
      </object_component>
      <object_component id="oc-154">
         <name>.text:retain</name>
         <load_address>0x3c74</load_address>
         <run_address>0x3c74</run_address>
         <size>0x72</size>
         <input_file_ref idref="fl-2f"/>
      </object_component>
      <object_component id="oc-21e">
         <name>.text</name>
         <load_address>0x3e97</load_address>
         <run_address>0x3e97</run_address>
         <size>0x37</size>
         <input_file_ref idref="fl-30"/>
      </object_component>
      <object_component id="oc-15b">
         <name>.text:retain</name>
         <load_address>0x3ece</load_address>
         <run_address>0x3ece</run_address>
         <size>0x2f</size>
         <input_file_ref idref="fl-30"/>
      </object_component>
      <object_component id="oc-21f">
         <name>.text</name>
         <load_address>0x3f78</load_address>
         <run_address>0x3f78</run_address>
         <size>0x26</size>
         <input_file_ref idref="fl-31"/>
      </object_component>
      <object_component id="oc-215">
         <name>.text</name>
         <load_address>0x359b</load_address>
         <run_address>0x359b</run_address>
         <size>0x133</size>
         <input_file_ref idref="fl-32"/>
      </object_component>
      <object_component id="oc-48">
         <name>.text</name>
         <load_address>0x3e06</load_address>
         <run_address>0x3e06</run_address>
         <size>0x56</size>
         <input_file_ref idref="fl-48"/>
      </object_component>
      <object_component id="oc-1e0">
         <name>.text</name>
         <load_address>0x3fc3</load_address>
         <run_address>0x3fc3</run_address>
         <size>0x24</size>
         <input_file_ref idref="fl-49"/>
      </object_component>
      <object_component id="oc-20f">
         <name>.text</name>
         <load_address>0x2753</load_address>
         <run_address>0x2753</run_address>
         <size>0x380</size>
         <input_file_ref idref="fl-4a"/>
      </object_component>
      <object_component id="oc-218">
         <name>.text</name>
         <load_address>0x3f9e</load_address>
         <run_address>0x3f9e</run_address>
         <size>0x25</size>
         <input_file_ref idref="fl-4b"/>
      </object_component>
      <object_component id="oc-1e3">
         <name>.text</name>
         <load_address>0x3f27</load_address>
         <run_address>0x3f27</run_address>
         <size>0x29</size>
         <input_file_ref idref="fl-4d"/>
      </object_component>
      <object_component id="oc-18e">
         <name>.text</name>
         <load_address>0x3b78</load_address>
         <run_address>0x3b78</run_address>
         <size>0x88</size>
         <input_file_ref idref="fl-4e"/>
      </object_component>
      <object_component id="oc-193">
         <name>.text</name>
         <load_address>0x3fe7</load_address>
         <run_address>0x3fe7</run_address>
         <size>0x22</size>
         <input_file_ref idref="fl-4f"/>
      </object_component>
      <object_component id="oc-198">
         <name>.text</name>
         <load_address>0x3efd</load_address>
         <run_address>0x3efd</run_address>
         <size>0x2a</size>
         <input_file_ref idref="fl-50"/>
      </object_component>
      <object_component id="oc-1e6">
         <name>.text</name>
         <load_address>0x4029</load_address>
         <run_address>0x4029</run_address>
         <size>0x1e</size>
         <input_file_ref idref="fl-51"/>
      </object_component>
      <object_component id="oc-1df">
         <name>.text</name>
         <load_address>0x40cc</load_address>
         <run_address>0x40cc</run_address>
         <size>0x2</size>
         <input_file_ref idref="fl-52"/>
      </object_component>
      <object_component id="oc-20e">
         <name>.text</name>
         <load_address>0x3daf</load_address>
         <run_address>0x3daf</run_address>
         <size>0x57</size>
         <input_file_ref idref="fl-53"/>
      </object_component>
      <object_component id="oc-21c">
         <name>.text</name>
         <load_address>0x3d4d</load_address>
         <run_address>0x3d4d</run_address>
         <size>0x62</size>
         <input_file_ref idref="fl-54"/>
      </object_component>
      <object_component id="oc-1e1">
         <name>.text</name>
         <load_address>0x40ce</load_address>
         <run_address>0x40ce</run_address>
         <size>0x1</size>
         <input_file_ref idref="fl-55"/>
      </object_component>
      <object_component id="oc-1ed">
         <name>.text</name>
         <load_address>0x40c1</load_address>
         <run_address>0x40c1</run_address>
         <size>0x5</size>
         <input_file_ref idref="fl-56"/>
      </object_component>
      <object_component id="oc-201">
         <name>.text</name>
         <load_address>0x2fbb</load_address>
         <run_address>0x2fbb</run_address>
         <size>0x18a</size>
         <input_file_ref idref="fl-57"/>
      </object_component>
      <object_component id="oc-20c">
         <name>.text</name>
         <load_address>0x40a9</load_address>
         <run_address>0x40a9</run_address>
         <size>0x9</size>
         <input_file_ref idref="fl-58"/>
      </object_component>
      <object_component id="oc-1e2">
         <name>.text</name>
         <load_address>0x4047</load_address>
         <run_address>0x4047</run_address>
         <size>0x19</size>
         <input_file_ref idref="fl-59"/>
      </object_component>
      <object_component id="oc-213">
         <name>.text</name>
         <load_address>0x40c9</load_address>
         <run_address>0x40c9</run_address>
         <size>0x3</size>
         <input_file_ref idref="fl-5a"/>
      </object_component>
      <object_component id="oc-212">
         <name>.text</name>
         <load_address>0x2de9</load_address>
         <run_address>0x2de9</run_address>
         <size>0x1d2</size>
         <input_file_ref idref="fl-5b"/>
      </object_component>
      <object_component id="oc-220">
         <name>.text</name>
         <load_address>0x408b</load_address>
         <run_address>0x408b</run_address>
         <size>0x11</size>
         <input_file_ref idref="fl-5c"/>
      </object_component>
      <object_component id="oc-10f">
         <name>.cinit</name>
         <load_address>0x8082</load_address>
         <run_address>0x8082</run_address>
         <size>0x18</size>
         <input_file_ref idref="fl-20"/>
      </object_component>
      <object_component id="oc-147">
         <name>.cinit</name>
         <load_address>0x809a</load_address>
         <run_address>0x809a</run_address>
         <size>0x17</size>
         <input_file_ref idref="fl-2d"/>
      </object_component>
      <object_component id="oc-116">
         <name>.cinit</name>
         <load_address>0x80b1</load_address>
         <run_address>0x80b1</run_address>
         <size>0x15</size>
         <input_file_ref idref="fl-21"/>
      </object_component>
      <object_component id="oc-188">
         <name>.cinit</name>
         <load_address>0x80c6</load_address>
         <run_address>0x80c6</run_address>
         <size>0xe</size>
         <input_file_ref idref="fl-4d"/>
      </object_component>
      <object_component id="oc-1e9">
         <name>.cinit:__lock</name>
         <load_address>0x80d4</load_address>
         <run_address>0x80d4</run_address>
         <size>0x5</size>
         <input_file_ref idref="fl-58"/>
      </object_component>
      <object_component id="oc-20d">
         <name>.cinit:__unlock</name>
         <load_address>0x80d9</load_address>
         <run_address>0x80d9</run_address>
         <size>0x5</size>
         <input_file_ref idref="fl-58"/>
      </object_component>
      <object_component id="oc-184">
         <name>.cinit</name>
         <load_address>0x80de</load_address>
         <run_address>0x80de</run_address>
         <size>0x4</size>
         <input_file_ref idref="fl-4c"/>
      </object_component>
      <object_component id="oc-1d3">
         <name>.cinit</name>
         <load_address>0x80e2</load_address>
         <run_address>0x80e2</run_address>
         <size>0x4</size>
         <input_file_ref idref="fl-5b"/>
      </object_component>
      <object_component id="oc-20b">
         <name>.switch:_eMBRegHoldingCB</name>
         <load_address>0x8000</load_address>
         <run_address>0x8000</run_address>
         <size>0x3a</size>
         <input_file_ref idref="fl-21"/>
      </object_component>
      <object_component id="oc-1ea">
         <name>.switch:_GetNMRParameters</name>
         <load_address>0x803a</load_address>
         <run_address>0x803a</run_address>
         <size>0x24</size>
         <input_file_ref idref="fl-1d"/>
      </object_component>
      <object_component id="oc-1ec">
         <name>.switch:_SetNMRParameters</name>
         <load_address>0x805e</load_address>
         <run_address>0x805e</run_address>
         <size>0x24</size>
         <input_file_ref idref="fl-1d"/>
      </object_component>
      <object_component id="oc-16d">
         <name>.stack</name>
         <uninitialized>true</uninitialized>
         <run_address>0x0</run_address>
         <size>0x0</size>
         <input_file_ref idref="fl-48"/>
      </object_component>
      <object_component id="oc-274">
         <name>.stack</name>
         <uninitialized>true</uninitialized>
         <run_address>0x0</run_address>
         <size>0x0</size>
      </object_component>
      <object_component id="oc-90">
         <name>.ebss</name>
         <uninitialized>true</uninitialized>
         <run_address>0xfa40</run_address>
         <size>0x18</size>
         <input_file_ref idref="fl-7"/>
      </object_component>
      <object_component id="oc-fd">
         <name>.ebss</name>
         <uninitialized>true</uninitialized>
         <run_address>0xc000</run_address>
         <size>0x3858</size>
         <input_file_ref idref="fl-1d"/>
      </object_component>
      <object_component id="oc-110">
         <name>.ebss</name>
         <uninitialized>true</uninitialized>
         <run_address>0xfa58</run_address>
         <size>0x10</size>
         <input_file_ref idref="fl-20"/>
      </object_component>
      <object_component id="oc-117">
         <name>.ebss</name>
         <uninitialized>true</uninitialized>
         <run_address>0xf858</run_address>
         <size>0x1c</size>
         <input_file_ref idref="fl-21"/>
      </object_component>
      <object_component id="oc-134">
         <name>.ebss</name>
         <uninitialized>true</uninitialized>
         <run_address>0xfa80</run_address>
         <size>0x1</size>
         <input_file_ref idref="fl-27"/>
      </object_component>
      <object_component id="oc-148">
         <name>.ebss</name>
         <uninitialized>true</uninitialized>
         <run_address>0xf9c0</run_address>
         <size>0x80</size>
         <input_file_ref idref="fl-2d"/>
      </object_component>
      <object_component id="oc-14e">
         <name>.ebss</name>
         <uninitialized>true</uninitialized>
         <run_address>0xf87c</run_address>
         <size>0x4</size>
         <input_file_ref idref="fl-2e"/>
      </object_component>
      <object_component id="oc-166">
         <name>.ebss</name>
         <uninitialized>true</uninitialized>
         <run_address>0xf880</run_address>
         <size>0x140</size>
         <input_file_ref idref="fl-32"/>
      </object_component>
      <object_component id="oc-185">
         <name>.ebss</name>
         <uninitialized>true</uninitialized>
         <run_address>0xfa81</run_address>
         <size>0x1</size>
         <input_file_ref idref="fl-4c"/>
      </object_component>
      <object_component id="oc-189">
         <name>.ebss</name>
         <uninitialized>true</uninitialized>
         <run_address>0xfa76</run_address>
         <size>0x6</size>
         <input_file_ref idref="fl-4d"/>
      </object_component>
      <object_component id="oc-1be">
         <name>.ebss</name>
         <uninitialized>true</uninitialized>
         <run_address>0xfa68</run_address>
         <size>0xe</size>
         <input_file_ref idref="fl-57"/>
      </object_component>
      <object_component id="oc-217">
         <name>.ebss:__unlock</name>
         <uninitialized>true</uninitialized>
         <run_address>0xfa7e</run_address>
         <size>0x2</size>
         <input_file_ref idref="fl-58"/>
      </object_component>
      <object_component id="oc-1e8">
         <name>.ebss:__lock</name>
         <uninitialized>true</uninitialized>
         <run_address>0xfa7c</run_address>
         <size>0x2</size>
         <input_file_ref idref="fl-58"/>
      </object_component>
      <object_component id="oc-1d5">
         <name>.ebss</name>
         <uninitialized>true</uninitialized>
         <run_address>0xf874</run_address>
         <size>0x8</size>
         <input_file_ref idref="fl-5b"/>
      </object_component>
      <object_component id="oc-221">
         <name>.econst:.string:_aucCRCHi</name>
         <load_address>0xfa82</load_address>
         <run_address>0xfa82</run_address>
         <size>0x100</size>
         <input_file_ref idref="fl-31"/>
      </object_component>
      <object_component id="oc-222">
         <name>.econst:.string:_aucCRCLo</name>
         <load_address>0xfb82</load_address>
         <run_address>0xfb82</run_address>
         <size>0x100</size>
         <input_file_ref idref="fl-31"/>
      </object_component>
      <object_component id="oc-214">
         <name>.econst:_PieVectTableInit</name>
         <load_address>0xfc82</load_address>
         <run_address>0xfc82</run_address>
         <size>0x100</size>
         <input_file_ref idref="fl-15"/>
      </object_component>
      <object_component id="oc-179">
         <name>.econst</name>
         <load_address>0xfd82</load_address>
         <run_address>0xfd82</run_address>
         <size>0x32</size>
         <input_file_ref idref="fl-4a"/>
      </object_component>
      <object_component id="oc-fe">
         <name>.econst:.string</name>
         <load_address>0xfdb4</load_address>
         <run_address>0xfdb4</run_address>
         <size>0xf</size>
         <input_file_ref idref="fl-1d"/>
      </object_component>
      <object_component id="oc-210">
         <name>.econst:_$P$T0$1</name>
         <load_address>0xfdc3</load_address>
         <run_address>0xfdc3</run_address>
         <size>0xf</size>
         <input_file_ref idref="fl-24"/>
      </object_component>
      <object_component id="oc-211">
         <name>.econst:_$P$T1$2</name>
         <load_address>0xfdd2</load_address>
         <run_address>0xfdd2</run_address>
         <size>0xf</size>
         <input_file_ref idref="fl-24"/>
      </object_component>
      <object_component id="oc-1ae">
         <name>.econst</name>
         <load_address>0xfde2</load_address>
         <run_address>0xfde2</run_address>
         <size>0x6</size>
         <input_file_ref idref="fl-54"/>
      </object_component>
      <object_component id="oc-1ef">
         <name>.econst:_$P$T0$1</name>
         <load_address>0xfde8</load_address>
         <run_address>0xfde8</run_address>
         <size>0x4</size>
         <input_file_ref idref="fl-1d"/>
      </object_component>
      <object_component id="oc-1f0">
         <name>.econst:_$P$T1$2</name>
         <load_address>0xfdec</load_address>
         <run_address>0xfdec</run_address>
         <size>0x4</size>
         <input_file_ref idref="fl-1d"/>
      </object_component>
      <object_component id="oc-1fd">
         <name>.econst:_$P$T10$11</name>
         <load_address>0xfdf0</load_address>
         <run_address>0xfdf0</run_address>
         <size>0x4</size>
         <input_file_ref idref="fl-1d"/>
      </object_component>
      <object_component id="oc-1fe">
         <name>.econst:_$P$T11$12</name>
         <load_address>0xfdf4</load_address>
         <run_address>0xfdf4</run_address>
         <size>0x4</size>
         <input_file_ref idref="fl-1d"/>
      </object_component>
      <object_component id="oc-1ff">
         <name>.econst:_$P$T12$13</name>
         <load_address>0xfdf8</load_address>
         <run_address>0xfdf8</run_address>
         <size>0x4</size>
         <input_file_ref idref="fl-1d"/>
      </object_component>
      <object_component id="oc-200">
         <name>.econst:_$P$T13$14</name>
         <load_address>0xfdfc</load_address>
         <run_address>0xfdfc</run_address>
         <size>0x4</size>
         <input_file_ref idref="fl-1d"/>
      </object_component>
      <object_component id="oc-1f2">
         <name>.econst:_$P$T2$3</name>
         <load_address>0xfe00</load_address>
         <run_address>0xfe00</run_address>
         <size>0x4</size>
         <input_file_ref idref="fl-1d"/>
      </object_component>
      <object_component id="oc-1f3">
         <name>.econst:_$P$T3$4</name>
         <load_address>0xfe04</load_address>
         <run_address>0xfe04</run_address>
         <size>0x4</size>
         <input_file_ref idref="fl-1d"/>
      </object_component>
      <object_component id="oc-1f7">
         <name>.econst:_$P$T4$5</name>
         <load_address>0xfe08</load_address>
         <run_address>0xfe08</run_address>
         <size>0x4</size>
         <input_file_ref idref="fl-1d"/>
      </object_component>
      <object_component id="oc-1f8">
         <name>.econst:_$P$T5$6</name>
         <load_address>0xfe0c</load_address>
         <run_address>0xfe0c</run_address>
         <size>0x4</size>
         <input_file_ref idref="fl-1d"/>
      </object_component>
      <object_component id="oc-1f9">
         <name>.econst:_$P$T6$7</name>
         <load_address>0xfe10</load_address>
         <run_address>0xfe10</run_address>
         <size>0x4</size>
         <input_file_ref idref="fl-1d"/>
      </object_component>
      <object_component id="oc-1fa">
         <name>.econst:_$P$T7$8</name>
         <load_address>0xfe14</load_address>
         <run_address>0xfe14</run_address>
         <size>0x4</size>
         <input_file_ref idref="fl-1d"/>
      </object_component>
      <object_component id="oc-1fb">
         <name>.econst:_$P$T8$9</name>
         <load_address>0xfe18</load_address>
         <run_address>0xfe18</run_address>
         <size>0x4</size>
         <input_file_ref idref="fl-1d"/>
      </object_component>
      <object_component id="oc-1fc">
         <name>.econst:_$P$T9$10</name>
         <load_address>0xfe1c</load_address>
         <run_address>0xfe1c</run_address>
         <size>0x4</size>
         <input_file_ref idref="fl-1d"/>
      </object_component>
      <object_component id="oc-219">
         <name>.econst:_bp</name>
         <load_address>0xfe20</load_address>
         <run_address>0xfe20</run_address>
         <size>0x4</size>
         <input_file_ref idref="fl-4a"/>
      </object_component>
      <object_component id="oc-21a">
         <name>.econst:_dp_h</name>
         <load_address>0xfe24</load_address>
         <run_address>0xfe24</run_address>
         <size>0x4</size>
         <input_file_ref idref="fl-4a"/>
      </object_component>
      <object_component id="oc-21b">
         <name>.econst:_dp_l</name>
         <load_address>0xfe28</load_address>
         <run_address>0xfe28</run_address>
         <size>0x4</size>
         <input_file_ref idref="fl-4a"/>
      </object_component>
      <object_component id="oc-125">
         <name>.econst</name>
         <load_address>0xfe2c</load_address>
         <run_address>0xfe2c</run_address>
         <size>0x4</size>
         <input_file_ref idref="fl-23"/>
      </object_component>
      <object_component id="oc-118">
         <name>.econst</name>
         <load_address>0xfe30</load_address>
         <run_address>0xfe30</run_address>
         <size>0x2</size>
         <input_file_ref idref="fl-21"/>
      </object_component>
      <object_component id="oc-15a">
         <name>.econst</name>
         <load_address>0xfe32</load_address>
         <run_address>0xfe32</run_address>
         <size>0x2</size>
         <input_file_ref idref="fl-30"/>
      </object_component>
      <object_component id="oc-1a8">
         <name>.econst</name>
         <load_address>0xfe34</load_address>
         <run_address>0xfe34</run_address>
         <size>0x2</size>
         <input_file_ref idref="fl-53"/>
      </object_component>
      <object_component id="oc-1d4">
         <name>.esysmem</name>
         <uninitialized>true</uninitialized>
         <run_address>0x400</run_address>
         <size>0x1</size>
         <input_file_ref idref="fl-5b"/>
      </object_component>
      <object_component id="oc-275">
         <name>.esysmem</name>
         <uninitialized>true</uninitialized>
         <run_address>0x400</run_address>
         <size>0x0</size>
      </object_component>
      <object_component id="oc-119">
         <name>DMARAML4</name>
         <uninitialized>true</uninitialized>
         <run_address>0xfe40</run_address>
         <size>0x28</size>
         <input_file_ref idref="fl-21"/>
      </object_component>
      <object_component id="oc-16e">
         <name>.reset</name>
         <load_address>0x3fffc0</load_address>
         <run_address>0x3fffc0</run_address>
         <size>0x2</size>
         <input_file_ref idref="fl-48"/>
      </object_component>
      <object_component id="oc-88">
         <name>csm_rsvd</name>
         <load_address>0x33ff80</load_address>
         <run_address>0x33ff80</run_address>
         <size>0x76</size>
         <input_file_ref idref="fl-5"/>
      </object_component>
      <object_component id="oc-87">
         <name>csmpasswds</name>
         <load_address>0x33fff8</load_address>
         <run_address>0x33fff8</run_address>
         <size>0x8</size>
         <input_file_ref idref="fl-5"/>
      </object_component>
      <object_component id="oc-7d">
         <name>.adc_cal</name>
         <load_address>0x380080</load_address>
         <run_address>0x380080</run_address>
         <size>0x7</size>
         <input_file_ref idref="fl-3"/>
      </object_component>
      <object_component id="oc-7b">
         <name>PieVectTableFile</name>
         <uninitialized>true</uninitialized>
         <run_address>0xd00</run_address>
         <size>0x100</size>
         <input_file_ref idref="fl-2"/>
      </object_component>
      <object_component id="oc-77">
         <name>DevEmuRegsFile</name>
         <uninitialized>true</uninitialized>
         <run_address>0x880</run_address>
         <size>0xd0</size>
         <input_file_ref idref="fl-2"/>
      </object_component>
      <object_component id="oc-4d">
         <name>FlashRegsFile</name>
         <uninitialized>true</uninitialized>
         <run_address>0xa80</run_address>
         <size>0x8</size>
         <input_file_ref idref="fl-2"/>
      </object_component>
      <object_component id="oc-55">
         <name>CsmRegsFile</name>
         <uninitialized>true</uninitialized>
         <run_address>0xae0</run_address>
         <size>0x10</size>
         <input_file_ref idref="fl-2"/>
      </object_component>
      <object_component id="oc-56">
         <name>AdcMirrorFile</name>
         <uninitialized>true</uninitialized>
         <run_address>0xb00</run_address>
         <size>0x10</size>
         <input_file_ref idref="fl-2"/>
      </object_component>
      <object_component id="oc-5a">
         <name>XintfRegsFile</name>
         <uninitialized>true</uninitialized>
         <run_address>0xb20</run_address>
         <size>0x1e</size>
         <input_file_ref idref="fl-2"/>
      </object_component>
      <object_component id="oc-4e">
         <name>CpuTimer0RegsFile</name>
         <uninitialized>true</uninitialized>
         <run_address>0xc00</run_address>
         <size>0x8</size>
         <input_file_ref idref="fl-2"/>
      </object_component>
      <object_component id="oc-4f">
         <name>CpuTimer1RegsFile</name>
         <uninitialized>true</uninitialized>
         <run_address>0xc08</run_address>
         <size>0x8</size>
         <input_file_ref idref="fl-2"/>
      </object_component>
      <object_component id="oc-4b">
         <name>CpuTimer2RegsFile</name>
         <uninitialized>true</uninitialized>
         <run_address>0xc10</run_address>
         <size>0x8</size>
         <input_file_ref idref="fl-2"/>
      </object_component>
      <object_component id="oc-58">
         <name>PieCtrlRegsFile</name>
         <uninitialized>true</uninitialized>
         <run_address>0xce0</run_address>
         <size>0x1a</size>
         <input_file_ref idref="fl-2"/>
      </object_component>
      <object_component id="oc-78">
         <name>DmaRegsFile</name>
         <uninitialized>true</uninitialized>
         <run_address>0x1000</run_address>
         <size>0xe0</size>
         <input_file_ref idref="fl-2"/>
      </object_component>
      <object_component id="oc-6b">
         <name>McbspaRegsFile</name>
         <uninitialized>true</uninitialized>
         <run_address>0x5000</run_address>
         <size>0x25</size>
         <input_file_ref idref="fl-2"/>
      </object_component>
      <object_component id="oc-6a">
         <name>McbspbRegsFile</name>
         <uninitialized>true</uninitialized>
         <run_address>0x5040</run_address>
         <size>0x25</size>
         <input_file_ref idref="fl-2"/>
      </object_component>
      <object_component id="oc-6d">
         <name>ECanaRegsFile</name>
         <uninitialized>true</uninitialized>
         <run_address>0x6000</run_address>
         <size>0x34</size>
         <input_file_ref idref="fl-2"/>
      </object_component>
      <object_component id="oc-71">
         <name>ECanaLAMRegsFile</name>
         <uninitialized>true</uninitialized>
         <run_address>0x6040</run_address>
         <size>0x40</size>
         <input_file_ref idref="fl-2"/>
      </object_component>
      <object_component id="oc-7a">
         <name>ECanaMboxesFile</name>
         <uninitialized>true</uninitialized>
         <run_address>0x6100</run_address>
         <size>0x100</size>
         <input_file_ref idref="fl-2"/>
      </object_component>
      <object_component id="oc-72">
         <name>ECanaMOTSRegsFile</name>
         <uninitialized>true</uninitialized>
         <run_address>0x6080</run_address>
         <size>0x40</size>
         <input_file_ref idref="fl-2"/>
      </object_component>
      <object_component id="oc-6f">
         <name>ECanaMOTORegsFile</name>
         <uninitialized>true</uninitialized>
         <run_address>0x60c0</run_address>
         <size>0x40</size>
         <input_file_ref idref="fl-2"/>
      </object_component>
      <object_component id="oc-6e">
         <name>ECanbRegsFile</name>
         <uninitialized>true</uninitialized>
         <run_address>0x6200</run_address>
         <size>0x34</size>
         <input_file_ref idref="fl-2"/>
      </object_component>
      <object_component id="oc-76">
         <name>ECanbLAMRegsFile</name>
         <uninitialized>true</uninitialized>
         <run_address>0x6240</run_address>
         <size>0x40</size>
         <input_file_ref idref="fl-2"/>
      </object_component>
      <object_component id="oc-79">
         <name>ECanbMboxesFile</name>
         <uninitialized>true</uninitialized>
         <run_address>0x6300</run_address>
         <size>0x100</size>
         <input_file_ref idref="fl-2"/>
      </object_component>
      <object_component id="oc-70">
         <name>ECanbMOTSRegsFile</name>
         <uninitialized>true</uninitialized>
         <run_address>0x6280</run_address>
         <size>0x40</size>
         <input_file_ref idref="fl-2"/>
      </object_component>
      <object_component id="oc-73">
         <name>ECanbMOTORegsFile</name>
         <uninitialized>true</uninitialized>
         <run_address>0x62c0</run_address>
         <size>0x40</size>
         <input_file_ref idref="fl-2"/>
      </object_component>
      <object_component id="oc-68">
         <name>EPwm1RegsFile</name>
         <uninitialized>true</uninitialized>
         <run_address>0x6800</run_address>
         <size>0x22</size>
         <input_file_ref idref="fl-2"/>
      </object_component>
      <object_component id="oc-63">
         <name>EPwm2RegsFile</name>
         <uninitialized>true</uninitialized>
         <run_address>0x6840</run_address>
         <size>0x22</size>
         <input_file_ref idref="fl-2"/>
      </object_component>
      <object_component id="oc-64">
         <name>EPwm3RegsFile</name>
         <uninitialized>true</uninitialized>
         <run_address>0x6880</run_address>
         <size>0x22</size>
         <input_file_ref idref="fl-2"/>
      </object_component>
      <object_component id="oc-69">
         <name>EPwm4RegsFile</name>
         <uninitialized>true</uninitialized>
         <run_address>0x68c0</run_address>
         <size>0x22</size>
         <input_file_ref idref="fl-2"/>
      </object_component>
      <object_component id="oc-66">
         <name>EPwm5RegsFile</name>
         <uninitialized>true</uninitialized>
         <run_address>0x6900</run_address>
         <size>0x22</size>
         <input_file_ref idref="fl-2"/>
      </object_component>
      <object_component id="oc-67">
         <name>EPwm6RegsFile</name>
         <uninitialized>true</uninitialized>
         <run_address>0x6940</run_address>
         <size>0x22</size>
         <input_file_ref idref="fl-2"/>
      </object_component>
      <object_component id="oc-5d">
         <name>ECap1RegsFile</name>
         <uninitialized>true</uninitialized>
         <run_address>0x6a00</run_address>
         <size>0x20</size>
         <input_file_ref idref="fl-2"/>
      </object_component>
      <object_component id="oc-5e">
         <name>ECap2RegsFile</name>
         <uninitialized>true</uninitialized>
         <run_address>0x6a20</run_address>
         <size>0x20</size>
         <input_file_ref idref="fl-2"/>
      </object_component>
      <object_component id="oc-5b">
         <name>ECap3RegsFile</name>
         <uninitialized>true</uninitialized>
         <run_address>0x6a40</run_address>
         <size>0x20</size>
         <input_file_ref idref="fl-2"/>
      </object_component>
      <object_component id="oc-5c">
         <name>ECap4RegsFile</name>
         <uninitialized>true</uninitialized>
         <run_address>0x6a60</run_address>
         <size>0x20</size>
         <input_file_ref idref="fl-2"/>
      </object_component>
      <object_component id="oc-61">
         <name>ECap5RegsFile</name>
         <uninitialized>true</uninitialized>
         <run_address>0x6a80</run_address>
         <size>0x20</size>
         <input_file_ref idref="fl-2"/>
      </object_component>
      <object_component id="oc-62">
         <name>ECap6RegsFile</name>
         <uninitialized>true</uninitialized>
         <run_address>0x6aa0</run_address>
         <size>0x20</size>
         <input_file_ref idref="fl-2"/>
      </object_component>
      <object_component id="oc-74">
         <name>EQep1RegsFile</name>
         <uninitialized>true</uninitialized>
         <run_address>0x6b00</run_address>
         <size>0x40</size>
         <input_file_ref idref="fl-2"/>
      </object_component>
      <object_component id="oc-75">
         <name>EQep2RegsFile</name>
         <uninitialized>true</uninitialized>
         <run_address>0x6b40</run_address>
         <size>0x40</size>
         <input_file_ref idref="fl-2"/>
      </object_component>
      <object_component id="oc-6c">
         <name>GpioCtrlRegsFile</name>
         <uninitialized>true</uninitialized>
         <run_address>0x6f80</run_address>
         <size>0x2e</size>
         <input_file_ref idref="fl-2"/>
      </object_component>
      <object_component id="oc-5f">
         <name>GpioDataRegsFile</name>
         <uninitialized>true</uninitialized>
         <run_address>0x6fc0</run_address>
         <size>0x20</size>
         <input_file_ref idref="fl-2"/>
      </object_component>
      <object_component id="oc-50">
         <name>GpioIntRegsFile</name>
         <uninitialized>true</uninitialized>
         <run_address>0x6fe0</run_address>
         <size>0xa</size>
         <input_file_ref idref="fl-2"/>
      </object_component>
      <object_component id="oc-60">
         <name>SysCtrlRegsFile</name>
         <uninitialized>true</uninitialized>
         <run_address>0x7010</run_address>
         <size>0x20</size>
         <input_file_ref idref="fl-2"/>
      </object_component>
      <object_component id="oc-51">
         <name>SpiaRegsFile</name>
         <uninitialized>true</uninitialized>
         <run_address>0x7040</run_address>
         <size>0x10</size>
         <input_file_ref idref="fl-2"/>
      </object_component>
      <object_component id="oc-54">
         <name>SciaRegsFile</name>
         <uninitialized>true</uninitialized>
         <run_address>0x7050</run_address>
         <size>0x10</size>
         <input_file_ref idref="fl-2"/>
      </object_component>
      <object_component id="oc-57">
         <name>XIntruptRegsFile</name>
         <uninitialized>true</uninitialized>
         <run_address>0x7070</run_address>
         <size>0x10</size>
         <input_file_ref idref="fl-2"/>
      </object_component>
      <object_component id="oc-59">
         <name>AdcRegsFile</name>
         <uninitialized>true</uninitialized>
         <run_address>0x7100</run_address>
         <size>0x1e</size>
         <input_file_ref idref="fl-2"/>
      </object_component>
      <object_component id="oc-52">
         <name>ScibRegsFile</name>
         <uninitialized>true</uninitialized>
         <run_address>0x7750</run_address>
         <size>0x10</size>
         <input_file_ref idref="fl-2"/>
      </object_component>
      <object_component id="oc-53">
         <name>ScicRegsFile</name>
         <uninitialized>true</uninitialized>
         <run_address>0x7770</run_address>
         <size>0x10</size>
         <input_file_ref idref="fl-2"/>
      </object_component>
      <object_component id="oc-65">
         <name>I2caRegsFile</name>
         <uninitialized>true</uninitialized>
         <run_address>0x7900</run_address>
         <size>0x22</size>
         <input_file_ref idref="fl-2"/>
      </object_component>
      <object_component id="oc-4c">
         <name>CsmPwlFile</name>
         <uninitialized>true</uninitialized>
         <run_address>0x33fff8</run_address>
         <size>0x8</size>
         <input_file_ref idref="fl-2"/>
      </object_component>
      <object_component id="oc-4a">
         <name>PartIdRegsFile</name>
         <uninitialized>true</uninitialized>
         <run_address>0x380090</run_address>
         <size>0x1</size>
         <input_file_ref idref="fl-2"/>
      </object_component>
      <object_component id="oc-49">
         <name>.debug_info</name>
         <load_address>0x0</load_address>
         <run_address>0x0</run_address>
         <size>0x13428</size>
         <input_file_ref idref="fl-2"/>
      </object_component>
      <object_component id="oc-7e">
         <name>.debug_info</name>
         <load_address>0x13428</load_address>
         <run_address>0x13428</run_address>
         <size>0x116</size>
         <input_file_ref idref="fl-3"/>
      </object_component>
      <object_component id="oc-82">
         <name>.debug_info</name>
         <load_address>0x1353e</load_address>
         <run_address>0x1353e</run_address>
         <size>0x1f54</size>
         <input_file_ref idref="fl-4"/>
      </object_component>
      <object_component id="oc-8b">
         <name>.debug_info</name>
         <load_address>0x15492</load_address>
         <run_address>0x15492</run_address>
         <size>0x164</size>
         <input_file_ref idref="fl-6"/>
      </object_component>
      <object_component id="oc-8f">
         <name>.debug_info</name>
         <load_address>0x155f6</load_address>
         <run_address>0x155f6</run_address>
         <size>0x854</size>
         <input_file_ref idref="fl-7"/>
      </object_component>
      <object_component id="oc-96">
         <name>.debug_info</name>
         <load_address>0x15e4a</load_address>
         <run_address>0x15e4a</run_address>
         <size>0x114</size>
         <input_file_ref idref="fl-8"/>
      </object_component>
      <object_component id="oc-9a">
         <name>.debug_info</name>
         <load_address>0x15f5e</load_address>
         <run_address>0x15f5e</run_address>
         <size>0x4255</size>
         <input_file_ref idref="fl-9"/>
      </object_component>
      <object_component id="oc-9f">
         <name>.debug_info</name>
         <load_address>0x1a1b3</load_address>
         <run_address>0x1a1b3</run_address>
         <size>0x2e51</size>
         <input_file_ref idref="fl-a"/>
      </object_component>
      <object_component id="oc-a6">
         <name>.debug_info</name>
         <load_address>0x1d004</load_address>
         <run_address>0x1d004</run_address>
         <size>0x11a</size>
         <input_file_ref idref="fl-b"/>
      </object_component>
      <object_component id="oc-aa">
         <name>.debug_info</name>
         <load_address>0x1d11e</load_address>
         <run_address>0x1d11e</run_address>
         <size>0x5daa</size>
         <input_file_ref idref="fl-c"/>
      </object_component>
      <object_component id="oc-af">
         <name>.debug_info</name>
         <load_address>0x22ec8</load_address>
         <run_address>0x22ec8</run_address>
         <size>0x1bb8</size>
         <input_file_ref idref="fl-d"/>
      </object_component>
      <object_component id="oc-b4">
         <name>.debug_info</name>
         <load_address>0x24a80</load_address>
         <run_address>0x24a80</run_address>
         <size>0x219a</size>
         <input_file_ref idref="fl-e"/>
      </object_component>
      <object_component id="oc-b9">
         <name>.debug_info</name>
         <load_address>0x26c1a</load_address>
         <run_address>0x26c1a</run_address>
         <size>0x1bb8</size>
         <input_file_ref idref="fl-f"/>
      </object_component>
      <object_component id="oc-be">
         <name>.debug_info</name>
         <load_address>0x287d2</load_address>
         <run_address>0x287d2</run_address>
         <size>0x1c39</size>
         <input_file_ref idref="fl-10"/>
      </object_component>
      <object_component id="oc-c3">
         <name>.debug_info</name>
         <load_address>0x2a40b</load_address>
         <run_address>0x2a40b</run_address>
         <size>0x1bb7</size>
         <input_file_ref idref="fl-11"/>
      </object_component>
      <object_component id="oc-c8">
         <name>.debug_info</name>
         <load_address>0x2bfc2</load_address>
         <run_address>0x2bfc2</run_address>
         <size>0x55b8</size>
         <input_file_ref idref="fl-12"/>
      </object_component>
      <object_component id="oc-cd">
         <name>.debug_info</name>
         <load_address>0x3157a</load_address>
         <run_address>0x3157a</run_address>
         <size>0x383</size>
         <input_file_ref idref="fl-13"/>
      </object_component>
      <object_component id="oc-d2">
         <name>.debug_info</name>
         <load_address>0x318fd</load_address>
         <run_address>0x318fd</run_address>
         <size>0xbb8</size>
         <input_file_ref idref="fl-14"/>
      </object_component>
      <object_component id="oc-d7">
         <name>.debug_info</name>
         <load_address>0x324b5</load_address>
         <run_address>0x324b5</run_address>
         <size>0x2316</size>
         <input_file_ref idref="fl-15"/>
      </object_component>
      <object_component id="oc-dc">
         <name>.debug_info</name>
         <load_address>0x347cb</load_address>
         <run_address>0x347cb</run_address>
         <size>0x1bb7</size>
         <input_file_ref idref="fl-16"/>
      </object_component>
      <object_component id="oc-e1">
         <name>.debug_info</name>
         <load_address>0x36382</load_address>
         <run_address>0x36382</run_address>
         <size>0x1bb7</size>
         <input_file_ref idref="fl-17"/>
      </object_component>
      <object_component id="oc-e6">
         <name>.debug_info</name>
         <load_address>0x37f39</load_address>
         <run_address>0x37f39</run_address>
         <size>0x2189</size>
         <input_file_ref idref="fl-18"/>
      </object_component>
      <object_component id="oc-eb">
         <name>.debug_info</name>
         <load_address>0x3a0c2</load_address>
         <run_address>0x3a0c2</run_address>
         <size>0x216f</size>
         <input_file_ref idref="fl-19"/>
      </object_component>
      <object_component id="oc-f1">
         <name>.debug_info</name>
         <load_address>0x3c231</load_address>
         <run_address>0x3c231</run_address>
         <size>0x116</size>
         <input_file_ref idref="fl-1a"/>
      </object_component>
      <object_component id="oc-f5">
         <name>.debug_info</name>
         <load_address>0x3c347</load_address>
         <run_address>0x3c347</run_address>
         <size>0x17d</size>
         <input_file_ref idref="fl-1b"/>
      </object_component>
      <object_component id="oc-f7">
         <name>.debug_info</name>
         <load_address>0x3c4c4</load_address>
         <run_address>0x3c4c4</run_address>
         <size>0x383</size>
         <input_file_ref idref="fl-1c"/>
      </object_component>
      <object_component id="oc-fc">
         <name>.debug_info</name>
         <load_address>0x3c847</load_address>
         <run_address>0x3c847</run_address>
         <size>0x89da</size>
         <input_file_ref idref="fl-1d"/>
      </object_component>
      <object_component id="oc-103">
         <name>.debug_info</name>
         <load_address>0x45221</load_address>
         <run_address>0x45221</run_address>
         <size>0x2b22</size>
         <input_file_ref idref="fl-1e"/>
      </object_component>
      <object_component id="oc-108">
         <name>.debug_info</name>
         <load_address>0x47d43</load_address>
         <run_address>0x47d43</run_address>
         <size>0x3bf</size>
         <input_file_ref idref="fl-1f"/>
      </object_component>
      <object_component id="oc-10e">
         <name>.debug_info</name>
         <load_address>0x48102</load_address>
         <run_address>0x48102</run_address>
         <size>0x8431</size>
         <input_file_ref idref="fl-20"/>
      </object_component>
      <object_component id="oc-115">
         <name>.debug_info</name>
         <load_address>0x50533</load_address>
         <run_address>0x50533</run_address>
         <size>0x6ce9</size>
         <input_file_ref idref="fl-21"/>
      </object_component>
      <object_component id="oc-11f">
         <name>.debug_info</name>
         <load_address>0x5721c</load_address>
         <run_address>0x5721c</run_address>
         <size>0x1faa</size>
         <input_file_ref idref="fl-22"/>
      </object_component>
      <object_component id="oc-124">
         <name>.debug_info</name>
         <load_address>0x591c6</load_address>
         <run_address>0x591c6</run_address>
         <size>0x15ae</size>
         <input_file_ref idref="fl-23"/>
      </object_component>
      <object_component id="oc-12a">
         <name>.debug_info</name>
         <load_address>0x5a774</load_address>
         <run_address>0x5a774</run_address>
         <size>0x2d8d</size>
         <input_file_ref idref="fl-24"/>
      </object_component>
      <object_component id="oc-12f">
         <name>.debug_info</name>
         <load_address>0x5d501</load_address>
         <run_address>0x5d501</run_address>
         <size>0x186</size>
         <input_file_ref idref="fl-25"/>
      </object_component>
      <object_component id="oc-131">
         <name>.debug_info</name>
         <load_address>0x5d687</load_address>
         <run_address>0x5d687</run_address>
         <size>0x18e</size>
         <input_file_ref idref="fl-26"/>
      </object_component>
      <object_component id="oc-133">
         <name>.debug_info</name>
         <load_address>0x5d815</load_address>
         <run_address>0x5d815</run_address>
         <size>0x1a4</size>
         <input_file_ref idref="fl-27"/>
      </object_component>
      <object_component id="oc-136">
         <name>.debug_info</name>
         <load_address>0x5d9b9</load_address>
         <run_address>0x5d9b9</run_address>
         <size>0x18d</size>
         <input_file_ref idref="fl-28"/>
      </object_component>
      <object_component id="oc-138">
         <name>.debug_info</name>
         <load_address>0x5db46</load_address>
         <run_address>0x5db46</run_address>
         <size>0xdc2</size>
         <input_file_ref idref="fl-29"/>
      </object_component>
      <object_component id="oc-13d">
         <name>.debug_info</name>
         <load_address>0x5e908</load_address>
         <run_address>0x5e908</run_address>
         <size>0x18e</size>
         <input_file_ref idref="fl-2a"/>
      </object_component>
      <object_component id="oc-13f">
         <name>.debug_info</name>
         <load_address>0x5ea96</load_address>
         <run_address>0x5ea96</run_address>
         <size>0x18e</size>
         <input_file_ref idref="fl-2b"/>
      </object_component>
      <object_component id="oc-141">
         <name>.debug_info</name>
         <load_address>0x5ec24</load_address>
         <run_address>0x5ec24</run_address>
         <size>0x981</size>
         <input_file_ref idref="fl-2c"/>
      </object_component>
      <object_component id="oc-146">
         <name>.debug_info</name>
         <load_address>0x5f5a5</load_address>
         <run_address>0x5f5a5</run_address>
         <size>0x139c</size>
         <input_file_ref idref="fl-2d"/>
      </object_component>
      <object_component id="oc-14d">
         <name>.debug_info</name>
         <load_address>0x60941</load_address>
         <run_address>0x60941</run_address>
         <size>0x684</size>
         <input_file_ref idref="fl-2e"/>
      </object_component>
      <object_component id="oc-153">
         <name>.debug_info</name>
         <load_address>0x60fc5</load_address>
         <run_address>0x60fc5</run_address>
         <size>0x3585</size>
         <input_file_ref idref="fl-2f"/>
      </object_component>
      <object_component id="oc-159">
         <name>.debug_info</name>
         <load_address>0x6454a</load_address>
         <run_address>0x6454a</run_address>
         <size>0x1847</size>
         <input_file_ref idref="fl-30"/>
      </object_component>
      <object_component id="oc-160">
         <name>.debug_info</name>
         <load_address>0x65d91</load_address>
         <run_address>0x65d91</run_address>
         <size>0x4df</size>
         <input_file_ref idref="fl-31"/>
      </object_component>
      <object_component id="oc-165">
         <name>.debug_info</name>
         <load_address>0x66270</load_address>
         <run_address>0x66270</run_address>
         <size>0x1187</size>
         <input_file_ref idref="fl-32"/>
      </object_component>
      <object_component id="oc-16b">
         <name>.debug_info</name>
         <load_address>0x673f7</load_address>
         <run_address>0x673f7</run_address>
         <size>0x182</size>
         <input_file_ref idref="fl-33"/>
      </object_component>
      <object_component id="oc-16f">
         <name>.debug_info</name>
         <load_address>0x67579</load_address>
         <run_address>0x67579</run_address>
         <size>0x16b</size>
         <input_file_ref idref="fl-48"/>
      </object_component>
      <object_component id="oc-173">
         <name>.debug_info</name>
         <load_address>0x676e4</load_address>
         <run_address>0x676e4</run_address>
         <size>0x5c1</size>
         <input_file_ref idref="fl-49"/>
      </object_component>
      <object_component id="oc-178">
         <name>.debug_info</name>
         <load_address>0x67ca5</load_address>
         <run_address>0x67ca5</run_address>
         <size>0x926</size>
         <input_file_ref idref="fl-4a"/>
      </object_component>
      <object_component id="oc-17e">
         <name>.debug_info</name>
         <load_address>0x685cb</load_address>
         <run_address>0x685cb</run_address>
         <size>0x43a</size>
         <input_file_ref idref="fl-4b"/>
      </object_component>
      <object_component id="oc-183">
         <name>.debug_info</name>
         <load_address>0x68a05</load_address>
         <run_address>0x68a05</run_address>
         <size>0x1bb</size>
         <input_file_ref idref="fl-4c"/>
      </object_component>
      <object_component id="oc-187">
         <name>.debug_info</name>
         <load_address>0x68bc0</load_address>
         <run_address>0x68bc0</run_address>
         <size>0x5ab</size>
         <input_file_ref idref="fl-4d"/>
      </object_component>
      <object_component id="oc-18f">
         <name>.debug_info</name>
         <load_address>0x6916b</load_address>
         <run_address>0x6916b</run_address>
         <size>0x10c</size>
         <input_file_ref idref="fl-4e"/>
      </object_component>
      <object_component id="oc-194">
         <name>.debug_info</name>
         <load_address>0x69277</load_address>
         <run_address>0x69277</run_address>
         <size>0x139</size>
         <input_file_ref idref="fl-4f"/>
      </object_component>
      <object_component id="oc-199">
         <name>.debug_info</name>
         <load_address>0x693b0</load_address>
         <run_address>0x693b0</run_address>
         <size>0x19d</size>
         <input_file_ref idref="fl-50"/>
      </object_component>
      <object_component id="oc-19d">
         <name>.debug_info</name>
         <load_address>0x6954d</load_address>
         <run_address>0x6954d</run_address>
         <size>0x46f</size>
         <input_file_ref idref="fl-51"/>
      </object_component>
      <object_component id="oc-1a2">
         <name>.debug_info</name>
         <load_address>0x699bc</load_address>
         <run_address>0x699bc</run_address>
         <size>0x3e2</size>
         <input_file_ref idref="fl-52"/>
      </object_component>
      <object_component id="oc-1a7">
         <name>.debug_info</name>
         <load_address>0x69d9e</load_address>
         <run_address>0x69d9e</run_address>
         <size>0x4b9</size>
         <input_file_ref idref="fl-53"/>
      </object_component>
      <object_component id="oc-1ad">
         <name>.debug_info</name>
         <load_address>0x6a257</load_address>
         <run_address>0x6a257</run_address>
         <size>0x560</size>
         <input_file_ref idref="fl-54"/>
      </object_component>
      <object_component id="oc-1b3">
         <name>.debug_info</name>
         <load_address>0x6a7b7</load_address>
         <run_address>0x6a7b7</run_address>
         <size>0x3df</size>
         <input_file_ref idref="fl-55"/>
      </object_component>
      <object_component id="oc-1b8">
         <name>.debug_info</name>
         <load_address>0x6ab96</load_address>
         <run_address>0x6ab96</run_address>
         <size>0x4f0</size>
         <input_file_ref idref="fl-56"/>
      </object_component>
      <object_component id="oc-1bd">
         <name>.debug_info</name>
         <load_address>0x6b086</load_address>
         <run_address>0x6b086</run_address>
         <size>0xcf9</size>
         <input_file_ref idref="fl-57"/>
      </object_component>
      <object_component id="oc-1c3">
         <name>.debug_info</name>
         <load_address>0x6bd7f</load_address>
         <run_address>0x6bd7f</run_address>
         <size>0x501</size>
         <input_file_ref idref="fl-58"/>
      </object_component>
      <object_component id="oc-1c8">
         <name>.debug_info</name>
         <load_address>0x6c280</load_address>
         <run_address>0x6c280</run_address>
         <size>0x4ce</size>
         <input_file_ref idref="fl-59"/>
      </object_component>
      <object_component id="oc-1cd">
         <name>.debug_info</name>
         <load_address>0x6c74e</load_address>
         <run_address>0x6c74e</run_address>
         <size>0x59b</size>
         <input_file_ref idref="fl-5a"/>
      </object_component>
      <object_component id="oc-1d2">
         <name>.debug_info</name>
         <load_address>0x6cce9</load_address>
         <run_address>0x6cce9</run_address>
         <size>0xb1f</size>
         <input_file_ref idref="fl-5b"/>
      </object_component>
      <object_component id="oc-1da">
         <name>.debug_info</name>
         <load_address>0x6d808</load_address>
         <run_address>0x6d808</run_address>
         <size>0x472</size>
         <input_file_ref idref="fl-5c"/>
      </object_component>
      <object_component id="oc-276">
         <name>.debug_info</name>
         <load_address>0x6dc7a</load_address>
         <run_address>0x6dc7a</run_address>
         <size>0xa1</size>
      </object_component>
      <object_component id="oc-7c">
         <name>.debug_abbrev</name>
         <load_address>0x0</load_address>
         <run_address>0x0</run_address>
         <size>0xb7</size>
         <input_file_ref idref="fl-2"/>
      </object_component>
      <object_component id="oc-80">
         <name>.debug_abbrev</name>
         <load_address>0xb7</load_address>
         <run_address>0xb7</run_address>
         <size>0x2f</size>
         <input_file_ref idref="fl-3"/>
      </object_component>
      <object_component id="oc-85">
         <name>.debug_abbrev</name>
         <load_address>0xe6</load_address>
         <run_address>0xe6</run_address>
         <size>0x10f</size>
         <input_file_ref idref="fl-4"/>
      </object_component>
      <object_component id="oc-8d">
         <name>.debug_abbrev</name>
         <load_address>0x1f5</load_address>
         <run_address>0x1f5</run_address>
         <size>0x21</size>
         <input_file_ref idref="fl-6"/>
      </object_component>
      <object_component id="oc-93">
         <name>.debug_abbrev</name>
         <load_address>0x216</load_address>
         <run_address>0x216</run_address>
         <size>0xfd</size>
         <input_file_ref idref="fl-7"/>
      </object_component>
      <object_component id="oc-98">
         <name>.debug_abbrev</name>
         <load_address>0x313</load_address>
         <run_address>0x313</run_address>
         <size>0x2f</size>
         <input_file_ref idref="fl-8"/>
      </object_component>
      <object_component id="oc-9d">
         <name>.debug_abbrev</name>
         <load_address>0x342</load_address>
         <run_address>0x342</run_address>
         <size>0x14f</size>
         <input_file_ref idref="fl-9"/>
      </object_component>
      <object_component id="oc-a3">
         <name>.debug_abbrev</name>
         <load_address>0x491</load_address>
         <run_address>0x491</run_address>
         <size>0xa8</size>
         <input_file_ref idref="fl-a"/>
      </object_component>
      <object_component id="oc-a8">
         <name>.debug_abbrev</name>
         <load_address>0x539</load_address>
         <run_address>0x539</run_address>
         <size>0x2f</size>
         <input_file_ref idref="fl-b"/>
      </object_component>
      <object_component id="oc-ad">
         <name>.debug_abbrev</name>
         <load_address>0x568</load_address>
         <run_address>0x568</run_address>
         <size>0x151</size>
         <input_file_ref idref="fl-c"/>
      </object_component>
      <object_component id="oc-b2">
         <name>.debug_abbrev</name>
         <load_address>0x6b9</load_address>
         <run_address>0x6b9</run_address>
         <size>0xea</size>
         <input_file_ref idref="fl-d"/>
      </object_component>
      <object_component id="oc-b7">
         <name>.debug_abbrev</name>
         <load_address>0x7a3</load_address>
         <run_address>0x7a3</run_address>
         <size>0x111</size>
         <input_file_ref idref="fl-e"/>
      </object_component>
      <object_component id="oc-bc">
         <name>.debug_abbrev</name>
         <load_address>0x8b4</load_address>
         <run_address>0x8b4</run_address>
         <size>0xea</size>
         <input_file_ref idref="fl-f"/>
      </object_component>
      <object_component id="oc-c1">
         <name>.debug_abbrev</name>
         <load_address>0x99e</load_address>
         <run_address>0x99e</run_address>
         <size>0xdc</size>
         <input_file_ref idref="fl-10"/>
      </object_component>
      <object_component id="oc-c6">
         <name>.debug_abbrev</name>
         <load_address>0xa7a</load_address>
         <run_address>0xa7a</run_address>
         <size>0xdc</size>
         <input_file_ref idref="fl-11"/>
      </object_component>
      <object_component id="oc-cb">
         <name>.debug_abbrev</name>
         <load_address>0xb56</load_address>
         <run_address>0xb56</run_address>
         <size>0x146</size>
         <input_file_ref idref="fl-12"/>
      </object_component>
      <object_component id="oc-d0">
         <name>.debug_abbrev</name>
         <load_address>0xc9c</load_address>
         <run_address>0xc9c</run_address>
         <size>0x93</size>
         <input_file_ref idref="fl-13"/>
      </object_component>
      <object_component id="oc-d5">
         <name>.debug_abbrev</name>
         <load_address>0xd2f</load_address>
         <run_address>0xd2f</run_address>
         <size>0xc8</size>
         <input_file_ref idref="fl-14"/>
      </object_component>
      <object_component id="oc-da">
         <name>.debug_abbrev</name>
         <load_address>0xdf7</load_address>
         <run_address>0xdf7</run_address>
         <size>0x116</size>
         <input_file_ref idref="fl-15"/>
      </object_component>
      <object_component id="oc-df">
[...]
      </symbol>
      <symbol id="sm-569">
         <name>_j</name>
         <value>0xf85a</value>
         <object_component_ref idref="oc-117"/>
      </symbol>
      <symbol id="sm-56a">
         <name>_usRegInputBuf</name>
         <value>0xf858</value>
         <object_component_ref idref="oc-117"/>
      </symbol>
      <symbol id="sm-56b">
         <name>_asic_gain</name>
         <value>0xf859</value>
         <object_component_ref idref="oc-117"/>
      </symbol>
      <symbol id="sm-56c">
         <name>_FW_VERSION</name>
         <value>0xfe30</value>
         <object_component_ref idref="oc-118"/>
      </symbol>
      <symbol id="sm-56d">
         <name>_On_Period</name>
         <value>0xf85c</value>
         <object_component_ref idref="oc-117"/>
      </symbol>
      <symbol id="sm-579">
         <name>_ResetNMR</name>
         <value>0x37de</value>
         <object_component_ref idref="oc-1f4"/>
      </symbol>
      <symbol id="sm-57a">
         <name>_InitNMR</name>
         <value>0x3852</value>
         <object_component_ref idref="oc-1f4"/>
      </symbol>
      <symbol id="sm-57b">
         <name>_EN_NMR_mode</name>
         <value>0x38d6</value>
         <object_component_ref idref="oc-1f4"/>
      </symbol>
      <symbol id="sm-57c">
         <name>_EN_Tuning_mode</name>
         <value>0x38df</value>
         <object_component_ref idref="oc-1f4"/>
      </symbol>
      <symbol id="sm-57d">
         <name>_DlPlSeq</name>
         <value>0x38d0</value>
         <object_component_ref idref="oc-1f4"/>
      </symbol>
      <symbol id="sm-5b9">
         <name>_GetPlsTime</name>
         <value>0x142f</value>
         <object_component_ref idref="oc-1f1"/>
      </symbol>
      <symbol id="sm-5ba">
         <name>_MAXT_NMR</name>
         <value>0xfe2e</value>
         <object_component_ref idref="oc-125"/>
      </symbol>
      <symbol id="sm-5bb">
         <name>_PlsGen</name>
         <value>0x1371</value>
         <object_component_ref idref="oc-1f1"/>
      </symbol>
      <symbol id="sm-5bc">
         <name>_TuningSeq</name>
         <value>0x1676</value>
         <object_component_ref idref="oc-1f1"/>
      </symbol>
      <symbol id="sm-5bd">
         <name>_PlsGenAddLoop</name>
         <value>0x13cd</value>
         <object_component_ref idref="oc-1f1"/>
      </symbol>
      <symbol id="sm-5be">
         <name>_CPMG2</name>
         <value>0x1739</value>
         <object_component_ref idref="oc-1f1"/>
      </symbol>
      <symbol id="sm-5bf">
         <name>_FID2</name>
         <value>0x1546</value>
         <object_component_ref idref="oc-1f1"/>
      </symbol>
      <symbol id="sm-5c0">
         <name>_FID3</name>
         <value>0x1442</value>
         <object_component_ref idref="oc-1f1"/>
      </symbol>
      <symbol id="sm-5c1">
         <name>_plscpy</name>
         <value>0x1363</value>
         <object_component_ref idref="oc-1f1"/>
      </symbol>
      <symbol id="sm-5c2">
         <name>_PlsGenPulse</name>
         <value>0x13fa</value>
         <object_component_ref idref="oc-1f1"/>
      </symbol>
      <symbol id="sm-5c3">
         <name>_PlsGenDelay</name>
         <value>0x13e6</value>
         <object_component_ref idref="oc-1f1"/>
      </symbol>
      <symbol id="sm-5c4">
         <name>_PlsGenACQ</name>
         <value>0x140f</value>
         <object_component_ref idref="oc-1f1"/>
      </symbol>
      <symbol id="sm-5c5">
         <name>_US_NMR</name>
         <value>0xfe2c</value>
         <object_component_ref idref="oc-125"/>
      </symbol>
      <symbol id="sm-5c6">
         <name>_IRCPMG</name>
         <value>0x1874</value>
         <object_component_ref idref="oc-1f1"/>
      </symbol>
      <symbol id="sm-66d">
         <name>_ADS1248_init</name>
         <value>0x1ceb</value>
         <object_component_ref idref="oc-1ee"/>
      </symbol>
      <symbol id="sm-66e">
         <name>_ADS1248_ReadTemp</name>
         <value>0x1ef9</value>
         <object_component_ref idref="oc-1ee"/>
      </symbol>
      <symbol id="sm-66f">
         <name>_ADS1248_SendCommand_8bits</name>
         <value>0x1eeb</value>
         <object_component_ref idref="oc-1ee"/>
      </symbol>
      <symbol id="sm-670">
         <name>_ADS1248_Configure</name>
         <value>0x1eb3</value>
         <object_component_ref idref="oc-1ee"/>
      </symbol>
      <symbol id="sm-671">
         <name>_ADS1248_init_2</name>
         <value>0x19f1</value>
         <object_component_ref idref="oc-1ee"/>
      </symbol>
      <symbol id="sm-67f">
         <name>_test</name>
         <value>0xfa80</value>
         <object_component_ref idref="oc-134"/>
      </symbol>
      <symbol id="sm-69b">
         <name>_eMBFuncWriteHoldingRegister</name>
         <value>0x36ce</value>
         <object_component_ref idref="oc-1e5"/>
      </symbol>
      <symbol id="sm-69c">
         <name>_eMBFuncWriteMultipleHoldingRegister</name>
         <value>0x36f0</value>
         <object_component_ref idref="oc-1e5"/>
      </symbol>
      <symbol id="sm-69d">
         <name>_eMBFuncReadWriteMultipleHoldingRegister</name>
         <value>0x376f</value>
         <object_component_ref idref="oc-1e5"/>
      </symbol>
      <symbol id="sm-69e">
         <name>_eMBFuncReadHoldingRegister</name>
         <value>0x372a</value>
         <object_component_ref idref="oc-1e5"/>
      </symbol>
      <symbol id="sm-6b6">
         <name>_xMBUtilGetBits</name>
         <value>0x3c39</value>
         <object_component_ref idref="oc-202"/>
      </symbol>
      <symbol id="sm-6b7">
         <name>_xMBUtilSetBits</name>
         <value>0x3c00</value>
         <object_component_ref idref="oc-202"/>
      </symbol>
      <symbol id="sm-6b8">
         <name>_prveMBError2Exception</name>
         <value>0x3c5c</value>
         <object_component_ref idref="oc-202"/>
      </symbol>
      <symbol id="sm-700">
         <name>_eMBPoll</name>
         <value>0x33b7</value>
         <object_component_ref idref="oc-20a"/>
      </symbol>
      <symbol id="sm-701">
         <name>_pxMBFrameCBReceiveFSMCur</name>
         <value>0xf9c8</value>
         <object_component_ref idref="oc-148"/>
      </symbol>
      <symbol id="sm-702">
         <name>_eMBRegisterCB</name>
         <value>0x3315</value>
         <object_component_ref idref="oc-20a"/>
      </symbol>
      <symbol id="sm-703">
         <name>_pxMBPortCBTimerExpired</name>
         <value>0xf9ca</value>
         <object_component_ref idref="oc-148"/>
      </symbol>
      <symbol id="sm-704">
         <name>_pxMBFrameCBTransmitFSMCur</name>
         <value>0xf9d8</value>
         <object_component_ref idref="oc-148"/>
      </symbol>
      <symbol id="sm-705">
         <name>_eMBClose</name>
         <value>0x337e</value>
         <object_component_ref idref="oc-20a"/>
      </symbol>
      <symbol id="sm-706">
         <name>_eMBDisable</name>
         <value>0x33a1</value>
         <object_component_ref idref="oc-20a"/>
      </symbol>
      <symbol id="sm-707">
         <name>_pxMBFrameCBByteReceived</name>
         <value>0xf9dc</value>
         <object_component_ref idref="oc-148"/>
      </symbol>
      <symbol id="sm-708">
         <name>_eMBEnable</name>
         <value>0x338f</value>
         <object_component_ref idref="oc-20a"/>
      </symbol>
      <symbol id="sm-709">
         <name>_pxMBFrameCBTransmitterEmpty</name>
         <value>0xf9d6</value>
         <object_component_ref idref="oc-148"/>
      </symbol>
      <symbol id="sm-70a">
         <name>_eMBInit</name>
         <value>0x32cb</value>
         <object_component_ref idref="oc-20a"/>
      </symbol>
      <symbol id="sm-71e">
         <name>_xMBPortEventInit</name>
         <value>0x3e5c</value>
         <object_component_ref idref="oc-216"/>
      </symbol>
      <symbol id="sm-71f">
         <name>_xMBPortEventGet</name>
         <value>0x3e7c</value>
         <object_component_ref idref="oc-216"/>
      </symbol>
      <symbol id="sm-720">
         <name>_portMBox</name>
         <value>0xf87c</value>
         <object_component_ref idref="oc-14e"/>
      </symbol>
      <symbol id="sm-721">
         <name>_xMBPortEventPost</name>
         <value>0x3e62</value>
         <object_component_ref idref="oc-216"/>
      </symbol>
      <symbol id="sm-73d">
         <name>_xMBPortSerialPutByte</name>
         <value>0x3a9d</value>
         <object_component_ref idref="oc-21d"/>
      </symbol>
      <symbol id="sm-73e">
         <name>_vMBPortSerialEnable</name>
         <value>0x39e9</value>
         <object_component_ref idref="oc-21d"/>
      </symbol>
      <symbol id="sm-73f">
         <name>_vMBPortSerialWaitForTXEnd</name>
         <value>0x3a30</value>
         <object_component_ref idref="oc-21d"/>
      </symbol>
      <symbol id="sm-740">
         <name>_xMBPortSerialInit</name>
         <value>0x3a38</value>
         <object_component_ref idref="oc-21d"/>
      </symbol>
      <symbol id="sm-741">
         <name>_sciaTxIsr</name>
         <value>0x3cb3</value>
         <object_component_ref idref="oc-154"/>
      </symbol>
      <symbol id="sm-742">
         <name>_sciaRxIsr</name>
         <value>0x3c74</value>
         <object_component_ref idref="oc-154"/>
      </symbol>
      <symbol id="sm-743">
         <name>_xMBPortSerialGetByte</name>
         <value>0x3aa6</value>
         <object_component_ref idref="oc-21d"/>
      </symbol>
      <symbol id="sm-753">
         <name>_vMBPortTimersEnable</name>
         <value>0x3ec2</value>
         <object_component_ref idref="oc-21e"/>
      </symbol>
      <symbol id="sm-754">
         <name>_cpu_timer1_isr</name>
         <value>0x3ece</value>
         <object_component_ref idref="oc-15b"/>
      </symbol>
      <symbol id="sm-755">
         <name>_xMBPortTimersInit</name>
         <value>0x3e97</value>
         <object_component_ref idref="oc-21e"/>
      </symbol>
      <symbol id="sm-756">
         <name>_vMBPortTimersDisable</name>
         <value>0x3ec9</value>
         <object_component_ref idref="oc-21e"/>
      </symbol>
      <symbol id="sm-757">
         <name>_TimerTicksPer50us</name>
         <value>0xfe32</value>
         <object_component_ref idref="oc-15a"/>
      </symbol>
      <symbol id="sm-76b">
         <name>_usMBCRC16</name>
         <value>0x3f78</value>
         <object_component_ref idref="oc-21f"/>
      </symbol>
      <symbol id="sm-797">
         <name>_eMBRTUSend</name>
         <value>0x3610</value>
         <object_component_ref idref="oc-215"/>
      </symbol>
      <symbol id="sm-798">
         <name>_eMBRTUStop</name>
         <value>0x35db</value>
         <object_component_ref idref="oc-215"/>
      </symbol>
      <symbol id="sm-799">
         <name>_xMBRTUReceiveFSM</name>
         <value>0x364a</value>
         <object_component_ref idref="oc-215"/>
      </symbol>
      <symbol id="sm-79a">
         <name>_eMBRTUStart</name>
         <value>0x35cd</value>
         <object_component_ref idref="oc-215"/>
      </symbol>
      <symbol id="sm-79b">
         <name>_ucRTUBuf</name>
         <value>0xf8c0</value>
         <object_component_ref idref="oc-166"/>
      </symbol>
      <symbol id="sm-79c">
         <name>_xMBRTUTransmitFSM</name>
         <value>0x3684</value>
         <object_component_ref idref="oc-215"/>
      </symbol>
      <symbol id="sm-79d">
         <name>_xMBRTUTimerT35Expired</name>
         <value>0x36b2</value>
         <object_component_ref idref="oc-215"/>
      </symbol>
      <symbol id="sm-79e">
         <name>_eMBRTUInit</name>
         <value>0x359b</value>
         <object_component_ref idref="oc-215"/>
      </symbol>
      <symbol id="sm-79f">
         <name>_eMBRTUReceive</name>
         <value>0x35e6</value>
         <object_component_ref idref="oc-215"/>
      </symbol>
      <symbol id="sm-7bd">
         <name>_c_int00</name>
         <value>0x3e06</value>
         <object_component_ref idref="oc-48"/>
      </symbol>
      <symbol id="sm-7be">
         <name>__stack</name>
         <value>0x0</value>
         <object_component_ref idref="oc-16d"/>
      </symbol>
      <symbol id="sm-7cd">
         <name>_copy_in</name>
         <value>0x3fc3</value>
         <object_component_ref idref="oc-1e0"/>
      </symbol>
      <symbol id="sm-824">
         <name>_powf</name>
         <value>0x2753</value>
         <object_component_ref idref="oc-20f"/>
      </symbol>
      <symbol id="sm-825">
         <name>_pow</name>
         <value>0x2753</value>
         <object_component_ref idref="oc-20f"/>
      </symbol>
      <symbol id="sm-835">
         <name>_sqrtf</name>
         <value>0x3f9e</value>
         <object_component_ref idref="oc-218"/>
      </symbol>
      <symbol id="sm-836">
         <name>_sqrt</name>
         <value>0x3f9e</value>
         <object_component_ref idref="oc-218"/>
      </symbol>
      <symbol id="sm-840">
         <name>_errno</name>
         <value>0xfa81</value>
         <object_component_ref idref="oc-185"/>
      </symbol>
      <symbol id="sm-854">
         <name>C$$EXIT</name>
         <value>0x3f27</value>
         <object_component_ref idref="oc-1e3"/>
      </symbol>
      <symbol id="sm-855">
         <name>_exit</name>
         <value>0x3f29</value>
         <object_component_ref idref="oc-1e3"/>
      </symbol>
      <symbol id="sm-856">
         <name>___TI_cleanup_ptr</name>
         <value>0xfa78</value>
         <object_component_ref idref="oc-189"/>
      </symbol>
      <symbol id="sm-857">
         <name>___TI_enable_exit_profile_output</name>
         <value>0xfa76</value>
         <object_component_ref idref="oc-189"/>
      </symbol>
      <symbol id="sm-858">
         <name>_abort</name>
         <value>0x3f27</value>
         <object_component_ref idref="oc-1e3"/>
      </symbol>
      <symbol id="sm-859">
         <name>___TI_dtors_ptr</name>
         <value>0xfa7a</value>
         <object_component_ref idref="oc-189"/>
      </symbol>
      <symbol id="sm-86a">
         <name>FS$$DIV</name>
         <value>0x3b78</value>
         <object_component_ref idref="oc-18e"/>
      </symbol>
      <symbol id="sm-878">
         <name>I$$MOD</name>
         <value>0x3ff8</value>
         <object_component_ref idref="oc-193"/>
      </symbol>
      <symbol id="sm-879">
         <name>I$$DIV</name>
         <value>0x3fe7</value>
         <object_component_ref idref="oc-193"/>
      </symbol>
      <symbol id="sm-885">
         <name>UL$$MOD</name>
         <value>0x3f21</value>
         <object_component_ref idref="oc-198"/>
      </symbol>
      <symbol id="sm-886">
         <name>L$$MOD</name>
         <value>0x3f0c</value>
         <object_component_ref idref="oc-198"/>
      </symbol>
      <symbol id="sm-887">
         <name>L$$DIV</name>
         <value>0x3efd</value>
         <object_component_ref idref="oc-198"/>
      </symbol>
      <symbol id="sm-888">
         <name>UL$$DIV</name>
         <value>0x3f1a</value>
         <object_component_ref idref="oc-198"/>
      </symbol>
      <symbol id="sm-899">
         <name>_memcpy</name>
         <value>0x4029</value>
         <object_component_ref idref="oc-1e6"/>
      </symbol>
      <symbol id="sm-8a5">
         <name>__system_pre_init</name>
         <value>0x40cc</value>
         <object_component_ref idref="oc-1df"/>
      </symbol>
      <symbol id="sm-8bb">
         <name>_floorf</name>
         <value>0x3daf</value>
         <object_component_ref idref="oc-20e"/>
      </symbol>
      <symbol id="sm-8bc">
         <name>_floor</name>
         <value>0x3daf</value>
         <object_component_ref idref="oc-20e"/>
      </symbol>
      <symbol id="sm-8d3">
         <name>_scalbn</name>
         <value>0x3d4d</value>
         <object_component_ref idref="oc-21c"/>
      </symbol>
      <symbol id="sm-8d4">
         <name>_ldexp</name>
         <value>0x3d4d</value>
         <object_component_ref idref="oc-21c"/>
      </symbol>
      <symbol id="sm-8d5">
         <name>_scalbnf</name>
         <value>0x3d4d</value>
         <object_component_ref idref="oc-21c"/>
      </symbol>
      <symbol id="sm-8d6">
         <name>_ldexpf</name>
         <value>0x3d4d</value>
         <object_component_ref idref="oc-21c"/>
      </symbol>
      <symbol id="sm-8e2">
         <name>__system_post_cinit</name>
         <value>0x40ce</value>
         <object_component_ref idref="oc-1e1"/>
      </symbol>
      <symbol id="sm-8ef">
         <name>_strcpy</name>
         <value>0x40c1</value>
         <object_component_ref idref="oc-1ed"/>
      </symbol>
      <symbol id="sm-922">
         <name>___vla_dealloc</name>
         <value>0x2fbb</value>
         <object_component_ref idref="oc-201"/>
      </symbol>
      <symbol id="sm-923">
         <name>___vla_alloc</name>
         <value>0x305d</value>
         <object_component_ref idref="oc-201"/>
      </symbol>
      <symbol id="sm-924">
         <name>___vla_dealloc_eh</name>
         <value>0x300c</value>
         <object_component_ref idref="oc-201"/>
      </symbol>
      <symbol id="sm-938">
         <name>__unlock</name>
         <value>0xfa7e</value>
         <object_component_ref idref="oc-217"/>
      </symbol>
      <symbol id="sm-939">
         <name>__lock</name>
         <value>0xfa7c</value>
         <object_component_ref idref="oc-1e8"/>
      </symbol>
      <symbol id="sm-93a">
         <name>__register_lock</name>
         <value>0x40ad</value>
         <object_component_ref idref="oc-20c"/>
      </symbol>
      <symbol id="sm-93b">
         <name>__nop</name>
         <value>0x40b1</value>
         <object_component_ref idref="oc-20c"/>
      </symbol>
      <symbol id="sm-93c">
         <name>__register_unlock</name>
         <value>0x40a9</value>
         <object_component_ref idref="oc-20c"/>
      </symbol>
      <symbol id="sm-94b">
         <name>__args_main</name>
         <value>0x4047</value>
         <object_component_ref idref="oc-1e2"/>
      </symbol>
      <symbol id="sm-957">
         <name>___abort_execution</name>
         <value>0x40c9</value>
         <object_component_ref idref="oc-213"/>
      </symbol>
      <symbol id="sm-99e">
         <name>__sys_memory</name>
         <value>0x400</value>
         <object_component_ref idref="oc-1d4"/>
      </symbol>
      <symbol id="sm-99f">
         <name>_chkheap</name>
         <value>0x2fa2</value>
         <object_component_ref idref="oc-212"/>
      </symbol>
      <symbol id="sm-9a0">
         <name>_realloc</name>
         <value>0x2eb0</value>
         <object_component_ref idref="oc-212"/>
      </symbol>
      <symbol id="sm-9a1">
         <name>_free_memory</name>
         <value>0x2f84</value>
         <object_component_ref idref="oc-212"/>
      </symbol>
      <symbol id="sm-9a2">
         <name>_max_free</name>
         <value>0x2f62</value>
         <object_component_ref idref="oc-212"/>
      </symbol>
      <symbol id="sm-9a3">
         <name>_free</name>
         <value>0x2de9</value>
         <object_component_ref idref="oc-212"/>
      </symbol>
      <symbol id="sm-9a4">
         <name>_calloc</name>
         <value>0x2fa4</value>
         <object_component_ref idref="oc-212"/>
      </symbol>
      <symbol id="sm-9a5">
         <name>_malloc</name>
         <value>0x2e52</value>
         <object_component_ref idref="oc-212"/>
      </symbol>
      <symbol id="sm-9a6">
         <name>_minit</name>
         <value>0x2e2d</value>
         <object_component_ref idref="oc-212"/>
      </symbol>
      <symbol id="sm-9b2">
         <name>_copysignf</name>
         <value>0x408b</value>
         <object_component_ref idref="oc-220"/>
      </symbol>
      <symbol id="sm-9b3">
         <name>_copysign</name>
         <value>0x408b</value>
         <object_component_ref idref="oc-220"/>
      </symbol>
   </symbol_table>
   <title>Link errors: red sections failed placement,available memory ranges in purple</title>
</link_info>
