******************************************************************************
             TMS320C2000 Linker Unix v18.12.3                  
******************************************************************************
>> Linked Sat Nov 23 10:33:58 2019

OUTPUT FILE NAME:   <uNMR_CCS613.out>
ENTRY POINT SYMBOL: "_c_int00"  address: 00003dd6


MEMORY CONFIGURATION

         name            origin    length      used     unused   attr    fill
----------------------  --------  ---------  --------  --------  ----  --------
PAGE 0:
  BEGIN                 00000000   00000002  00000002  00000000  RWIX
  RAMM0                 00000050   000003b0  00000000  000003b0  RWIX
  RAML0                 00008000   00001000  00000120  00000ee0  RWIX
  RAML1                 00009000   00003000  00000000  00003000  RWIX
  ZONE7A                00200000   0000fc00  00000000  0000fc00  RWIX
  CSM_RSVD              0033ff80   00000076  00000000  00000076  RWIX
  CSM_PWL               0033fff8   00000008  00000000  00000008  RWIX
  ADC_CAL               00380080   00000009  00000007  00000002  RWIX
  IQTABLES              003fe000   00000b50  00000000  00000b50  RWIX
  IQTABLES2             003feb50   0000008c  00000000  0000008c  RWIX
  FPUTABLES             003febdc   000006a0  00000000  000006a0  RWIX
  BOOTROM               003ff27c   00000d44  00000000  00000d44  RWIX
  RESET                 003fffc0   00000002  00000000  00000002  RWIX

PAGE 1:
  BOOT_RSVD             00000002   0000004e  00000000  0000004e  RWIX
  RAMM1                 00000400   00000400  00000300  00000100  RWIX
  DEV_EMU               00000880   00000180  000000d0  000000b0  RWIX
  FLASH_REGS            00000a80   00000060  00000008  00000058  RWIX
  CSM                   00000ae0   00000010  00000010  00000000  RWIX
  ADC_MIRROR            00000b00   00000010  00000010  00000000  RWIX
  XINTF                 00000b20   00000020  0000001e  00000002  RWIX
  CPU_TIMER0            00000c00   00000008  00000008  00000000  RWIX
  CPU_TIMER1            00000c08   00000008  00000008  00000000  RWIX
  CPU_TIMER2            00000c10   00000008  00000008  00000000  RWIX
  PIE_CTRL              00000ce0   00000020  0000001a  00000006  RWIX
  PIE_VECT              00000d00   00000100  00000100  00000000  RWIX
  DMA                   00001000   00000200  000000e0  00000120  RWIX
  MCBSPA                00005000   00000040  00000025  0000001b  RWIX
  MCBSPB                00005040   00000040  00000025  0000001b  RWIX
  ECANA                 00006000   00000040  00000034  0000000c  RWIX
  ECANA_LAM             00006040   00000040  00000040  00000000  RWIX
  ECANA_MOTS            00006080   00000040  00000040  00000000  RWIX
  ECANA_MOTO            000060c0   00000040  00000040  00000000  RWIX
  ECANA_MBOX            00006100   00000100  00000100  00000000  RWIX
  ECANB                 00006200   00000040  00000034  0000000c  RWIX
  ECANB_LAM             00006240   00000040  00000040  00000000  RWIX
  ECANB_MOTS            00006280   00000040  00000040  00000000  RWIX
  ECANB_MOTO            000062c0   00000040  00000040  00000000  RWIX
  ECANB_MBOX            00006300   00000100  00000100  00000000  RWIX
  EPWM1                 00006800   00000022  00000022  00000000  RWIX
  EPWM2                 00006840   00000022  00000022  00000000  RWIX
  EPWM3                 00006880   00000022  00000022  00000000  RWIX
  EPWM4                 000068c0   00000022  00000022  00000000  RWIX
  EPWM5                 00006900   00000022  00000022  00000000  RWIX
  EPWM6                 00006940   00000022  00000022  00000000  RWIX
  ECAP1                 00006a00   00000020  00000020  00000000  RWIX
  ECAP2                 00006a20   00000020  00000020  00000000  RWIX
  ECAP3                 00006a40   00000020  00000020  00000000  RWIX
  ECAP4                 00006a60   00000020  00000020  00000000  RWIX
  ECAP5                 00006a80   00000020  00000020  00000000  RWIX
  ECAP6                 00006aa0   00000020  00000020  00000000  RWIX
  EQEP1                 00006b00   00000040  00000040  00000000  RWIX
  EQEP2                 00006b40   00000040  00000040  00000000  RWIX
  GPIOCTRL              00006f80   00000040  0000002e  00000012  RWIX
  GPIODAT               00006fc0   00000020  00000020  00000000  RWIX
  GPIOINT               00006fe0   00000020  0000000a  00000016  RWIX
  SYSTEM                00007010   00000020  00000020  00000000  RWIX
  SPIA                  00007040   00000010  00000010  00000000  RWIX
  SCIA                  00007050   00000010  00000010  00000000  RWIX
  XINTRUPT              00007070   00000010  00000010  00000000  RWIX
  ADC                   00007100   00000020  0000001e  00000002  RWIX
  SCIB                  00007750   00000010  00000010  00000000  RWIX
  SCIC                  00007770   00000010  00000010  00000000  RWIX
  I2CA                  00007900   00000040  00000022  0000001e  RWIX
  RAML4                 0000c000   00004000  00003dcc  00000234  RWIX
  ZONE7B                0020fc00   00000400  00000000  00000400  RWIX
  CSM_PWL               0033fff8   00000008  00000008  00000000  RWIX
  PARTID                00380090   00000001  00000001  00000000  RWIX


SECTION ALLOCATION MAP

 output                                  attributes/
section   page    origin      length       input sections
--------  ----  ----------  ----------   ----------------
codestart 
*          0    00000000    00000002     
                  00000000    00000002     DSP2833x_CodeStartBranch.obj (codestart)

.text      0    00000000    00004097     FAILED TO ALLOCATE
.cinit     0    000080ba    00000062     
                  000080ba    00000015     main.obj (.cinit)
                  000080cf    00000013     mb.obj (.cinit:_xFuncHandlers)
                  000080e2    00000010     gpio_init.obj (.cinit)
                  000080f2    0000000e     rts2800_fpu32.lib : exit.c.obj (.cinit)
                  00008100    00000005                       : _lock.c.obj (.cinit:__lock)
                  00008105    00000005                       : _lock.c.obj (.cinit:__unlock)
                  0000810a    00000004     gpio_init.obj (.cinit:_data1)
                  0000810e    00000004     gpio_init.obj (.cinit:_data2)
                  00008112    00000004     mb.obj (.cinit)
                  00008116    00000004     rts2800_fpu32.lib : errno.c.obj (.cinit)
                  0000811a    00000002     --HOLE-- [fill = 0]

ramfuncs   0    0000811c    00000004     
                  0000811c    00000004     DSP2833x_usDelay.obj (ramfuncs)

.pinit     0    00008000    00000000     UNINITIALIZED

.switch    0    00008000    000000ba     
                  00008000    0000005e     main.obj (.switch:_eMBRegHoldingCB)
                  0000805e    0000002e     RunNMR.obj (.switch:_GetNMRParameters)
                  0000808c    0000002e     RunNMR.obj (.switch:_SetNMRParameters)

.stack     1    00000400    00000300     UNINITIALIZED
                  00000400    00000300     --HOLE--

DevEmuRegsFile 
*          1    00000880    000000d0     UNINITIALIZED
                  00000880    000000d0     DSP2833x_GlobalVariableDefs.obj (DevEmuRegsFile)

FlashRegsFile 
*          1    00000a80    00000008     UNINITIALIZED
                  00000a80    00000008     DSP2833x_GlobalVariableDefs.obj (FlashRegsFile)

CsmRegsFile 
*          1    00000ae0    00000010     UNINITIALIZED
                  00000ae0    00000010     DSP2833x_GlobalVariableDefs.obj (CsmRegsFile)

AdcMirrorFile 
*          1    00000b00    00000010     UNINITIALIZED
                  00000b00    00000010     DSP2833x_GlobalVariableDefs.obj (AdcMirrorFile)

XintfRegsFile 
*          1    00000b20    0000001e     UNINITIALIZED
                  00000b20    0000001e     DSP2833x_GlobalVariableDefs.obj (XintfRegsFile)

CpuTimer0RegsFile 
*          1    00000c00    00000008     UNINITIALIZED
                  00000c00    00000008     DSP2833x_GlobalVariableDefs.obj (CpuTimer0RegsFile)

CpuTimer1RegsFile 
*          1    00000c08    00000008     UNINITIALIZED
                  00000c08    00000008     DSP2833x_GlobalVariableDefs.obj (CpuTimer1RegsFile)

CpuTimer2RegsFile 
*          1    00000c10    00000008     UNINITIALIZED
                  00000c10    00000008     DSP2833x_GlobalVariableDefs.obj (CpuTimer2RegsFile)

PieCtrlRegsFile 
*          1    00000ce0    0000001a     UNINITIALIZED
                  00000ce0    0000001a     DSP2833x_GlobalVariableDefs.obj (PieCtrlRegsFile)

ECanaMOTSRegsFile 
*          1    00006080    00000040     UNINITIALIZED
                  00006080    00000040     DSP2833x_GlobalVariableDefs.obj (ECanaMOTSRegsFile)

ECanaMOTORegsFile 
*          1    000060c0    00000040     UNINITIALIZED
                  000060c0    00000040     DSP2833x_GlobalVariableDefs.obj (ECanaMOTORegsFile)

ECanbMOTSRegsFile 
*          1    00006280    00000040     UNINITIALIZED
                  00006280    00000040     DSP2833x_GlobalVariableDefs.obj (ECanbMOTSRegsFile)

ECanbMOTORegsFile 
*          1    000062c0    00000040     UNINITIALIZED
                  000062c0    00000040     DSP2833x_GlobalVariableDefs.obj (ECanbMOTORegsFile)

.ebss      1    0000c000    000039e8     UNINITIALIZED
                  0000c000    00001b58     RunNMR.obj (.ebss:_dataBuf_imag)
                  0000db58    0000001e     mb.obj (.ebss)
                  0000db76    0000000a     gpio_init.obj (.ebss)
                  0000db80    00001b58     RunNMR.obj (.ebss:_dataBuf_real)
                  0000f6d8    0000001c     main.obj (.ebss)
                  0000f6f4    00000006     mbrtu.obj (.ebss)
                  0000f6fa    00000006     rts2800_fpu32.lib : exit.c.obj (.ebss)
                  0000f700    00000180     RunNMR.obj (.ebss)
                  0000f880    00000100     mbrtu.obj (.ebss:_ucRTUBuf)
                  0000f980    00000040     mb.obj (.ebss:_xFuncHandlers)
                  0000f9c0    00000018     DSP2833x_CpuTimers.obj (.ebss)
                  0000f9d8    00000004     portevent.obj (.ebss)
                  0000f9dc    00000003     gpio_init.obj (.ebss:_data1)
                  0000f9df    00000003     gpio_init.obj (.ebss:_data2)
                  0000f9e2    00000002     rts2800_fpu32.lib : _lock.c.obj (.ebss:__lock)
                  0000f9e4    00000002                       : _lock.c.obj (.ebss:__unlock)
                  0000f9e6    00000001     mbfuncdiag.obj (.ebss)
                  0000f9e7    00000001     rts2800_fpu32.lib : errno.c.obj (.ebss)

.econst    1    0000f9e8    000003bc     
                  0000f9e8    00000100     mbcrc.obj (.econst:.string:_aucCRCHi)
                  0000fae8    00000100     mbcrc.obj (.econst:.string:_aucCRCLo)
                  0000fbe8    00000100     DSP2833x_PieVect.obj (.econst:_PieVectTableInit)
                  0000fce8    00000032     rts2800_fpu32.lib : e_powf.c.obj (.econst)
                  0000fd1a    00000013     RunNMR.obj (.econst:.string)
                  0000fd2d    00000001     --HOLE-- [fill = 0]
                  0000fd2e    00000009     noe1dseq.obj (.econst:.string)
                  0000fd37    00000001     --HOLE-- [fill = 0]
                  0000fd38    00000006     rts2800_fpu32.lib : s_scalbnf.c.obj (.econst)
                  0000fd3e    00000004     RunNMR.obj (.econst:_$P$T0$1)
                  0000fd42    00000004     RunNMR.obj (.econst:_$P$T1$2)
                  0000fd46    00000004     RunNMR.obj (.econst:_$P$T10$11)
                  0000fd4a    00000004     RunNMR.obj (.econst:_$P$T11$12)
                  0000fd4e    00000004     RunNMR.obj (.econst:_$P$T12$13)
                  0000fd52    00000004     RunNMR.obj (.econst:_$P$T13$14)
                  0000fd56    00000004     RunNMR.obj (.econst:_$P$T14$15)
                  0000fd5a    00000004     RunNMR.obj (.econst:_$P$T15$16)
                  0000fd5e    00000004     RunNMR.obj (.econst:_$P$T16$17)
                  0000fd62    00000004     RunNMR.obj (.econst:_$P$T17$18)
                  0000fd66    00000004     RunNMR.obj (.econst:_$P$T18$19)
                  0000fd6a    00000004     RunNMR.obj (.econst:_$P$T19$20)
                  0000fd6e    00000004     RunNMR.obj (.econst:_$P$T2$3)
                  0000fd72    00000004     RunNMR.obj (.econst:_$P$T3$4)
                  0000fd76    00000004     RunNMR.obj (.econst:_$P$T4$5)
                  0000fd7a    00000004     RunNMR.obj (.econst:_$P$T5$6)
                  0000fd7e    00000004     RunNMR.obj (.econst:_$P$T6$7)
                  0000fd82    00000004     RunNMR.obj (.econst:_$P$T7$8)
                  0000fd86    00000004     RunNMR.obj (.econst:_$P$T8$9)
                  0000fd8a    00000004     RunNMR.obj (.econst:_$P$T9$10)
                  0000fd8e    00000004     rts2800_fpu32.lib : e_powf.c.obj (.econst:_bp)
                  0000fd92    00000004                       : e_powf.c.obj (.econst:_dp_h)
                  0000fd96    00000004                       : e_powf.c.obj (.econst:_dp_l)
                  0000fd9a    00000004     nmr_plsq.obj (.econst)
                  0000fd9e    00000002     main.obj (.econst)
                  0000fda0    00000002     porttimer.obj (.econst)
                  0000fda2    00000002     rts2800_fpu32.lib : s_floorf.c.obj (.econst)

DMARAML4   1    0000fdc0    00000028     UNINITIALIZED
                  0000fdc0    00000028     main.obj (DMARAML4)

.reset     0    003fffc0    00000002     DSECT
                  003fffc0    00000002     rts2800_fpu32.lib : boot28.asm.obj (.reset)

csm_rsvd   0    0033ff80    00000076     DSECT
                  0033ff80    00000076     DSP2833x_CSMPasswords.obj (csm_rsvd)

csmpasswds 
*          0    0033fff8    00000008     DSECT
                  0033fff8    00000008     DSP2833x_CSMPasswords.obj (csmpasswds)

.adc_cal   0    00380080    00000007     NOLOAD SECTION
                  00380080    00000007     DSP2833x_ADC_cal.obj (.adc_cal)

PieVectTableFile 
*          1    00000d00    00000100     UNINITIALIZED
                  00000d00    00000100     DSP2833x_GlobalVariableDefs.obj (PieVectTableFile)

DmaRegsFile 
*          1    00001000    000000e0     UNINITIALIZED
                  00001000    000000e0     DSP2833x_GlobalVariableDefs.obj (DmaRegsFile)

McbspaRegsFile 
*          1    00005000    00000025     UNINITIALIZED
                  00005000    00000025     DSP2833x_GlobalVariableDefs.obj (McbspaRegsFile)

McbspbRegsFile 
*          1    00005040    00000025     UNINITIALIZED
                  00005040    00000025     DSP2833x_GlobalVariableDefs.obj (McbspbRegsFile)

ECanaRegsFile 
*          1    00006000    00000034     UNINITIALIZED
                  00006000    00000034     DSP2833x_GlobalVariableDefs.obj (ECanaRegsFile)

ECanaLAMRegsFile 
*          1    00006040    00000040     UNINITIALIZED
                  00006040    00000040     DSP2833x_GlobalVariableDefs.obj (ECanaLAMRegsFile)

ECanaMboxesFile 
*          1    00006100    00000100     UNINITIALIZED
                  00006100    00000100     DSP2833x_GlobalVariableDefs.obj (ECanaMboxesFile)

ECanbRegsFile 
*          1    00006200    00000034     UNINITIALIZED
                  00006200    00000034     DSP2833x_GlobalVariableDefs.obj (ECanbRegsFile)

ECanbLAMRegsFile 
*          1    00006240    00000040     UNINITIALIZED
                  00006240    00000040     DSP2833x_GlobalVariableDefs.obj (ECanbLAMRegsFile)

ECanbMboxesFile 
*          1    00006300    00000100     UNINITIALIZED
                  00006300    00000100     DSP2833x_GlobalVariableDefs.obj (ECanbMboxesFile)

EPwm1RegsFile 
*          1    00006800    00000022     UNINITIALIZED
                  00006800    00000022     DSP2833x_GlobalVariableDefs.obj (EPwm1RegsFile)

EPwm2RegsFile 
*          1    00006840    00000022     UNINITIALIZED
                  00006840    00000022     DSP2833x_GlobalVariableDefs.obj (EPwm2RegsFile)

EPwm3RegsFile 
*          1    00006880    00000022     UNINITIALIZED
                  00006880    00000022     DSP2833x_GlobalVariableDefs.obj (EPwm3RegsFile)

EPwm4RegsFile 
*          1    000068c0    00000022     UNINITIALIZED
                  000068c0    00000022     DSP2833x_GlobalVariableDefs.obj (EPwm4RegsFile)

EPwm5RegsFile 
*          1    00006900    00000022     UNINITIALIZED
                  00006900    00000022     DSP2833x_GlobalVariableDefs.obj (EPwm5RegsFile)

EPwm6RegsFile 
*          1    00006940    00000022     UNINITIALIZED
                  00006940    00000022     DSP2833x_GlobalVariableDefs.obj (EPwm6RegsFile)

ECap1RegsFile 
*          1    00006a00    00000020     UNINITIALIZED
                  00006a00    00000020     DSP2833x_GlobalVariableDefs.obj (ECap1RegsFile)

ECap2RegsFile 
*          1    00006a20    00000020     UNINITIALIZED
                  00006a20    00000020     DSP2833x_GlobalVariableDefs.obj (ECap2RegsFile)

ECap3RegsFile 
*          1    00006a40    00000020     UNINITIALIZED
                  00006a40    00000020     DSP2833x_GlobalVariableDefs.obj (ECap3RegsFile)

ECap4RegsFile 
*          1    00006a60    00000020     UNINITIALIZED
                  00006a60    00000020     DSP2833x_GlobalVariableDefs.obj (ECap4RegsFile)

ECap5RegsFile 
*          1    00006a80    00000020     UNINITIALIZED
                  00006a80    00000020     DSP2833x_GlobalVariableDefs.obj (ECap5RegsFile)

ECap6RegsFile 
*          1    00006aa0    00000020     UNINITIALIZED
                  00006aa0    00000020     DSP2833x_GlobalVariableDefs.obj (ECap6RegsFile)

EQep1RegsFile 
*          1    00006b00    00000040     UNINITIALIZED
                  00006b00    00000040     DSP2833x_GlobalVariableDefs.obj (EQep1RegsFile)

EQep2RegsFile 
*          1    00006b40    00000040     UNINITIALIZED
                  00006b40    00000040     DSP2833x_GlobalVariableDefs.obj (EQep2RegsFile)

GpioCtrlRegsFile 
*          1    00006f80    0000002e     UNINITIALIZED
                  00006f80    0000002e     DSP2833x_GlobalVariableDefs.obj (GpioCtrlRegsFile)

GpioDataRegsFile 
*          1    00006fc0    00000020     UNINITIALIZED
                  00006fc0    00000020     DSP2833x_GlobalVariableDefs.obj (GpioDataRegsFile)

GpioIntRegsFile 
*          1    00006fe0    0000000a     UNINITIALIZED
                  00006fe0    0000000a     DSP2833x_GlobalVariableDefs.obj (GpioIntRegsFile)

SysCtrlRegsFile 
*          1    00007010    00000020     UNINITIALIZED
                  00007010    00000020     DSP2833x_GlobalVariableDefs.obj (SysCtrlRegsFile)

SpiaRegsFile 
*          1    00007040    00000010     UNINITIALIZED
                  00007040    00000010     DSP2833x_GlobalVariableDefs.obj (SpiaRegsFile)

SciaRegsFile 
*          1    00007050    00000010     UNINITIALIZED
                  00007050    00000010     DSP2833x_GlobalVariableDefs.obj (SciaRegsFile)

XIntruptRegsFile 
*          1    00007070    00000010     UNINITIALIZED
                  00007070    00000010     DSP2833x_GlobalVariableDefs.obj (XIntruptRegsFile)

AdcRegsFile 
*          1    00007100    0000001e     UNINITIALIZED
                  00007100    0000001e     DSP2833x_GlobalVariableDefs.obj (AdcRegsFile)

ScibRegsFile 
*          1    00007750    00000010     UNINITIALIZED
                  00007750    00000010     DSP2833x_GlobalVariableDefs.obj (ScibRegsFile)

ScicRegsFile 
*          1    00007770    00000010     UNINITIALIZED
                  00007770    00000010     DSP2833x_GlobalVariableDefs.obj (ScicRegsFile)

I2caRegsFile 
*          1    00007900    00000022     UNINITIALIZED
                  00007900    00000022     DSP2833x_GlobalVariableDefs.obj (I2caRegsFile)

CsmPwlFile 
*          1    0033fff8    00000008     UNINITIALIZED
                  0033fff8    00000008     DSP2833x_GlobalVariableDefs.obj (CsmPwlFile)

PartIdRegsFile 
*          1    00380090    00000001     UNINITIALIZED
                  00380090    00000001     DSP2833x_GlobalVariableDefs.obj (PartIdRegsFile)

MODULE SUMMARY

       Module                            code   initialized data   uninitialized data
       ------                            ----   ----------------   ------------------
    ./DSP2833x/source/
       DSP2833x_GlobalVariableDefs.obj   0      0                  2679              
    +--+---------------------------------+------+------------------+--------------------+
       Total:                            0      0                  2679              
                                                                                     
    ./DSP2833x_common/source/
       DSP2833x_PieVect.obj              0      256                0                 
       DSP2833x_CpuTimers.obj            0      0                  24                
       DSP2833x_ADC_cal.obj              7      0                  0                 
       DSP2833x_usDelay.obj              4      0                  0                 
       DSP2833x_CodeStartBranch.obj      2      0                  0                 
    +--+---------------------------------+------+------------------+--------------------+
       Total:                            13     256                24                
                                                                                     
    ./SOURCE/
       RunNMR.obj                        0      191                14384             
       main.obj                          0      117                68                
       gpio_init.obj                     0      24                 16                
       noe1dseq.obj                      0      9                  0                 
       nmr_plsq.obj                      0      4                  0                 
    +--+---------------------------------+------+------------------+--------------------+
       Total:                            0      345                14468             
                                                                                     
    ./freeMODBUS/
       mb.obj                            0      23                 94                
       portevent.obj                     0      0                  4                 
       porttimer.obj                     0      2                  0                 
    +--+---------------------------------+------+------------------+--------------------+
       Total:                            0      25                 98                
                                                                                     
    ./freeMODBUS/functions/
       mbfuncdiag.obj                    0      0                  1                 
    +--+---------------------------------+------+------------------+--------------------+
       Total:                            0      0                  1                 
                                                                                     
    ./freeMODBUS/rtu/
       mbcrc.obj                         0      512                0                 
       mbrtu.obj                         0      0                  262               
    +--+---------------------------------+------+------------------+--------------------+
       Total:                            0      512                262               
                                                                                     
    /Applications/ti/ccs920/ccs/tools/compiler/ti-cgt-c2000_18.12.3.LTS/lib/rts2800_fpu32.lib
       e_powf.c.obj                      0      62                 0                 
       exit.c.obj                        0      14                 6                 
       _lock.c.obj                       0      10                 4                 
       s_scalbnf.c.obj                   0      6                  0                 
       errno.c.obj                       0      4                  1                 
       s_floorf.c.obj                    0      2                  0                 
    +--+---------------------------------+------+------------------+--------------------+
       Total:                            0      98                 11                
                                                                                     
       Stack:                            0      0                  768               
    +--+---------------------------------+------+------------------+--------------------+
       Grand Total:                      13     1236               18311             


GLOBAL DATA SYMBOLS: SORTED BY DATA PAGE

address     data page           name
--------    ----------------    ----
00000400      10 (00000400)     __stack

00000880      22 (00000880)     _DevEmuRegs

00000a80      2a (00000a80)     _FlashRegs

00000ae0      2b (00000ac0)     _CsmRegs

00000b00      2c (00000b00)     _AdcMirror
00000b20      2c (00000b00)     _XintfRegs

00000c00      30 (00000c00)     _CpuTimer0Regs
00000c08      30 (00000c00)     _CpuTimer1Regs
00000c10      30 (00000c00)     _CpuTimer2Regs

00000ce0      33 (00000cc0)     _PieCtrlRegs

00000d00      34 (00000d00)     _PieVectTable

00001000      40 (00001000)     _DmaRegs

00005000     140 (00005000)     _McbspaRegs

00005040     141 (00005040)     _McbspbRegs

00006000     180 (00006000)     _ECanaRegs

00006040     181 (00006040)     _ECanaLAMRegs

00006080     182 (00006080)     _ECanaMOTSRegs

000060c0     183 (000060c0)     _ECanaMOTORegs

00006100     184 (00006100)     _ECanaMboxes

00006200     188 (00006200)     _ECanbRegs

00006240     189 (00006240)     _ECanbLAMRegs

00006280     18a (00006280)     _ECanbMOTSRegs

000062c0     18b (000062c0)     _ECanbMOTORegs

00006300     18c (00006300)     _ECanbMboxes

00006800     1a0 (00006800)     _EPwm1Regs

00006840     1a1 (00006840)     _EPwm2Regs

00006880     1a2 (00006880)     _EPwm3Regs

000068c0     1a3 (000068c0)     _EPwm4Regs

00006900     1a4 (00006900)     _EPwm5Regs

00006940     1a5 (00006940)     _EPwm6Regs

00006a00     1a8 (00006a00)     _ECap1Regs
00006a20     1a8 (00006a00)     _ECap2Regs

00006a40     1a9 (00006a40)     _ECap3Regs
00006a60     1a9 (00006a40)     _ECap4Regs

00006a80     1aa (00006a80)     _ECap5Regs
00006aa0     1aa (00006a80)     _ECap6Regs

00006b00     1ac (00006b00)     _EQep1Regs

00006b40     1ad (00006b40)     _EQep2Regs

00006f80     1be (00006f80)     _GpioCtrlRegs

00006fc0     1bf (00006fc0)     _GpioDataRegs
00006fe0     1bf (00006fc0)     _GpioIntRegs

00007010     1c0 (00007000)     _SysCtrlRegs

00007040     1c1 (00007040)     _SpiaRegs
00007050     1c1 (00007040)     _SciaRegs
00007070     1c1 (00007040)     _XIntruptRegs

00007100     1c4 (00007100)     _AdcRegs

00007750     1dd (00007740)     _ScibRegs
00007770     1dd (00007740)     _ScicRegs

00007900     1e4 (00007900)     _I2caRegs

0000c000     300 (0000c000)     _dataBuf_imag

0000db6a     36d (0000db40)     _pxMBFrameCBByteReceived
0000db6c     36d (0000db40)     _pxMBFrameCBTransmitterEmpty
0000db6e     36d (0000db40)     _pxMBPortCBTimerExpired
0000db70     36d (0000db40)     _pxMBFrameCBReceiveFSMCur
0000db72     36d (0000db40)     _pxMBFrameCBTransmitFSMCur
0000db76     36d (0000db40)     _sdata1
0000db77     36d (0000db40)     _sdata2
0000db78     36d (0000db40)     _rdata1
0000db79     36d (0000db40)     _rdata2
0000db7a     36d (0000db40)     _t1
0000db7c     36d (0000db40)     _t2
0000db7e     36d (0000db40)     _Timer_Count

0000db80     36e (0000db80)     _dataBuf_real

0000f6d8     3db (0000f6c0)     _asic_gain
0000f6d9     3db (0000f6c0)     _j
0000f6da     3db (0000f6c0)     _usAddress
0000f6db     3db (0000f6c0)     _usRegInputBuf
0000f6dc     3db (0000f6c0)     _TSt1
0000f6de     3db (0000f6c0)     _TSt2
0000f6e0     3db (0000f6c0)     _TSt3
0000f6e2     3db (0000f6c0)     _On_Period
0000f6e4     3db (0000f6c0)     _Off_Period
0000f6e6     3db (0000f6c0)     _Period
0000f6e8     3db (0000f6c0)     _Xint1Count
0000f6ea     3db (0000f6c0)     _DMADest
0000f6ec     3db (0000f6c0)     _DMASource
0000f6ee     3db (0000f6c0)     _nextExpt
0000f6fa     3db (0000f6c0)     ___TI_enable_exit_profile_output
0000f6fc     3db (0000f6c0)     ___TI_cleanup_ptr
0000f6fe     3db (0000f6c0)     ___TI_dtors_ptr

0000f700     3dc (0000f700)     _NMR_system_settings

0000f780     3de (0000f780)     _gPulseSeq

0000f880     3e2 (0000f880)     _ucRTUBuf

0000f9c0     3e7 (0000f9c0)     _CpuTimer0
0000f9c8     3e7 (0000f9c0)     _CpuTimer1
0000f9d0     3e7 (0000f9c0)     _CpuTimer2
0000f9d8     3e7 (0000f9c0)     _portMBox
0000f9dc     3e7 (0000f9c0)     _data1
0000f9df     3e7 (0000f9c0)     _data2
0000f9e2     3e7 (0000f9c0)     __lock
0000f9e4     3e7 (0000f9c0)     __unlock
0000f9e6     3e7 (0000f9c0)     _test
0000f9e7     3e7 (0000f9c0)     _errno

0000fbe8     3ef (0000fbc0)     _PieVectTableInit

0000fd9a     3f6 (0000fd80)     _US_NMR
0000fd9c     3f6 (0000fd80)     _MAXT_NMR
0000fd9e     3f6 (0000fd80)     _FW_VERSION
0000fd9f     3f6 (0000fd80)     _MB_SLV_ID
0000fda0     3f6 (0000fd80)     _TimerTicksPer50us

0000fdc0     3f7 (0000fdc0)     _DMABuf1

0033fff8    cfff (0033ffc0)     _CsmPwl

00380090    e002 (00380080)     _PartIdRegs


GLOBAL SYMBOLS: SORTED ALPHABETICALLY BY Name 

page  address   name                                    
----  -------   ----                                    
0     00000000  .text                                   
0     00003ef1  C$$EXIT                                 
0     00003b4e  FS$$DIV                                 
0     00003fb3  I$$DIV                                  
0     00003fc4  I$$MOD                                  
0     00003ec7  L$$DIV                                  
0     00003ed6  L$$MOD                                  
0     00003ee4  UL$$DIV                                 
0     00003eeb  UL$$MOD                                 
0     00002eeb  _ADCINT_ISR                             
0     00380080  _ADC_cal                                
0     0000311b  _ASIC_mosi_download                     
1     00000b00  _AdcMirror                              
1     00007100  _AdcRegs                                
0     000031c0  _AsicGainCtrl                           
0     00001c83  _CPMG2                                  
1     0000f9c0  _CpuTimer0                              
1     00000c00  _CpuTimer0Regs                          
1     0000f9c8  _CpuTimer1                              
1     00000c08  _CpuTimer1Regs                          
1     0000f9d0  _CpuTimer2                              
1     00000c10  _CpuTimer2Regs                          
1     0033fff8  _CsmPwl                                 
1     00000ae0  _CsmRegs                                
0     00003985  _CsmUnlock                              
0     00002e19  _DATALOG_ISR                            
0     0000300d  _DINTCH1_ISR                            
0     00003017  _DINTCH2_ISR                            
0     00003021  _DINTCH3_ISR                            
0     0000302b  _DINTCH4_ISR                            
0     00003035  _DINTCH5_ISR                            
0     0000303f  _DINTCH6_ISR                            
1     0000fdc0  _DMABuf1                                
0     000026be  _DMACH1AddrConfig                       
0     000026ce  _DMACH1BurstConfig                      
0     00002701  _DMACH1ModeConfig                       
0     000026de  _DMACH1TransferConfig                   
0     000026ee  _DMACH1WrapConfig                       
0     00002763  _DMACH2AddrConfig                       
0     00002773  _DMACH2BurstConfig                      
0     000027a6  _DMACH2ModeConfig                       
0     00002783  _DMACH2TransferConfig                   
0     00002793  _DMACH2WrapConfig                       
0     00002808  _DMACH3AddrConfig                       
0     00002818  _DMACH3BurstConfig                      
0     0000284b  _DMACH3ModeConfig                       
0     00002828  _DMACH3TransferConfig                   
0     00002838  _DMACH3WrapConfig                       
0     000028ad  _DMACH4AddrConfig                       
0     000028bd  _DMACH4BurstConfig                      
0     000028f0  _DMACH4ModeConfig                       
0     000028cd  _DMACH4TransferConfig                   
0     000028dd  _DMACH4WrapConfig                       
0     00002952  _DMACH5AddrConfig                       
0     00002962  _DMACH5BurstConfig                      
0     00002995  _DMACH5ModeConfig                       
0     00002972  _DMACH5TransferConfig                   
0     00002982  _DMACH5WrapConfig                       
0     000029f7  _DMACH6AddrConfig                       
0     00002a07  _DMACH6BurstConfig                      
0     00002a3a  _DMACH6ModeConfig                       
0     00002a17  _DMACH6TransferConfig                   
0     00002a27  _DMACH6WrapConfig                       
1     0000f6ea  _DMADest                                
0     000026b3  _DMAInitialize                          
1     0000f6ec  _DMASource                              
0     00004085  _DSP28x_DisableInt                      
0     00004089  _DSP28x_RestoreInt                      
0     0000811c  _DSP28x_usDelay                         
1     00000880  _DevEmuRegs                             
0     000038d1  _DisableDog                             
0     000038a6  _DlPlSeq                                
1     00001000  _DmaRegs                                
0     00000217  _Do_NMR_experiments                     
0     00003099  _ECAN0INTA_ISR                          
0     000030ad  _ECAN0INTB_ISR                          
0     000030a3  _ECAN1INTA_ISR                          
0     000030b7  _ECAN1INTB_ISR                          
0     00002f81  _ECAP1_INT_ISR                          
0     00002f8b  _ECAP2_INT_ISR                          
0     00002f95  _ECAP3_INT_ISR                          
0     00002f9f  _ECAP4_INT_ISR                          
0     00002fa9  _ECAP5_INT_ISR                          
0     00002fb3  _ECAP6_INT_ISR                          
1     00006040  _ECanaLAMRegs                           
1     000060c0  _ECanaMOTORegs                          
1     00006080  _ECanaMOTSRegs                          
1     00006100  _ECanaMboxes                            
1     00006000  _ECanaRegs                              
1     00006240  _ECanbLAMRegs                           
1     000062c0  _ECanbMOTORegs                          
1     00006280  _ECanbMOTSRegs                          
1     00006300  _ECanbMboxes                            
1     00006200  _ECanbRegs                              
1     00006a00  _ECap1Regs                              
1     00006a20  _ECap2Regs                              
1     00006a40  _ECap3Regs                              
1     00006a60  _ECap4Regs                              
1     00006a80  _ECap5Regs                              
1     00006aa0  _ECap6Regs                              
0     00002e2d  _EMUINT_ISR                             
0     000038ac  _EN_NMR_mode                            
0     000038b5  _EN_Tuning_mode                         
0     00002f45  _EPWM1_INT_ISR                          
0     00002f09  _EPWM1_TZINT_ISR                        
0     00002f4f  _EPWM2_INT_ISR                          
0     00002f13  _EPWM2_TZINT_ISR                        
0     00002f59  _EPWM3_INT_ISR                          
0     00002f1d  _EPWM3_TZINT_ISR                        
0     00002f63  _EPWM4_INT_ISR                          
0     00002f27  _EPWM4_TZINT_ISR                        
0     00002f6d  _EPWM5_INT_ISR                          
0     00002f31  _EPWM5_TZINT_ISR                        
0     00002f77  _EPWM6_INT_ISR                          
0     00002f3b  _EPWM6_TZINT_ISR                        
1     00006800  _EPwm1Regs                              
1     00006840  _EPwm2Regs                              
1     00006880  _EPwm3Regs                              
1     000068c0  _EPwm4Regs                              
1     00006900  _EPwm5Regs                              
1     00006940  _EPwm6Regs                              
0     00002fbd  _EQEP1_INT_ISR                          
0     00002fc7  _EQEP2_INT_ISR                          
1     00006b00  _EQep1Regs                              
1     00006b40  _EQep2Regs                              
0     00003f39  _EnableInterrupts                       
0     00001a8e  _FID2                                   
0     00001988  _FID3                                   
1     0000fd9e  _FW_VERSION                             
0     00000f4b  _FinishNMRADC                           
1     00000a80  _FlashRegs                              
0     00000021  _GetAcqTD                               
0     00000000  _GetErrorCode                           
0     000000ad  _GetFullParameters                      
0     000001c9  _GetNMRData                             
0     00000025  _GetNMRParameters                       
0     00001975  _GetPlsTime                             
1     00006f80  _GpioCtrlRegs                           
1     00006fc0  _GpioDataRegs                           
1     00006fe0  _GpioIntRegs                            
0     00003049  _I2CINT1A_ISR                           
0     00003053  _I2CINT2A_ISR                           
1     00007900  _I2caRegs                               
0     00002e41  _ILLEGAL_ISR                            
0     00002e05  _INT13_ISR                              
0     00002e0f  _INT14_ISR                              
0     00001dbd  _IR                                     
0     00001f52  _IRCPMG                                 
0     00004042  _InitAdc                                
0     00003a86  _InitEPwm                               
0     00003a94  _InitEPwm1Gpio                          
0     000011ed  _InitEPwm2                              
0     00003aa6  _InitEPwm2Gpio                          
0     00003ab8  _InitEPwm3Gpio                          
0     00003acc  _InitEPwm4Gpio                          
0     00003ae0  _InitEPwm5Gpio                          
0     00003af2  _InitEPwm6Gpio                          
0     00003a87  _InitEPwmGpio                           
0     00003b04  _InitEPwmSyncGpio                       
0     0000402b  _InitGpio                               
0     00003415  _InitMcbsp                              
0     000034ee  _InitMcbspGpio                          
0     0000341a  _InitMcbspa                             
0     00003479  _InitMcbspa12bit                        
0     00003484  _InitMcbspa16bit                        
0     0000348f  _InitMcbspa20bit                        
0     0000349a  _InitMcbspa24bit                        
0     000034a5  _InitMcbspa32bit                        
0     00003472  _InitMcbspa8bit                         
0     000034f3  _InitMcbspaGpio                         
0     00003446  _InitMcbspb                             
0     000034b7  _InitMcbspb12bit                        
0     000034c2  _InitMcbspb16bit                        
0     000034cd  _InitMcbspb20bit                        
0     000034d8  _InitMcbspb24bit                        
0     000034e3  _InitMcbspb32bit                        
0     000034b0  _InitMcbspb8bit                         
0     0000352d  _InitMcbspbGpio                         
0     00003828  _InitNMR                                
0     0000392a  _InitPeripheralClocks                   
0     00003f1a  _InitPieCtrl                            
0     00003fd5  _InitPieVectTable                       
0     000038d9  _InitPll                                
0     000038be  _InitSysCtrl                            
0     00003b18  _InitTzGpio                             
0     000030fd  _LUF_ISR                                
0     000030f3  _LVF_ISR                                
1     0000fd9c  _MAXT_NMR                               
1     0000fd9f  _MB_SLV_ID                              
0     00002ff9  _MRINTA_ISR                             
0     00002fe5  _MRINTB_ISR                             
0     00003003  _MXINTA_ISR                             
0     00002fef  _MXINTB_ISR                             
1     00005000  _McbspaRegs                             
1     00005040  _McbspbRegs                             
0     00002e37  _NMI_ISR                                
0     00002104  _NMR_job                                
1     0000f700  _NMR_system_settings                    
1     0000f6e4  _Off_Period                             
1     0000f6e2  _On_Period                              
0     00003107  _PIE_RESERVED                           
0     000015b3  _PLL_freq_set                           
0     0000149d  _PLL_freq_set2                          
0     0000157b  _PLL_freq_set3                          
0     0000171b  _PLL_freq_set_orig                      
0     000013ac  _PLL_init                               
0     000016d7  _PLL_mosi                               
0     000016c0  _PLL_write                              
1     00380090  _PartIdRegs                             
1     0000f6e6  _Period                                 
1     00000ce0  _PieCtrlRegs                            
1     00000d00  _PieVectTable                           
1     0000fbe8  _PieVectTableInit                       
0     000018b8  _PlsGen                                 
0     00001955  _PlsGenACQ                              
0     00001913  _PlsGenAddLoop                          
0     0000192c  _PlsGenDelay                            
0     00001940  _PlsGenPulse                            
0     00000f40  _PrepareNMRADC                          
0     00002e23  _RTOSINT_ISR                            
0     000037b4  _ResetNMR                               
0     00000c97  _Run_NMR_Accumulate                     
0     00000d69  _Run_NMR_Accumulate_CPMG                
0     00000a6e  _Run_NMR_Accumulate_CPMG_mcbsp          
0     00000477  _Run_NMR_Accumulate_mcbsp               
0     00000bc0  _Run_NMR_Accumulate_test_tuning         
0     0000051d  _Run_NMR_Accumulate_tuning_mcbsp        
0     000006f6  _Run_NMR_CPMG                           
0     00000801  _Run_NMR_CPMG_mcbsp                     
0     0000027c  _Run_NMR_FID                            
0     00000310  _Run_NMR_FID_mcbsp                      
0     00000937  _Run_NMR_IRCPMG_mcbsp                   
0     000003bd  _Run_NMR_IR_mcbsp                       
0     000005bc  _Run_NMR_Tuning                         
0     0000064c  _Run_NMR_Tuning_mcbsp                   
0     00000f50  _Run_NMR_test                           
0     00003071  _SCIRXINTA_ISR                          
0     00003085  _SCIRXINTB_ISR                          
0     0000305d  _SCIRXINTC_ISR                          
0     0000307b  _SCITXINTA_ISR                          
0     0000308f  _SCITXINTB_ISR                          
0     00003067  _SCITXINTC_ISR                          
0     00002ec3  _SEQ1INT_ISR                            
0     00002ecd  _SEQ2INT_ISR                            
0     00002fd1  _SPIRXINTA_ISR                          
0     00003216  _SPIRead32bitWordFromADC                
0     00003276  _SPIRead32bitWordFromADCFast            
0     00002fdb  _SPITXINTA_ISR                          
1     00007050  _SciaRegs                               
1     00007750  _ScibRegs                               
1     00007770  _ScicRegs                               
0     000038c7  _ServiceDog                             
0     00004091  _SetDBGIER                              
0     00000004  _SetErrorCode                           
0     0000000c  _SetFreq                                
0     00000013  _SetGain                                
0     000000c7  _SetNMRParameters                       
0     00000208  _SetPowerLevel                          
0     000001f9  _SetRecGain                             
0     0000001a  _SetTD                                  
0     000001e9  _SetTuningCap                           
1     00007040  _SpiaRegs                               
0     0000275b  _StartDMACH1                            
0     00002800  _StartDMACH2                            
0     000028a5  _StartDMACH3                            
0     0000294a  _StartDMACH4                            
0     000029ef  _StartDMACH5                            
0     00002a94  _StartDMACH6                            
0     000031b6  _StartNMRASIC_SEQ                       
0     000031bb  _StopNMRASIC_SEQ                        
1     00007010  _SysCtrlRegs                            
0     00002ef5  _TINT0_ISR                              
1     0000f6dc  _TSt1                                   
1     0000f6de  _TSt2                                   
1     0000f6e0  _TSt3                                   
1     0000fda0  _TimerTicksPer50us                      
1     0000db7e  _Timer_Count                            
0     00001bc0  _TuningSeq                              
0     00002ea5  _USER10_ISR                             
0     00002eaf  _USER11_ISR                             
0     00002eb9  _USER12_ISR                             
0     00002e4b  _USER1_ISR                              
0     00002e55  _USER2_ISR                              
0     00002e5f  _USER3_ISR                              
0     00002e69  _USER4_ISR                              
0     00002e73  _USER5_ISR                              
0     00002e7d  _USER6_ISR                              
0     00002e87  _USER7_ISR                              
0     00002e91  _USER8_ISR                              
0     00002e9b  _USER9_ISR                              
1     0000fd9a  _US_NMR                                 
0     00002eff  _WAKEINT_ISR                            
0     00002ed7  _XINT1_ISR                              
0     00002ee1  _XINT2_ISR                              
0     000030c1  _XINT3_ISR                              
0     000030cb  _XINT4_ISR                              
0     000030d5  _XINT5_ISR                              
0     000030df  _XINT6_ISR                              
0     000030e9  _XINT7_ISR                              
1     00007070  _XIntruptRegs                           
1     0000f6e8  _Xint1Count                             
1     00000b20  _XintfRegs                              
1     00000700  __STACK_END                             
abs   00000300  __STACK_SIZE                            
1     0000f6fc  ___TI_cleanup_ptr                       
1     0000f6fe  ___TI_dtors_ptr                         
1     0000f6fa  ___TI_enable_exit_profile_output        
abs   ffffffff  ___TI_pprof_out_hndl                    
abs   ffffffff  ___TI_prof_data_size                    
abs   ffffffff  ___TI_prof_data_start                   
abs   ffffffff  ___binit__                              
abs   ffffffff  ___c_args__                             
0     000080ba  ___cinit__                              
0     00004097  ___etext__                              
abs   ffffffff  ___pinit__                              
0     00000000  ___text__                               
0     00004012  __args_main                             
1     0000f9e2  __lock                                  
0     0000407c  __nop                                   
0     00004078  __register_lock                         
0     00004074  __register_unlock                       
1     00000400  __stack                                 
0     00004096  __system_post_cinit                     
0     00004094  __system_pre_init                       
1     0000f9e4  __unlock                                
0     00003ef1  _abort                                  
1     0000f6d8  _asic_gain                              
0     00003dd6  _c_int00                                
0     0000355b  _clkg_delay_loop                        
0     000011a8  _configure_SPI                          
0     00003f8f  _copy_in                                
0     00004056  _copysign                               
0     00004056  _copysignf                              
0     00004067  _cpu_timer0_isr                         
0     00003e98  _cpu_timer1_isr                         
0     00003cbe  _cpu_timer2_isr                         
1     0000f9dc  _data1                                  
1     0000f9df  _data2                                  
1     0000c000  _dataBuf_imag                           
1     0000db80  _dataBuf_real                           
0     00003545  _delay_loop                             
0     00003354  _eMBClose                               
0     00003377  _eMBDisable                             
0     00003365  _eMBEnable                              
0     00003700  _eMBFuncReadHoldingRegister             
0     00003745  _eMBFuncReadWriteMultipleHoldingRegister
0     000036a4  _eMBFuncWriteHoldingRegister            
0     000036c6  _eMBFuncWriteMultipleHoldingRegister    
0     000032a1  _eMBInit                                
0     0000338d  _eMBPoll                                
0     00003571  _eMBRTUInit                             
0     000035bc  _eMBRTUReceive                          
0     000035e6  _eMBRTUSend                             
0     000035a3  _eMBRTUStart                            
0     000035b1  _eMBRTUStop                             
0     00002282  _eMBRegHoldingCB                        
0     000032eb  _eMBRegisterCB                          
0     00003d10  _epwm1_isr                              
1     0000f9e7  _errno                                  
0     00003ef3  _exit                                   
0     00003d25  _floor                                  
0     00003d25  _floorf                                 
1     0000f780  _gPulseSeq                              
0     00001001  _gpio_init                              
0     00000172  _initNMRParameters                      
0     00001342  _init_spi_dac                           
1     0000f6d9  _j                                      
0     00003d7e  _ldexp                                  
0     00003d7e  _ldexpf                                 
0     00000fde  _led_blink_D40                          
0     00000fbb  _led_blink_D42                          
0     00003cff  _local_DINTCH1_ISR                      
0     000031e9  _mReadNMR_ACQ                           
0     00001811  _magnet_reg_read                        
0     00001774  _magnet_temp_init                       
0     0000183b  _magnet_temp_mosi                       
0     00001821  _magnet_temp_read                       
0     000017e0  _magnet_temp_reset                      
0     000017f6  _magnet_temp_sdatac                     
0     000017eb  _magnet_temp_sync                       
0     00001801  _magnet_temp_write                      
0     0000212f  _main                                   
0     000012cf  _mcsb32bitWordFromADC                   
0     00003ff5  _memcpy                                 
1     0000f6ee  _nextExpt                               
0     000018aa  _plscpy                                 
1     0000f9d8  _portMBox                               
0     00002a9c  _pow                                    
0     00002a9c  _powf                                   
0     00003c34  _prveMBError2Exception                  
1     0000db6a  _pxMBFrameCBByteReceived                
1     0000db70  _pxMBFrameCBReceiveFSMCur               
1     0000db72  _pxMBFrameCBTransmitFSMCur              
1     0000db6c  _pxMBFrameCBTransmitterEmpty            
1     0000db6e  _pxMBPortCBTimerExpired                 
1     0000db78  _rdata1                                 
1     0000db79  _rdata2                                 
0     00003111  _rsvd_ISR                               
0     00003d7e  _scalbn                                 
0     00003d7e  _scalbnf                                
0     00003c4c  _sciaRxIsr                              
0     00003c8b  _sciaTxIsr                              
1     0000db76  _sdata1                                 
1     0000db77  _sdata2                                 
0     0000126e  _setup_McbspbSpi                        
0     00001484  _spi_PLL_read                           
0     00001312  _spi_dac                                
0     00001375  _spi_dac_MCC                            
0     0000117a  _spi_init                               
0     00001227  _spi_temp_board                         
0     00003f42  _sqrt                                   
0     00003f42  _sqrtf                                  
0     0000408c  _strcpy                                 
1     0000db7a  _t1                                     
1     0000db7c  _t2                                     
1     0000f9e6  _test                                   
0     000031f3  _trigger_ADC_sample                     
1     0000f880  _ucRTUBuf                               
1     0000f6da  _usAddress                              
0     00003f69  _usMBCRC16                              
1     0000f6db  _usRegInputBuf                          
0     000039bf  _vMBPortSerialEnable                    
0     00003a06  _vMBPortSerialWaitForTXEnd              
0     00003e93  _vMBPortTimersDisable                   
0     00003e8c  _vMBPortTimersEnable                    
0     00003e4c  _xMBPortEventGet                        
0     00003e2c  _xMBPortEventInit                       
0     00003e32  _xMBPortEventPost                       
0     00003a7c  _xMBPortSerialGetByte                   
0     00003a0e  _xMBPortSerialInit                      
0     00003a73  _xMBPortSerialPutByte                   
0     00003e67  _xMBPortTimersInit                      
0     00003620  _xMBRTUReceiveFSM                       
0     00003688  _xMBRTUTimerT35Expired                  
0     0000365a  _xMBRTUTransmitFSM                      
0     00003c10  _xMBUtilGetBits                         
0     00003bd6  _xMBUtilSetBits                         
abs   ffffffff  binit                                   
0     000080ba  cinit                                   
0     00000000  code_start                              
0     00004097  etext                                   
abs   ffffffff  pinit                                   


GLOBAL SYMBOLS: SORTED BY Symbol Address 

page  address   name                                    
----  -------   ----                                    
0     00000000  .text                                   
0     00000000  _GetErrorCode                           
0     00000000  ___text__                               
0     00000000  code_start                              
0     00000004  _SetErrorCode                           
0     0000000c  _SetFreq                                
0     00000013  _SetGain                                
0     0000001a  _SetTD                                  
0     00000021  _GetAcqTD                               
0     00000025  _GetNMRParameters                       
0     000000ad  _GetFullParameters                      
0     000000c7  _SetNMRParameters                       
0     00000172  _initNMRParameters                      
0     000001c9  _GetNMRData                             
0     000001e9  _SetTuningCap                           
0     000001f9  _SetRecGain                             
0     00000208  _SetPowerLevel                          
0     00000217  _Do_NMR_experiments                     
0     0000027c  _Run_NMR_FID                            
0     00000310  _Run_NMR_FID_mcbsp                      
0     000003bd  _Run_NMR_IR_mcbsp                       
0     00000477  _Run_NMR_Accumulate_mcbsp               
0     0000051d  _Run_NMR_Accumulate_tuning_mcbsp        
0     000005bc  _Run_NMR_Tuning                         
0     0000064c  _Run_NMR_Tuning_mcbsp                   
0     000006f6  _Run_NMR_CPMG                           
0     00000801  _Run_NMR_CPMG_mcbsp                     
0     00000937  _Run_NMR_IRCPMG_mcbsp                   
0     00000a6e  _Run_NMR_Accumulate_CPMG_mcbsp          
0     00000bc0  _Run_NMR_Accumulate_test_tuning         
0     00000c97  _Run_NMR_Accumulate                     
0     00000d69  _Run_NMR_Accumulate_CPMG                
0     00000f40  _PrepareNMRADC                          
0     00000f4b  _FinishNMRADC                           
0     00000f50  _Run_NMR_test                           
0     00000fbb  _led_blink_D42                          
0     00000fde  _led_blink_D40                          
0     00001001  _gpio_init                              
0     0000117a  _spi_init                               
0     000011a8  _configure_SPI                          
0     000011ed  _InitEPwm2                              
0     00001227  _spi_temp_board                         
0     0000126e  _setup_McbspbSpi                        
0     000012cf  _mcsb32bitWordFromADC                   
0     00001312  _spi_dac                                
0     00001342  _init_spi_dac                           
0     00001375  _spi_dac_MCC                            
0     000013ac  _PLL_init                               
0     00001484  _spi_PLL_read                           
0     0000149d  _PLL_freq_set2                          
0     0000157b  _PLL_freq_set3                          
0     000015b3  _PLL_freq_set                           
0     000016c0  _PLL_write                              
0     000016d7  _PLL_mosi                               
0     0000171b  _PLL_freq_set_orig                      
0     00001774  _magnet_temp_init                       
0     000017e0  _magnet_temp_reset                      
0     000017eb  _magnet_temp_sync                       
0     000017f6  _magnet_temp_sdatac                     
0     00001801  _magnet_temp_write                      
0     00001811  _magnet_reg_read                        
0     00001821  _magnet_temp_read                       
0     0000183b  _magnet_temp_mosi                       
0     000018aa  _plscpy                                 
0     000018b8  _PlsGen                                 
0     00001913  _PlsGenAddLoop                          
0     0000192c  _PlsGenDelay                            
0     00001940  _PlsGenPulse                            
0     00001955  _PlsGenACQ                              
0     00001975  _GetPlsTime                             
0     00001988  _FID3                                   
0     00001a8e  _FID2                                   
0     00001bc0  _TuningSeq                              
0     00001c83  _CPMG2                                  
0     00001dbd  _IR                                     
0     00001f52  _IRCPMG                                 
0     00002104  _NMR_job                                
0     0000212f  _main                                   
0     00002282  _eMBRegHoldingCB                        
0     000026b3  _DMAInitialize                          
0     000026be  _DMACH1AddrConfig                       
0     000026ce  _DMACH1BurstConfig                      
0     000026de  _DMACH1TransferConfig                   
0     000026ee  _DMACH1WrapConfig                       
0     00002701  _DMACH1ModeConfig                       
0     0000275b  _StartDMACH1                            
0     00002763  _DMACH2AddrConfig                       
0     00002773  _DMACH2BurstConfig                      
0     00002783  _DMACH2TransferConfig                   
0     00002793  _DMACH2WrapConfig                       
0     000027a6  _DMACH2ModeConfig                       
0     00002800  _StartDMACH2                            
0     00002808  _DMACH3AddrConfig                       
0     00002818  _DMACH3BurstConfig                      
0     00002828  _DMACH3TransferConfig                   
0     00002838  _DMACH3WrapConfig                       
0     0000284b  _DMACH3ModeConfig                       
0     000028a5  _StartDMACH3                            
0     000028ad  _DMACH4AddrConfig                       
0     000028bd  _DMACH4BurstConfig                      
0     000028cd  _DMACH4TransferConfig                   
0     000028dd  _DMACH4WrapConfig                       
0     000028f0  _DMACH4ModeConfig                       
0     0000294a  _StartDMACH4                            
0     00002952  _DMACH5AddrConfig                       
0     00002962  _DMACH5BurstConfig                      
0     00002972  _DMACH5TransferConfig                   
0     00002982  _DMACH5WrapConfig                       
0     00002995  _DMACH5ModeConfig                       
0     000029ef  _StartDMACH5                            
0     000029f7  _DMACH6AddrConfig                       
0     00002a07  _DMACH6BurstConfig                      
0     00002a17  _DMACH6TransferConfig                   
0     00002a27  _DMACH6WrapConfig                       
0     00002a3a  _DMACH6ModeConfig                       
0     00002a94  _StartDMACH6                            
0     00002a9c  _pow                                    
0     00002a9c  _powf                                   
0     00002e05  _INT13_ISR                              
0     00002e0f  _INT14_ISR                              
0     00002e19  _DATALOG_ISR                            
0     00002e23  _RTOSINT_ISR                            
0     00002e2d  _EMUINT_ISR                             
0     00002e37  _NMI_ISR                                
0     00002e41  _ILLEGAL_ISR                            
0     00002e4b  _USER1_ISR                              
0     00002e55  _USER2_ISR                              
0     00002e5f  _USER3_ISR                              
0     00002e69  _USER4_ISR                              
0     00002e73  _USER5_ISR                              
0     00002e7d  _USER6_ISR                              
0     00002e87  _USER7_ISR                              
0     00002e91  _USER8_ISR                              
0     00002e9b  _USER9_ISR                              
0     00002ea5  _USER10_ISR                             
0     00002eaf  _USER11_ISR                             
0     00002eb9  _USER12_ISR                             
0     00002ec3  _SEQ1INT_ISR                            
0     00002ecd  _SEQ2INT_ISR                            
0     00002ed7  _XINT1_ISR                              
0     00002ee1  _XINT2_ISR                              
0     00002eeb  _ADCINT_ISR                             
0     00002ef5  _TINT0_ISR                              
0     00002eff  _WAKEINT_ISR                            
0     00002f09  _EPWM1_TZINT_ISR                        
0     00002f13  _EPWM2_TZINT_ISR                        
0     00002f1d  _EPWM3_TZINT_ISR                        
0     00002f27  _EPWM4_TZINT_ISR                        
0     00002f31  _EPWM5_TZINT_ISR                        
0     00002f3b  _EPWM6_TZINT_ISR                        
0     00002f45  _EPWM1_INT_ISR                          
0     00002f4f  _EPWM2_INT_ISR                          
0     00002f59  _EPWM3_INT_ISR                          
0     00002f63  _EPWM4_INT_ISR                          
0     00002f6d  _EPWM5_INT_ISR                          
0     00002f77  _EPWM6_INT_ISR                          
0     00002f81  _ECAP1_INT_ISR                          
0     00002f8b  _ECAP2_INT_ISR                          
0     00002f95  _ECAP3_INT_ISR                          
0     00002f9f  _ECAP4_INT_ISR                          
0     00002fa9  _ECAP5_INT_ISR                          
0     00002fb3  _ECAP6_INT_ISR                          
0     00002fbd  _EQEP1_INT_ISR                          
0     00002fc7  _EQEP2_INT_ISR                          
0     00002fd1  _SPIRXINTA_ISR                          
0     00002fdb  _SPITXINTA_ISR                          
0     00002fe5  _MRINTB_ISR                             
0     00002fef  _MXINTB_ISR                             
0     00002ff9  _MRINTA_ISR                             
0     00003003  _MXINTA_ISR                             
0     0000300d  _DINTCH1_ISR                            
0     00003017  _DINTCH2_ISR                            
0     00003021  _DINTCH3_ISR                            
0     0000302b  _DINTCH4_ISR                            
0     00003035  _DINTCH5_ISR                            
0     0000303f  _DINTCH6_ISR                            
0     00003049  _I2CINT1A_ISR                           
0     00003053  _I2CINT2A_ISR                           
0     0000305d  _SCIRXINTC_ISR                          
0     00003067  _SCITXINTC_ISR                          
0     00003071  _SCIRXINTA_ISR                          
0     0000307b  _SCITXINTA_ISR                          
0     00003085  _SCIRXINTB_ISR                          
0     0000308f  _SCITXINTB_ISR                          
0     00003099  _ECAN0INTA_ISR                          
0     000030a3  _ECAN1INTA_ISR                          
0     000030ad  _ECAN0INTB_ISR                          
0     000030b7  _ECAN1INTB_ISR                          
0     000030c1  _XINT3_ISR                              
0     000030cb  _XINT4_ISR                              
0     000030d5  _XINT5_ISR                              
0     000030df  _XINT6_ISR                              
0     000030e9  _XINT7_ISR                              
0     000030f3  _LVF_ISR                                
0     000030fd  _LUF_ISR                                
0     00003107  _PIE_RESERVED                           
0     00003111  _rsvd_ISR                               
0     0000311b  _ASIC_mosi_download                     
0     000031b6  _StartNMRASIC_SEQ                       
0     000031bb  _StopNMRASIC_SEQ                        
0     000031c0  _AsicGainCtrl                           
0     000031e9  _mReadNMR_ACQ                           
0     000031f3  _trigger_ADC_sample                     
0     00003216  _SPIRead32bitWordFromADC                
0     00003276  _SPIRead32bitWordFromADCFast            
0     000032a1  _eMBInit                                
0     000032eb  _eMBRegisterCB                          
0     00003354  _eMBClose                               
0     00003365  _eMBEnable                              
0     00003377  _eMBDisable                             
0     0000338d  _eMBPoll                                
0     00003415  _InitMcbsp                              
0     0000341a  _InitMcbspa                             
0     00003446  _InitMcbspb                             
0     00003472  _InitMcbspa8bit                         
0     00003479  _InitMcbspa12bit                        
0     00003484  _InitMcbspa16bit                        
0     0000348f  _InitMcbspa20bit                        
0     0000349a  _InitMcbspa24bit                        
0     000034a5  _InitMcbspa32bit                        
0     000034b0  _InitMcbspb8bit                         
0     000034b7  _InitMcbspb12bit                        
0     000034c2  _InitMcbspb16bit                        
0     000034cd  _InitMcbspb20bit                        
0     000034d8  _InitMcbspb24bit                        
0     000034e3  _InitMcbspb32bit                        
0     000034ee  _InitMcbspGpio                          
0     000034f3  _InitMcbspaGpio                         
0     0000352d  _InitMcbspbGpio                         
0     00003545  _delay_loop                             
0     0000355b  _clkg_delay_loop                        
0     00003571  _eMBRTUInit                             
0     000035a3  _eMBRTUStart                            
0     000035b1  _eMBRTUStop                             
0     000035bc  _eMBRTUReceive                          
0     000035e6  _eMBRTUSend                             
0     00003620  _xMBRTUReceiveFSM                       
0     0000365a  _xMBRTUTransmitFSM                      
0     00003688  _xMBRTUTimerT35Expired                  
0     000036a4  _eMBFuncWriteHoldingRegister            
0     000036c6  _eMBFuncWriteMultipleHoldingRegister    
0     00003700  _eMBFuncReadHoldingRegister             
0     00003745  _eMBFuncReadWriteMultipleHoldingRegister
0     000037b4  _ResetNMR                               
0     00003828  _InitNMR                                
0     000038a6  _DlPlSeq                                
0     000038ac  _EN_NMR_mode                            
0     000038b5  _EN_Tuning_mode                         
0     000038be  _InitSysCtrl                            
0     000038c7  _ServiceDog                             
0     000038d1  _DisableDog                             
0     000038d9  _InitPll                                
0     0000392a  _InitPeripheralClocks                   
0     00003985  _CsmUnlock                              
0     000039bf  _vMBPortSerialEnable                    
0     00003a06  _vMBPortSerialWaitForTXEnd              
0     00003a0e  _xMBPortSerialInit                      
0     00003a73  _xMBPortSerialPutByte                   
0     00003a7c  _xMBPortSerialGetByte                   
0     00003a86  _InitEPwm                               
0     00003a87  _InitEPwmGpio                           
0     00003a94  _InitEPwm1Gpio                          
0     00003aa6  _InitEPwm2Gpio                          
0     00003ab8  _InitEPwm3Gpio                          
0     00003acc  _InitEPwm4Gpio                          
0     00003ae0  _InitEPwm5Gpio                          
0     00003af2  _InitEPwm6Gpio                          
0     00003b04  _InitEPwmSyncGpio                       
0     00003b18  _InitTzGpio                             
0     00003b4e  FS$$DIV                                 
0     00003bd6  _xMBUtilSetBits                         
0     00003c10  _xMBUtilGetBits                         
0     00003c34  _prveMBError2Exception                  
0     00003c4c  _sciaRxIsr                              
0     00003c8b  _sciaTxIsr                              
0     00003cbe  _cpu_timer2_isr                         
0     00003cff  _local_DINTCH1_ISR                      
0     00003d10  _epwm1_isr                              
0     00003d25  _floor                                  
0     00003d25  _floorf                                 
0     00003d7e  _ldexp                                  
0     00003d7e  _ldexpf                                 
0     00003d7e  _scalbn                                 
0     00003d7e  _scalbnf                                
0     00003dd6  _c_int00                                
0     00003e2c  _xMBPortEventInit                       
0     00003e32  _xMBPortEventPost                       
0     00003e4c  _xMBPortEventGet                        
0     00003e67  _xMBPortTimersInit                      
0     00003e8c  _vMBPortTimersEnable                    
0     00003e93  _vMBPortTimersDisable                   
0     00003e98  _cpu_timer1_isr                         
0     00003ec7  L$$DIV                                  
0     00003ed6  L$$MOD                                  
0     00003ee4  UL$$DIV                                 
0     00003eeb  UL$$MOD                                 
0     00003ef1  C$$EXIT                                 
0     00003ef1  _abort                                  
0     00003ef3  _exit                                   
0     00003f1a  _InitPieCtrl                            
0     00003f39  _EnableInterrupts                       
0     00003f42  _sqrt                                   
0     00003f42  _sqrtf                                  
0     00003f69  _usMBCRC16                              
0     00003f8f  _copy_in                                
0     00003fb3  I$$DIV                                  
0     00003fc4  I$$MOD                                  
0     00003fd5  _InitPieVectTable                       
0     00003ff5  _memcpy                                 
0     00004012  __args_main                             
0     0000402b  _InitGpio                               
0     00004042  _InitAdc                                
0     00004056  _copysign                               
0     00004056  _copysignf                              
0     00004067  _cpu_timer0_isr                         
0     00004074  __register_unlock                       
0     00004078  __register_lock                         
0     0000407c  __nop                                   
0     00004085  _DSP28x_DisableInt                      
0     00004089  _DSP28x_RestoreInt                      
0     0000408c  _strcpy                                 
0     00004091  _SetDBGIER                              
0     00004094  __system_pre_init                       
0     00004096  __system_post_cinit                     
0     00004097  ___etext__                              
0     00004097  etext                                   
0     000080ba  ___cinit__                              
0     000080ba  cinit                                   
0     0000811c  _DSP28x_usDelay                         
0     00380080  _ADC_cal                                
1     00000400  __stack                                 
1     00000700  __STACK_END                             
1     00000880  _DevEmuRegs                             
1     00000a80  _FlashRegs                              
1     00000ae0  _CsmRegs                                
1     00000b00  _AdcMirror                              
1     00000b20  _XintfRegs                              
1     00000c00  _CpuTimer0Regs                          
1     00000c08  _CpuTimer1Regs                          
1     00000c10  _CpuTimer2Regs                          
1     00000ce0  _PieCtrlRegs                            
1     00000d00  _PieVectTable                           
1     00001000  _DmaRegs                                
1     00005000  _McbspaRegs                             
1     00005040  _McbspbRegs                             
1     00006000  _ECanaRegs                              
1     00006040  _ECanaLAMRegs                           
1     00006080  _ECanaMOTSRegs                          
1     000060c0  _ECanaMOTORegs                          
1     00006100  _ECanaMboxes                            
1     00006200  _ECanbRegs                              
1     00006240  _ECanbLAMRegs                           
1     00006280  _ECanbMOTSRegs                          
1     000062c0  _ECanbMOTORegs                          
1     00006300  _ECanbMboxes                            
1     00006800  _EPwm1Regs                              
1     00006840  _EPwm2Regs                              
1     00006880  _EPwm3Regs                              
1     000068c0  _EPwm4Regs                              
1     00006900  _EPwm5Regs                              
1     00006940  _EPwm6Regs                              
1     00006a00  _ECap1Regs                              
1     00006a20  _ECap2Regs                              
1     00006a40  _ECap3Regs                              
1     00006a60  _ECap4Regs                              
1     00006a80  _ECap5Regs                              
1     00006aa0  _ECap6Regs                              
1     00006b00  _EQep1Regs                              
1     00006b40  _EQep2Regs                              
1     00006f80  _GpioCtrlRegs                           
1     00006fc0  _GpioDataRegs                           
1     00006fe0  _GpioIntRegs                            
1     00007010  _SysCtrlRegs                            
1     00007040  _SpiaRegs                               
1     00007050  _SciaRegs                               
1     00007070  _XIntruptRegs                           
1     00007100  _AdcRegs                                
1     00007750  _ScibRegs                               
1     00007770  _ScicRegs                               
1     00007900  _I2caRegs                               
1     0000c000  _dataBuf_imag                           
1     0000db6a  _pxMBFrameCBByteReceived                
1     0000db6c  _pxMBFrameCBTransmitterEmpty            
1     0000db6e  _pxMBPortCBTimerExpired                 
1     0000db70  _pxMBFrameCBReceiveFSMCur               
1     0000db72  _pxMBFrameCBTransmitFSMCur              
1     0000db76  _sdata1                                 
1     0000db77  _sdata2                                 
1     0000db78  _rdata1                                 
1     0000db79  _rdata2                                 
1     0000db7a  _t1                                     
1     0000db7c  _t2                                     
1     0000db7e  _Timer_Count                            
1     0000db80  _dataBuf_real                           
1     0000f6d8  _asic_gain                              
1     0000f6d9  _j                                      
1     0000f6da  _usAddress                              
1     0000f6db  _usRegInputBuf                          
1     0000f6dc  _TSt1                                   
1     0000f6de  _TSt2                                   
1     0000f6e0  _TSt3                                   
1     0000f6e2  _On_Period                              
1     0000f6e4  _Off_Period                             
1     0000f6e6  _Period                                 
1     0000f6e8  _Xint1Count                             
1     0000f6ea  _DMADest                                
1     0000f6ec  _DMASource                              
1     0000f6ee  _nextExpt                               
1     0000f6fa  ___TI_enable_exit_profile_output        
1     0000f6fc  ___TI_cleanup_ptr                       
1     0000f6fe  ___TI_dtors_ptr                         
1     0000f700  _NMR_system_settings                    
1     0000f780  _gPulseSeq                              
1     0000f880  _ucRTUBuf                               
1     0000f9c0  _CpuTimer0                              
1     0000f9c8  _CpuTimer1                              
1     0000f9d0  _CpuTimer2                              
1     0000f9d8  _portMBox                               
1     0000f9dc  _data1                                  
1     0000f9df  _data2                                  
1     0000f9e2  __lock                                  
1     0000f9e4  __unlock                                
1     0000f9e6  _test                                   
1     0000f9e7  _errno                                  
1     0000fbe8  _PieVectTableInit                       
1     0000fd9a  _US_NMR                                 
1     0000fd9c  _MAXT_NMR                               
1     0000fd9e  _FW_VERSION                             
1     0000fd9f  _MB_SLV_ID                              
1     0000fda0  _TimerTicksPer50us                      
1     0000fdc0  _DMABuf1                                
1     0033fff8  _CsmPwl                                 
1     00380090  _PartIdRegs                             
abs   00000300  __STACK_SIZE                            
abs   ffffffff  ___TI_pprof_out_hndl                    
abs   ffffffff  ___TI_prof_data_size                    
abs   ffffffff  ___TI_prof_data_start                   
abs   ffffffff  ___binit__                              
abs   ffffffff  ___c_args__                             
abs   ffffffff  ___pinit__                              
abs   ffffffff  binit                                   
abs   ffffffff  pinit                                   

[442 symbols]
