******************************************************************************
             TMS320C2000 Linker PC v16.9.3                     
******************************************************************************
>> Linked Thu Aug 17 12:10:27 2017

OUTPUT FILE NAME:   <uNMR_CCS613.out>
ENTRY POINT SYMBOL: "_c_int00"  address: 00003e06


MEMORY CONFIGURATION

         name            origin    length      used     unused   attr    fill
----------------------  --------  ---------  --------  --------  ----  --------
PAGE 0:
  BEGIN                 00000000   00000002  00000002  00000000  RWIX
  RAMM0                 00000050   000003b0  00000000  000003b0  RWIX
  RAML0                 00008000   00001000  000000ec  00000f14  RWIX
  RAML1                 00009000   00003000  00000000  00003000  RWIX
  ZONE7A                00200000   0000fc00  00000000  0000fc00  RWIX
  CSM_RSVD              0033ff80   00000076  00000000  00000076  RWIX
  CSM_PWL               0033fff8   00000008  00000000  00000008  RWIX
  ADC_CAL               00380080   00000009  00000007  00000002  RWIX
  IQTABLES              003fe000   00000b50  00000000  00000b50  RWIX
  IQTABLES2             003feb50   0000008c  00000000  0000008c  RWIX
  FPUTABLES             003febdc   000006a0  00000000  000006a0  RWIX
  BOOTROM               003ff27c   00000d44  00000000  00000d44  RWIX
  RESET                 003fffc0   00000002  00000000  00000002  RWIX

PAGE 1:
  BOOT_RSVD             00000002   0000004e  00000000  0000004e  RWIX
  RAMM1                 00000400   00000400  00000400  00000000  RWIX
  DEV_EMU               00000880   00000180  000000d0  000000b0  RWIX
  FLASH_REGS            00000a80   00000060  00000008  00000058  RWIX
  CSM                   00000ae0   00000010  00000010  00000000  RWIX
  ADC_MIRROR            00000b00   00000010  00000010  00000000  RWIX
  XINTF                 00000b20   00000020  0000001e  00000002  RWIX
  CPU_TIMER0            00000c00   00000008  00000008  00000000  RWIX
  CPU_TIMER1            00000c08   00000008  00000008  00000000  RWIX
  CPU_TIMER2            00000c10   00000008  00000008  00000000  RWIX
  PIE_CTRL              00000ce0   00000020  0000001a  00000006  RWIX
  PIE_VECT              00000d00   00000100  00000100  00000000  RWIX
  DMA                   00001000   00000200  000000e0  00000120  RWIX
  MCBSPA                00005000   00000040  00000025  0000001b  RWIX
  MCBSPB                00005040   00000040  00000025  0000001b  RWIX
  ECANA                 00006000   00000040  00000034  0000000c  RWIX
  ECANA_LAM             00006040   00000040  00000040  00000000  RWIX
  ECANA_MOTS            00006080   00000040  00000040  00000000  RWIX
  ECANA_MOTO            000060c0   00000040  00000040  00000000  RWIX
  ECANA_MBOX            00006100   00000100  00000100  00000000  RWIX
  ECANB                 00006200   00000040  00000034  0000000c  RWIX
  ECANB_LAM             00006240   00000040  00000040  00000000  RWIX
  ECANB_MOTS            00006280   00000040  00000040  00000000  RWIX
  ECANB_MOTO            000062c0   00000040  00000040  00000000  RWIX
  ECANB_MBOX            00006300   00000100  00000100  00000000  RWIX
  EPWM1                 00006800   00000022  00000022  00000000  RWIX
  EPWM2                 00006840   00000022  00000022  00000000  RWIX
  EPWM3                 00006880   00000022  00000022  00000000  RWIX
  EPWM4                 000068c0   00000022  00000022  00000000  RWIX
  EPWM5                 00006900   00000022  00000022  00000000  RWIX
  EPWM6                 00006940   00000022  00000022  00000000  RWIX
  ECAP1                 00006a00   00000020  00000020  00000000  RWIX
  ECAP2                 00006a20   00000020  00000020  00000000  RWIX
  ECAP3                 00006a40   00000020  00000020  00000000  RWIX
  ECAP4                 00006a60   00000020  00000020  00000000  RWIX
  ECAP5                 00006a80   00000020  00000020  00000000  RWIX
  ECAP6                 00006aa0   00000020  00000020  00000000  RWIX
  EQEP1                 00006b00   00000040  00000040  00000000  RWIX
  EQEP2                 00006b40   00000040  00000040  00000000  RWIX
  GPIOCTRL              00006f80   00000040  0000002e  00000012  RWIX
  GPIODAT               00006fc0   00000020  00000020  00000000  RWIX
  GPIOINT               00006fe0   00000020  0000000a  00000016  RWIX
  SYSTEM                00007010   00000020  00000020  00000000  RWIX
  SPIA                  00007040   00000010  00000010  00000000  RWIX
  SCIA                  00007050   00000010  00000010  00000000  RWIX
  XINTRUPT              00007070   00000010  00000010  00000000  RWIX
  ADC                   00007100   00000020  0000001e  00000002  RWIX
  SCIB                  00007750   00000010  00000010  00000000  RWIX
  SCIC                  00007770   00000010  00000010  00000000  RWIX
  I2CA                  00007900   00000040  00000022  0000001e  RWIX
  RAML4                 0000c000   00004000  00003e5e  000001a2  RWIX
  ZONE7B                0020fc00   00000400  00000000  00000400  RWIX
  CSM_PWL               0033fff8   00000008  00000008  00000000  RWIX
  PARTID                00380090   00000001  00000001  00000000  RWIX


SECTION ALLOCATION MAP

 output                                  attributes/
section   page    origin      length       input sections
--------  ----  ----------  ----------   ----------------
codestart 
*          0    00000000    00000002     
                  00000000    00000002     DSP2833x_CodeStartBranch.obj (codestart)

.text      0    00000000    000040cf     FAILED TO ALLOCATE
.stack     1    00000000    00000300     FAILED TO ALLOCATE
.switch    0    00008000    00000082     
                  00008000    0000003a     main.obj (.switch:_eMBRegHoldingCB)
                  0000803a    00000024     RunNMR.obj (.switch:_GetNMRParameters)
                  0000805e    00000024     RunNMR.obj (.switch:_SetNMRParameters)

.cinit     0    00008082    00000066     
                  00008082    00000018     gpio_init.obj (.cinit)
                  0000809a    00000017     mb.obj (.cinit)
                  000080b1    00000015     main.obj (.cinit)
                  000080c6    0000000e     rts2800_fpu32.lib : exit.obj (.cinit)
                  000080d4    00000005                       : _lock.obj (.cinit:__lock)
                  000080d9    00000005                       : _lock.obj (.cinit:__unlock)
                  000080de    00000004                       : errno.obj (.cinit)
                  000080e2    00000004                       : memory.obj (.cinit)
                  000080e6    00000002     --HOLE-- [fill = 0]

ramfuncs   0    000080e8    00000004     
                  000080e8    00000004     DSP2833x_usDelay.obj (ramfuncs)

.pinit     0    00008000    00000000     UNINITIALIZED

.esysmem   1    00000400    00000400     UNINITIALIZED
                  00000400    00000001     rts2800_fpu32.lib : memory.obj (.esysmem)
                  00000401    000003ff     --HOLE--

.ebss      1    0000c000    00003a82     UNINITIALIZED
                  0000c000    00003858     RunNMR.obj (.ebss)
                  0000f858    0000001c     main.obj (.ebss)
                  0000f874    00000008     rts2800_fpu32.lib : memory.obj (.ebss)
                  0000f87c    00000004     portevent.obj (.ebss)
                  0000f880    00000140     mbrtu.obj (.ebss)
                  0000f9c0    00000080     mb.obj (.ebss)
                  0000fa40    00000018     DSP2833x_CpuTimers.obj (.ebss)
                  0000fa58    00000010     gpio_init.obj (.ebss)
                  0000fa68    0000000e     rts2800_fpu32.lib : vla_alloc.obj (.ebss)
                  0000fa76    00000006                       : exit.obj (.ebss)
                  0000fa7c    00000002                       : _lock.obj (.ebss:__lock)
                  0000fa7e    00000002                       : _lock.obj (.ebss:__unlock)
                  0000fa80    00000001     mbfuncdiag.obj (.ebss)
                  0000fa81    00000001     rts2800_fpu32.lib : errno.obj (.ebss)

.econst    1    0000fa82    000003b4     
                  0000fa82    00000100     mbcrc.obj (.econst:.string:_aucCRCHi)
                  0000fb82    00000100     mbcrc.obj (.econst:.string:_aucCRCLo)
                  0000fc82    00000100     DSP2833x_PieVect.obj (.econst:_PieVectTableInit)
                  0000fd82    00000032     rts2800_fpu32.lib : e_powf.obj (.econst)
                  0000fdb4    0000000f     RunNMR.obj (.econst:.string)
                  0000fdc3    0000000f     tempcontoller.obj (.econst:_$P$T0$1)
                  0000fdd2    0000000f     tempcontoller.obj (.econst:_$P$T1$2)
                  0000fde1    00000001     --HOLE-- [fill = 0]
                  0000fde2    00000006     rts2800_fpu32.lib : s_scalbnf.obj (.econst)
                  0000fde8    00000004     RunNMR.obj (.econst:_$P$T0$1)
                  0000fdec    00000004     RunNMR.obj (.econst:_$P$T1$2)
                  0000fdf0    00000004     RunNMR.obj (.econst:_$P$T10$11)
                  0000fdf4    00000004     RunNMR.obj (.econst:_$P$T11$12)
                  0000fdf8    00000004     RunNMR.obj (.econst:_$P$T12$13)
                  0000fdfc    00000004     RunNMR.obj (.econst:_$P$T13$14)
                  0000fe00    00000004     RunNMR.obj (.econst:_$P$T2$3)
                  0000fe04    00000004     RunNMR.obj (.econst:_$P$T3$4)
                  0000fe08    00000004     RunNMR.obj (.econst:_$P$T4$5)
                  0000fe0c    00000004     RunNMR.obj (.econst:_$P$T5$6)
                  0000fe10    00000004     RunNMR.obj (.econst:_$P$T6$7)
                  0000fe14    00000004     RunNMR.obj (.econst:_$P$T7$8)
                  0000fe18    00000004     RunNMR.obj (.econst:_$P$T8$9)
                  0000fe1c    00000004     RunNMR.obj (.econst:_$P$T9$10)
                  0000fe20    00000004     rts2800_fpu32.lib : e_powf.obj (.econst:_bp)
                  0000fe24    00000004                       : e_powf.obj (.econst:_dp_h)
                  0000fe28    00000004                       : e_powf.obj (.econst:_dp_l)
                  0000fe2c    00000004     nmr_plsq.obj (.econst)
                  0000fe30    00000002     main.obj (.econst)
                  0000fe32    00000002     porttimer.obj (.econst)
                  0000fe34    00000002     rts2800_fpu32.lib : s_floorf.obj (.econst)

DMARAML4   1    0000fe40    00000028     UNINITIALIZED
                  0000fe40    00000028     main.obj (DMARAML4)

.reset     0    003fffc0    00000002     DSECT
                  003fffc0    00000002     rts2800_fpu32.lib : boot28.obj (.reset)

csm_rsvd   0    0033ff80    00000076     DSECT
                  0033ff80    00000076     DSP2833x_CSMPasswords.obj (csm_rsvd)

csmpasswds 
*          0    0033fff8    00000008     DSECT
                  0033fff8    00000008     DSP2833x_CSMPasswords.obj (csmpasswds)

.adc_cal   0    00380080    00000007     NOLOAD SECTION
                  00380080    00000007     DSP2833x_ADC_cal.obj (.adc_cal)

DevEmuRegsFile 
*          1    00000880    000000d0     UNINITIALIZED
                  00000880    000000d0     DSP2833x_GlobalVariableDefs.obj (DevEmuRegsFile)

FlashRegsFile 
*          1    00000a80    00000008     UNINITIALIZED
                  00000a80    00000008     DSP2833x_GlobalVariableDefs.obj (FlashRegsFile)

CsmRegsFile 
*          1    00000ae0    00000010     UNINITIALIZED
                  00000ae0    00000010     DSP2833x_GlobalVariableDefs.obj (CsmRegsFile)

AdcMirrorFile 
*          1    00000b00    00000010     UNINITIALIZED
                  00000b00    00000010     DSP2833x_GlobalVariableDefs.obj (AdcMirrorFile)

XintfRegsFile 
*          1    00000b20    0000001e     UNINITIALIZED
                  00000b20    0000001e     DSP2833x_GlobalVariableDefs.obj (XintfRegsFile)

CpuTimer0RegsFile 
*          1    00000c00    00000008     UNINITIALIZED
                  00000c00    00000008     DSP2833x_GlobalVariableDefs.obj (CpuTimer0RegsFile)

CpuTimer1RegsFile 
*          1    00000c08    00000008     UNINITIALIZED
                  00000c08    00000008     DSP2833x_GlobalVariableDefs.obj (CpuTimer1RegsFile)

CpuTimer2RegsFile 
*          1    00000c10    00000008     UNINITIALIZED
                  00000c10    00000008     DSP2833x_GlobalVariableDefs.obj (CpuTimer2RegsFile)

PieCtrlRegsFile 
*          1    00000ce0    0000001a     UNINITIALIZED
                  00000ce0    0000001a     DSP2833x_GlobalVariableDefs.obj (PieCtrlRegsFile)

PieVectTableFile 
*          1    00000d00    00000100     UNINITIALIZED
                  00000d00    00000100     DSP2833x_GlobalVariableDefs.obj (PieVectTableFile)

DmaRegsFile 
*          1    00001000    000000e0     UNINITIALIZED
                  00001000    000000e0     DSP2833x_GlobalVariableDefs.obj (DmaRegsFile)

McbspaRegsFile 
*          1    00005000    00000025     UNINITIALIZED
                  00005000    00000025     DSP2833x_GlobalVariableDefs.obj (McbspaRegsFile)

McbspbRegsFile 
*          1    00005040    00000025     UNINITIALIZED
                  00005040    00000025     DSP2833x_GlobalVariableDefs.obj (McbspbRegsFile)

ECanaRegsFile 
*          1    00006000    00000034     UNINITIALIZED
                  00006000    00000034     DSP2833x_GlobalVariableDefs.obj (ECanaRegsFile)

ECanaLAMRegsFile 
*          1    00006040    00000040     UNINITIALIZED
                  00006040    00000040     DSP2833x_GlobalVariableDefs.obj (ECanaLAMRegsFile)

ECanaMOTSRegsFile 
*          1    00006080    00000040     UNINITIALIZED
                  00006080    00000040     DSP2833x_GlobalVariableDefs.obj (ECanaMOTSRegsFile)

ECanaMOTORegsFile 
*          1    000060c0    00000040     UNINITIALIZED
                  000060c0    00000040     DSP2833x_GlobalVariableDefs.obj (ECanaMOTORegsFile)

ECanaMboxesFile 
*          1    00006100    00000100     UNINITIALIZED
                  00006100    00000100     DSP2833x_GlobalVariableDefs.obj (ECanaMboxesFile)

ECanbRegsFile 
*          1    00006200    00000034     UNINITIALIZED
                  00006200    00000034     DSP2833x_GlobalVariableDefs.obj (ECanbRegsFile)

ECanbLAMRegsFile 
*          1    00006240    00000040     UNINITIALIZED
                  00006240    00000040     DSP2833x_GlobalVariableDefs.obj (ECanbLAMRegsFile)

ECanbMOTSRegsFile 
*          1    00006280    00000040     UNINITIALIZED
                  00006280    00000040     DSP2833x_GlobalVariableDefs.obj (ECanbMOTSRegsFile)

ECanbMOTORegsFile 
*          1    000062c0    00000040     UNINITIALIZED
                  000062c0    00000040     DSP2833x_GlobalVariableDefs.obj (ECanbMOTORegsFile)

ECanbMboxesFile 
*          1    00006300    00000100     UNINITIALIZED
                  00006300    00000100     DSP2833x_GlobalVariableDefs.obj (ECanbMboxesFile)

EPwm1RegsFile 
*          1    00006800    00000022     UNINITIALIZED
                  00006800    00000022     DSP2833x_GlobalVariableDefs.obj (EPwm1RegsFile)

EPwm2RegsFile 
*          1    00006840    00000022     UNINITIALIZED
                  00006840    00000022     DSP2833x_GlobalVariableDefs.obj (EPwm2RegsFile)

EPwm3RegsFile 
*          1    00006880    00000022     UNINITIALIZED
                  00006880    00000022     DSP2833x_GlobalVariableDefs.obj (EPwm3RegsFile)

EPwm4RegsFile 
*          1    000068c0    00000022     UNINITIALIZED
                  000068c0    00000022     DSP2833x_GlobalVariableDefs.obj (EPwm4RegsFile)

EPwm5RegsFile 
*          1    00006900    00000022     UNINITIALIZED
                  00006900    00000022     DSP2833x_GlobalVariableDefs.obj (EPwm5RegsFile)

EPwm6RegsFile 
*          1    00006940    00000022     UNINITIALIZED
                  00006940    00000022     DSP2833x_GlobalVariableDefs.obj (EPwm6RegsFile)

ECap1RegsFile 
*          1    00006a00    00000020     UNINITIALIZED
                  00006a00    00000020     DSP2833x_GlobalVariableDefs.obj (ECap1RegsFile)

ECap2RegsFile 
*          1    00006a20    00000020     UNINITIALIZED
                  00006a20    00000020     DSP2833x_GlobalVariableDefs.obj (ECap2RegsFile)

ECap3RegsFile 
*          1    00006a40    00000020     UNINITIALIZED
                  00006a40    00000020     DSP2833x_GlobalVariableDefs.obj (ECap3RegsFile)

ECap4RegsFile 
*          1    00006a60    00000020     UNINITIALIZED
                  00006a60    00000020     DSP2833x_GlobalVariableDefs.obj (ECap4RegsFile)

ECap5RegsFile 
*          1    00006a80    00000020     UNINITIALIZED
                  00006a80    00000020     DSP2833x_GlobalVariableDefs.obj (ECap5RegsFile)

ECap6RegsFile 
*          1    00006aa0    00000020     UNINITIALIZED
                  00006aa0    00000020     DSP2833x_GlobalVariableDefs.obj (ECap6RegsFile)

EQep1RegsFile 
*          1    00006b00    00000040     UNINITIALIZED
                  00006b00    00000040     DSP2833x_GlobalVariableDefs.obj (EQep1RegsFile)

EQep2RegsFile 
*          1    00006b40    00000040     UNINITIALIZED
                  00006b40    00000040     DSP2833x_GlobalVariableDefs.obj (EQep2RegsFile)

GpioCtrlRegsFile 
*          1    00006f80    0000002e     UNINITIALIZED
                  00006f80    0000002e     DSP2833x_GlobalVariableDefs.obj (GpioCtrlRegsFile)

GpioDataRegsFile 
*          1    00006fc0    00000020     UNINITIALIZED
                  00006fc0    00000020     DSP2833x_GlobalVariableDefs.obj (GpioDataRegsFile)

GpioIntRegsFile 
*          1    00006fe0    0000000a     UNINITIALIZED
                  00006fe0    0000000a     DSP2833x_GlobalVariableDefs.obj (GpioIntRegsFile)

SysCtrlRegsFile 
*          1    00007010    00000020     UNINITIALIZED
                  00007010    00000020     DSP2833x_GlobalVariableDefs.obj (SysCtrlRegsFile)

SpiaRegsFile 
*          1    00007040    00000010     UNINITIALIZED
                  00007040    00000010     DSP2833x_GlobalVariableDefs.obj (SpiaRegsFile)

SciaRegsFile 
*          1    00007050    00000010     UNINITIALIZED
                  00007050    00000010     DSP2833x_GlobalVariableDefs.obj (SciaRegsFile)

XIntruptRegsFile 
*          1    00007070    00000010     UNINITIALIZED
                  00007070    00000010     DSP2833x_GlobalVariableDefs.obj (XIntruptRegsFile)

AdcRegsFile 
*          1    00007100    0000001e     UNINITIALIZED
                  00007100    0000001e     DSP2833x_GlobalVariableDefs.obj (AdcRegsFile)

ScibRegsFile 
*          1    00007750    00000010     UNINITIALIZED
                  00007750    00000010     DSP2833x_GlobalVariableDefs.obj (ScibRegsFile)

ScicRegsFile 
*          1    00007770    00000010     UNINITIALIZED
                  00007770    00000010     DSP2833x_GlobalVariableDefs.obj (ScicRegsFile)

I2caRegsFile 
*          1    00007900    00000022     UNINITIALIZED
                  00007900    00000022     DSP2833x_GlobalVariableDefs.obj (I2caRegsFile)

CsmPwlFile 
*          1    0033fff8    00000008     UNINITIALIZED
                  0033fff8    00000008     DSP2833x_GlobalVariableDefs.obj (CsmPwlFile)

PartIdRegsFile 
*          1    00380090    00000001     UNINITIALIZED
                  00380090    00000001     DSP2833x_GlobalVariableDefs.obj (PartIdRegsFile)

MODULE SUMMARY

       Module                            code   initialized data   uninitialized data
       ------                            ----   ----------------   ------------------
    .\DSP2833x\source\
       DSP2833x_GlobalVariableDefs.obj   0      0                  2679              
    +--+---------------------------------+------+------------------+--------------------+
       Total:                            0      0                  2679              
                                                                                     
    .\DSP2833x_common\source\
       DSP2833x_PieVect.obj              0      256                0                 
       DSP2833x_CpuTimers.obj            0      0                  24                
       DSP2833x_ADC_cal.obj              7      0                  0                 
       DSP2833x_usDelay.obj              4      0                  0                 
       DSP2833x_CodeStartBranch.obj      2      0                  0                 
    +--+---------------------------------+------+------------------+--------------------+
       Total:                            13     256                24                
                                                                                     
    .\SOURCE\
       RunNMR.obj                        0      143                14424             
       main.obj                          0      81                 68                
       gpio_init.obj                     0      24                 16                
       tempcontoller.obj                 0      30                 0                 
       nmr_plsq.obj                      0      4                  0                 
    +--+---------------------------------+------+------------------+--------------------+
       Total:                            0      282                14508             
                                                                                     
    .\freeMODBUS\
       mb.obj                            0      23                 128               
       portevent.obj                     0      0                  4                 
       porttimer.obj                     0      2                  0                 
    +--+---------------------------------+------+------------------+--------------------+
       Total:                            0      25                 132               
                                                                                     
    .\freeMODBUS\functions\
       mbfuncdiag.obj                    0      0                  1                 
    +--+---------------------------------+------+------------------+--------------------+
       Total:                            0      0                  1                 
                                                                                     
    .\freeMODBUS\rtu\
       mbcrc.obj                         0      512                0                 
       mbrtu.obj                         0      0                  320               
    +--+---------------------------------+------+------------------+--------------------+
       Total:                            0      512                320               
                                                                                     
    C:\ti\ccsv7\tools\compiler\ti-cgt-c2000_16.9.3.LTS\lib\rts2800_fpu32.lib
       e_powf.obj                        0      62                 0                 
       exit.obj                          0      14                 6                 
       _lock.obj                         0      10                 4                 
       vla_alloc.obj                     0      0                  14                
       memory.obj                        0      4                  8                 
       s_scalbnf.obj                     0      6                  0                 
       errno.obj                         0      4                  1                 
       s_floorf.obj                      0      2                  0                 
    +--+---------------------------------+------+------------------+--------------------+
       Total:                            0      102                33                
                                                                                     
       Heap:                             0      0                  1024              
    +--+---------------------------------+------+------------------+--------------------+
       Grand Total:                      13     1177               18721             


GLOBAL DATA SYMBOLS: SORTED BY DATA PAGE

address     data page           name
--------    ----------------    ----
00000000       0 (00000000)     __stack

00000400      10 (00000400)     __sys_memory

00000880      22 (00000880)     _DevEmuRegs

00000a80      2a (00000a80)     _FlashRegs

00000ae0      2b (00000ac0)     _CsmRegs

00000b00      2c (00000b00)     _AdcMirror
00000b20      2c (00000b00)     _XintfRegs

00000c00      30 (00000c00)     _CpuTimer0Regs
00000c08      30 (00000c00)     _CpuTimer1Regs
00000c10      30 (00000c00)     _CpuTimer2Regs

00000ce0      33 (00000cc0)     _PieCtrlRegs

00000d00      34 (00000d00)     _PieVectTable

00001000      40 (00001000)     _DmaRegs

00005000     140 (00005000)     _McbspaRegs

00005040     141 (00005040)     _McbspbRegs

00006000     180 (00006000)     _ECanaRegs

00006040     181 (00006040)     _ECanaLAMRegs

00006080     182 (00006080)     _ECanaMOTSRegs

000060c0     183 (000060c0)     _ECanaMOTORegs

00006100     184 (00006100)     _ECanaMboxes

00006200     188 (00006200)     _ECanbRegs

00006240     189 (00006240)     _ECanbLAMRegs

00006280     18a (00006280)     _ECanbMOTSRegs

000062c0     18b (000062c0)     _ECanbMOTORegs

00006300     18c (00006300)     _ECanbMboxes

00006800     1a0 (00006800)     _EPwm1Regs

00006840     1a1 (00006840)     _EPwm2Regs

00006880     1a2 (00006880)     _EPwm3Regs

000068c0     1a3 (000068c0)     _EPwm4Regs

00006900     1a4 (00006900)     _EPwm5Regs

00006940     1a5 (00006940)     _EPwm6Regs

00006a00     1a8 (00006a00)     _ECap1Regs
00006a20     1a8 (00006a00)     _ECap2Regs

00006a40     1a9 (00006a40)     _ECap3Regs
00006a60     1a9 (00006a40)     _ECap4Regs

00006a80     1aa (00006a80)     _ECap5Regs
00006aa0     1aa (00006a80)     _ECap6Regs

00006b00     1ac (00006b00)     _EQep1Regs

00006b40     1ad (00006b40)     _EQep2Regs

00006f80     1be (00006f80)     _GpioCtrlRegs

00006fc0     1bf (00006fc0)     _GpioDataRegs
00006fe0     1bf (00006fc0)     _GpioIntRegs

00007010     1c0 (00007000)     _SysCtrlRegs

00007040     1c1 (00007040)     _SpiaRegs
00007050     1c1 (00007040)     _SciaRegs
00007070     1c1 (00007040)     _XIntruptRegs

00007100     1c4 (00007100)     _AdcRegs

00007750     1dd (00007740)     _ScibRegs
00007770     1dd (00007740)     _ScicRegs

00007900     1e4 (00007900)     _I2caRegs

0000c000     300 (0000c000)     _NMR_system_settings

0000c080     302 (0000c080)     _gPulseSeq

0000c180     306 (0000c180)     _dataBuf_imag

0000dd00     374 (0000dd00)     _dataBuf_real

0000f858     3e1 (0000f840)     _usRegInputBuf
0000f859     3e1 (0000f840)     _asic_gain
0000f85a     3e1 (0000f840)     _j
0000f85b     3e1 (0000f840)     _usAddress
0000f85c     3e1 (0000f840)     _On_Period
0000f85e     3e1 (0000f840)     _Off_Period
0000f860     3e1 (0000f840)     _TSt2
0000f862     3e1 (0000f840)     _DMADest
0000f864     3e1 (0000f840)     _DMASource
0000f866     3e1 (0000f840)     _Period
0000f868     3e1 (0000f840)     _Xint1Count
0000f86a     3e1 (0000f840)     _TSt3
0000f86c     3e1 (0000f840)     _TSt1
0000f86e     3e1 (0000f840)     _nextExpt
0000f87c     3e1 (0000f840)     _portMBox

0000f8c0     3e3 (0000f8c0)     _ucRTUBuf

0000f9c8     3e7 (0000f9c0)     _pxMBFrameCBReceiveFSMCur
0000f9ca     3e7 (0000f9c0)     _pxMBPortCBTimerExpired
0000f9d6     3e7 (0000f9c0)     _pxMBFrameCBTransmitterEmpty
0000f9d8     3e7 (0000f9c0)     _pxMBFrameCBTransmitFSMCur
0000f9dc     3e7 (0000f9c0)     _pxMBFrameCBByteReceived

0000fa40     3e9 (0000fa40)     _CpuTimer1
0000fa48     3e9 (0000fa40)     _CpuTimer2
0000fa50     3e9 (0000fa40)     _CpuTimer0
0000fa58     3e9 (0000fa40)     _sdata1
0000fa59     3e9 (0000fa40)     _sdata2
0000fa5a     3e9 (0000fa40)     _rdata1
0000fa5b     3e9 (0000fa40)     _rdata2
0000fa5c     3e9 (0000fa40)     _Timer_Count
0000fa5e     3e9 (0000fa40)     _t1
0000fa60     3e9 (0000fa40)     _t2
0000fa62     3e9 (0000fa40)     _data1
0000fa65     3e9 (0000fa40)     _data2
0000fa76     3e9 (0000fa40)     ___TI_enable_exit_profile_output
0000fa78     3e9 (0000fa40)     ___TI_cleanup_ptr
0000fa7a     3e9 (0000fa40)     ___TI_dtors_ptr
0000fa7c     3e9 (0000fa40)     __lock
0000fa7e     3e9 (0000fa40)     __unlock

0000fa80     3ea (0000fa80)     _test
0000fa81     3ea (0000fa80)     _errno

0000fc82     3f2 (0000fc80)     _PieVectTableInit

0000fe2c     3f8 (0000fe00)     _US_NMR
0000fe2e     3f8 (0000fe00)     _MAXT_NMR
0000fe30     3f8 (0000fe00)     _FW_VERSION
0000fe31     3f8 (0000fe00)     _MB_SLV_ID
0000fe32     3f8 (0000fe00)     _TimerTicksPer50us

0000fe40     3f9 (0000fe40)     _DMABuf1

0033fff8    cfff (0033ffc0)     _CsmPwl

00380090    e002 (00380080)     _PartIdRegs


GLOBAL SYMBOLS: SORTED ALPHABETICALLY BY Name 

page  address   name                                    
----  -------   ----                                    
0     00000000  .text                                   
0     00003f27  C$$EXIT                                 
0     00003b78  FS$$DIV                                 
0     00003fe7  I$$DIV                                  
0     00003ff8  I$$MOD                                  
0     00003efd  L$$DIV                                  
0     00003f0c  L$$MOD                                  
0     00003f1a  UL$$DIV                                 
0     00003f21  UL$$MOD                                 
0     00002bb9  _ADCINT_ISR                             
0     00380080  _ADC_cal                                
0     00001eb3  _ADS1248_Configure                      
0     00001ef9  _ADS1248_ReadTemp                       
0     00001eeb  _ADS1248_SendCommand_8bits              
0     00001ceb  _ADS1248_init                           
0     000019f1  _ADS1248_init_2                         
0     00003145  _ASIC_mosi_download                     
1     00000b00  _AdcMirror                              
1     00007100  _AdcRegs                                
0     000031ea  _AsicGainCtrl                           
0     00001739  _CPMG2                                  
1     0000fa50  _CpuTimer0                              
1     00000c00  _CpuTimer0Regs                          
1     0000fa40  _CpuTimer1                              
1     00000c08  _CpuTimer1Regs                          
1     0000fa48  _CpuTimer2                              
1     00000c10  _CpuTimer2Regs                          
1     0033fff8  _CsmPwl                                 
1     00000ae0  _CsmRegs                                
0     000039af  _CsmUnlock                              
0     00002ae7  _DATALOG_ISR                            
0     00002cdb  _DINTCH1_ISR                            
0     00002ce5  _DINTCH2_ISR                            
0     00002cef  _DINTCH3_ISR                            
0     00002cf9  _DINTCH4_ISR                            
0     00002d03  _DINTCH5_ISR                            
0     00002d0d  _DINTCH6_ISR                            
1     0000fe40  _DMABuf1                                
0     00002375  _DMACH1AddrConfig                       
0     00002385  _DMACH1BurstConfig                      
0     000023b8  _DMACH1ModeConfig                       
0     00002395  _DMACH1TransferConfig                   
0     000023a5  _DMACH1WrapConfig                       
0     0000241a  _DMACH2AddrConfig                       
0     0000242a  _DMACH2BurstConfig                      
0     0000245d  _DMACH2ModeConfig                       
0     0000243a  _DMACH2TransferConfig                   
0     0000244a  _DMACH2WrapConfig                       
0     000024bf  _DMACH3AddrConfig                       
0     000024cf  _DMACH3BurstConfig                      
0     00002502  _DMACH3ModeConfig                       
0     000024df  _DMACH3TransferConfig                   
0     000024ef  _DMACH3WrapConfig                       
0     00002564  _DMACH4AddrConfig                       
0     00002574  _DMACH4BurstConfig                      
0     000025a7  _DMACH4ModeConfig                       
0     00002584  _DMACH4TransferConfig                   
0     00002594  _DMACH4WrapConfig                       
0     00002609  _DMACH5AddrConfig                       
0     00002619  _DMACH5BurstConfig                      
0     0000264c  _DMACH5ModeConfig                       
0     00002629  _DMACH5TransferConfig                   
0     00002639  _DMACH5WrapConfig                       
0     000026ae  _DMACH6AddrConfig                       
0     000026be  _DMACH6BurstConfig                      
0     000026f1  _DMACH6ModeConfig                       
0     000026ce  _DMACH6TransferConfig                   
0     000026de  _DMACH6WrapConfig                       
1     0000f862  _DMADest                                
0     0000236a  _DMAInitialize                          
1     0000f864  _DMASource                              
0     000040ba  _DSP28x_DisableInt                      
0     000040be  _DSP28x_RestoreInt                      
0     000080e8  _DSP28x_usDelay                         
1     00000880  _DevEmuRegs                             
0     000038fb  _DisableDog                             
0     000038d0  _DlPlSeq                                
1     00001000  _DmaRegs                                
0     000001db  _Do_NMR_experiments                     
0     00002d67  _ECAN0INTA_ISR                          
0     00002d7b  _ECAN0INTB_ISR                          
0     00002d71  _ECAN1INTA_ISR                          
0     00002d85  _ECAN1INTB_ISR                          
0     00002c4f  _ECAP1_INT_ISR                          
0     00002c59  _ECAP2_INT_ISR                          
0     00002c63  _ECAP3_INT_ISR                          
0     00002c6d  _ECAP4_INT_ISR                          
0     00002c77  _ECAP5_INT_ISR                          
0     00002c81  _ECAP6_INT_ISR                          
1     00006040  _ECanaLAMRegs                           
1     000060c0  _ECanaMOTORegs                          
1     00006080  _ECanaMOTSRegs                          
1     00006100  _ECanaMboxes                            
1     00006000  _ECanaRegs                              
1     00006240  _ECanbLAMRegs                           
1     000062c0  _ECanbMOTORegs                          
1     00006280  _ECanbMOTSRegs                          
1     00006300  _ECanbMboxes                            
1     00006200  _ECanbRegs                              
1     00006a00  _ECap1Regs                              
1     00006a20  _ECap2Regs                              
1     00006a40  _ECap3Regs                              
1     00006a60  _ECap4Regs                              
1     00006a80  _ECap5Regs                              
1     00006aa0  _ECap6Regs                              
0     00002afb  _EMUINT_ISR                             
0     000038d6  _EN_NMR_mode                            
0     000038df  _EN_Tuning_mode                         
0     00002c13  _EPWM1_INT_ISR                          
0     00002bd7  _EPWM1_TZINT_ISR                        
0     00002c1d  _EPWM2_INT_ISR                          
0     00002be1  _EPWM2_TZINT_ISR                        
0     00002c27  _EPWM3_INT_ISR                          
0     00002beb  _EPWM3_TZINT_ISR                        
0     00002c31  _EPWM4_INT_ISR                          
0     00002bf5  _EPWM4_TZINT_ISR                        
0     00002c3b  _EPWM5_INT_ISR                          
0     00002bff  _EPWM5_TZINT_ISR                        
0     00002c45  _EPWM6_INT_ISR                          
0     00002c09  _EPWM6_TZINT_ISR                        
1     00006800  _EPwm1Regs                              
1     00006840  _EPwm2Regs                              
1     00006880  _EPwm3Regs                              
1     000068c0  _EPwm4Regs                              
1     00006900  _EPwm5Regs                              
1     00006940  _EPwm6Regs                              
0     00002c8b  _EQEP1_INT_ISR                          
0     00002c95  _EQEP2_INT_ISR                          
1     00006b00  _EQep1Regs                              
1     00006b40  _EQep2Regs                              
0     00003f6f  _EnableInterrupts                       
0     00001546  _FID2                                   
0     00001442  _FID3                                   
1     0000fe30  _FW_VERSION                             
0     00000c57  _FinishNMRADC                           
1     00000a80  _FlashRegs                              
0     00000021  _GetAcqTD                               
0     00000000  _GetErrorCode                           
0     00000094  _GetFullParameters                      
0     0000018d  _GetNMRData                             
0     00000025  _GetNMRParameters                       
0     0000142f  _GetPlsTime                             
1     00006f80  _GpioCtrlRegs                           
1     00006fc0  _GpioDataRegs                           
1     00006fe0  _GpioIntRegs                            
0     00002d17  _I2CINT1A_ISR                           
0     00002d21  _I2CINT2A_ISR                           
1     00007900  _I2caRegs                               
0     00002b0f  _ILLEGAL_ISR                            
0     00002ad3  _INT13_ISR                              
0     00002add  _INT14_ISR                              
0     00001874  _IRCPMG                                 
0     00004077  _InitAdc                                
0     00003ab0  _InitEPwm                               
0     00003abe  _InitEPwm1Gpio                          
0     00000efa  _InitEPwm2                              
0     00003ad0  _InitEPwm2Gpio                          
0     00003ae2  _InitEPwm3Gpio                          
0     00003af6  _InitEPwm4Gpio                          
0     00003b0a  _InitEPwm5Gpio                          
0     00003b1c  _InitEPwm6Gpio                          
0     00003ab1  _InitEPwmGpio                           
0     00003b2e  _InitEPwmSyncGpio                       
0     00004060  _InitGpio                               
0     0000343f  _InitMcbsp                              
0     00003518  _InitMcbspGpio                          
0     00003444  _InitMcbspa                             
0     000034a3  _InitMcbspa12bit                        
0     000034ae  _InitMcbspa16bit                        
0     000034b9  _InitMcbspa20bit                        
0     000034c4  _InitMcbspa24bit                        
0     000034cf  _InitMcbspa32bit                        
0     0000349c  _InitMcbspa8bit                         
0     0000351d  _InitMcbspaGpio                         
0     00003470  _InitMcbspb                             
0     000034e1  _InitMcbspb12bit                        
0     000034ec  _InitMcbspb16bit                        
0     000034f7  _InitMcbspb20bit                        
0     00003502  _InitMcbspb24bit                        
0     0000350d  _InitMcbspb32bit                        
0     000034da  _InitMcbspb8bit                         
0     00003557  _InitMcbspbGpio                         
0     00003852  _InitNMR                                
0     00003954  _InitPeripheralClocks                   
0     00003f50  _InitPieCtrl                            
0     00004009  _InitPieVectTable                       
0     00003903  _InitPll                                
0     000038e8  _InitSysCtrl                            
0     00003b42  _InitTzGpio                             
0     00002dcb  _LUF_ISR                                
0     00002dc1  _LVF_ISR                                
1     0000fe2e  _MAXT_NMR                               
1     0000fe31  _MB_SLV_ID                              
0     00002cc7  _MRINTA_ISR                             
0     00002cb3  _MRINTB_ISR                             
0     00002cd1  _MXINTA_ISR                             
0     00002cbd  _MXINTB_ISR                             
1     00005000  _McbspaRegs                             
1     00005040  _McbspbRegs                             
0     00002b05  _NMI_ISR                                
0     00001f0f  _NMR_job                                
1     0000c000  _NMR_system_settings                    
1     0000f85e  _Off_Period                             
1     0000f85c  _On_Period                              
0     00002dd5  _PIE_RESERVED                           
0     00001189  _PLL_freq_set                           
0     0000130a  _PLL_freq_set_orig                      
0     000010b1  _PLL_init                               
0     000012ad  _PLL_mosi                               
0     00001296  _PLL_write                              
1     00380090  _PartIdRegs                             
1     0000f866  _Period                                 
1     00000ce0  _PieCtrlRegs                            
1     00000d00  _PieVectTable                           
1     0000fc82  _PieVectTableInit                       
0     00001371  _PlsGen                                 
0     0000140f  _PlsGenACQ                              
0     000013cd  _PlsGenAddLoop                          
0     000013e6  _PlsGenDelay                            
0     000013fa  _PlsGenPulse                            
0     00000c36  _PrepareNMRADC                          
0     00002af1  _RTOSINT_ISR                            
0     000037de  _ResetNMR                               
0     00000998  _Run_NMR_Accumulate                     
0     00000a68  _Run_NMR_Accumulate_CPMG                
0     000007dd  _Run_NMR_Accumulate_CPMG_mcbsp          
0     00000363  _Run_NMR_Accumulate_mcbsp               
0     000008c3  _Run_NMR_Accumulate_test_tuning         
0     00000408  _Run_NMR_Accumulate_tuning_mcbsp        
0     000005c4  _Run_NMR_CPMG                           
0     000006d1  _Run_NMR_CPMG_mcbsp                     
0     0000023d  _Run_NMR_FID                            
0     000002d0  _Run_NMR_FID_mcbsp                      
0     000004a6  _Run_NMR_Tuning                         
0     00000535  _Run_NMR_Tuning_mcbsp                   
0     00000c5c  _Run_NMR_test                           
0     00002d3f  _SCIRXINTA_ISR                          
0     00002d53  _SCIRXINTB_ISR                          
0     00002d2b  _SCIRXINTC_ISR                          
0     00002d49  _SCITXINTA_ISR                          
0     00002d5d  _SCITXINTB_ISR                          
0     00002d35  _SCITXINTC_ISR                          
0     00002b91  _SEQ1INT_ISR                            
0     00002b9b  _SEQ2INT_ISR                            
0     00002c9f  _SPIRXINTA_ISR                          
0     00003240  _SPIRead32bitWordFromADC                
0     000032a0  _SPIRead32bitWordFromADCFast            
0     00002ca9  _SPITXINTA_ISR                          
1     00007050  _SciaRegs                               
1     00007750  _ScibRegs                               
1     00007770  _ScicRegs                               
0     000038f1  _ServiceDog                             
0     000040c6  _SetDBGIER                              
0     00000004  _SetErrorCode                           
0     0000000c  _SetFreq                                
0     00000013  _SetGain                                
0     000000ae  _SetNMRParameters                       
0     000001cc  _SetPowerLevel                          
0     000001bd  _SetRecGain                             
0     0000001a  _SetTD                                  
0     000001ad  _SetTuningCap                           
1     00007040  _SpiaRegs                               
0     00002412  _StartDMACH1                            
0     000024b7  _StartDMACH2                            
0     0000255c  _StartDMACH3                            
0     00002601  _StartDMACH4                            
0     000026a6  _StartDMACH5                            
0     0000274b  _StartDMACH6                            
0     000031e0  _StartNMRASIC_SEQ                       
0     000031e5  _StopNMRASIC_SEQ                        
1     00007010  _SysCtrlRegs                            
0     00002bc3  _TINT0_ISR                              
1     0000f86c  _TSt1                                   
1     0000f860  _TSt2                                   
1     0000f86a  _TSt3                                   
1     0000fe32  _TimerTicksPer50us                      
1     0000fa5c  _Timer_Count                            
0     00001676  _TuningSeq                              
0     00002b73  _USER10_ISR                             
0     00002b7d  _USER11_ISR                             
0     00002b87  _USER12_ISR                             
0     00002b19  _USER1_ISR                              
0     00002b23  _USER2_ISR                              
0     00002b2d  _USER3_ISR                              
0     00002b37  _USER4_ISR                              
0     00002b41  _USER5_ISR                              
0     00002b4b  _USER6_ISR                              
0     00002b55  _USER7_ISR                              
0     00002b5f  _USER8_ISR                              
0     00002b69  _USER9_ISR                              
1     0000fe2c  _US_NMR                                 
0     00002bcd  _WAKEINT_ISR                            
0     00002ba5  _XINT1_ISR                              
0     00002baf  _XINT2_ISR                              
0     00002d8f  _XINT3_ISR                              
0     00002d99  _XINT4_ISR                              
0     00002da3  _XINT5_ISR                              
0     00002dad  _XINT6_ISR                              
0     00002db7  _XINT7_ISR                              
1     00007070  _XIntruptRegs                           
1     0000f868  _Xint1Count                             
1     00000b20  _XintfRegs                              
0     00000300  __STACK_END                             
abs   00000300  __STACK_SIZE                            
abs   00000400  __SYSMEM_SIZE                           
1     0000fa78  ___TI_cleanup_ptr                       
1     0000fa7a  ___TI_dtors_ptr                         
1     0000fa76  ___TI_enable_exit_profile_output        
abs   ffffffff  ___TI_pprof_out_hndl                    
abs   ffffffff  ___TI_prof_data_size                    
abs   ffffffff  ___TI_prof_data_start                   
0     000040c9  ___abort_execution                      
abs   ffffffff  ___binit__                              
abs   ffffffff  ___c_args__                             
0     00008082  ___cinit__                              
0     000040cf  ___etext__                              
abs   ffffffff  ___pinit__                              
0     00000000  ___text__                               
0     0000305d  ___vla_alloc                            
0     00002fbb  ___vla_dealloc                          
0     0000300c  ___vla_dealloc_eh                       
0     00004047  __args_main                             
1     0000fa7c  __lock                                  
0     000040b1  __nop                                   
0     000040ad  __register_lock                         
0     000040a9  __register_unlock                       
0     00000000  __stack                                 
1     00000400  __sys_memory                            
0     000040ce  __system_post_cinit                     
0     000040cc  __system_pre_init                       
1     0000fa7e  __unlock                                
0     00003f27  _abort                                  
1     0000f859  _asic_gain                              
0     00003e06  _c_int00                                
0     00002fa4  _calloc                                 
0     00002fa2  _chkheap                                
0     00003585  _clkg_delay_loop                        
0     00000eb5  _configure_SPI                          
0     00003fc3  _copy_in                                
0     0000408b  _copysign                               
0     0000408b  _copysignf                              
0     0000409c  _cpu_timer0_isr                         
0     00003ece  _cpu_timer1_isr                         
0     00003ce6  _cpu_timer2_isr                         
1     0000fa62  _data1                                  
1     0000fa65  _data2                                  
1     0000c180  _dataBuf_imag                           
1     0000dd00  _dataBuf_real                           
0     0000356f  _delay_loop                             
0     0000337e  _eMBClose                               
0     000033a1  _eMBDisable                             
0     0000338f  _eMBEnable                              
0     0000372a  _eMBFuncReadHoldingRegister             
0     0000376f  _eMBFuncReadWriteMultipleHoldingRegister
0     000036ce  _eMBFuncWriteHoldingRegister            
0     000036f0  _eMBFuncWriteMultipleHoldingRegister    
0     000032cb  _eMBInit                                
0     000033b7  _eMBPoll                                
0     0000359b  _eMBRTUInit                             
0     000035e6  _eMBRTUReceive                          
0     00003610  _eMBRTUSend                             
0     000035cd  _eMBRTUStart                            
0     000035db  _eMBRTUStop                             
0     0000208c  _eMBRegHoldingCB                        
0     00003315  _eMBRegisterCB                          
0     00003d38  _epwm1_isr                              
1     0000fa81  _errno                                  
0     00003f29  _exit                                   
0     00003daf  _floor                                  
0     00003daf  _floorf                                 
0     00002de9  _free                                   
0     00002f84  _free_memory                            
1     0000c080  _gPulseSeq                              
0     00000d0e  _gpio_init                              
0     0000013c  _initNMRParameters                      
0     00001048  _init_spi_dac                           
1     0000f85a  _j                                      
0     00003d4d  _ldexp                                  
0     00003d4d  _ldexpf                                 
0     00000ceb  _led_blink_D40                          
0     00000cc8  _led_blink_D42                          
0     00003d27  _local_DINTCH1_ISR                      
0     00003213  _mReadNMR_ACQ                           
0     00001f3a  _main                                   
0     00002e52  _malloc                                 
0     00002f62  _max_free                               
0     00000fdc  _mcsb32bitWordFromADC                   
0     00004029  _memcpy                                 
0     00002e2d  _minit                                  
1     0000f86e  _nextExpt                               
0     00001363  _plscpy                                 
1     0000f87c  _portMBox                               
0     00002753  _pow                                    
0     00002753  _powf                                   
0     00003c5c  _prveMBError2Exception                  
1     0000f9dc  _pxMBFrameCBByteReceived                
1     0000f9c8  _pxMBFrameCBReceiveFSMCur               
1     0000f9d8  _pxMBFrameCBTransmitFSMCur              
1     0000f9d6  _pxMBFrameCBTransmitterEmpty            
1     0000f9ca  _pxMBPortCBTimerExpired                 
1     0000fa5a  _rdata1                                 
1     0000fa5b  _rdata2                                 
0     00002eb0  _realloc                                
0     00002ddf  _rsvd_ISR                               
0     00003d4d  _scalbn                                 
0     00003d4d  _scalbnf                                
0     00003c74  _sciaRxIsr                              
0     00003cb3  _sciaTxIsr                              
1     0000fa58  _sdata1                                 
1     0000fa59  _sdata2                                 
0     00000f7b  _setup_McbspbSpi                        
0     000012f1  _spi_PLL_read                           
0     0000101f  _spi_dac                                
0     0000107b  _spi_dac_MCC                            
0     00000e87  _spi_init                               
0     00000f34  _spi_temp_board                         
0     00003f9e  _sqrt                                   
0     00003f9e  _sqrtf                                  
0     000040c1  _strcpy                                 
1     0000fa5e  _t1                                     
1     0000fa60  _t2                                     
1     0000fa80  _test                                   
0     0000321d  _trigger_ADC_sample                     
1     0000f8c0  _ucRTUBuf                               
1     0000f85b  _usAddress                              
0     00003f78  _usMBCRC16                              
1     0000f858  _usRegInputBuf                          
0     000039e9  _vMBPortSerialEnable                    
0     00003a30  _vMBPortSerialWaitForTXEnd              
0     00003ec9  _vMBPortTimersDisable                   
0     00003ec2  _vMBPortTimersEnable                    
0     00003e7c  _xMBPortEventGet                        
0     00003e5c  _xMBPortEventInit                       
0     00003e62  _xMBPortEventPost                       
0     00003aa6  _xMBPortSerialGetByte                   
0     00003a38  _xMBPortSerialInit                      
0     00003a9d  _xMBPortSerialPutByte                   
0     00003e97  _xMBPortTimersInit                      
0     0000364a  _xMBRTUReceiveFSM                       
0     000036b2  _xMBRTUTimerT35Expired                  
0     00003684  _xMBRTUTransmitFSM                      
0     00003c39  _xMBUtilGetBits                         
0     00003c00  _xMBUtilSetBits                         
abs   ffffffff  binit                                   
0     00008082  cinit                                   
0     00000000  code_start                              
0     000040cf  etext                                   
abs   ffffffff  pinit                                   


GLOBAL SYMBOLS: SORTED BY Symbol Address 

page  address   name                                    
----  -------   ----                                    
0     00000000  .text                                   
0     00000000  _GetErrorCode                           
0     00000000  ___text__                               
0     00000000  __stack                                 
0     00000000  code_start                              
0     00000004  _SetErrorCode                           
0     0000000c  _SetFreq                                
0     00000013  _SetGain                                
0     0000001a  _SetTD                                  
0     00000021  _GetAcqTD                               
0     00000025  _GetNMRParameters                       
0     00000094  _GetFullParameters                      
0     000000ae  _SetNMRParameters                       
0     0000013c  _initNMRParameters                      
0     0000018d  _GetNMRData                             
0     000001ad  _SetTuningCap                           
0     000001bd  _SetRecGain                             
0     000001cc  _SetPowerLevel                          
0     000001db  _Do_NMR_experiments                     
0     0000023d  _Run_NMR_FID                            
0     000002d0  _Run_NMR_FID_mcbsp                      
0     00000300  __STACK_END                             
0     00000363  _Run_NMR_Accumulate_mcbsp               
0     00000408  _Run_NMR_Accumulate_tuning_mcbsp        
0     000004a6  _Run_NMR_Tuning                         
0     00000535  _Run_NMR_Tuning_mcbsp                   
0     000005c4  _Run_NMR_CPMG                           
0     000006d1  _Run_NMR_CPMG_mcbsp                     
0     000007dd  _Run_NMR_Accumulate_CPMG_mcbsp          
0     000008c3  _Run_NMR_Accumulate_test_tuning         
0     00000998  _Run_NMR_Accumulate                     
0     00000a68  _Run_NMR_Accumulate_CPMG                
0     00000c36  _PrepareNMRADC                          
0     00000c57  _FinishNMRADC                           
0     00000c5c  _Run_NMR_test                           
0     00000cc8  _led_blink_D42                          
0     00000ceb  _led_blink_D40                          
0     00000d0e  _gpio_init                              
0     00000e87  _spi_init                               
0     00000eb5  _configure_SPI                          
0     00000efa  _InitEPwm2                              
0     00000f34  _spi_temp_board                         
0     00000f7b  _setup_McbspbSpi                        
0     00000fdc  _mcsb32bitWordFromADC                   
0     0000101f  _spi_dac                                
0     00001048  _init_spi_dac                           
0     0000107b  _spi_dac_MCC                            
0     000010b1  _PLL_init                               
0     00001189  _PLL_freq_set                           
0     00001296  _PLL_write                              
0     000012ad  _PLL_mosi                               
0     000012f1  _spi_PLL_read                           
0     0000130a  _PLL_freq_set_orig                      
0     00001363  _plscpy                                 
0     00001371  _PlsGen                                 
0     000013cd  _PlsGenAddLoop                          
0     000013e6  _PlsGenDelay                            
0     000013fa  _PlsGenPulse                            
0     0000140f  _PlsGenACQ                              
0     0000142f  _GetPlsTime                             
0     00001442  _FID3                                   
0     00001546  _FID2                                   
0     00001676  _TuningSeq                              
0     00001739  _CPMG2                                  
0     00001874  _IRCPMG                                 
0     000019f1  _ADS1248_init_2                         
0     00001ceb  _ADS1248_init                           
0     00001eb3  _ADS1248_Configure                      
0     00001eeb  _ADS1248_SendCommand_8bits              
0     00001ef9  _ADS1248_ReadTemp                       
0     00001f0f  _NMR_job                                
0     00001f3a  _main                                   
0     0000208c  _eMBRegHoldingCB                        
0     0000236a  _DMAInitialize                          
0     00002375  _DMACH1AddrConfig                       
0     00002385  _DMACH1BurstConfig                      
0     00002395  _DMACH1TransferConfig                   
0     000023a5  _DMACH1WrapConfig                       
0     000023b8  _DMACH1ModeConfig                       
0     00002412  _StartDMACH1                            
0     0000241a  _DMACH2AddrConfig                       
0     0000242a  _DMACH2BurstConfig                      
0     0000243a  _DMACH2TransferConfig                   
0     0000244a  _DMACH2WrapConfig                       
0     0000245d  _DMACH2ModeConfig                       
0     000024b7  _StartDMACH2                            
0     000024bf  _DMACH3AddrConfig                       
0     000024cf  _DMACH3BurstConfig                      
0     000024df  _DMACH3TransferConfig                   
0     000024ef  _DMACH3WrapConfig                       
0     00002502  _DMACH3ModeConfig                       
0     0000255c  _StartDMACH3                            
0     00002564  _DMACH4AddrConfig                       
0     00002574  _DMACH4BurstConfig                      
0     00002584  _DMACH4TransferConfig                   
0     00002594  _DMACH4WrapConfig                       
0     000025a7  _DMACH4ModeConfig                       
0     00002601  _StartDMACH4                            
0     00002609  _DMACH5AddrConfig                       
0     00002619  _DMACH5BurstConfig                      
0     00002629  _DMACH5TransferConfig                   
0     00002639  _DMACH5WrapConfig                       
0     0000264c  _DMACH5ModeConfig                       
0     000026a6  _StartDMACH5                            
0     000026ae  _DMACH6AddrConfig                       
0     000026be  _DMACH6BurstConfig                      
0     000026ce  _DMACH6TransferConfig                   
0     000026de  _DMACH6WrapConfig                       
0     000026f1  _DMACH6ModeConfig                       
0     0000274b  _StartDMACH6                            
0     00002753  _pow                                    
0     00002753  _powf                                   
0     00002ad3  _INT13_ISR                              
0     00002add  _INT14_ISR                              
0     00002ae7  _DATALOG_ISR                            
0     00002af1  _RTOSINT_ISR                            
0     00002afb  _EMUINT_ISR                             
0     00002b05  _NMI_ISR                                
0     00002b0f  _ILLEGAL_ISR                            
0     00002b19  _USER1_ISR                              
0     00002b23  _USER2_ISR                              
0     00002b2d  _USER3_ISR                              
0     00002b37  _USER4_ISR                              
0     00002b41  _USER5_ISR                              
0     00002b4b  _USER6_ISR                              
0     00002b55  _USER7_ISR                              
0     00002b5f  _USER8_ISR                              
0     00002b69  _USER9_ISR                              
0     00002b73  _USER10_ISR                             
0     00002b7d  _USER11_ISR                             
0     00002b87  _USER12_ISR                             
0     00002b91  _SEQ1INT_ISR                            
0     00002b9b  _SEQ2INT_ISR                            
0     00002ba5  _XINT1_ISR                              
0     00002baf  _XINT2_ISR                              
0     00002bb9  _ADCINT_ISR                             
0     00002bc3  _TINT0_ISR                              
0     00002bcd  _WAKEINT_ISR                            
0     00002bd7  _EPWM1_TZINT_ISR                        
0     00002be1  _EPWM2_TZINT_ISR                        
0     00002beb  _EPWM3_TZINT_ISR                        
0     00002bf5  _EPWM4_TZINT_ISR                        
0     00002bff  _EPWM5_TZINT_ISR                        
0     00002c09  _EPWM6_TZINT_ISR                        
0     00002c13  _EPWM1_INT_ISR                          
0     00002c1d  _EPWM2_INT_ISR                          
0     00002c27  _EPWM3_INT_ISR                          
0     00002c31  _EPWM4_INT_ISR                          
0     00002c3b  _EPWM5_INT_ISR                          
0     00002c45  _EPWM6_INT_ISR                          
0     00002c4f  _ECAP1_INT_ISR                          
0     00002c59  _ECAP2_INT_ISR                          
0     00002c63  _ECAP3_INT_ISR                          
0     00002c6d  _ECAP4_INT_ISR                          
0     00002c77  _ECAP5_INT_ISR                          
0     00002c81  _ECAP6_INT_ISR                          
0     00002c8b  _EQEP1_INT_ISR                          
0     00002c95  _EQEP2_INT_ISR                          
0     00002c9f  _SPIRXINTA_ISR                          
0     00002ca9  _SPITXINTA_ISR                          
0     00002cb3  _MRINTB_ISR                             
0     00002cbd  _MXINTB_ISR                             
0     00002cc7  _MRINTA_ISR                             
0     00002cd1  _MXINTA_ISR                             
0     00002cdb  _DINTCH1_ISR                            
0     00002ce5  _DINTCH2_ISR                            
0     00002cef  _DINTCH3_ISR                            
0     00002cf9  _DINTCH4_ISR                            
0     00002d03  _DINTCH5_ISR                            
0     00002d0d  _DINTCH6_ISR                            
0     00002d17  _I2CINT1A_ISR                           
0     00002d21  _I2CINT2A_ISR                           
0     00002d2b  _SCIRXINTC_ISR                          
0     00002d35  _SCITXINTC_ISR                          
0     00002d3f  _SCIRXINTA_ISR                          
0     00002d49  _SCITXINTA_ISR                          
0     00002d53  _SCIRXINTB_ISR                          
0     00002d5d  _SCITXINTB_ISR                          
0     00002d67  _ECAN0INTA_ISR                          
0     00002d71  _ECAN1INTA_ISR                          
0     00002d7b  _ECAN0INTB_ISR                          
0     00002d85  _ECAN1INTB_ISR                          
0     00002d8f  _XINT3_ISR                              
0     00002d99  _XINT4_ISR                              
0     00002da3  _XINT5_ISR                              
0     00002dad  _XINT6_ISR                              
0     00002db7  _XINT7_ISR                              
0     00002dc1  _LVF_ISR                                
0     00002dcb  _LUF_ISR                                
0     00002dd5  _PIE_RESERVED                           
0     00002ddf  _rsvd_ISR                               
0     00002de9  _free                                   
0     00002e2d  _minit                                  
0     00002e52  _malloc                                 
0     00002eb0  _realloc                                
0     00002f62  _max_free                               
0     00002f84  _free_memory                            
0     00002fa2  _chkheap                                
0     00002fa4  _calloc                                 
0     00002fbb  ___vla_dealloc                          
0     0000300c  ___vla_dealloc_eh                       
0     0000305d  ___vla_alloc                            
0     00003145  _ASIC_mosi_download                     
0     000031e0  _StartNMRASIC_SEQ                       
0     000031e5  _StopNMRASIC_SEQ                        
0     000031ea  _AsicGainCtrl                           
0     00003213  _mReadNMR_ACQ                           
0     0000321d  _trigger_ADC_sample                     
0     00003240  _SPIRead32bitWordFromADC                
0     000032a0  _SPIRead32bitWordFromADCFast            
0     000032cb  _eMBInit                                
0     00003315  _eMBRegisterCB                          
0     0000337e  _eMBClose                               
0     0000338f  _eMBEnable                              
0     000033a1  _eMBDisable                             
0     000033b7  _eMBPoll                                
0     0000343f  _InitMcbsp                              
0     00003444  _InitMcbspa                             
0     00003470  _InitMcbspb                             
0     0000349c  _InitMcbspa8bit                         
0     000034a3  _InitMcbspa12bit                        
0     000034ae  _InitMcbspa16bit                        
0     000034b9  _InitMcbspa20bit                        
0     000034c4  _InitMcbspa24bit                        
0     000034cf  _InitMcbspa32bit                        
0     000034da  _InitMcbspb8bit                         
0     000034e1  _InitMcbspb12bit                        
0     000034ec  _InitMcbspb16bit                        
0     000034f7  _InitMcbspb20bit                        
0     00003502  _InitMcbspb24bit                        
0     0000350d  _InitMcbspb32bit                        
0     00003518  _InitMcbspGpio                          
0     0000351d  _InitMcbspaGpio                         
0     00003557  _InitMcbspbGpio                         
0     0000356f  _delay_loop                             
0     00003585  _clkg_delay_loop                        
0     0000359b  _eMBRTUInit                             
0     000035cd  _eMBRTUStart                            
0     000035db  _eMBRTUStop                             
0     000035e6  _eMBRTUReceive                          
0     00003610  _eMBRTUSend                             
0     0000364a  _xMBRTUReceiveFSM                       
0     00003684  _xMBRTUTransmitFSM                      
0     000036b2  _xMBRTUTimerT35Expired                  
0     000036ce  _eMBFuncWriteHoldingRegister            
0     000036f0  _eMBFuncWriteMultipleHoldingRegister    
0     0000372a  _eMBFuncReadHoldingRegister             
0     0000376f  _eMBFuncReadWriteMultipleHoldingRegister
0     000037de  _ResetNMR                               
0     00003852  _InitNMR                                
0     000038d0  _DlPlSeq                                
0     000038d6  _EN_NMR_mode                            
0     000038df  _EN_Tuning_mode                         
0     000038e8  _InitSysCtrl                            
0     000038f1  _ServiceDog                             
0     000038fb  _DisableDog                             
0     00003903  _InitPll                                
0     00003954  _InitPeripheralClocks                   
0     000039af  _CsmUnlock                              
0     000039e9  _vMBPortSerialEnable                    
0     00003a30  _vMBPortSerialWaitForTXEnd              
0     00003a38  _xMBPortSerialInit                      
0     00003a9d  _xMBPortSerialPutByte                   
0     00003aa6  _xMBPortSerialGetByte                   
0     00003ab0  _InitEPwm                               
0     00003ab1  _InitEPwmGpio                           
0     00003abe  _InitEPwm1Gpio                          
0     00003ad0  _InitEPwm2Gpio                          
0     00003ae2  _InitEPwm3Gpio                          
0     00003af6  _InitEPwm4Gpio                          
0     00003b0a  _InitEPwm5Gpio                          
0     00003b1c  _InitEPwm6Gpio                          
0     00003b2e  _InitEPwmSyncGpio                       
0     00003b42  _InitTzGpio                             
0     00003b78  FS$$DIV                                 
0     00003c00  _xMBUtilSetBits                         
0     00003c39  _xMBUtilGetBits                         
0     00003c5c  _prveMBError2Exception                  
0     00003c74  _sciaRxIsr                              
0     00003cb3  _sciaTxIsr                              
0     00003ce6  _cpu_timer2_isr                         
0     00003d27  _local_DINTCH1_ISR                      
0     00003d38  _epwm1_isr                              
0     00003d4d  _ldexp                                  
0     00003d4d  _ldexpf                                 
0     00003d4d  _scalbn                                 
0     00003d4d  _scalbnf                                
0     00003daf  _floor                                  
0     00003daf  _floorf                                 
0     00003e06  _c_int00                                
0     00003e5c  _xMBPortEventInit                       
0     00003e62  _xMBPortEventPost                       
0     00003e7c  _xMBPortEventGet                        
0     00003e97  _xMBPortTimersInit                      
0     00003ec2  _vMBPortTimersEnable                    
0     00003ec9  _vMBPortTimersDisable                   
0     00003ece  _cpu_timer1_isr                         
0     00003efd  L$$DIV                                  
0     00003f0c  L$$MOD                                  
0     00003f1a  UL$$DIV                                 
0     00003f21  UL$$MOD                                 
0     00003f27  C$$EXIT                                 
0     00003f27  _abort                                  
0     00003f29  _exit                                   
0     00003f50  _InitPieCtrl                            
0     00003f6f  _EnableInterrupts                       
0     00003f78  _usMBCRC16                              
0     00003f9e  _sqrt                                   
0     00003f9e  _sqrtf                                  
0     00003fc3  _copy_in                                
0     00003fe7  I$$DIV                                  
0     00003ff8  I$$MOD                                  
0     00004009  _InitPieVectTable                       
0     00004029  _memcpy                                 
0     00004047  __args_main                             
0     00004060  _InitGpio                               
0     00004077  _InitAdc                                
0     0000408b  _copysign                               
0     0000408b  _copysignf                              
0     0000409c  _cpu_timer0_isr                         
0     000040a9  __register_unlock                       
0     000040ad  __register_lock                         
0     000040b1  __nop                                   
0     000040ba  _DSP28x_DisableInt                      
0     000040be  _DSP28x_RestoreInt                      
0     000040c1  _strcpy                                 
0     000040c6  _SetDBGIER                              
0     000040c9  ___abort_execution                      
0     000040cc  __system_pre_init                       
0     000040ce  __system_post_cinit                     
0     000040cf  ___etext__                              
0     000040cf  etext                                   
0     00008082  ___cinit__                              
0     00008082  cinit                                   
0     000080e8  _DSP28x_usDelay                         
0     00380080  _ADC_cal                                
1     00000400  __sys_memory                            
1     00000880  _DevEmuRegs                             
1     00000a80  _FlashRegs                              
1     00000ae0  _CsmRegs                                
1     00000b00  _AdcMirror                              
1     00000b20  _XintfRegs                              
1     00000c00  _CpuTimer0Regs                          
1     00000c08  _CpuTimer1Regs                          
1     00000c10  _CpuTimer2Regs                          
1     00000ce0  _PieCtrlRegs                            
1     00000d00  _PieVectTable                           
1     00001000  _DmaRegs                                
1     00005000  _McbspaRegs                             
1     00005040  _McbspbRegs                             
1     00006000  _ECanaRegs                              
1     00006040  _ECanaLAMRegs                           
1     00006080  _ECanaMOTSRegs                          
1     000060c0  _ECanaMOTORegs                          
1     00006100  _ECanaMboxes                            
1     00006200  _ECanbRegs                              
1     00006240  _ECanbLAMRegs                           
1     00006280  _ECanbMOTSRegs                          
1     000062c0  _ECanbMOTORegs                          
1     00006300  _ECanbMboxes                            
1     00006800  _EPwm1Regs                              
1     00006840  _EPwm2Regs                              
1     00006880  _EPwm3Regs                              
1     000068c0  _EPwm4Regs                              
1     00006900  _EPwm5Regs                              
1     00006940  _EPwm6Regs                              
1     00006a00  _ECap1Regs                              
1     00006a20  _ECap2Regs                              
1     00006a40  _ECap3Regs                              
1     00006a60  _ECap4Regs                              
1     00006a80  _ECap5Regs                              
1     00006aa0  _ECap6Regs                              
1     00006b00  _EQep1Regs                              
1     00006b40  _EQep2Regs                              
1     00006f80  _GpioCtrlRegs                           
1     00006fc0  _GpioDataRegs                           
1     00006fe0  _GpioIntRegs                            
1     00007010  _SysCtrlRegs                            
1     00007040  _SpiaRegs                               
1     00007050  _SciaRegs                               
1     00007070  _XIntruptRegs                           
1     00007100  _AdcRegs                                
1     00007750  _ScibRegs                               
1     00007770  _ScicRegs                               
1     00007900  _I2caRegs                               
1     0000c000  _NMR_system_settings                    
1     0000c080  _gPulseSeq                              
1     0000c180  _dataBuf_imag                           
1     0000dd00  _dataBuf_real                           
1     0000f858  _usRegInputBuf                          
1     0000f859  _asic_gain                              
1     0000f85a  _j                                      
1     0000f85b  _usAddress                              
1     0000f85c  _On_Period                              
1     0000f85e  _Off_Period                             
1     0000f860  _TSt2                                   
1     0000f862  _DMADest                                
1     0000f864  _DMASource                              
1     0000f866  _Period                                 
1     0000f868  _Xint1Count                             
1     0000f86a  _TSt3                                   
1     0000f86c  _TSt1                                   
1     0000f86e  _nextExpt                               
1     0000f87c  _portMBox                               
1     0000f8c0  _ucRTUBuf                               
1     0000f9c8  _pxMBFrameCBReceiveFSMCur               
1     0000f9ca  _pxMBPortCBTimerExpired                 
1     0000f9d6  _pxMBFrameCBTransmitterEmpty            
1     0000f9d8  _pxMBFrameCBTransmitFSMCur              
1     0000f9dc  _pxMBFrameCBByteReceived                
1     0000fa40  _CpuTimer1                              
1     0000fa48  _CpuTimer2                              
1     0000fa50  _CpuTimer0                              
1     0000fa58  _sdata1                                 
1     0000fa59  _sdata2                                 
1     0000fa5a  _rdata1                                 
1     0000fa5b  _rdata2                                 
1     0000fa5c  _Timer_Count                            
1     0000fa5e  _t1                                     
1     0000fa60  _t2                                     
1     0000fa62  _data1                                  
1     0000fa65  _data2                                  
1     0000fa76  ___TI_enable_exit_profile_output        
1     0000fa78  ___TI_cleanup_ptr                       
1     0000fa7a  ___TI_dtors_ptr                         
1     0000fa7c  __lock                                  
1     0000fa7e  __unlock                                
1     0000fa80  _test                                   
1     0000fa81  _errno                                  
1     0000fc82  _PieVectTableInit                       
1     0000fe2c  _US_NMR                                 
1     0000fe2e  _MAXT_NMR                               
1     0000fe30  _FW_VERSION                             
1     0000fe31  _MB_SLV_ID                              
1     0000fe32  _TimerTicksPer50us                      
1     0000fe40  _DMABuf1                                
1     0033fff8  _CsmPwl                                 
1     00380090  _PartIdRegs                             
abs   00000300  __STACK_SIZE                            
abs   00000400  __SYSMEM_SIZE                           
abs   ffffffff  ___TI_pprof_out_hndl                    
abs   ffffffff  ___TI_prof_data_size                    
abs   ffffffff  ___TI_prof_data_start                   
abs   ffffffff  ___binit__                              
abs   ffffffff  ___c_args__                             
abs   ffffffff  ___pinit__                              
abs   ffffffff  binit                                   
abs   ffffffff  pinit                                   

[448 symbols]
