<?xml version="1.0"?>
<link_info>
   <banner>TMS320C2000 Linker PC v16.9.3.LTS</banner>
   <copyright>Copyright (c) 1996-2017 Texas Instruments Incorporated</copyright>
   <link_time>0x59b06923</link_time>
   <link_errors>0x0</link_errors>
   <output_file>uNMR_CCS613.out</output_file>
   <entry_point>
      <name>_c_int00</name>
      <address>0x33bc73</address>
   </entry_point>
   <input_file_list>
      <input_file id="fl-2">
         <path>.\DSP2833x\source\</path>
         <kind>object</kind>
         <file>DSP2833x_GlobalVariableDefs.obj</file>
         <name>DSP2833x_GlobalVariableDefs.obj</name>
      </input_file>
      <input_file id="fl-3">
         <path>.\DSP2833x_common\source\</path>
         <kind>object</kind>
         <file>DSP2833x_ADC_cal.obj</file>
         <name>DSP2833x_ADC_cal.obj</name>
      </input_file>
      <input_file id="fl-4">
         <path>.\DSP2833x_common\source\</path>
         <kind>object</kind>
         <file>DSP2833x_Adc.obj</file>
         <name>DSP2833x_Adc.obj</name>
      </input_file>
      <input_file id="fl-5">
         <path>.\DSP2833x_common\source\</path>
         <kind>object</kind>
         <file>DSP2833x_CSMPasswords.obj</file>
         <name>DSP2833x_CSMPasswords.obj</name>
      </input_file>
      <input_file id="fl-6">
         <path>.\DSP2833x_common\source\</path>
         <kind>object</kind>
         <file>DSP2833x_CodeStartBranch.obj</file>
         <name>DSP2833x_CodeStartBranch.obj</name>
      </input_file>
      <input_file id="fl-7">
         <path>.\DSP2833x_common\source\</path>
         <kind>object</kind>
         <file>DSP2833x_CpuTimers.obj</file>
         <name>DSP2833x_CpuTimers.obj</name>
      </input_file>
      <input_file id="fl-8">
         <path>.\DSP2833x_common\source\</path>
         <kind>object</kind>
         <file>DSP2833x_DBGIER.obj</file>
         <name>DSP2833x_DBGIER.obj</name>
      </input_file>
      <input_file id="fl-9">
         <path>.\DSP2833x_common\source\</path>
         <kind>object</kind>
         <file>DSP2833x_DMA.obj</file>
         <name>DSP2833x_DMA.obj</name>
      </input_file>
      <input_file id="fl-a">
         <path>.\DSP2833x_common\source\</path>
         <kind>object</kind>
         <file>DSP2833x_DefaultIsr.obj</file>
         <name>DSP2833x_DefaultIsr.obj</name>
      </input_file>
      <input_file id="fl-b">
         <path>.\DSP2833x_common\source\</path>
         <kind>object</kind>
         <file>DSP2833x_DisInt.obj</file>
         <name>DSP2833x_DisInt.obj</name>
      </input_file>
      <input_file id="fl-c">
         <path>.\DSP2833x_common\source\</path>
         <kind>object</kind>
         <file>DSP2833x_ECan.obj</file>
         <name>DSP2833x_ECan.obj</name>
      </input_file>
      <input_file id="fl-d">
         <path>.\DSP2833x_common\source\</path>
         <kind>object</kind>
         <file>DSP2833x_ECap.obj</file>
         <name>DSP2833x_ECap.obj</name>
      </input_file>
      <input_file id="fl-e">
         <path>.\DSP2833x_common\source\</path>
         <kind>object</kind>
         <file>DSP2833x_EPwm.obj</file>
         <name>DSP2833x_EPwm.obj</name>
      </input_file>
      <input_file id="fl-f">
         <path>.\DSP2833x_common\source\</path>
         <kind>object</kind>
         <file>DSP2833x_EQep.obj</file>
         <name>DSP2833x_EQep.obj</name>
      </input_file>
      <input_file id="fl-10">
         <path>.\DSP2833x_common\source\</path>
         <kind>object</kind>
         <file>DSP2833x_Gpio.obj</file>
         <name>DSP2833x_Gpio.obj</name>
      </input_file>
      <input_file id="fl-11">
         <path>.\DSP2833x_common\source\</path>
         <kind>object</kind>
         <file>DSP2833x_I2C.obj</file>
         <name>DSP2833x_I2C.obj</name>
      </input_file>
      <input_file id="fl-12">
         <path>.\DSP2833x_common\source\</path>
         <kind>object</kind>
         <file>DSP2833x_Mcbsp.obj</file>
         <name>DSP2833x_Mcbsp.obj</name>
      </input_file>
      <input_file id="fl-13">
         <path>.\DSP2833x_common\source\</path>
         <kind>object</kind>
         <file>DSP2833x_MemCopy.obj</file>
         <name>DSP2833x_MemCopy.obj</name>
      </input_file>
      <input_file id="fl-14">
         <path>.\DSP2833x_common\source\</path>
         <kind>object</kind>
         <file>DSP2833x_PieCtrl.obj</file>
         <name>DSP2833x_PieCtrl.obj</name>
      </input_file>
      <input_file id="fl-15">
         <path>.\DSP2833x_common\source\</path>
         <kind>object</kind>
         <file>DSP2833x_PieVect.obj</file>
         <name>DSP2833x_PieVect.obj</name>
      </input_file>
      <input_file id="fl-16">
         <path>.\DSP2833x_common\source\</path>
         <kind>object</kind>
         <file>DSP2833x_Sci.obj</file>
         <name>DSP2833x_Sci.obj</name>
      </input_file>
      <input_file id="fl-17">
         <path>.\DSP2833x_common\source\</path>
         <kind>object</kind>
         <file>DSP2833x_Spi.obj</file>
         <name>DSP2833x_Spi.obj</name>
      </input_file>
      <input_file id="fl-18">
         <path>.\DSP2833x_common\source\</path>
         <kind>object</kind>
         <file>DSP2833x_SysCtrl.obj</file>
         <name>DSP2833x_SysCtrl.obj</name>
      </input_file>
      <input_file id="fl-19">
         <path>.\DSP2833x_common\source\</path>
         <kind>object</kind>
         <file>DSP2833x_Xintf.obj</file>
         <name>DSP2833x_Xintf.obj</name>
      </input_file>
      <input_file id="fl-1a">
         <path>.\DSP2833x_common\source\</path>
         <kind>object</kind>
         <file>DSP2833x_usDelay.obj</file>
         <name>DSP2833x_usDelay.obj</name>
      </input_file>
      <input_file id="fl-1b">
         <path>.\SOURCE\</path>
         <kind>object</kind>
         <file>ADS1248 .obj</file>
         <name>ADS1248 .obj</name>
      </input_file>
      <input_file id="fl-1c">
         <path>.\SOURCE\</path>
         <kind>object</kind>
         <file>PLL.obj</file>
         <name>PLL.obj</name>
      </input_file>
      <input_file id="fl-1d">
         <path>.\SOURCE\</path>
         <kind>object</kind>
         <file>RunNMR.obj</file>
         <name>RunNMR.obj</name>
      </input_file>
      <input_file id="fl-1e">
         <path>.\SOURCE\</path>
         <kind>object</kind>
         <file>asic.obj</file>
         <name>asic.obj</name>
      </input_file>
      <input_file id="fl-1f">
         <path>.\SOURCE\</path>
         <kind>object</kind>
         <file>cpu_timer.obj</file>
         <name>cpu_timer.obj</name>
      </input_file>
      <input_file id="fl-20">
         <path>.\SOURCE\</path>
         <kind>object</kind>
         <file>gpio_init.obj</file>
         <name>gpio_init.obj</name>
      </input_file>
      <input_file id="fl-21">
         <path>.\SOURCE\</path>
         <kind>object</kind>
         <file>main.obj</file>
         <name>main.obj</name>
      </input_file>
      <input_file id="fl-22">
         <path>.\SOURCE\</path>
         <kind>object</kind>
         <file>nmr.obj</file>
         <name>nmr.obj</name>
      </input_file>
      <input_file id="fl-23">
         <path>.\SOURCE\</path>
         <kind>object</kind>
         <file>nmr_plsq.obj</file>
         <name>nmr_plsq.obj</name>
      </input_file>
      <input_file id="fl-24">
         <path>.\SOURCE\</path>
         <kind>object</kind>
         <file>tempcontoller.obj</file>
         <name>tempcontoller.obj</name>
      </input_file>
      <input_file id="fl-25">
         <path>.\freeMODBUS\ascii\</path>
         <kind>object</kind>
         <file>mbascii.obj</file>
         <name>mbascii.obj</name>
      </input_file>
      <input_file id="fl-26">
         <path>.\freeMODBUS\functions\</path>
         <kind>object</kind>
         <file>mbfunccoils.obj</file>
         <name>mbfunccoils.obj</name>
      </input_file>
      <input_file id="fl-27">
         <path>.\freeMODBUS\functions\</path>
         <kind>object</kind>
         <file>mbfuncdiag.obj</file>
         <name>mbfuncdiag.obj</name>
      </input_file>
      <input_file id="fl-28">
         <path>.\freeMODBUS\functions\</path>
         <kind>object</kind>
         <file>mbfuncdisc.obj</file>
         <name>mbfuncdisc.obj</name>
      </input_file>
      <input_file id="fl-29">
         <path>.\freeMODBUS\functions\</path>
         <kind>object</kind>
         <file>mbfuncholding.obj</file>
         <name>mbfuncholding.obj</name>
      </input_file>
      <input_file id="fl-2a">
         <path>.\freeMODBUS\functions\</path>
         <kind>object</kind>
         <file>mbfuncinput.obj</file>
         <name>mbfuncinput.obj</name>
      </input_file>
      <input_file id="fl-2b">
         <path>.\freeMODBUS\functions\</path>
         <kind>object</kind>
         <file>mbfuncother.obj</file>
         <name>mbfuncother.obj</name>
      </input_file>
      <input_file id="fl-2c">
         <path>.\freeMODBUS\functions\</path>
         <kind>object</kind>
         <file>mbutils.obj</file>
         <name>mbutils.obj</name>
      </input_file>
      <input_file id="fl-2d">
         <path>.\freeMODBUS\</path>
         <kind>object</kind>
         <file>mb.obj</file>
         <name>mb.obj</name>
      </input_file>
      <input_file id="fl-2e">
         <path>.\freeMODBUS\</path>
         <kind>object</kind>
         <file>portevent.obj</file>
         <name>portevent.obj</name>
      </input_file>
      <input_file id="fl-2f">
         <path>.\freeMODBUS\</path>
         <kind>object</kind>
         <file>portserial.obj</file>
         <name>portserial.obj</name>
      </input_file>
      <input_file id="fl-30">
         <path>.\freeMODBUS\</path>
         <kind>object</kind>
         <file>porttimer.obj</file>
         <name>porttimer.obj</name>
      </input_file>
      <input_file id="fl-31">
         <path>.\freeMODBUS\rtu\</path>
         <kind>object</kind>
         <file>mbcrc.obj</file>
         <name>mbcrc.obj</name>
      </input_file>
      <input_file id="fl-32">
         <path>.\freeMODBUS\rtu\</path>
         <kind>object</kind>
         <file>mbrtu.obj</file>
         <name>mbrtu.obj</name>
      </input_file>
      <input_file id="fl-33">
         <path>.\freeMODBUS\tcp\</path>
         <kind>object</kind>
         <file>mbtcp.obj</file>
         <name>mbtcp.obj</name>
      </input_file>
      <input_file id="fl-3a">
         <kind>object</kind>
         <file>&lt;internal&gt;</file>
         <name>&lt;internal&gt;</name>
      </input_file>
      <input_file id="fl-48">
         <path>C:\ti\ccsv7\tools\compiler\ti-cgt-c2000_16.9.3.LTS\lib\</path>
         <kind>archive</kind>
         <file>rts2800_fpu32.lib</file>
         <name>boot28.obj</name>
      </input_file>
      <input_file id="fl-49">
         <path>C:\ti\ccsv7\tools\compiler\ti-cgt-c2000_16.9.3.LTS\lib\</path>
         <kind>archive</kind>
         <file>rts2800_fpu32.lib</file>
         <name>cpy_tbl.obj</name>
      </input_file>
      <input_file id="fl-4a">
         <path>C:\ti\ccsv7\tools\compiler\ti-cgt-c2000_16.9.3.LTS\lib\</path>
         <kind>archive</kind>
         <file>rts2800_fpu32.lib</file>
         <name>e_powf.obj</name>
      </input_file>
      <input_file id="fl-4b">
         <path>C:\ti\ccsv7\tools\compiler\ti-cgt-c2000_16.9.3.LTS\lib\</path>
         <kind>archive</kind>
         <file>rts2800_fpu32.lib</file>
         <name>e_sqrtf.obj</name>
      </input_file>
      <input_file id="fl-4c">
         <path>C:\ti\ccsv7\tools\compiler\ti-cgt-c2000_16.9.3.LTS\lib\</path>
         <kind>archive</kind>
         <file>rts2800_fpu32.lib</file>
         <name>errno.obj</name>
      </input_file>
      <input_file id="fl-4d">
         <path>C:\ti\ccsv7\tools\compiler\ti-cgt-c2000_16.9.3.LTS\lib\</path>
         <kind>archive</kind>
         <file>rts2800_fpu32.lib</file>
         <name>exit.obj</name>
      </input_file>
      <input_file id="fl-4e">
         <path>C:\ti\ccsv7\tools\compiler\ti-cgt-c2000_16.9.3.LTS\lib\</path>
         <kind>archive</kind>
         <file>rts2800_fpu32.lib</file>
         <name>fs_div28.obj</name>
      </input_file>
      <input_file id="fl-4f">
         <path>C:\ti\ccsv7\tools\compiler\ti-cgt-c2000_16.9.3.LTS\lib\</path>
         <kind>archive</kind>
         <file>rts2800_fpu32.lib</file>
         <name>i_div28.obj</name>
      </input_file>
      <input_file id="fl-50">
         <path>C:\ti\ccsv7\tools\compiler\ti-cgt-c2000_16.9.3.LTS\lib\</path>
         <kind>archive</kind>
         <file>rts2800_fpu32.lib</file>
         <name>l_div28.obj</name>
      </input_file>
      <input_file id="fl-51">
         <path>C:\ti\ccsv7\tools\compiler\ti-cgt-c2000_16.9.3.LTS\lib\</path>
         <kind>archive</kind>
         <file>rts2800_fpu32.lib</file>
         <name>memcpy.obj</name>
      </input_file>
      <input_file id="fl-52">
         <path>C:\ti\ccsv7\tools\compiler\ti-cgt-c2000_16.9.3.LTS\lib\</path>
         <kind>archive</kind>
         <file>rts2800_fpu32.lib</file>
         <name>pre_init.obj</name>
      </input_file>
      <input_file id="fl-53">
         <path>C:\ti\ccsv7\tools\compiler\ti-cgt-c2000_16.9.3.LTS\lib\</path>
         <kind>archive</kind>
         <file>rts2800_fpu32.lib</file>
         <name>s_floorf.obj</name>
      </input_file>
      <input_file id="fl-54">
         <path>C:\ti\ccsv7\tools\compiler\ti-cgt-c2000_16.9.3.LTS\lib\</path>
         <kind>archive</kind>
         <file>rts2800_fpu32.lib</file>
         <name>s_scalbnf.obj</name>
      </input_file>
      <input_file id="fl-55">
         <path>C:\ti\ccsv7\tools\compiler\ti-cgt-c2000_16.9.3.LTS\lib\</path>
         <kind>archive</kind>
         <file>rts2800_fpu32.lib</file>
         <name>startup.obj</name>
      </input_file>
      <input_file id="fl-56">
         <path>C:\ti\ccsv7\tools\compiler\ti-cgt-c2000_16.9.3.LTS\lib\</path>
         <kind>archive</kind>
         <file>rts2800_fpu32.lib</file>
         <name>strcpy.obj</name>
      </input_file>
      <input_file id="fl-57">
         <path>C:\ti\ccsv7\tools\compiler\ti-cgt-c2000_16.9.3.LTS\lib\</path>
         <kind>archive</kind>
         <file>rts2800_fpu32.lib</file>
         <name>_lock.obj</name>
      </input_file>
      <input_file id="fl-58">
         <path>C:\ti\ccsv7\tools\compiler\ti-cgt-c2000_16.9.3.LTS\lib\</path>
         <kind>archive</kind>
         <file>rts2800_fpu32.lib</file>
         <name>args_main.obj</name>
      </input_file>
      <input_file id="fl-59">
         <path>C:\ti\ccsv7\tools\compiler\ti-cgt-c2000_16.9.3.LTS\lib\</path>
         <kind>archive</kind>
         <file>rts2800_fpu32.lib</file>
         <name>s_copysignf.obj</name>
      </input_file>
   </input_file_list>
   <object_component_list>
      <object_component id="oc-7c">
         <name>PieVectTableFile</name>
         <uninitialized>true</uninitialized>
         <run_address>0xd00</run_address>
         <size>0x100</size>
         <input_file_ref idref="fl-2"/>
      </object_component>
      <object_component id="oc-78">
         <name>DevEmuRegsFile</name>
         <uninitialized>true</uninitialized>
         <run_address>0x880</run_address>
         <size>0xd0</size>
         <input_file_ref idref="fl-2"/>
      </object_component>
      <object_component id="oc-4e">
         <name>FlashRegsFile</name>
         <uninitialized>true</uninitialized>
         <run_address>0xa80</run_address>
         <size>0x8</size>
         <input_file_ref idref="fl-2"/>
      </object_component>
      <object_component id="oc-56">
         <name>CsmRegsFile</name>
         <uninitialized>true</uninitialized>
         <run_address>0xae0</run_address>
         <size>0x10</size>
         <input_file_ref idref="fl-2"/>
      </object_component>
      <object_component id="oc-57">
         <name>AdcMirrorFile</name>
         <uninitialized>true</uninitialized>
         <run_address>0xb00</run_address>
         <size>0x10</size>
         <input_file_ref idref="fl-2"/>
      </object_component>
      <object_component id="oc-5b">
         <name>XintfRegsFile</name>
         <uninitialized>true</uninitialized>
         <run_address>0xb20</run_address>
         <size>0x1e</size>
         <input_file_ref idref="fl-2"/>
      </object_component>
      <object_component id="oc-4f">
         <name>CpuTimer0RegsFile</name>
         <uninitialized>true</uninitialized>
         <run_address>0xc00</run_address>
         <size>0x8</size>
         <input_file_ref idref="fl-2"/>
      </object_component>
      <object_component id="oc-50">
         <name>CpuTimer1RegsFile</name>
         <uninitialized>true</uninitialized>
         <run_address>0xc08</run_address>
         <size>0x8</size>
         <input_file_ref idref="fl-2"/>
      </object_component>
      <object_component id="oc-4c">
         <name>CpuTimer2RegsFile</name>
         <uninitialized>true</uninitialized>
         <run_address>0xc10</run_address>
         <size>0x8</size>
         <input_file_ref idref="fl-2"/>
      </object_component>
      <object_component id="oc-59">
         <name>PieCtrlRegsFile</name>
         <uninitialized>true</uninitialized>
         <run_address>0xce0</run_address>
         <size>0x1a</size>
         <input_file_ref idref="fl-2"/>
      </object_component>
      <object_component id="oc-79">
         <name>DmaRegsFile</name>
         <uninitialized>true</uninitialized>
         <run_address>0x1000</run_address>
         <size>0xe0</size>
         <input_file_ref idref="fl-2"/>
      </object_component>
      <object_component id="oc-6c">
         <name>McbspaRegsFile</name>
         <uninitialized>true</uninitialized>
         <run_address>0x5000</run_address>
         <size>0x25</size>
         <input_file_ref idref="fl-2"/>
      </object_component>
      <object_component id="oc-6b">
         <name>McbspbRegsFile</name>
         <uninitialized>true</uninitialized>
         <run_address>0x5040</run_address>
         <size>0x25</size>
         <input_file_ref idref="fl-2"/>
      </object_component>
      <object_component id="oc-6e">
         <name>ECanaRegsFile</name>
         <uninitialized>true</uninitialized>
         <run_address>0x6000</run_address>
         <size>0x34</size>
         <input_file_ref idref="fl-2"/>
      </object_component>
      <object_component id="oc-72">
         <name>ECanaLAMRegsFile</name>
         <uninitialized>true</uninitialized>
         <run_address>0x6040</run_address>
         <size>0x40</size>
         <input_file_ref idref="fl-2"/>
      </object_component>
      <object_component id="oc-7b">
         <name>ECanaMboxesFile</name>
         <uninitialized>true</uninitialized>
         <run_address>0x6100</run_address>
         <size>0x100</size>
         <input_file_ref idref="fl-2"/>
      </object_component>
      <object_component id="oc-73">
         <name>ECanaMOTSRegsFile</name>
         <uninitialized>true</uninitialized>
         <run_address>0x6080</run_address>
         <size>0x40</size>
         <input_file_ref idref="fl-2"/>
      </object_component>
      <object_component id="oc-70">
         <name>ECanaMOTORegsFile</name>
         <uninitialized>true</uninitialized>
         <run_address>0x60c0</run_address>
         <size>0x40</size>
         <input_file_ref idref="fl-2"/>
      </object_component>
      <object_component id="oc-6f">
         <name>ECanbRegsFile</name>
         <uninitialized>true</uninitialized>
         <run_address>0x6200</run_address>
         <size>0x34</size>
         <input_file_ref idref="fl-2"/>
      </object_component>
      <object_component id="oc-77">
         <name>ECanbLAMRegsFile</name>
         <uninitialized>true</uninitialized>
         <run_address>0x6240</run_address>
         <size>0x40</size>
         <input_file_ref idref="fl-2"/>
      </object_component>
      <object_component id="oc-7a">
         <name>ECanbMboxesFile</name>
         <uninitialized>true</uninitialized>
         <run_address>0x6300</run_address>
         <size>0x100</size>
         <input_file_ref idref="fl-2"/>
      </object_component>
      <object_component id="oc-71">
         <name>ECanbMOTSRegsFile</name>
         <uninitialized>true</uninitialized>
         <run_address>0x6280</run_address>
         <size>0x40</size>
         <input_file_ref idref="fl-2"/>
      </object_component>
      <object_component id="oc-74">
         <name>ECanbMOTORegsFile</name>
         <uninitialized>true</uninitialized>
         <run_address>0x62c0</run_address>
         <size>0x40</size>
         <input_file_ref idref="fl-2"/>
      </object_component>
      <object_component id="oc-69">
         <name>EPwm1RegsFile</name>
         <uninitialized>true</uninitialized>
         <run_address>0x6800</run_address>
         <size>0x22</size>
         <input_file_ref idref="fl-2"/>
      </object_component>
      <object_component id="oc-64">
         <name>EPwm2RegsFile</name>
         <uninitialized>true</uninitialized>
         <run_address>0x6840</run_address>
         <size>0x22</size>
         <input_file_ref idref="fl-2"/>
      </object_component>
      <object_component id="oc-65">
         <name>EPwm3RegsFile</name>
         <uninitialized>true</uninitialized>
         <run_address>0x6880</run_address>
         <size>0x22</size>
         <input_file_ref idref="fl-2"/>
      </object_component>
      <object_component id="oc-6a">
         <name>EPwm4RegsFile</name>
         <uninitialized>true</uninitialized>
         <run_address>0x68c0</run_address>
         <size>0x22</size>
         <input_file_ref idref="fl-2"/>
      </object_component>
      <object_component id="oc-67">
         <name>EPwm5RegsFile</name>
         <uninitialized>true</uninitialized>
         <run_address>0x6900</run_address>
         <size>0x22</size>
         <input_file_ref idref="fl-2"/>
      </object_component>
      <object_component id="oc-68">
         <name>EPwm6RegsFile</name>
         <uninitialized>true</uninitialized>
         <run_address>0x6940</run_address>
         <size>0x22</size>
         <input_file_ref idref="fl-2"/>
      </object_component>
      <object_component id="oc-5e">
         <name>ECap1RegsFile</name>
         <uninitialized>true</uninitialized>
         <run_address>0x6a00</run_address>
         <size>0x20</size>
         <input_file_ref idref="fl-2"/>
      </object_component>
      <object_component id="oc-5f">
         <name>ECap2RegsFile</name>
         <uninitialized>true</uninitialized>
         <run_address>0x6a20</run_address>
         <size>0x20</size>
         <input_file_ref idref="fl-2"/>
      </object_component>
      <object_component id="oc-5c">
         <name>ECap3RegsFile</name>
         <uninitialized>true</uninitialized>
         <run_address>0x6a40</run_address>
         <size>0x20</size>
         <input_file_ref idref="fl-2"/>
      </object_component>
      <object_component id="oc-5d">
         <name>ECap4RegsFile</name>
         <uninitialized>true</uninitialized>
         <run_address>0x6a60</run_address>
         <size>0x20</size>
         <input_file_ref idref="fl-2"/>
      </object_component>
      <object_component id="oc-62">
         <name>ECap5RegsFile</name>
         <uninitialized>true</uninitialized>
         <run_address>0x6a80</run_address>
         <size>0x20</size>
         <input_file_ref idref="fl-2"/>
      </object_component>
      <object_component id="oc-63">
         <name>ECap6RegsFile</name>
         <uninitialized>true</uninitialized>
         <run_address>0x6aa0</run_address>
         <size>0x20</size>
         <input_file_ref idref="fl-2"/>
      </object_component>
      <object_component id="oc-75">
         <name>EQep1RegsFile</name>
         <uninitialized>true</uninitialized>
         <run_address>0x6b00</run_address>
         <size>0x40</size>
         <input_file_ref idref="fl-2"/>
      </object_component>
      <object_component id="oc-76">
         <name>EQep2RegsFile</name>
         <uninitialized>true</uninitialized>
         <run_address>0x6b40</run_address>
         <size>0x40</size>
         <input_file_ref idref="fl-2"/>
      </object_component>
      <object_component id="oc-6d">
         <name>GpioCtrlRegsFile</name>
         <uninitialized>true</uninitialized>
         <run_address>0x6f80</run_address>
         <size>0x2e</size>
         <input_file_ref idref="fl-2"/>
      </object_component>
      <object_component id="oc-60">
         <name>GpioDataRegsFile</name>
         <uninitialized>true</uninitialized>
         <run_address>0x6fc0</run_address>
         <size>0x20</size>
         <input_file_ref idref="fl-2"/>
      </object_component>
      <object_component id="oc-51">
         <name>GpioIntRegsFile</name>
         <uninitialized>true</uninitialized>
         <run_address>0x6fe0</run_address>
         <size>0xa</size>
         <input_file_ref idref="fl-2"/>
      </object_component>
      <object_component id="oc-61">
         <name>SysCtrlRegsFile</name>
         <uninitialized>true</uninitialized>
         <run_address>0x7010</run_address>
         <size>0x20</size>
         <input_file_ref idref="fl-2"/>
      </object_component>
      <object_component id="oc-52">
         <name>SpiaRegsFile</name>
         <uninitialized>true</uninitialized>
         <run_address>0x7040</run_address>
         <size>0x10</size>
         <input_file_ref idref="fl-2"/>
      </object_component>
      <object_component id="oc-55">
         <name>SciaRegsFile</name>
         <uninitialized>true</uninitialized>
         <run_address>0x7050</run_address>
         <size>0x10</size>
         <input_file_ref idref="fl-2"/>
      </object_component>
      <object_component id="oc-58">
         <name>XIntruptRegsFile</name>
         <uninitialized>true</uninitialized>
         <run_address>0x7070</run_address>
         <size>0x10</size>
         <input_file_ref idref="fl-2"/>
      </object_component>
      <object_component id="oc-5a">
         <name>AdcRegsFile</name>
         <uninitialized>true</uninitialized>
         <run_address>0x7100</run_address>
         <size>0x1e</size>
         <input_file_ref idref="fl-2"/>
      </object_component>
      <object_component id="oc-53">
         <name>ScibRegsFile</name>
         <uninitialized>true</uninitialized>
         <run_address>0x7750</run_address>
         <size>0x10</size>
         <input_file_ref idref="fl-2"/>
      </object_component>
      <object_component id="oc-54">
         <name>ScicRegsFile</name>
         <uninitialized>true</uninitialized>
         <run_address>0x7770</run_address>
         <size>0x10</size>
         <input_file_ref idref="fl-2"/>
      </object_component>
      <object_component id="oc-66">
         <name>I2caRegsFile</name>
         <uninitialized>true</uninitialized>
         <run_address>0x7900</run_address>
         <size>0x22</size>
         <input_file_ref idref="fl-2"/>
      </object_component>
      <object_component id="oc-4d">
         <name>CsmPwlFile</name>
         <uninitialized>true</uninitialized>
         <run_address>0x33fff8</run_address>
         <size>0x8</size>
         <input_file_ref idref="fl-2"/>
      </object_component>
      <object_component id="oc-4b">
         <name>PartIdRegsFile</name>
         <uninitialized>true</uninitialized>
         <run_address>0x380090</run_address>
         <size>0x1</size>
         <input_file_ref idref="fl-2"/>
      </object_component>
      <object_component id="oc-110">
         <name>.cinit</name>
         <load_address>0x33c380</load_address>
         <run_address>0x33c380</run_address>
         <size>0x18</size>
         <input_file_ref idref="fl-20"/>
      </object_component>
      <object_component id="oc-148">
         <name>.cinit</name>
         <load_address>0x33c398</load_address>
         <run_address>0x33c398</run_address>
         <size>0x17</size>
         <input_file_ref idref="fl-2d"/>
      </object_component>
      <object_component id="oc-117">
         <name>.cinit</name>
         <load_address>0x33c3af</load_address>
         <run_address>0x33c3af</run_address>
         <size>0x15</size>
         <input_file_ref idref="fl-21"/>
      </object_component>
      <object_component id="oc-189">
         <name>.cinit</name>
         <load_address>0x33c3c4</load_address>
         <run_address>0x33c3c4</run_address>
         <size>0xe</size>
         <input_file_ref idref="fl-4d"/>
      </object_component>
      <object_component id="oc-1d7">
         <name>.cinit:__lock</name>
         <load_address>0x33c3d2</load_address>
         <run_address>0x33c3d2</run_address>
         <size>0x5</size>
         <input_file_ref idref="fl-57"/>
      </object_component>
      <object_component id="oc-1fb">
         <name>.cinit:__unlock</name>
         <load_address>0x33c3d7</load_address>
         <run_address>0x33c3d7</run_address>
         <size>0x5</size>
         <input_file_ref idref="fl-57"/>
      </object_component>
      <object_component id="oc-185">
         <name>.cinit</name>
         <load_address>0x33c3dc</load_address>
         <run_address>0x33c3dc</run_address>
         <size>0x4</size>
         <input_file_ref idref="fl-4c"/>
      </object_component>
      <object_component id="oc-1d2">
         <name>.text</name>
         <load_address>0x338000</load_address>
         <run_address>0x338000</run_address>
         <size>0xd8f</size>
         <input_file_ref idref="fl-1d"/>
      </object_component>
      <object_component id="oc-1d9">
         <name>.text</name>
         <load_address>0x338d8f</load_address>
         <run_address>0x338d8f</run_address>
         <size>0x791</size>
         <input_file_ref idref="fl-20"/>
      </object_component>
      <object_component id="oc-1df">
         <name>.text</name>
         <load_address>0x339520</load_address>
         <run_address>0x339520</run_address>
         <size>0x68e</size>
         <input_file_ref idref="fl-23"/>
      </object_component>
      <object_component id="oc-1dc">
         <name>.text</name>
         <load_address>0x339bae</load_address>
         <run_address>0x339bae</run_address>
         <size>0x51e</size>
         <input_file_ref idref="fl-24"/>
      </object_component>
      <object_component id="oc-1d5">
         <name>.text</name>
         <load_address>0x33a0cc</load_address>
         <run_address>0x33a0cc</run_address>
         <size>0x467</size>
         <input_file_ref idref="fl-21"/>
      </object_component>
      <object_component id="oc-1f7">
         <name>.text</name>
         <load_address>0x33a533</load_address>
         <run_address>0x33a533</run_address>
         <size>0x3e9</size>
         <input_file_ref idref="fl-9"/>
      </object_component>
      <object_component id="oc-1fd">
         <name>.text</name>
         <load_address>0x33a91c</load_address>
         <run_address>0x33a91c</run_address>
         <size>0x380</size>
         <input_file_ref idref="fl-4a"/>
      </object_component>
      <object_component id="oc-a1">
         <name>.text:retain</name>
         <load_address>0x33ac9c</load_address>
         <run_address>0x33ac9c</run_address>
         <size>0x316</size>
         <input_file_ref idref="fl-a"/>
      </object_component>
      <object_component id="oc-1e3">
         <name>.text</name>
         <load_address>0x33afb2</load_address>
         <run_address>0x33afb2</run_address>
         <size>0x186</size>
         <input_file_ref idref="fl-1e"/>
      </object_component>
      <object_component id="oc-1f8">
         <name>.text</name>
         <load_address>0x33b138</load_address>
         <run_address>0x33b138</run_address>
         <size>0x174</size>
         <input_file_ref idref="fl-2d"/>
      </object_component>
      <object_component id="oc-1e4">
         <name>.text</name>
         <load_address>0x33b2ac</load_address>
         <run_address>0x33b2ac</run_address>
         <size>0x15c</size>
         <input_file_ref idref="fl-12"/>
      </object_component>
      <object_component id="oc-201">
         <name>.text</name>
         <load_address>0x33b408</load_address>
         <run_address>0x33b408</run_address>
         <size>0x133</size>
         <input_file_ref idref="fl-32"/>
      </object_component>
      <object_component id="oc-1d3">
         <name>.text</name>
         <load_address>0x33b53b</load_address>
         <run_address>0x33b53b</run_address>
         <size>0x110</size>
         <input_file_ref idref="fl-29"/>
      </object_component>
      <object_component id="oc-1e2">
         <name>.text</name>
         <load_address>0x33b64b</load_address>
         <run_address>0x33b64b</run_address>
         <size>0x10a</size>
         <input_file_ref idref="fl-22"/>
      </object_component>
      <object_component id="oc-1f0">
         <name>.text</name>
         <load_address>0x33b755</load_address>
         <run_address>0x33b755</run_address>
         <size>0xf8</size>
         <input_file_ref idref="fl-18"/>
      </object_component>
      <object_component id="oc-209">
         <name>.text</name>
         <load_address>0x33b84d</load_address>
         <run_address>0x33b84d</run_address>
         <size>0xd0</size>
         <input_file_ref idref="fl-2f"/>
      </object_component>
      <object_component id="oc-1f3">
         <name>.text</name>
         <load_address>0x33b91d</load_address>
         <run_address>0x33b91d</run_address>
         <size>0xc8</size>
         <input_file_ref idref="fl-e"/>
      </object_component>
      <object_component id="oc-18f">
         <name>.text</name>
         <load_address>0x33b9e5</load_address>
         <run_address>0x33b9e5</run_address>
         <size>0x88</size>
         <input_file_ref idref="fl-4e"/>
      </object_component>
      <object_component id="oc-1ef">
         <name>.text</name>
         <load_address>0x33ba6d</load_address>
         <run_address>0x33ba6d</run_address>
         <size>0x74</size>
         <input_file_ref idref="fl-2c"/>
      </object_component>
      <object_component id="oc-155">
         <name>.text:retain</name>
         <load_address>0x33bae1</load_address>
         <run_address>0x33bae1</run_address>
         <size>0x72</size>
         <input_file_ref idref="fl-2f"/>
      </object_component>
      <object_component id="oc-11b">
         <name>.text:retain</name>
         <load_address>0x33bb53</load_address>
         <run_address>0x33bb53</run_address>
         <size>0x67</size>
         <input_file_ref idref="fl-21"/>
      </object_component>
      <object_component id="oc-208">
         <name>.text</name>
         <load_address>0x33bbba</load_address>
         <run_address>0x33bbba</run_address>
         <size>0x62</size>
         <input_file_ref idref="fl-54"/>
      </object_component>
      <object_component id="oc-1fc">
         <name>.text</name>
         <load_address>0x33bc1c</load_address>
         <run_address>0x33bc1c</run_address>
         <size>0x57</size>
         <input_file_ref idref="fl-53"/>
      </object_component>
      <object_component id="oc-49">
         <name>.text</name>
         <load_address>0x33bc73</load_address>
         <run_address>0x33bc73</run_address>
         <size>0x56</size>
         <input_file_ref idref="fl-48"/>
      </object_component>
      <object_component id="oc-202">
         <name>.text</name>
         <load_address>0x33bcc9</load_address>
         <run_address>0x33bcc9</run_address>
         <size>0x3b</size>
         <input_file_ref idref="fl-2e"/>
      </object_component>
      <object_component id="oc-20a">
         <name>.text</name>
         <load_address>0x33bd04</load_address>
         <run_address>0x33bd04</run_address>
         <size>0x37</size>
         <input_file_ref idref="fl-30"/>
      </object_component>
      <object_component id="oc-15c">
         <name>.text:retain</name>
         <load_address>0x33bd3b</load_address>
         <run_address>0x33bd3b</run_address>
         <size>0x2f</size>
         <input_file_ref idref="fl-30"/>
      </object_component>
      <object_component id="oc-199">
         <name>.text</name>
         <load_address>0x33bd6a</load_address>
         <run_address>0x33bd6a</run_address>
         <size>0x2a</size>
         <input_file_ref idref="fl-50"/>
      </object_component>
      <object_component id="oc-1d1">
         <name>.text</name>
         <load_address>0x33bd94</load_address>
         <run_address>0x33bd94</run_address>
         <size>0x29</size>
         <input_file_ref idref="fl-4d"/>
      </object_component>
      <object_component id="oc-1f4">
         <name>.text</name>
         <load_address>0x33bdbd</load_address>
         <run_address>0x33bdbd</run_address>
         <size>0x28</size>
         <input_file_ref idref="fl-14"/>
      </object_component>
      <object_component id="oc-20b">
         <name>.text</name>
         <load_address>0x33bde5</load_address>
         <run_address>0x33bde5</run_address>
         <size>0x26</size>
         <input_file_ref idref="fl-31"/>
      </object_component>
      <object_component id="oc-1cf">
         <name>.text</name>
         <load_address>0x33be0b</load_address>
         <run_address>0x33be0b</run_address>
         <size>0x1</size>
         <input_file_ref idref="fl-55"/>
      </object_component>
      <object_component id="oc-204">
         <name>.text</name>
         <load_address>0x33be0c</load_address>
         <run_address>0x33be0c</run_address>
         <size>0x25</size>
         <input_file_ref idref="fl-4b"/>
      </object_component>
      <object_component id="oc-1ce">
         <name>.text</name>
         <load_address>0x33be31</load_address>
         <run_address>0x33be31</run_address>
         <size>0x24</size>
         <input_file_ref idref="fl-49"/>
      </object_component>
      <object_component id="oc-194">
         <name>.text</name>
         <load_address>0x33be55</load_address>
         <run_address>0x33be55</run_address>
         <size>0x22</size>
         <input_file_ref idref="fl-4f"/>
      </object_component>
      <object_component id="oc-1f5">
         <name>.text</name>
         <load_address>0x33be77</load_address>
         <run_address>0x33be77</run_address>
         <size>0x20</size>
         <input_file_ref idref="fl-15"/>
      </object_component>
      <object_component id="oc-1d4">
         <name>.text</name>
         <load_address>0x33be97</load_address>
         <run_address>0x33be97</run_address>
         <size>0x1e</size>
         <input_file_ref idref="fl-51"/>
      </object_component>
      <object_component id="oc-1d0">
         <name>.text</name>
         <load_address>0x33beb5</load_address>
         <run_address>0x33beb5</run_address>
         <size>0x19</size>
         <input_file_ref idref="fl-58"/>
      </object_component>
      <object_component id="oc-1f2">
         <name>.text</name>
         <load_address>0x33bece</load_address>
         <run_address>0x33bece</run_address>
         <size>0x17</size>
         <input_file_ref idref="fl-10"/>
      </object_component>
      <object_component id="oc-1f6">
         <name>.text</name>
         <load_address>0x33bee5</load_address>
         <run_address>0x33bee5</run_address>
         <size>0x14</size>
         <input_file_ref idref="fl-4"/>
      </object_component>
      <object_component id="oc-20c">
         <name>.text</name>
         <load_address>0x33bef9</load_address>
         <run_address>0x33bef9</run_address>
         <size>0x11</size>
         <input_file_ref idref="fl-59"/>
      </object_component>
      <object_component id="oc-10a">
         <name>.text:retain</name>
         <load_address>0x33bf0a</load_address>
         <run_address>0x33bf0a</run_address>
         <size>0xd</size>
         <input_file_ref idref="fl-1f"/>
      </object_component>
      <object_component id="oc-1fa">
         <name>.text</name>
         <load_address>0x33bf17</load_address>
         <run_address>0x33bf17</run_address>
         <size>0x9</size>
         <input_file_ref idref="fl-57"/>
      </object_component>
      <object_component id="oc-8a">
         <name>.text</name>
         <load_address>0x33bf20</load_address>
         <run_address>0x33bf20</run_address>
         <size>0x8</size>
         <input_file_ref idref="fl-6"/>
      </object_component>
      <object_component id="oc-a6">
         <name>.text</name>
         <load_address>0x33bf28</load_address>
         <run_address>0x33bf28</run_address>
         <size>0x7</size>
         <input_file_ref idref="fl-b"/>
      </object_component>
      <object_component id="oc-1db">
         <name>.text</name>
         <load_address>0x33bf2f</load_address>
         <run_address>0x33bf2f</run_address>
         <size>0x5</size>
         <input_file_ref idref="fl-56"/>
      </object_component>
      <object_component id="oc-96">
         <name>.text</name>
         <load_address>0x33bf34</load_address>
         <run_address>0x33bf34</run_address>
         <size>0x3</size>
         <input_file_ref idref="fl-8"/>
      </object_component>
      <object_component id="oc-1cd">
         <name>.text</name>
         <load_address>0x33bf37</load_address>
         <run_address>0x33bf37</run_address>
         <size>0x2</size>
         <input_file_ref idref="fl-52"/>
      </object_component>
      <object_component id="oc-8b">
         <name>codestart</name>
         <load_address>0x33fff6</load_address>
         <run_address>0x33fff6</run_address>
         <size>0x2</size>
         <input_file_ref idref="fl-6"/>
      </object_component>
      <object_component id="oc-1f1">
         <name>ramfuncs</name>
         <load_address>0x320000</load_address>
         <run_address>0x8000</run_address>
         <size>0x1b</size>
         <input_file_ref idref="fl-18"/>
      </object_component>
      <object_component id="oc-f1">
         <name>ramfuncs</name>
         <load_address>0x32001b</load_address>
         <run_address>0x801b</run_address>
         <size>0x4</size>
         <input_file_ref idref="fl-1a"/>
      </object_component>
      <object_component id="oc-88">
         <name>csmpasswds</name>
         <load_address>0x33fff8</load_address>
         <run_address>0x33fff8</run_address>
         <size>0x8</size>
         <input_file_ref idref="fl-5"/>
      </object_component>
      <object_component id="oc-89">
         <name>csm_rsvd</name>
         <load_address>0x33ff80</load_address>
         <run_address>0x33ff80</run_address>
         <size>0x76</size>
         <input_file_ref idref="fl-5"/>
      </object_component>
      <object_component id="oc-16e">
         <name>.stack</name>
         <uninitialized>true</uninitialized>
         <run_address>0x400</run_address>
         <size>0x0</size>
         <input_file_ref idref="fl-48"/>
      </object_component>
      <object_component id="oc-261">
         <name>.stack</name>
         <uninitialized>true</uninitialized>
         <run_address>0x400</run_address>
         <size>0x0</size>
      </object_component>
      <object_component id="oc-91">
         <name>.ebss</name>
         <uninitialized>true</uninitialized>
         <run_address>0xfa40</run_address>
         <size>0x18</size>
         <input_file_ref idref="fl-7"/>
      </object_component>
      <object_component id="oc-fe">
         <name>.ebss</name>
         <uninitialized>true</uninitialized>
         <run_address>0xc000</run_address>
         <size>0x3858</size>
         <input_file_ref idref="fl-1d"/>
      </object_component>
      <object_component id="oc-111">
         <name>.ebss</name>
         <uninitialized>true</uninitialized>
         <run_address>0xfa58</run_address>
         <size>0x10</size>
         <input_file_ref idref="fl-20"/>
      </object_component>
      <object_component id="oc-119">
         <name>.ebss</name>
         <uninitialized>true</uninitialized>
         <run_address>0xf858</run_address>
         <size>0x1c</size>
         <input_file_ref idref="fl-21"/>
      </object_component>
      <object_component id="oc-135">
         <name>.ebss</name>
         <uninitialized>true</uninitialized>
         <run_address>0xfa6a</run_address>
         <size>0x1</size>
         <input_file_ref idref="fl-27"/>
      </object_component>
      <object_component id="oc-149">
         <name>.ebss</name>
         <uninitialized>true</uninitialized>
         <run_address>0xf9c0</run_address>
         <size>0x80</size>
         <input_file_ref idref="fl-2d"/>
      </object_component>
      <object_component id="oc-14f">
         <name>.ebss</name>
         <uninitialized>true</uninitialized>
         <run_address>0xf87a</run_address>
         <size>0x4</size>
         <input_file_ref idref="fl-2e"/>
      </object_component>
      <object_component id="oc-167">
         <name>.ebss</name>
         <uninitialized>true</uninitialized>
         <run_address>0xf880</run_address>
         <size>0x140</size>
         <input_file_ref idref="fl-32"/>
      </object_component>
      <object_component id="oc-186">
         <name>.ebss</name>
         <uninitialized>true</uninitialized>
         <run_address>0xfa6b</run_address>
         <size>0x1</size>
         <input_file_ref idref="fl-4c"/>
      </object_component>
      <object_component id="oc-18a">
         <name>.ebss</name>
         <uninitialized>true</uninitialized>
         <run_address>0xf874</run_address>
         <size>0x6</size>
         <input_file_ref idref="fl-4d"/>
      </object_component>
      <object_component id="oc-203">
         <name>.ebss:__unlock</name>
         <uninitialized>true</uninitialized>
         <run_address>0xfa68</run_address>
         <size>0x2</size>
         <input_file_ref idref="fl-57"/>
      </object_component>
      <object_component id="oc-1d6">
         <name>.ebss:__lock</name>
         <uninitialized>true</uninitialized>
         <run_address>0xf87e</run_address>
         <size>0x2</size>
         <input_file_ref idref="fl-57"/>
      </object_component>
      <object_component id="oc-20d">
         <name>.econst:.string:_aucCRCHi</name>
         <load_address>0x33bf3a</load_address>
         <run_address>0x33bf3a</run_address>
         <size>0x100</size>
         <input_file_ref idref="fl-31"/>
      </object_component>
      <object_component id="oc-20e">
         <name>.econst:.string:_aucCRCLo</name>
         <load_address>0x33c03a</load_address>
         <run_address>0x33c03a</run_address>
         <size>0x100</size>
         <input_file_ref idref="fl-31"/>
      </object_component>
      <object_component id="oc-200">
         <name>.econst:_PieVectTableInit</name>
         <load_address>0x33c13a</load_address>
         <run_address>0x33c13a</run_address>
         <size>0x100</size>
         <input_file_ref idref="fl-15"/>
      </object_component>
      <object_component id="oc-17a">
         <name>.econst</name>
         <load_address>0x33c23a</load_address>
         <run_address>0x33c23a</run_address>
         <size>0x32</size>
         <input_file_ref idref="fl-4a"/>
      </object_component>
      <object_component id="oc-ff">
         <name>.econst:.string</name>
         <load_address>0x33c26c</load_address>
         <run_address>0x33c26c</run_address>
         <size>0xf</size>
         <input_file_ref idref="fl-1d"/>
      </object_component>
      <object_component id="oc-1fe">
         <name>.econst:_$P$T0$1</name>
         <load_address>0x33c27b</load_address>
         <run_address>0x33c27b</run_address>
         <size>0xf</size>
         <input_file_ref idref="fl-24"/>
      </object_component>
      <object_component id="oc-1ff">
         <name>.econst:_$P$T1$2</name>
         <load_address>0x33c28a</load_address>
         <run_address>0x33c28a</run_address>
         <size>0xf</size>
         <input_file_ref idref="fl-24"/>
      </object_component>
      <object_component id="oc-1af">
         <name>.econst</name>
         <load_address>0x33c29a</load_address>
         <run_address>0x33c29a</run_address>
         <size>0x6</size>
         <input_file_ref idref="fl-54"/>
      </object_component>
      <object_component id="oc-1dd">
         <name>.econst:_$P$T0$1</name>
         <load_address>0x33c2a0</load_address>
         <run_address>0x33c2a0</run_address>
         <size>0x4</size>
         <input_file_ref idref="fl-1d"/>
      </object_component>
      <object_component id="oc-1de">
         <name>.econst:_$P$T1$2</name>
         <load_address>0x33c2a4</load_address>
         <run_address>0x33c2a4</run_address>
         <size>0x4</size>
         <input_file_ref idref="fl-1d"/>
      </object_component>
      <object_component id="oc-1eb">
         <name>.econst:_$P$T10$11</name>
         <load_address>0x33c2a8</load_address>
         <run_address>0x33c2a8</run_address>
         <size>0x4</size>
         <input_file_ref idref="fl-1d"/>
      </object_component>
      <object_component id="oc-1ec">
         <name>.econst:_$P$T11$12</name>
         <load_address>0x33c2ac</load_address>
         <run_address>0x33c2ac</run_address>
         <size>0x4</size>
         <input_file_ref idref="fl-1d"/>
      </object_component>
      <object_component id="oc-1ed">
         <name>.econst:_$P$T12$13</name>
         <load_address>0x33c2b0</load_address>
         <run_address>0x33c2b0</run_address>
         <size>0x4</size>
         <input_file_ref idref="fl-1d"/>
      </object_component>
      <object_component id="oc-1ee">
         <name>.econst:_$P$T13$14</name>
         <load_address>0x33c2b4</load_address>
         <run_address>0x33c2b4</run_address>
         <size>0x4</size>
         <input_file_ref idref="fl-1d"/>
      </object_component>
      <object_component id="oc-1e0">
         <name>.econst:_$P$T2$3</name>
         <load_address>0x33c2b8</load_address>
         <run_address>0x33c2b8</run_address>
         <size>0x4</size>
         <input_file_ref idref="fl-1d"/>
      </object_component>
      <object_component id="oc-1e1">
         <name>.econst:_$P$T3$4</name>
         <load_address>0x33c2bc</load_address>
         <run_address>0x33c2bc</run_address>
         <size>0x4</size>
         <input_file_ref idref="fl-1d"/>
      </object_component>
      <object_component id="oc-1e5">
         <name>.econst:_$P$T4$5</name>
         <load_address>0x33c2c0</load_address>
         <run_address>0x33c2c0</run_address>
         <size>0x4</size>
         <input_file_ref idref="fl-1d"/>
      </object_component>
      <object_component id="oc-1e6">
         <name>.econst:_$P$T5$6</name>
         <load_address>0x33c2c4</load_address>
         <run_address>0x33c2c4</run_address>
         <size>0x4</size>
         <input_file_ref idref="fl-1d"/>
      </object_component>
      <object_component id="oc-1e7">
         <name>.econst:_$P$T6$7</name>
         <load_address>0x33c2c8</load_address>
         <run_address>0x33c2c8</run_address>
         <size>0x4</size>
         <input_file_ref idref="fl-1d"/>
      </object_component>
      <object_component id="oc-1e8">
         <name>.econst:_$P$T7$8</name>
         <load_address>0x33c2cc</load_address>
         <run_address>0x33c2cc</run_address>
         <size>0x4</size>
         <input_file_ref idref="fl-1d"/>
      </object_component>
      <object_component id="oc-1e9">
         <name>.econst:_$P$T8$9</name>
         <load_address>0x33c2d0</load_address>
         <run_address>0x33c2d0</run_address>
         <size>0x4</size>
         <input_file_ref idref="fl-1d"/>
      </object_component>
      <object_component id="oc-1ea">
         <name>.econst:_$P$T9$10</name>
         <load_address>0x33c2d4</load_address>
         <run_address>0x33c2d4</run_address>
         <size>0x4</size>
         <input_file_ref idref="fl-1d"/>
      </object_component>
      <object_component id="oc-205">
         <name>.econst:_bp</name>
         <load_address>0x33c2d8</load_address>
         <run_address>0x33c2d8</run_address>
         <size>0x4</size>
         <input_file_ref idref="fl-4a"/>
      </object_component>
      <object_component id="oc-206">
         <name>.econst:_dp_h</name>
         <load_address>0x33c2dc</load_address>
         <run_address>0x33c2dc</run_address>
         <size>0x4</size>
         <input_file_ref idref="fl-4a"/>
      </object_component>
      <object_component id="oc-207">
         <name>.econst:_dp_l</name>
         <load_address>0x33c2e0</load_address>
         <run_address>0x33c2e0</run_address>
         <size>0x4</size>
         <input_file_ref idref="fl-4a"/>
      </object_component>
      <object_component id="oc-126">
         <name>.econst</name>
         <load_address>0x33c2e4</load_address>
         <run_address>0x33c2e4</run_address>
         <size>0x4</size>
         <input_file_ref idref="fl-23"/>
      </object_component>
      <object_component id="oc-118">
         <name>.econst</name>
         <load_address>0x33c2e8</load_address>
         <run_address>0x33c2e8</run_address>
         <size>0x2</size>
         <input_file_ref idref="fl-21"/>
      </object_component>
      <object_component id="oc-15b">
         <name>.econst</name>
         <load_address>0x33c2ea</load_address>
         <run_address>0x33c2ea</run_address>
         <size>0x2</size>
         <input_file_ref idref="fl-30"/>
      </object_component>
      <object_component id="oc-1a9">
         <name>.econst</name>
         <load_address>0x33c2ec</load_address>
         <run_address>0x33c2ec</run_address>
         <size>0x2</size>
         <input_file_ref idref="fl-53"/>
      </object_component>
      <object_component id="oc-1f9">
         <name>.switch:_eMBRegHoldingCB</name>
         <load_address>0x33c2ee</load_address>
         <run_address>0x33c2ee</run_address>
         <size>0x3a</size>
         <input_file_ref idref="fl-21"/>
      </object_component>
      <object_component id="oc-1d8">
         <name>.switch:_GetNMRParameters</name>
         <load_address>0x33c328</load_address>
         <run_address>0x33c328</run_address>
         <size>0x2c</size>
         <input_file_ref idref="fl-1d"/>
      </object_component>
      <object_component id="oc-1da">
         <name>.switch:_SetNMRParameters</name>
         <load_address>0x33c354</load_address>
         <run_address>0x33c354</run_address>
         <size>0x2c</size>
         <input_file_ref idref="fl-1d"/>
      </object_component>
      <object_component id="oc-11a">
         <name>DMARAML4</name>
         <uninitialized>true</uninitialized>
         <run_address>0xfa80</run_address>
         <size>0x28</size>
         <input_file_ref idref="fl-21"/>
      </object_component>
      <object_component id="oc-16f">
         <name>.reset</name>
         <load_address>0x3fffc0</load_address>
         <run_address>0x3fffc0</run_address>
         <size>0x2</size>
         <input_file_ref idref="fl-48"/>
      </object_component>
      <object_component id="oc-7e">
         <name>.adc_cal</name>
         <load_address>0x380080</load_address>
         <run_address>0x380080</run_address>
         <size>0x7</size>
         <input_file_ref idref="fl-3"/>
      </object_component>
      <object_component id="oc-4a">
         <name>.debug_info</name>
         <load_address>0x0</load_address>
         <run_address>0x0</run_address>
         <size>0x1342a</size>
         <input_file_ref idref="fl-2"/>
      </object_component>
      <object_component id="oc-7f">
         <name>.debug_info</name>
         <load_address>0x1342a</load_address>
         <run_address>0x1342a</run_address>
         <size>0x118</size>
         <input_file_ref idref="fl-3"/>
      </object_component>
      <object_component id="oc-83">
         <name>.debug_info</name>
         <load_address>0x13542</load_address>
         <run_address>0x13542</run_address>
         <size>0x1f56</size>
         <input_file_ref idref="fl-4"/>
      </object_component>
      <object_component id="oc-8c">
         <name>.debug_info</name>
         <load_address>0x15498</load_address>
         <run_address>0x15498</run_address>
         <size>0x166</size>
         <input_file_ref idref="fl-6"/>
      </object_component>
      <object_component id="oc-90">
         <name>.debug_info</name>
         <load_address>0x155fe</load_address>
         <run_address>0x155fe</run_address>
         <size>0x856</size>
         <input_file_ref idref="fl-7"/>
      </object_component>
      <object_component id="oc-97">
         <name>.debug_info</name>
         <load_address>0x15e54</load_address>
         <run_address>0x15e54</run_address>
         <size>0x116</size>
         <input_file_ref idref="fl-8"/>
      </object_component>
      <object_component id="oc-9b">
         <name>.debug_info</name>
         <load_address>0x15f6a</load_address>
         <run_address>0x15f6a</run_address>
         <size>0x4257</size>
         <input_file_ref idref="fl-9"/>
      </object_component>
      <object_component id="oc-a0">
         <name>.debug_info</name>
         <load_address>0x1a1c1</load_address>
         <run_address>0x1a1c1</run_address>
         <size>0x2e53</size>
         <input_file_ref idref="fl-a"/>
      </object_component>
      <object_component id="oc-a7">
         <name>.debug_info</name>
         <load_address>0x1d014</load_address>
         <run_address>0x1d014</run_address>
         <size>0x11c</size>
         <input_file_ref idref="fl-b"/>
      </object_component>
      <object_component id="oc-ab">
         <name>.debug_info</name>
         <load_address>0x1d130</load_address>
         <run_address>0x1d130</run_address>
         <size>0x5dac</size>
         <input_file_ref idref="fl-c"/>
      </object_component>
      <object_component id="oc-b0">
         <name>.debug_info</name>
         <load_address>0x22edc</load_address>
         <run_address>0x22edc</run_address>
         <size>0x1bba</size>
         <input_file_ref idref="fl-d"/>
      </object_component>
      <object_component id="oc-b5">
         <name>.debug_info</name>
         <load_address>0x24a96</load_address>
         <run_address>0x24a96</run_address>
         <size>0x219c</size>
         <input_file_ref idref="fl-e"/>
      </object_component>
      <object_component id="oc-ba">
         <name>.debug_info</name>
         <load_address>0x26c32</load_address>
         <run_address>0x26c32</run_address>
         <size>0x1bba</size>
         <input_file_ref idref="fl-f"/>
      </object_component>
      <object_component id="oc-bf">
         <name>.debug_info</name>
         <load_address>0x287ec</load_address>
         <run_address>0x287ec</run_address>
         <size>0x1c3b</size>
         <input_file_ref idref="fl-10"/>
      </object_component>
      <object_component id="oc-c4">
         <name>.debug_info</name>
         <load_address>0x2a427</load_address>
         <run_address>0x2a427</run_address>
         <size>0x1bb9</size>
         <input_file_ref idref="fl-11"/>
      </object_component>
      <object_component id="oc-c9">
         <name>.debug_info</name>
         <load_address>0x2bfe0</load_address>
         <run_address>0x2bfe0</run_address>
         <size>0x55ba</size>
         <input_file_ref idref="fl-12"/>
      </object_component>
      <object_component id="oc-ce">
         <name>.debug_info</name>
         <load_address>0x3159a</load_address>
         <run_address>0x3159a</run_address>
         <size>0x385</size>
         <input_file_ref idref="fl-13"/>
      </object_component>
      <object_component id="oc-d3">
         <name>.debug_info</name>
         <load_address>0x3191f</load_address>
         <run_address>0x3191f</run_address>
         <size>0xbba</size>
         <input_file_ref idref="fl-14"/>
      </object_component>
      <object_component id="oc-d8">
         <name>.debug_info</name>
         <load_address>0x324d9</load_address>
         <run_address>0x324d9</run_address>
         <size>0x2318</size>
         <input_file_ref idref="fl-15"/>
      </object_component>
      <object_component id="oc-dd">
         <name>.debug_info</name>
         <load_address>0x347f1</load_address>
         <run_address>0x347f1</run_address>
         <size>0x1bb9</size>
         <input_file_ref idref="fl-16"/>
      </object_component>
      <object_component id="oc-e2">
         <name>.debug_info</name>
         <load_address>0x363aa</load_address>
         <run_address>0x363aa</run_address>
         <size>0x1bb9</size>
         <input_file_ref idref="fl-17"/>
      </object_component>
      <object_component id="oc-e7">
         <name>.debug_info</name>
         <load_address>0x37f63</load_address>
         <run_address>0x37f63</run_address>
         <size>0x2214</size>
         <input_file_ref idref="fl-18"/>
      </object_component>
      <object_component id="oc-ec">
         <name>.debug_info</name>
         <load_address>0x3a177</load_address>
         <run_address>0x3a177</run_address>
         <size>0x2171</size>
         <input_file_ref idref="fl-19"/>
      </object_component>
      <object_component id="oc-f2">
         <name>.debug_info</name>
         <load_address>0x3c2e8</load_address>
         <run_address>0x3c2e8</run_address>
         <size>0x118</size>
         <input_file_ref idref="fl-1a"/>
      </object_component>
      <object_component id="oc-f6">
         <name>.debug_info</name>
         <load_address>0x3c400</load_address>
         <run_address>0x3c400</run_address>
         <size>0x17f</size>
         <input_file_ref idref="fl-1b"/>
      </object_component>
      <object_component id="oc-f8">
         <name>.debug_info</name>
         <load_address>0x3c57f</load_address>
         <run_address>0x3c57f</run_address>
         <size>0x385</size>
         <input_file_ref idref="fl-1c"/>
      </object_component>
      <object_component id="oc-fd">
         <name>.debug_info</name>
         <load_address>0x3c904</load_address>
         <run_address>0x3c904</run_address>
         <size>0x8af4</size>
         <input_file_ref idref="fl-1d"/>
      </object_component>
      <object_component id="oc-104">
         <name>.debug_info</name>
         <load_address>0x453f8</load_address>
         <run_address>0x453f8</run_address>
         <size>0x2b24</size>
         <input_file_ref idref="fl-1e"/>
      </object_component>
      <object_component id="oc-109">
         <name>.debug_info</name>
         <load_address>0x47f1c</load_address>
         <run_address>0x47f1c</run_address>
         <size>0x3c1</size>
         <input_file_ref idref="fl-1f"/>
      </object_component>
      <object_component id="oc-10f">
         <name>.debug_info</name>
         <load_address>0x482dd</load_address>
         <run_address>0x482dd</run_address>
         <size>0x8878</size>
         <input_file_ref idref="fl-20"/>
      </object_component>
      <object_component id="oc-116">
         <name>.debug_info</name>
         <load_address>0x50b55</load_address>
         <run_address>0x50b55</run_address>
         <size>0x6de2</size>
         <input_file_ref idref="fl-21"/>
      </object_component>
      <object_component id="oc-120">
         <name>.debug_info</name>
         <load_address>0x57937</load_address>
         <run_address>0x57937</run_address>
         <size>0x1fac</size>
         <input_file_ref idref="fl-22"/>
      </object_component>
      <object_component id="oc-125">
         <name>.debug_info</name>
         <load_address>0x598e3</load_address>
         <run_address>0x598e3</run_address>
         <size>0x15b0</size>
         <input_file_ref idref="fl-23"/>
      </object_component>
      <object_component id="oc-12b">
         <name>.debug_info</name>
         <load_address>0x5ae93</load_address>
         <run_address>0x5ae93</run_address>
         <size>0x2d8f</size>
         <input_file_ref idref="fl-24"/>
      </object_component>
      <object_component id="oc-130">
         <name>.debug_info</name>
         <load_address>0x5dc22</load_address>
         <run_address>0x5dc22</run_address>
         <size>0x188</size>
         <input_file_ref idref="fl-25"/>
      </object_component>
      <object_component id="oc-132">
         <name>.debug_info</name>
         <load_address>0x5ddaa</load_address>
         <run_address>0x5ddaa</run_address>
         <size>0x190</size>
         <input_file_ref idref="fl-26"/>
      </object_component>
      <object_component id="oc-134">
         <name>.debug_info</name>
         <load_address>0x5df3a</load_address>
         <run_address>0x5df3a</run_address>
         <size>0x1a6</size>
         <input_file_ref idref="fl-27"/>
      </object_component>
      <object_component id="oc-137">
         <name>.debug_info</name>
         <load_address>0x5e0e0</load_address>
         <run_address>0x5e0e0</run_address>
         <size>0x18f</size>
         <input_file_ref idref="fl-28"/>
      </object_component>
      <object_component id="oc-139">
         <name>.debug_info</name>
         <load_address>0x5e26f</load_address>
         <run_address>0x5e26f</run_address>
         <size>0xdc4</size>
         <input_file_ref idref="fl-29"/>
      </object_component>
      <object_component id="oc-13e">
         <name>.debug_info</name>
         <load_address>0x5f033</load_address>
         <run_address>0x5f033</run_address>
         <size>0x190</size>
         <input_file_ref idref="fl-2a"/>
      </object_component>
      <object_component id="oc-140">
         <name>.debug_info</name>
         <load_address>0x5f1c3</load_address>
         <run_address>0x5f1c3</run_address>
         <size>0x190</size>
         <input_file_ref idref="fl-2b"/>
      </object_component>
      <object_component id="oc-142">
         <name>.debug_info</name>
         <load_address>0x5f353</load_address>
         <run_address>0x5f353</run_address>
         <size>0x983</size>
         <input_file_ref idref="fl-2c"/>
      </object_component>
      <object_component id="oc-147">
         <name>.debug_info</name>
         <load_address>0x5fcd6</load_address>
         <run_address>0x5fcd6</run_address>
         <size>0x139e</size>
         <input_file_ref idref="fl-2d"/>
      </object_component>
      <object_component id="oc-14e">
         <name>.debug_info</name>
         <load_address>0x61074</load_address>
         <run_address>0x61074</run_address>
         <size>0x686</size>
         <input_file_ref idref="fl-2e"/>
      </object_component>
      <object_component id="oc-154">
         <name>.debug_info</name>
         <load_address>0x616fa</load_address>
         <run_address>0x616fa</run_address>
         <size>0x3587</size>
         <input_file_ref idref="fl-2f"/>
      </object_component>
      <object_component id="oc-15a">
         <name>.debug_info</name>
         <load_address>0x64c81</load_address>
         <run_address>0x64c81</run_address>
         <size>0x1849</size>
         <input_file_ref idref="fl-30"/>
      </object_component>
      <object_component id="oc-161">
         <name>.debug_info</name>
         <load_address>0x664ca</load_address>
         <run_address>0x664ca</run_address>
         <size>0x4e1</size>
         <input_file_ref idref="fl-31"/>
      </object_component>
      <object_component id="oc-166">
         <name>.debug_info</name>
         <load_address>0x669ab</load_address>
         <run_address>0x669ab</run_address>
         <size>0x1189</size>
         <input_file_ref idref="fl-32"/>
      </object_component>
      <object_component id="oc-16c">
         <name>.debug_info</name>
         <load_address>0x67b34</load_address>
         <run_address>0x67b34</run_address>
         <size>0x184</size>
         <input_file_ref idref="fl-33"/>
      </object_component>
      <object_component id="oc-170">
         <name>.debug_info</name>
         <load_address>0x67cb8</load_address>
         <run_address>0x67cb8</run_address>
         <size>0x16b</size>
         <input_file_ref idref="fl-48"/>
      </object_component>
      <object_component id="oc-174">
         <name>.debug_info</name>
         <load_address>0x67e23</load_address>
         <run_address>0x67e23</run_address>
         <size>0x5c1</size>
         <input_file_ref idref="fl-49"/>
      </object_component>
      <object_component id="oc-179">
         <name>.debug_info</name>
         <load_address>0x683e4</load_address>
         <run_address>0x683e4</run_address>
         <size>0x926</size>
         <input_file_ref idref="fl-4a"/>
      </object_component>
      <object_component id="oc-17f">
         <name>.debug_info</name>
         <load_address>0x68d0a</load_address>
         <run_address>0x68d0a</run_address>
         <size>0x43a</size>
         <input_file_ref idref="fl-4b"/>
      </object_component>
      <object_component id="oc-184">
         <name>.debug_info</name>
         <load_address>0x69144</load_address>
         <run_address>0x69144</run_address>
         <size>0x1bb</size>
         <input_file_ref idref="fl-4c"/>
      </object_component>
      <object_component id="oc-188">
         <name>.debug_info</name>
         <load_address>0x692ff</load_address>
         <run_address>0x692ff</run_address>
         <size>0x5ab</size>
         <input_file_ref idref="fl-4d"/>
      </object_component>
      <object_component id="oc-190">
         <name>.debug_info</name>
         <load_address>0x698aa</load_address>
         <run_address>0x698aa</run_address>
         <size>0x10c</size>
         <input_file_ref idref="fl-4e"/>
      </object_component>
      <object_component id="oc-195">
         <name>.debug_info</name>
         <load_address>0x699b6</load_address>
         <run_address>0x699b6</run_address>
         <size>0x139</size>
         <input_file_ref idref="fl-4f"/>
      </object_component>
      <object_component id="oc-19a">
         <name>.debug_info</name>
         <load_address>0x69aef</load_address>
         <run_address>0x69aef</run_address>
         <size>0x19d</size>
         <input_file_ref idref="fl-50"/>
      </object_component>
      <object_component id="oc-19e">
         <name>.debug_info</name>
         <load_address>0x69c8c</load_address>
         <run_address>0x69c8c</run_address>
         <size>0x46f</size>
         <input_file_ref idref="fl-51"/>
      </object_component>
      <object_component id="oc-1a3">
         <name>.debug_info</name>
         <load_address>0x6a0fb</load_address>
         <run_address>0x6a0fb</run_address>
         <size>0x3e2</size>
         <input_file_ref idref="fl-52"/>
      </object_component>
      <object_component id="oc-1a8">
         <name>.debug_info</name>
         <load_address>0x6a4dd</load_address>
         <run_address>0x6a4dd</run_address>
         <size>0x4b9</size>
         <input_file_ref idref="fl-53"/>
      </object_component>
      <object_component id="oc-1ae">
         <name>.debug_info</name>
         <load_address>0x6a996</load_address>
         <run_address>0x6a996</run_address>
         <size>0x560</size>
         <input_file_ref idref="fl-54"/>
      </object_component>
      <object_component id="oc-1b4">
         <name>.debug_info</name>
         <load_address>0x6aef6</load_address>
         <run_address>0x6aef6</run_address>
         <size>0x3df</size>
         <input_file_ref idref="fl-55"/>
      </object_component>
      <object_component id="oc-1b9">
         <name>.debug_info</name>
         <load_address>0x6b2d5</load_address>
         <run_address>0x6b2d5</run_address>
         <size>0x4f0</size>
         <input_file_ref idref="fl-56"/>
      </object_component>
      <object_component id="oc-1be">
         <name>.debug_info</name>
         <load_address>0x6b7c5</load_address>
         <run_address>0x6b7c5</run_address>
         <size>0x501</size>
         <input_file_ref idref="fl-57"/>
      </object_component>
      <object_component id="oc-1c3">
         <name>.debug_info</name>
         <load_address>0x6bcc6</load_address>
         <run_address>0x6bcc6</run_address>
         <size>0x4ce</size>
         <input_file_ref idref="fl-58"/>
      </object_component>
      <object_component id="oc-1c8">
         <name>.debug_info</name>
         <load_address>0x6c194</load_address>
         <run_address>0x6c194</run_address>
         <size>0x472</size>
         <input_file_ref idref="fl-59"/>
      </object_component>
      <object_component id="oc-262">
         <name>.debug_info</name>
         <load_address>0x6c606</load_address>
         <run_address>0x6c606</run_address>
         <size>0xa3</size>
      </object_component>
      <object_component id="oc-7d">
         <name>.debug_abbrev</name>
         <load_address>0x0</load_address>
         <run_address>0x0</run_address>
         <size>0xb7</size>
         <input_file_ref idref="fl-2"/>
      </object_component>
      <object_component id="oc-81">
         <name>.debug_abbrev</name>
         <load_address>0xb7</load_address>
         <run_address>0xb7</run_address>
         <size>0x2f</size>
         <input_file_ref idref="fl-3"/>
      </object_component>
      <object_component id="oc-86">
         <name>.debug_abbrev</name>
         <load_address>0xe6</load_address>
         <run_address>0xe6</run_address>
         <size>0x10f</size>
         <input_file_ref idref="fl-4"/>
      </object_component>
      <object_component id="oc-8e">
         <name>.debug_abbrev</name>
         <load_address>0x1f5</load_address>
         <run_address>0x1f5</run_address>
         <size>0x21</size>
         <input_file_ref idref="fl-6"/>
      </object_component>
      <object_component id="oc-94">
         <name>.debug_abbrev</name>
         <load_address>0x216</load_address>
         <run_address>0x216</run_address>
         <size>0xfd</size>
         <input_file_ref idref="fl-7"/>
      </object_component>
      <object_component id="oc-99">
         <name>.debug_abbrev</name>
         <load_address>0x313</load_address>
         <run_address>0x313</run_address>
         <size>0x2f</size>
         <input_file_ref idref="fl-8"/>
      </object_component>
      <object_component id="oc-9e">
         <name>.debug_abbrev</name>
         <load_address>0x342</load_address>
         <run_address>0x342</run_address>
         <size>0x14f</size>
         <input_file_ref idref="fl-9"/>
      </object_component>
      <object_component id="oc-a4">
         <name>.debug_abbrev</name>
         <load_address>0x491</load_address>
         <run_address>0x491</run_address>
         <size>0xa8</size>
         <input_file_ref idref="fl-a"/>
      </object_component>
      <object_component id="oc-a9">
         <name>.debug_abbrev</name>
         <load_address>0x539</load_address>
         <run_address>0x539</run_address>
         <size>0x2f</size>
         <input_file_ref idref="fl-b"/>
      </object_component>
      <object_component id="oc-ae">
         <name>.debug_abbrev</name>
         <load_address>0x568</load_address>
         <run_address>0x568</run_address>
         <size>0x151</size>
         <input_file_ref idref="fl-c"/>
      </object_component>
      <object_component id="oc-b3">
         <name>.debug_abbrev</name>
         <load_address>0x6b9</load_address>
         <run_address>0x6b9</run_address>
         <size>0xea</size>
         <input_file_ref idref="fl-d"/>
      </object_component>
      <object_component id="oc-b8">
         <name>.debug_abbrev</name>
         <load_address>0x7a3</load_address>
         <run_address>0x7a3</run_address>
         <size>0x111</size>
         <input_file_ref idref="fl-e"/>
      </object_component>
      <object_component id="oc-bd">
         <name>.debug_abbrev</name>
         <load_address>0x8b4</load_address>
         <run_address>0x8b4</run_address>
         <size>0xea</size>
         <input_file_ref idref="fl-f"/>
      </object_component>
      <object_component id="oc-c2">
         <name>.debug_abbrev</name>
         <load_address>0x99e</load_address>
         <run_address>0x99e</run_address>
         <size>0xdc</size>
         <input_file_ref idref="fl-10"/>
      </object_component>
      <object_component id="oc-c7">
         <name>.debug_abbrev</name>
         <load_address>0xa7a</load_address>
         <run_address>0xa7a</run_address>
         <size>0xdc</size>
         <input_file_ref idref="fl-11"/>
      </object_component>
      <object_component id="oc-cc">
         <name>.debug_abbrev</name>
         <load_address>0xb56</load_address>
         <run_address>0xb56</run_address>
         <size>0x146</size>
         <input_file_ref idref="fl-12"/>
      </object_component>
      <object_component id="oc-d1">
         <name>.debug_abbrev</name>
         <load_address>0xc9c</load_address>
         <run_address>0xc9c</run_address>
         <size>0x93</size>
         <input_file_ref idref="fl-13"/>
      </object_component>
      <object_component id="oc-d6">
         <name>.debug_abbrev</name>
         <load_address>0xd2f</load_address>
         <run_address>0xd2f</run_address>
         <size>0xc8</size>
         <input_file_ref idref="fl-14"/>
      </object_component>
      <object_component id="oc-db">
         <name>.debug_abbrev</name>
         <load_address>0xdf7</load_address>
         <run_address>0xdf7</run_address>
         <size>0x116</size>
         <input_file_ref idref="fl-15"/>
      </object_component>
      <object_component id="oc-e0">
         <name>.debug_abbrev</name>
         <load_address>0xf0d</load_address>
         <run_address>0xf0d</run_address>
         <size>0xea</size>
         <input_file_ref idref="fl-16"/>
      </object_component>
      <object_component id="oc-e5">
         <name>.debug_abbrev</name>
         <load_address>0xff7</load_address>
         <run_address>0xff7</run_address>
         <size>0xea</size>
         <input_file_ref idref="fl-17"/>
      </object_component>
      <object_component id="oc-ea">
         <name>.debug_abbrev</name>
         <load_address>0x10e1</load_address>
         <run_address>0x10e1</run_address>
         <size>0x17b</size>
         <input_file_ref idref="fl-18"/>
      </object_component>
      <object_component id="oc-ef">
         <name>.debug_abbrev</name>
         <load_address>0x125c</load_address>
         <run_address>0x125c</run_address>
         <size>0xea</size>
         <input_file_ref idref="fl-19"/>
      </object_component>
      <object_component id="oc-f4">
         <name>.debug_abbrev</name>
         <load_address>0x1346</load_address>
         <run_address>0x1346</run_address>
         <size>0x2f</size>
         <input_file_ref idref="fl-1a"/>
      </object_component>
      <object_component id="oc-f7">
         <name>.debug_abbrev</name>
         <load_address>0x1375</load_address>
         <run_address>0x1375</run_address>
         <size>0x21</size>
         <input_file_ref idref="fl-1b"/>
      </object_component>
      <object_component id="oc-fb">
         <name>.debug_abbrev</name>
         <load_address>0x1396</load_address>
         <run_address>0x1396</run_address>
         <size>0xc6</size>
         <input_file_ref idref="fl-1c"/>
      </object_component>
      <object_component id="oc-102">
         <name>.debug_abbrev</name>
         <load_address>0x145c</load_address>
         <run_address>0x145c</run_address>
         <size>0x235</size>
         <input_file_ref idref="fl-1d"/>
      </object_component>
      <object_component id="oc-107">
         <name>.debug_abbrev</name>
         <load_address>0x1691</load_address>
         <run_address>0x1691</run_address>
         <size>0x190</size>
         <input_file_ref idref="fl-1e"/>
      </object_component>
      <object_component id="oc-10d">
         <name>.debug_abbrev</name>
         <load_address>0x1821</load_address>
         <run_address>0x1821</run_address>
         <size>0x66</size>
         <input_file_ref idref="fl-1f"/>
      </object_component>
      <object_component id="oc-114">
         <name>.debug_abbrev</name>
         <load_address>0x1887</load_address>
         <run_address>0x1887</run_address>
         <size>0x1c4</size>
         <input_file_ref idref="fl-20"/>
      </object_component>
[...]
      </symbol>
      <symbol id="sm-56e">
         <name>_DMASource</name>
         <value>0xf86a</value>
         <object_component_ref idref="oc-119"/>
      </symbol>
      <symbol id="sm-56f">
         <name>_eMBRegHoldingCB</name>
         <value>0x33a255</value>
         <object_component_ref idref="oc-1d5"/>
      </symbol>
      <symbol id="sm-570">
         <name>_MB_SLV_ID</name>
         <value>0x33c2e9</value>
         <object_component_ref idref="oc-118"/>
      </symbol>
      <symbol id="sm-571">
         <name>_Period</name>
         <value>0xf862</value>
         <object_component_ref idref="oc-119"/>
      </symbol>
      <symbol id="sm-572">
         <name>_usAddress</name>
         <value>0xf858</value>
         <object_component_ref idref="oc-119"/>
      </symbol>
      <symbol id="sm-573">
         <name>_Off_Period</name>
         <value>0xf860</value>
         <object_component_ref idref="oc-119"/>
      </symbol>
      <symbol id="sm-574">
         <name>_DMABuf1</name>
         <value>0xfa80</value>
         <object_component_ref idref="oc-11a"/>
      </symbol>
      <symbol id="sm-575">
         <name>_nextExpt</name>
         <value>0xf86e</value>
         <object_component_ref idref="oc-119"/>
      </symbol>
      <symbol id="sm-576">
         <name>_epwm1_isr</name>
         <value>0x33bba5</value>
         <object_component_ref idref="oc-11b"/>
      </symbol>
      <symbol id="sm-577">
         <name>_NMR_job</name>
         <value>0x33a0cc</value>
         <object_component_ref idref="oc-1d5"/>
      </symbol>
      <symbol id="sm-578">
         <name>_DMADest</name>
         <value>0xf868</value>
         <object_component_ref idref="oc-119"/>
      </symbol>
      <symbol id="sm-579">
         <name>_Xint1Count</name>
         <value>0xf86c</value>
         <object_component_ref idref="oc-119"/>
      </symbol>
      <symbol id="sm-57a">
         <name>_j</name>
         <value>0xf85b</value>
         <object_component_ref idref="oc-119"/>
      </symbol>
      <symbol id="sm-57b">
         <name>_usRegInputBuf</name>
         <value>0xf859</value>
         <object_component_ref idref="oc-119"/>
      </symbol>
      <symbol id="sm-57c">
         <name>_asic_gain</name>
         <value>0xf85a</value>
         <object_component_ref idref="oc-119"/>
      </symbol>
      <symbol id="sm-57d">
         <name>_FW_VERSION</name>
         <value>0x33c2e8</value>
         <object_component_ref idref="oc-118"/>
      </symbol>
      <symbol id="sm-57e">
         <name>_On_Period</name>
         <value>0xf866</value>
         <object_component_ref idref="oc-119"/>
      </symbol>
      <symbol id="sm-58a">
         <name>_ResetNMR</name>
         <value>0x33b64b</value>
         <object_component_ref idref="oc-1e2"/>
      </symbol>
      <symbol id="sm-58b">
         <name>_InitNMR</name>
         <value>0x33b6bf</value>
         <object_component_ref idref="oc-1e2"/>
      </symbol>
      <symbol id="sm-58c">
         <name>_EN_NMR_mode</name>
         <value>0x33b743</value>
         <object_component_ref idref="oc-1e2"/>
      </symbol>
      <symbol id="sm-58d">
         <name>_EN_Tuning_mode</name>
         <value>0x33b74c</value>
         <object_component_ref idref="oc-1e2"/>
      </symbol>
      <symbol id="sm-58e">
         <name>_DlPlSeq</name>
         <value>0x33b73d</value>
         <object_component_ref idref="oc-1e2"/>
      </symbol>
      <symbol id="sm-5ca">
         <name>_GetPlsTime</name>
         <value>0x3395ec</value>
         <object_component_ref idref="oc-1df"/>
      </symbol>
      <symbol id="sm-5cb">
         <name>_MAXT_NMR</name>
         <value>0x33c2e6</value>
         <object_component_ref idref="oc-126"/>
      </symbol>
      <symbol id="sm-5cc">
         <name>_PlsGen</name>
         <value>0x33952e</value>
         <object_component_ref idref="oc-1df"/>
      </symbol>
      <symbol id="sm-5cd">
         <name>_TuningSeq</name>
         <value>0x339833</value>
         <object_component_ref idref="oc-1df"/>
      </symbol>
      <symbol id="sm-5ce">
         <name>_PlsGenAddLoop</name>
         <value>0x33958a</value>
         <object_component_ref idref="oc-1df"/>
      </symbol>
      <symbol id="sm-5cf">
         <name>_CPMG2</name>
         <value>0x3398f6</value>
         <object_component_ref idref="oc-1df"/>
      </symbol>
      <symbol id="sm-5d0">
         <name>_FID2</name>
         <value>0x339703</value>
         <object_component_ref idref="oc-1df"/>
      </symbol>
      <symbol id="sm-5d1">
         <name>_FID3</name>
         <value>0x3395ff</value>
         <object_component_ref idref="oc-1df"/>
      </symbol>
      <symbol id="sm-5d2">
         <name>_plscpy</name>
         <value>0x339520</value>
         <object_component_ref idref="oc-1df"/>
      </symbol>
      <symbol id="sm-5d3">
         <name>_PlsGenPulse</name>
         <value>0x3395b7</value>
         <object_component_ref idref="oc-1df"/>
      </symbol>
      <symbol id="sm-5d4">
         <name>_PlsGenDelay</name>
         <value>0x3395a3</value>
         <object_component_ref idref="oc-1df"/>
      </symbol>
      <symbol id="sm-5d5">
         <name>_PlsGenACQ</name>
         <value>0x3395cc</value>
         <object_component_ref idref="oc-1df"/>
      </symbol>
      <symbol id="sm-5d6">
         <name>_US_NMR</name>
         <value>0x33c2e4</value>
         <object_component_ref idref="oc-126"/>
      </symbol>
      <symbol id="sm-5d7">
         <name>_IRCPMG</name>
         <value>0x339a31</value>
         <object_component_ref idref="oc-1df"/>
      </symbol>
      <symbol id="sm-67e">
         <name>_ADS1248_init</name>
         <value>0x339ea8</value>
         <object_component_ref idref="oc-1dc"/>
      </symbol>
      <symbol id="sm-67f">
         <name>_ADS1248_ReadTemp</name>
         <value>0x33a0b6</value>
         <object_component_ref idref="oc-1dc"/>
      </symbol>
      <symbol id="sm-680">
         <name>_ADS1248_SendCommand_8bits</name>
         <value>0x33a0a8</value>
         <object_component_ref idref="oc-1dc"/>
      </symbol>
      <symbol id="sm-681">
         <name>_ADS1248_Configure</name>
         <value>0x33a070</value>
         <object_component_ref idref="oc-1dc"/>
      </symbol>
      <symbol id="sm-682">
         <name>_ADS1248_init_2</name>
         <value>0x339bae</value>
         <object_component_ref idref="oc-1dc"/>
      </symbol>
      <symbol id="sm-690">
         <name>_test</name>
         <value>0xfa6a</value>
         <object_component_ref idref="oc-135"/>
      </symbol>
      <symbol id="sm-6ac">
         <name>_eMBFuncWriteHoldingRegister</name>
         <value>0x33b53b</value>
         <object_component_ref idref="oc-1d3"/>
      </symbol>
      <symbol id="sm-6ad">
         <name>_eMBFuncWriteMultipleHoldingRegister</name>
         <value>0x33b55d</value>
         <object_component_ref idref="oc-1d3"/>
      </symbol>
      <symbol id="sm-6ae">
         <name>_eMBFuncReadWriteMultipleHoldingRegister</name>
         <value>0x33b5dc</value>
         <object_component_ref idref="oc-1d3"/>
      </symbol>
      <symbol id="sm-6af">
         <name>_eMBFuncReadHoldingRegister</name>
         <value>0x33b597</value>
         <object_component_ref idref="oc-1d3"/>
      </symbol>
      <symbol id="sm-6c7">
         <name>_xMBUtilGetBits</name>
         <value>0x33baa6</value>
         <object_component_ref idref="oc-1ef"/>
      </symbol>
      <symbol id="sm-6c8">
         <name>_xMBUtilSetBits</name>
         <value>0x33ba6d</value>
         <object_component_ref idref="oc-1ef"/>
      </symbol>
      <symbol id="sm-6c9">
         <name>_prveMBError2Exception</name>
         <value>0x33bac9</value>
         <object_component_ref idref="oc-1ef"/>
      </symbol>
      <symbol id="sm-711">
         <name>_eMBPoll</name>
         <value>0x33b224</value>
         <object_component_ref idref="oc-1f8"/>
      </symbol>
      <symbol id="sm-712">
         <name>_pxMBFrameCBReceiveFSMCur</name>
         <value>0xf9c8</value>
         <object_component_ref idref="oc-149"/>
      </symbol>
      <symbol id="sm-713">
         <name>_eMBRegisterCB</name>
         <value>0x33b182</value>
         <object_component_ref idref="oc-1f8"/>
      </symbol>
      <symbol id="sm-714">
         <name>_pxMBPortCBTimerExpired</name>
         <value>0xf9ca</value>
         <object_component_ref idref="oc-149"/>
      </symbol>
      <symbol id="sm-715">
         <name>_pxMBFrameCBTransmitFSMCur</name>
         <value>0xf9d8</value>
         <object_component_ref idref="oc-149"/>
      </symbol>
      <symbol id="sm-716">
         <name>_eMBClose</name>
         <value>0x33b1eb</value>
         <object_component_ref idref="oc-1f8"/>
      </symbol>
      <symbol id="sm-717">
         <name>_eMBDisable</name>
         <value>0x33b20e</value>
         <object_component_ref idref="oc-1f8"/>
      </symbol>
      <symbol id="sm-718">
         <name>_pxMBFrameCBByteReceived</name>
         <value>0xf9dc</value>
         <object_component_ref idref="oc-149"/>
      </symbol>
      <symbol id="sm-719">
         <name>_eMBEnable</name>
         <value>0x33b1fc</value>
         <object_component_ref idref="oc-1f8"/>
      </symbol>
      <symbol id="sm-71a">
         <name>_pxMBFrameCBTransmitterEmpty</name>
         <value>0xf9d6</value>
         <object_component_ref idref="oc-149"/>
      </symbol>
      <symbol id="sm-71b">
         <name>_eMBInit</name>
         <value>0x33b138</value>
         <object_component_ref idref="oc-1f8"/>
      </symbol>
      <symbol id="sm-72f">
         <name>_xMBPortEventInit</name>
         <value>0x33bcc9</value>
         <object_component_ref idref="oc-202"/>
      </symbol>
      <symbol id="sm-730">
         <name>_xMBPortEventGet</name>
         <value>0x33bce9</value>
         <object_component_ref idref="oc-202"/>
      </symbol>
      <symbol id="sm-731">
         <name>_portMBox</name>
         <value>0xf87a</value>
         <object_component_ref idref="oc-14f"/>
      </symbol>
      <symbol id="sm-732">
         <name>_xMBPortEventPost</name>
         <value>0x33bccf</value>
         <object_component_ref idref="oc-202"/>
      </symbol>
      <symbol id="sm-74e">
         <name>_xMBPortSerialPutByte</name>
         <value>0x33b90a</value>
         <object_component_ref idref="oc-209"/>
      </symbol>
      <symbol id="sm-74f">
         <name>_vMBPortSerialEnable</name>
         <value>0x33b856</value>
         <object_component_ref idref="oc-209"/>
      </symbol>
      <symbol id="sm-750">
         <name>_vMBPortSerialWaitForTXEnd</name>
         <value>0x33b89d</value>
         <object_component_ref idref="oc-209"/>
      </symbol>
      <symbol id="sm-751">
         <name>_xMBPortSerialInit</name>
         <value>0x33b8a5</value>
         <object_component_ref idref="oc-209"/>
      </symbol>
      <symbol id="sm-752">
         <name>_sciaTxIsr</name>
         <value>0x33bb20</value>
         <object_component_ref idref="oc-155"/>
      </symbol>
      <symbol id="sm-753">
         <name>_sciaRxIsr</name>
         <value>0x33bae1</value>
         <object_component_ref idref="oc-155"/>
      </symbol>
      <symbol id="sm-754">
         <name>_xMBPortSerialGetByte</name>
         <value>0x33b913</value>
         <object_component_ref idref="oc-209"/>
      </symbol>
      <symbol id="sm-764">
         <name>_vMBPortTimersEnable</name>
         <value>0x33bd2f</value>
         <object_component_ref idref="oc-20a"/>
      </symbol>
      <symbol id="sm-765">
         <name>_cpu_timer1_isr</name>
         <value>0x33bd3b</value>
         <object_component_ref idref="oc-15c"/>
      </symbol>
      <symbol id="sm-766">
         <name>_xMBPortTimersInit</name>
         <value>0x33bd04</value>
         <object_component_ref idref="oc-20a"/>
      </symbol>
      <symbol id="sm-767">
         <name>_vMBPortTimersDisable</name>
         <value>0x33bd36</value>
         <object_component_ref idref="oc-20a"/>
      </symbol>
      <symbol id="sm-768">
         <name>_TimerTicksPer50us</name>
         <value>0x33c2ea</value>
         <object_component_ref idref="oc-15b"/>
      </symbol>
      <symbol id="sm-77c">
         <name>_usMBCRC16</name>
         <value>0x33bde5</value>
         <object_component_ref idref="oc-20b"/>
      </symbol>
      <symbol id="sm-7a8">
         <name>_eMBRTUSend</name>
         <value>0x33b47d</value>
         <object_component_ref idref="oc-201"/>
      </symbol>
      <symbol id="sm-7a9">
         <name>_eMBRTUStop</name>
         <value>0x33b448</value>
         <object_component_ref idref="oc-201"/>
      </symbol>
      <symbol id="sm-7aa">
         <name>_xMBRTUReceiveFSM</name>
         <value>0x33b4b7</value>
         <object_component_ref idref="oc-201"/>
      </symbol>
      <symbol id="sm-7ab">
         <name>_eMBRTUStart</name>
         <value>0x33b43a</value>
         <object_component_ref idref="oc-201"/>
      </symbol>
      <symbol id="sm-7ac">
         <name>_ucRTUBuf</name>
         <value>0xf8c0</value>
         <object_component_ref idref="oc-167"/>
      </symbol>
      <symbol id="sm-7ad">
         <name>_xMBRTUTransmitFSM</name>
         <value>0x33b4f1</value>
         <object_component_ref idref="oc-201"/>
      </symbol>
      <symbol id="sm-7ae">
         <name>_xMBRTUTimerT35Expired</name>
         <value>0x33b51f</value>
         <object_component_ref idref="oc-201"/>
      </symbol>
      <symbol id="sm-7af">
         <name>_eMBRTUInit</name>
         <value>0x33b408</value>
         <object_component_ref idref="oc-201"/>
      </symbol>
      <symbol id="sm-7b0">
         <name>_eMBRTUReceive</name>
         <value>0x33b453</value>
         <object_component_ref idref="oc-201"/>
      </symbol>
      <symbol id="sm-7ce">
         <name>_c_int00</name>
         <value>0x33bc73</value>
         <object_component_ref idref="oc-49"/>
      </symbol>
      <symbol id="sm-7cf">
         <name>__stack</name>
         <value>0x400</value>
         <object_component_ref idref="oc-16e"/>
      </symbol>
      <symbol id="sm-7de">
         <name>_copy_in</name>
         <value>0x33be31</value>
         <object_component_ref idref="oc-1ce"/>
      </symbol>
      <symbol id="sm-835">
         <name>_powf</name>
         <value>0x33a91c</value>
         <object_component_ref idref="oc-1fd"/>
      </symbol>
      <symbol id="sm-836">
         <name>_pow</name>
         <value>0x33a91c</value>
         <object_component_ref idref="oc-1fd"/>
      </symbol>
      <symbol id="sm-846">
         <name>_sqrtf</name>
         <value>0x33be0c</value>
         <object_component_ref idref="oc-204"/>
      </symbol>
      <symbol id="sm-847">
         <name>_sqrt</name>
         <value>0x33be0c</value>
         <object_component_ref idref="oc-204"/>
      </symbol>
      <symbol id="sm-851">
         <name>_errno</name>
         <value>0xfa6b</value>
         <object_component_ref idref="oc-186"/>
      </symbol>
      <symbol id="sm-865">
         <name>C$$EXIT</name>
         <value>0x33bd94</value>
         <object_component_ref idref="oc-1d1"/>
      </symbol>
      <symbol id="sm-866">
         <name>_exit</name>
         <value>0x33bd96</value>
         <object_component_ref idref="oc-1d1"/>
      </symbol>
      <symbol id="sm-867">
         <name>___TI_cleanup_ptr</name>
         <value>0xf876</value>
         <object_component_ref idref="oc-18a"/>
      </symbol>
      <symbol id="sm-868">
         <name>___TI_enable_exit_profile_output</name>
         <value>0xf874</value>
         <object_component_ref idref="oc-18a"/>
      </symbol>
      <symbol id="sm-869">
         <name>_abort</name>
         <value>0x33bd94</value>
         <object_component_ref idref="oc-1d1"/>
      </symbol>
      <symbol id="sm-86a">
         <name>___TI_dtors_ptr</name>
         <value>0xf878</value>
         <object_component_ref idref="oc-18a"/>
      </symbol>
      <symbol id="sm-87b">
         <name>FS$$DIV</name>
         <value>0x33b9e5</value>
         <object_component_ref idref="oc-18f"/>
      </symbol>
      <symbol id="sm-889">
         <name>I$$MOD</name>
         <value>0x33be66</value>
         <object_component_ref idref="oc-194"/>
      </symbol>
      <symbol id="sm-88a">
         <name>I$$DIV</name>
         <value>0x33be55</value>
         <object_component_ref idref="oc-194"/>
      </symbol>
      <symbol id="sm-896">
         <name>UL$$MOD</name>
         <value>0x33bd8e</value>
         <object_component_ref idref="oc-199"/>
      </symbol>
      <symbol id="sm-897">
         <name>L$$MOD</name>
         <value>0x33bd79</value>
         <object_component_ref idref="oc-199"/>
      </symbol>
      <symbol id="sm-898">
         <name>L$$DIV</name>
         <value>0x33bd6a</value>
         <object_component_ref idref="oc-199"/>
      </symbol>
      <symbol id="sm-899">
         <name>UL$$DIV</name>
         <value>0x33bd87</value>
         <object_component_ref idref="oc-199"/>
      </symbol>
      <symbol id="sm-8aa">
         <name>_memcpy</name>
         <value>0x33be97</value>
         <object_component_ref idref="oc-1d4"/>
      </symbol>
      <symbol id="sm-8b6">
         <name>__system_pre_init</name>
         <value>0x33bf37</value>
         <object_component_ref idref="oc-1cd"/>
      </symbol>
      <symbol id="sm-8cc">
         <name>_floorf</name>
         <value>0x33bc1c</value>
         <object_component_ref idref="oc-1fc"/>
      </symbol>
      <symbol id="sm-8cd">
         <name>_floor</name>
         <value>0x33bc1c</value>
         <object_component_ref idref="oc-1fc"/>
      </symbol>
      <symbol id="sm-8e4">
         <name>_scalbn</name>
         <value>0x33bbba</value>
         <object_component_ref idref="oc-208"/>
      </symbol>
      <symbol id="sm-8e5">
         <name>_ldexp</name>
         <value>0x33bbba</value>
         <object_component_ref idref="oc-208"/>
      </symbol>
      <symbol id="sm-8e6">
         <name>_scalbnf</name>
         <value>0x33bbba</value>
         <object_component_ref idref="oc-208"/>
      </symbol>
      <symbol id="sm-8e7">
         <name>_ldexpf</name>
         <value>0x33bbba</value>
         <object_component_ref idref="oc-208"/>
      </symbol>
      <symbol id="sm-8f3">
         <name>__system_post_cinit</name>
         <value>0x33be0b</value>
         <object_component_ref idref="oc-1cf"/>
      </symbol>
      <symbol id="sm-900">
         <name>_strcpy</name>
         <value>0x33bf2f</value>
         <object_component_ref idref="oc-1db"/>
      </symbol>
      <symbol id="sm-914">
         <name>__unlock</name>
         <value>0xfa68</value>
         <object_component_ref idref="oc-203"/>
      </symbol>
      <symbol id="sm-915">
         <name>__lock</name>
         <value>0xf87e</value>
         <object_component_ref idref="oc-1d6"/>
      </symbol>
      <symbol id="sm-916">
         <name>__register_lock</name>
         <value>0x33bf1b</value>
         <object_component_ref idref="oc-1fa"/>
      </symbol>
      <symbol id="sm-917">
         <name>__nop</name>
         <value>0x33bf1f</value>
         <object_component_ref idref="oc-1fa"/>
      </symbol>
      <symbol id="sm-918">
         <name>__register_unlock</name>
         <value>0x33bf17</value>
         <object_component_ref idref="oc-1fa"/>
      </symbol>
      <symbol id="sm-927">
         <name>__args_main</name>
         <value>0x33beb5</value>
         <object_component_ref idref="oc-1d0"/>
      </symbol>
      <symbol id="sm-933">
         <name>_copysignf</name>
         <value>0x33bef9</value>
         <object_component_ref idref="oc-20c"/>
      </symbol>
      <symbol id="sm-934">
         <name>_copysign</name>
         <value>0x33bef9</value>
         <object_component_ref idref="oc-20c"/>
      </symbol>
   </symbol_table>
   <title>Link successful</title>
</link_info>
