******************************************************************************
             TMS320C2000 Linker Unix v18.12.3                  
******************************************************************************
>> Linked Fri Jan 17 16:16:39 2020

OUTPUT FILE NAME:   <uNMR_CCS613.out>
ENTRY POINT SYMBOL: "_c_int00"  address: 0033c195


MEMORY CONFIGURATION

         name            origin    length      used     unused   attr    fill
----------------------  --------  ---------  --------  --------  ----  --------
PAGE 0:
  ZONE0                 00004000   00001000  00000000  00001000  RWIX
  RAML0                 00008000   00001000  0000001f  00000fe1  RWIX
  RAML1                 00009000   00003000  00000000  00003000  RWIX
  ZONE6                 00100000   00100000  00000000  00100000  RWIX
  ZONE7A                00200000   0000fc00  00000000  0000fc00  RWIX
  FLASHH                00300000   00008000  00000000  00008000  RWIX
  FLASHG                00308000   00008000  00000000  00008000  RWIX
  FLASHF                00310000   00008000  00000000  00008000  RWIX
  FLASHE                00318000   00008000  00000000  00008000  RWIX
  FLASHD                00320000   00008000  0000001f  00007fe1  RWIX
  FLASHC                00328000   00008000  00000000  00008000  RWIX
  FLASHA                00338000   00007f80  0000498b  000035f5  RWIX
  CSM_RSVD              0033ff80   00000076  00000076  00000000  RWIX
  BEGIN                 0033fff6   00000002  00000002  00000000  RWIX
  CSM_PWL               0033fff8   00000008  00000008  00000000  RWIX
  ADC_CAL               00380080   00000009  00000007  00000002  RWIX
  OTP                   00380400   00000400  00000000  00000400  RWIX
  IQTABLES              003fe000   00000b50  00000000  00000b50  RWIX
  IQTABLES2             003feb50   0000008c  00000000  0000008c  RWIX
  FPUTABLES             003febdc   000006a0  00000000  000006a0  RWIX
  ROM                   003ff27c   00000d44  00000000  00000d44  RWIX
  RESET                 003fffc0   00000002  00000000  00000002  RWIX
  VECTORS               003fffc2   0000003e  00000000  0000003e  RWIX

PAGE 1:
  BOOT_RSVD             00000000   00000050  00000000  00000050  RWIX
  RAMM0                 00000050   000003b0  00000000  000003b0  RWIX
  RAMM1                 00000400   00000400  00000300  00000100  RWIX
  DEV_EMU               00000880   00000180  000000d0  000000b0  RWIX
  FLASH_REGS            00000a80   00000060  00000008  00000058  RWIX
  CSM                   00000ae0   00000010  00000010  00000000  RWIX
  ADC_MIRROR            00000b00   00000010  00000010  00000000  RWIX
  XINTF                 00000b20   00000020  0000001e  00000002  RWIX
  CPU_TIMER0            00000c00   00000008  00000008  00000000  RWIX
  CPU_TIMER1            00000c08   00000008  00000008  00000000  RWIX
  CPU_TIMER2            00000c10   00000008  00000008  00000000  RWIX
  PIE_CTRL              00000ce0   00000020  0000001a  00000006  RWIX
  PIE_VECT              00000d00   00000100  00000100  00000000  RWIX
  DMA                   00001000   00000200  000000e0  00000120  RWIX
  MCBSPA                00005000   00000040  00000025  0000001b  RWIX
  MCBSPB                00005040   00000040  00000025  0000001b  RWIX
  ECANA                 00006000   00000040  00000034  0000000c  RWIX
  ECANA_LAM             00006040   00000040  00000040  00000000  RWIX
  ECANA_MOTS            00006080   00000040  00000040  00000000  RWIX
  ECANA_MOTO            000060c0   00000040  00000040  00000000  RWIX
  ECANA_MBOX            00006100   00000100  00000100  00000000  RWIX
  ECANB                 00006200   00000040  00000034  0000000c  RWIX
  ECANB_LAM             00006240   00000040  00000040  00000000  RWIX
  ECANB_MOTS            00006280   00000040  00000040  00000000  RWIX
  ECANB_MOTO            000062c0   00000040  00000040  00000000  RWIX
  ECANB_MBOX            00006300   00000100  00000100  00000000  RWIX
  EPWM1                 00006800   00000022  00000022  00000000  RWIX
  EPWM2                 00006840   00000022  00000022  00000000  RWIX
  EPWM3                 00006880   00000022  00000022  00000000  RWIX
  EPWM4                 000068c0   00000022  00000022  00000000  RWIX
  EPWM5                 00006900   00000022  00000022  00000000  RWIX
  EPWM6                 00006940   00000022  00000022  00000000  RWIX
  ECAP1                 00006a00   00000020  00000020  00000000  RWIX
  ECAP2                 00006a20   00000020  00000020  00000000  RWIX
  ECAP3                 00006a40   00000020  00000020  00000000  RWIX
  ECAP4                 00006a60   00000020  00000020  00000000  RWIX
  ECAP5                 00006a80   00000020  00000020  00000000  RWIX
  ECAP6                 00006aa0   00000020  00000020  00000000  RWIX
  EQEP1                 00006b00   00000040  00000040  00000000  RWIX
  EQEP2                 00006b40   00000040  00000040  00000000  RWIX
  GPIOCTRL              00006f80   00000040  0000002e  00000012  RWIX
  GPIODAT               00006fc0   00000020  00000020  00000000  RWIX
  GPIOINT               00006fe0   00000020  0000000a  00000016  RWIX
  SYSTEM                00007010   00000020  00000020  00000000  RWIX
  SPIA                  00007040   00000010  00000010  00000000  RWIX
  SCIA                  00007050   00000010  00000010  00000000  RWIX
  XINTRUPT              00007070   00000010  00000010  00000000  RWIX
  ADC                   00007100   00000020  0000001e  00000002  RWIX
  SCIB                  00007750   00000010  00000010  00000000  RWIX
  SCIC                  00007770   00000010  00000010  00000000  RWIX
  I2CA                  00007900   00000040  00000022  0000001e  RWIX
  RAML4                 0000c000   00004000  00003a10  000005f0  RWIX
  ZONE7B                0020fc00   00000400  00000000  00000400  RWIX
  FLASHB                00330000   00008000  00000000  00008000  RWIX
  CSM_PWL               0033fff8   00000008  00000008  00000000  RWIX
  PARTID                00380090   00000001  00000001  00000000  RWIX


SECTION ALLOCATION MAP

 output                                  attributes/
section   page    origin      length       input sections
--------  ----  ----------  ----------   ----------------
ramfuncs   0    00320000    0000001f     RUN ADDR = 00008000
                  00320000    0000001b     DSP2833x_SysCtrl.obj (ramfuncs)
                  0032001b    00000004     DSP2833x_usDelay.obj (ramfuncs)

.cinit     0    0033c92a    00000062     
                  0033c92a    00000015     main.obj (.cinit)
                  0033c93f    00000013     mb.obj (.cinit:_xFuncHandlers)
                  0033c952    00000010     gpio_init.obj (.cinit)
                  0033c962    0000000e     rts2800_fpu32.lib : exit.c.obj (.cinit)
                  0033c970    00000005                       : _lock.c.obj (.cinit:__lock)
                  0033c975    00000005                       : _lock.c.obj (.cinit:__unlock)
                  0033c97a    00000004     gpio_init.obj (.cinit:_data1)
                  0033c97e    00000004     gpio_init.obj (.cinit:_data2)
                  0033c982    00000004     mb.obj (.cinit)
                  0033c986    00000004     rts2800_fpu32.lib : errno.c.obj (.cinit)
                  0033c98a    00000002     --HOLE-- [fill = 0]

csm_rsvd   0    0033ff80    00000076     
                  0033ff80    00000076     DSP2833x_CSMPasswords.obj (csm_rsvd)

DevEmuRegsFile 
*          1    00000880    000000d0     UNINITIALIZED
                  00000880    000000d0     DSP2833x_GlobalVariableDefs.obj (DevEmuRegsFile)

FlashRegsFile 
*          1    00000a80    00000008     UNINITIALIZED
                  00000a80    00000008     DSP2833x_GlobalVariableDefs.obj (FlashRegsFile)

CsmRegsFile 
*          1    00000ae0    00000010     UNINITIALIZED
                  00000ae0    00000010     DSP2833x_GlobalVariableDefs.obj (CsmRegsFile)

AdcMirrorFile 
*          1    00000b00    00000010     UNINITIALIZED
                  00000b00    00000010     DSP2833x_GlobalVariableDefs.obj (AdcMirrorFile)

XintfRegsFile 
*          1    00000b20    0000001e     UNINITIALIZED
                  00000b20    0000001e     DSP2833x_GlobalVariableDefs.obj (XintfRegsFile)

CpuTimer0RegsFile 
*          1    00000c00    00000008     UNINITIALIZED
                  00000c00    00000008     DSP2833x_GlobalVariableDefs.obj (CpuTimer0RegsFile)

CpuTimer1RegsFile 
*          1    00000c08    00000008     UNINITIALIZED
                  00000c08    00000008     DSP2833x_GlobalVariableDefs.obj (CpuTimer1RegsFile)

CpuTimer2RegsFile 
*          1    00000c10    00000008     UNINITIALIZED
                  00000c10    00000008     DSP2833x_GlobalVariableDefs.obj (CpuTimer2RegsFile)

PieCtrlRegsFile 
*          1    00000ce0    0000001a     UNINITIALIZED
                  00000ce0    0000001a     DSP2833x_GlobalVariableDefs.obj (PieCtrlRegsFile)

PieVectTableFile 
*          1    00000d00    00000100     UNINITIALIZED
                  00000d00    00000100     DSP2833x_GlobalVariableDefs.obj (PieVectTableFile)

DmaRegsFile 
*          1    00001000    000000e0     UNINITIALIZED
                  00001000    000000e0     DSP2833x_GlobalVariableDefs.obj (DmaRegsFile)

McbspaRegsFile 
*          1    00005000    00000025     UNINITIALIZED
                  00005000    00000025     DSP2833x_GlobalVariableDefs.obj (McbspaRegsFile)

McbspbRegsFile 
*          1    00005040    00000025     UNINITIALIZED
                  00005040    00000025     DSP2833x_GlobalVariableDefs.obj (McbspbRegsFile)

ECanaRegsFile 
*          1    00006000    00000034     UNINITIALIZED
                  00006000    00000034     DSP2833x_GlobalVariableDefs.obj (ECanaRegsFile)

ECanaLAMRegsFile 
*          1    00006040    00000040     UNINITIALIZED
                  00006040    00000040     DSP2833x_GlobalVariableDefs.obj (ECanaLAMRegsFile)

ECanaMOTSRegsFile 
*          1    00006080    00000040     UNINITIALIZED
                  00006080    00000040     DSP2833x_GlobalVariableDefs.obj (ECanaMOTSRegsFile)

ECanaMOTORegsFile 
*          1    000060c0    00000040     UNINITIALIZED
                  000060c0    00000040     DSP2833x_GlobalVariableDefs.obj (ECanaMOTORegsFile)

ECanaMboxesFile 
*          1    00006100    00000100     UNINITIALIZED
                  00006100    00000100     DSP2833x_GlobalVariableDefs.obj (ECanaMboxesFile)

ECanbRegsFile 
*          1    00006200    00000034     UNINITIALIZED
                  00006200    00000034     DSP2833x_GlobalVariableDefs.obj (ECanbRegsFile)

ECanbLAMRegsFile 
*          1    00006240    00000040     UNINITIALIZED
                  00006240    00000040     DSP2833x_GlobalVariableDefs.obj (ECanbLAMRegsFile)

ECanbMOTSRegsFile 
*          1    00006280    00000040     UNINITIALIZED
                  00006280    00000040     DSP2833x_GlobalVariableDefs.obj (ECanbMOTSRegsFile)

ECanbMOTORegsFile 
*          1    000062c0    00000040     UNINITIALIZED
                  000062c0    00000040     DSP2833x_GlobalVariableDefs.obj (ECanbMOTORegsFile)

ECanbMboxesFile 
*          1    00006300    00000100     UNINITIALIZED
                  00006300    00000100     DSP2833x_GlobalVariableDefs.obj (ECanbMboxesFile)

EPwm1RegsFile 
*          1    00006800    00000022     UNINITIALIZED
                  00006800    00000022     DSP2833x_GlobalVariableDefs.obj (EPwm1RegsFile)

EPwm2RegsFile 
*          1    00006840    00000022     UNINITIALIZED
                  00006840    00000022     DSP2833x_GlobalVariableDefs.obj (EPwm2RegsFile)

EPwm3RegsFile 
*          1    00006880    00000022     UNINITIALIZED
                  00006880    00000022     DSP2833x_GlobalVariableDefs.obj (EPwm3RegsFile)

EPwm4RegsFile 
*          1    000068c0    00000022     UNINITIALIZED
                  000068c0    00000022     DSP2833x_GlobalVariableDefs.obj (EPwm4RegsFile)

EPwm5RegsFile 
*          1    00006900    00000022     UNINITIALIZED
                  00006900    00000022     DSP2833x_GlobalVariableDefs.obj (EPwm5RegsFile)

EPwm6RegsFile 
*          1    00006940    00000022     UNINITIALIZED
                  00006940    00000022     DSP2833x_GlobalVariableDefs.obj (EPwm6RegsFile)

ECap1RegsFile 
*          1    00006a00    00000020     UNINITIALIZED
                  00006a00    00000020     DSP2833x_GlobalVariableDefs.obj (ECap1RegsFile)

ECap2RegsFile 
*          1    00006a20    00000020     UNINITIALIZED
                  00006a20    00000020     DSP2833x_GlobalVariableDefs.obj (ECap2RegsFile)

ECap3RegsFile 
*          1    00006a40    00000020     UNINITIALIZED
                  00006a40    00000020     DSP2833x_GlobalVariableDefs.obj (ECap3RegsFile)

ECap4RegsFile 
*          1    00006a60    00000020     UNINITIALIZED
                  00006a60    00000020     DSP2833x_GlobalVariableDefs.obj (ECap4RegsFile)

ECap5RegsFile 
*          1    00006a80    00000020     UNINITIALIZED
                  00006a80    00000020     DSP2833x_GlobalVariableDefs.obj (ECap5RegsFile)

ECap6RegsFile 
*          1    00006aa0    00000020     UNINITIALIZED
                  00006aa0    00000020     DSP2833x_GlobalVariableDefs.obj (ECap6RegsFile)

EQep1RegsFile 
*          1    00006b00    00000040     UNINITIALIZED
                  00006b00    00000040     DSP2833x_GlobalVariableDefs.obj (EQep1RegsFile)

EQep2RegsFile 
*          1    00006b40    00000040     UNINITIALIZED
                  00006b40    00000040     DSP2833x_GlobalVariableDefs.obj (EQep2RegsFile)

GpioCtrlRegsFile 
*          1    00006f80    0000002e     UNINITIALIZED
                  00006f80    0000002e     DSP2833x_GlobalVariableDefs.obj (GpioCtrlRegsFile)

GpioDataRegsFile 
*          1    00006fc0    00000020     UNINITIALIZED
                  00006fc0    00000020     DSP2833x_GlobalVariableDefs.obj (GpioDataRegsFile)

GpioIntRegsFile 
*          1    00006fe0    0000000a     UNINITIALIZED
                  00006fe0    0000000a     DSP2833x_GlobalVariableDefs.obj (GpioIntRegsFile)

SysCtrlRegsFile 
*          1    00007010    00000020     UNINITIALIZED
                  00007010    00000020     DSP2833x_GlobalVariableDefs.obj (SysCtrlRegsFile)

SpiaRegsFile 
*          1    00007040    00000010     UNINITIALIZED
                  00007040    00000010     DSP2833x_GlobalVariableDefs.obj (SpiaRegsFile)

SciaRegsFile 
*          1    00007050    00000010     UNINITIALIZED
                  00007050    00000010     DSP2833x_GlobalVariableDefs.obj (SciaRegsFile)

XIntruptRegsFile 
*          1    00007070    00000010     UNINITIALIZED
                  00007070    00000010     DSP2833x_GlobalVariableDefs.obj (XIntruptRegsFile)

AdcRegsFile 
*          1    00007100    0000001e     UNINITIALIZED
                  00007100    0000001e     DSP2833x_GlobalVariableDefs.obj (AdcRegsFile)

ScibRegsFile 
*          1    00007750    00000010     UNINITIALIZED
                  00007750    00000010     DSP2833x_GlobalVariableDefs.obj (ScibRegsFile)

ScicRegsFile 
*          1    00007770    00000010     UNINITIALIZED
                  00007770    00000010     DSP2833x_GlobalVariableDefs.obj (ScicRegsFile)

I2caRegsFile 
*          1    00007900    00000022     UNINITIALIZED
                  00007900    00000022     DSP2833x_GlobalVariableDefs.obj (I2caRegsFile)

CsmPwlFile 
*          1    0033fff8    00000008     UNINITIALIZED
                  0033fff8    00000008     DSP2833x_GlobalVariableDefs.obj (CsmPwlFile)

PartIdRegsFile 
*          1    00380090    00000001     UNINITIALIZED
                  00380090    00000001     DSP2833x_GlobalVariableDefs.obj (PartIdRegsFile)

.pinit     0    00338000    00000000     UNINITIALIZED

.text      0    00338000    0000449b     
                  00338000    00001097     RunNMR.obj (.text)
                  00339097    000008ef     gpio_init.obj (.text)
                  00339986    0000085a     nmr_plsq.obj (.text)
                  0033a1e0    000005be     main.obj (.text)
                  0033a79e    000003e9     DSP2833x_DMA.obj (.text)
                  0033ab87    00000369     rts2800_fpu32.lib : e_powf.c.obj (.text)
                  0033aef0    00000316     DSP2833x_DefaultIsr.obj (.text:retain)
                  0033b206    00000186     asic.obj (.text)
                  0033b38c    00000174     mb.obj (.text)
                  0033b500    0000015c     DSP2833x_Mcbsp.obj (.text)
                  0033b65c    00000133     mbrtu.obj (.text)
                  0033b78f    0000012a     noe1dseq.obj (.text)
                  0033b8b9    00000110     mbfuncholding.obj (.text)
                  0033b9c9    0000010a     nmr.obj (.text)
                  0033bad3    000000f8     DSP2833x_SysCtrl.obj (.text)
                  0033bbcb    000000d0     portserial.obj (.text)
                  0033bc9b    000000c8     DSP2833x_EPwm.obj (.text)
                  0033bd63    0000009c     rts2800_fpu32.lib : fd_add28.asm.obj (.text)
                  0033bdff    0000008b                       : fd_div28.asm.obj (.text)
                  0033be8a    00000088                       : fs_div28.asm.obj (.text)
                  0033bf12    00000083                       : fd_mpy28.asm.obj (.text)
                  0033bf95    00000076     mbutils.obj (.text)
                  0033c00b    00000072     portserial.obj (.text:retain)
                  0033c07d    00000067     main.obj (.text:retain)
                  0033c0e4    00000059     rts2800_fpu32.lib : s_floorf.c.obj (.text)
                  0033c13d    00000058                       : s_scalbnf.c.obj (.text)
                  0033c195    00000056                       : boot28.asm.obj (.text)
                  0033c1eb    0000003b     portevent.obj (.text)
                  0033c226    00000031     porttimer.obj (.text)
                  0033c257    0000002f     porttimer.obj (.text:retain)
                  0033c286    0000002a     rts2800_fpu32.lib : l_div28.asm.obj (.text)
                  0033c2b0    00000029                       : exit.c.obj (.text)
                  0033c2d9    00000028     DSP2833x_PieCtrl.obj (.text)
                  0033c301    00000001     rts2800_fpu32.lib : startup.c.obj (.text)
                  0033c302    00000027                       : e_sqrtf.c.obj (.text)
                  0033c329    00000026     mbcrc.obj (.text)
                  0033c34f    00000024     rts2800_fpu32.lib : cpy_tbl.c.obj (.text)
                  0033c373    00000022                       : i_div28.asm.obj (.text)
                  0033c395    00000020     DSP2833x_PieVect.obj (.text)
                  0033c3b5    0000001d     rts2800_fpu32.lib : memcpy.c.obj (.text)
                  0033c3d2    0000001c                       : l_tofd28.asm.obj (.text)
                  0033c3ee    0000001b                       : fd_toul28.asm.obj (.text)
                  0033c409    00000019                       : args_main.c.obj (.text)
                  0033c422    00000017     DSP2833x_Gpio.obj (.text)
                  0033c439    00000014     DSP2833x_Adc.obj (.text)
                  0033c44d    00000011     rts2800_fpu32.lib : s_copysignf.c.obj (.text)
                  0033c45e    0000000e                       : fd_sub28.asm.obj (.text)
                  0033c46c    0000000d     cpu_timer.obj (.text:retain)
                  0033c479    00000009     rts2800_fpu32.lib : _lock.c.obj (.text)
                  0033c482    00000008     DSP2833x_CodeStartBranch.obj (.text)
                  0033c48a    00000007     DSP2833x_DisInt.obj (.text)
                  0033c491    00000005     rts2800_fpu32.lib : strcpy.c.obj (.text)
                  0033c496    00000003     DSP2833x_DBGIER.obj (.text)
                  0033c499    00000002     rts2800_fpu32.lib : pre_init.c.obj (.text)

codestart 
*          0    0033fff6    00000002     
                  0033fff6    00000002     DSP2833x_CodeStartBranch.obj (codestart)

csmpasswds 
*          0    0033fff8    00000008     
                  0033fff8    00000008     DSP2833x_CSMPasswords.obj (csmpasswds)

.stack     1    00000400    00000300     UNINITIALIZED
                  00000400    00000300     --HOLE--

.ebss      1    0000c000    000039e8     UNINITIALIZED
                  0000c000    00001b58     RunNMR.obj (.ebss:_dataBuf_imag)
                  0000db58    0000001e     mb.obj (.ebss)
                  0000db76    0000000a     gpio_init.obj (.ebss)
                  0000db80    00001b58     RunNMR.obj (.ebss:_dataBuf_real)
                  0000f6d8    0000001c     main.obj (.ebss)
                  0000f6f4    00000006     mbrtu.obj (.ebss)
                  0000f6fa    00000006     rts2800_fpu32.lib : exit.c.obj (.ebss)
                  0000f700    00000180     RunNMR.obj (.ebss)
                  0000f880    00000100     mbrtu.obj (.ebss:_ucRTUBuf)
                  0000f980    00000040     mb.obj (.ebss:_xFuncHandlers)
                  0000f9c0    00000018     DSP2833x_CpuTimers.obj (.ebss)
                  0000f9d8    00000004     portevent.obj (.ebss)
                  0000f9dc    00000003     gpio_init.obj (.ebss:_data1)
                  0000f9df    00000003     gpio_init.obj (.ebss:_data2)
                  0000f9e2    00000002     rts2800_fpu32.lib : _lock.c.obj (.ebss:__lock)
                  0000f9e4    00000002                       : _lock.c.obj (.ebss:__unlock)
                  0000f9e6    00000001     mbfuncdiag.obj (.ebss)
                  0000f9e7    00000001     rts2800_fpu32.lib : errno.c.obj (.ebss)

.econst    0    0033c49c    000003d4     
                  0033c49c    00000100     mbcrc.obj (.econst:.string:_aucCRCHi)
                  0033c59c    00000100     mbcrc.obj (.econst:.string:_aucCRCLo)
                  0033c69c    00000100     DSP2833x_PieVect.obj (.econst:_PieVectTableInit)
                  0033c79c    00000032     rts2800_fpu32.lib : e_powf.c.obj (.econst)
                  0033c7ce    00000013     RunNMR.obj (.econst:.string)
                  0033c7e1    00000001     --HOLE-- [fill = 0]
                  0033c7e2    00000010     noe1dseq.obj (.econst)
                  0033c7f2    00000009     noe1dseq.obj (.econst:.string)
                  0033c7fb    00000001     --HOLE-- [fill = 0]
                  0033c7fc    00000006     rts2800_fpu32.lib : s_scalbnf.c.obj (.econst)
                  0033c802    00000004     RunNMR.obj (.econst:_$P$T0$1)
                  0033c806    00000004     noe1dseq.obj (.econst:_$P$T0$1)
                  0033c80a    00000004     RunNMR.obj (.econst:_$P$T1$2)
                  0033c80e    00000004     noe1dseq.obj (.econst:_$P$T1$2)
                  0033c812    00000004     RunNMR.obj (.econst:_$P$T10$11)
                  0033c816    00000004     RunNMR.obj (.econst:_$P$T11$12)
                  0033c81a    00000004     RunNMR.obj (.econst:_$P$T12$13)
                  0033c81e    00000004     RunNMR.obj (.econst:_$P$T13$14)
                  0033c822    00000004     RunNMR.obj (.econst:_$P$T14$15)
                  0033c826    00000004     RunNMR.obj (.econst:_$P$T15$16)
                  0033c82a    00000004     RunNMR.obj (.econst:_$P$T16$17)
                  0033c82e    00000004     RunNMR.obj (.econst:_$P$T17$18)
                  0033c832    00000004     RunNMR.obj (.econst:_$P$T18$19)
                  0033c836    00000004     RunNMR.obj (.econst:_$P$T19$20)
                  0033c83a    00000004     RunNMR.obj (.econst:_$P$T2$3)
                  0033c83e    00000004     RunNMR.obj (.econst:_$P$T3$4)
                  0033c842    00000004     RunNMR.obj (.econst:_$P$T4$5)
                  0033c846    00000004     RunNMR.obj (.econst:_$P$T5$6)
                  0033c84a    00000004     RunNMR.obj (.econst:_$P$T6$7)
                  0033c84e    00000004     RunNMR.obj (.econst:_$P$T7$8)
                  0033c852    00000004     RunNMR.obj (.econst:_$P$T8$9)
                  0033c856    00000004     RunNMR.obj (.econst:_$P$T9$10)
                  0033c85a    00000004     rts2800_fpu32.lib : e_powf.c.obj (.econst:_bp)
                  0033c85e    00000004                       : e_powf.c.obj (.econst:_dp_h)
                  0033c862    00000004                       : e_powf.c.obj (.econst:_dp_l)
                  0033c866    00000004     nmr_plsq.obj (.econst)
                  0033c86a    00000002     main.obj (.econst)
                  0033c86c    00000002     porttimer.obj (.econst)
                  0033c86e    00000002     rts2800_fpu32.lib : s_floorf.c.obj (.econst)

.switch    0    0033c870    000000ba     
                  0033c870    0000005e     main.obj (.switch:_eMBRegHoldingCB)
                  0033c8ce    0000002e     RunNMR.obj (.switch:_GetNMRParameters)
                  0033c8fc    0000002e     RunNMR.obj (.switch:_SetNMRParameters)

DMARAML4   1    0000fa00    00000028     UNINITIALIZED
                  0000fa00    00000028     main.obj (DMARAML4)

.reset     0    003fffc0    00000002     DSECT
                  003fffc0    00000002     rts2800_fpu32.lib : boot28.asm.obj (.reset)

vectors    0    003fffc2    00000000     DSECT

.adc_cal   0    00380080    00000007     NOLOAD SECTION
                  00380080    00000007     DSP2833x_ADC_cal.obj (.adc_cal)

MODULE SUMMARY

       Module                            code    initialized data   uninitialized data
       ------                            ----    ----------------   ------------------
    ./DSP2833x/source/
       DSP2833x_GlobalVariableDefs.obj   0       0                  2679              
    +--+---------------------------------+-------+------------------+--------------------+
       Total:                            0       0                  2679              
                                                                                      
    ./DSP2833x_common/source/
       DSP2833x_DMA.obj                  1001    0                  0                 
       DSP2833x_DefaultIsr.obj           790     0                  0                 
       DSP2833x_Mcbsp.obj                348     0                  0                 
       DSP2833x_SysCtrl.obj              302     0                  0                 
       DSP2833x_PieVect.obj              32      256                0                 
       DSP2833x_EPwm.obj                 200     0                  0                 
       DSP2833x_CSMPasswords.obj         0       126                0                 
       DSP2833x_PieCtrl.obj              40      0                  0                 
       DSP2833x_CpuTimers.obj            0       0                  24                
       DSP2833x_Gpio.obj                 23      0                  0                 
       DSP2833x_Adc.obj                  20      0                  0                 
       DSP2833x_CodeStartBranch.obj      10      0                  0                 
       DSP2833x_usDelay.obj              8       0                  0                 
       DSP2833x_ADC_cal.obj              7       0                  0                 
       DSP2833x_DisInt.obj               7       0                  0                 
       DSP2833x_DBGIER.obj               3       0                  0                 
    +--+---------------------------------+-------+------------------+--------------------+
       Total:                            2791    382                24                
                                                                                      
    ./SOURCE/
       RunNMR.obj                        4247    191                14384             
       gpio_init.obj                     2287    24                 16                
       nmr_plsq.obj                      2138    4                  0                 
       main.obj                          1573    117                68                
       asic.obj                          390     0                  0                 
       noe1dseq.obj                      298     33                 0                 
       nmr.obj                           266     0                  0                 
       cpu_timer.obj                     13      0                  0                 
    +--+---------------------------------+-------+------------------+--------------------+
       Total:                            11212   369                14468             
                                                                                      
    ./freeMODBUS/
       mb.obj                            372     23                 94                
       portserial.obj                    322     0                  0                 
       porttimer.obj                     96      2                  0                 
       portevent.obj                     59      0                  4                 
    +--+---------------------------------+-------+------------------+--------------------+
       Total:                            849     25                 98                
                                                                                      
    ./freeMODBUS/functions/
       mbfuncholding.obj                 272     0                  0                 
       mbutils.obj                       118     0                  0                 
       mbfuncdiag.obj                    0       0                  1                 
    +--+---------------------------------+-------+------------------+--------------------+
       Total:                            390     0                  1                 
                                                                                      
    ./freeMODBUS/rtu/
       mbrtu.obj                         307     0                  262               
       mbcrc.obj                         38      512                0                 
    +--+---------------------------------+-------+------------------+--------------------+
       Total:                            345     512                262               
                                                                                      
    /Applications/ti/ccs920/ccs/tools/compiler/ti-cgt-c2000_18.12.3.LTS/lib/rts2800_fpu32.lib
       e_powf.c.obj                      873     62                 0                 
       fd_add28.asm.obj                  156     0                  0                 
       fd_div28.asm.obj                  139     0                  0                 
       fs_div28.asm.obj                  136     0                  0                 
       fd_mpy28.asm.obj                  131     0                  0                 
       s_scalbnf.c.obj                   88      6                  0                 
       s_floorf.c.obj                    89      2                  0                 
       boot28.asm.obj                    86      0                  0                 
       exit.c.obj                        41      14                 6                 
       l_div28.asm.obj                   42      0                  0                 
       e_sqrtf.c.obj                     39      0                  0                 
       cpy_tbl.c.obj                     36      0                  0                 
       i_div28.asm.obj                   34      0                  0                 
       memcpy.c.obj                      29      0                  0                 
       l_tofd28.asm.obj                  28      0                  0                 
       fd_toul28.asm.obj                 27      0                  0                 
       args_main.c.obj                   25      0                  0                 
       _lock.c.obj                       9       10                 4                 
       s_copysignf.c.obj                 17      0                  0                 
       fd_sub28.asm.obj                  14      0                  0                 
       errno.c.obj                       0       4                  1                 
       strcpy.c.obj                      5       0                  0                 
       pre_init.c.obj                    2       0                  0                 
       startup.c.obj                     1       0                  0                 
    +--+---------------------------------+-------+------------------+--------------------+
       Total:                            2047    98                 11                
                                                                                      
       Stack:                            0       0                  768               
    +--+---------------------------------+-------+------------------+--------------------+
       Grand Total:                      17634   1386               18311             


GLOBAL DATA SYMBOLS: SORTED BY DATA PAGE

address     data page           name
--------    ----------------    ----
00000400      10 (00000400)     __stack

00000880      22 (00000880)     _DevEmuRegs

00000a80      2a (00000a80)     _FlashRegs

00000ae0      2b (00000ac0)     _CsmRegs

00000b00      2c (00000b00)     _AdcMirror
00000b20      2c (00000b00)     _XintfRegs

00000c00      30 (00000c00)     _CpuTimer0Regs
00000c08      30 (00000c00)     _CpuTimer1Regs
00000c10      30 (00000c00)     _CpuTimer2Regs

00000ce0      33 (00000cc0)     _PieCtrlRegs

00000d00      34 (00000d00)     _PieVectTable

00001000      40 (00001000)     _DmaRegs

00005000     140 (00005000)     _McbspaRegs

00005040     141 (00005040)     _McbspbRegs

00006000     180 (00006000)     _ECanaRegs

00006040     181 (00006040)     _ECanaLAMRegs

00006080     182 (00006080)     _ECanaMOTSRegs

000060c0     183 (000060c0)     _ECanaMOTORegs

00006100     184 (00006100)     _ECanaMboxes

00006200     188 (00006200)     _ECanbRegs

00006240     189 (00006240)     _ECanbLAMRegs

00006280     18a (00006280)     _ECanbMOTSRegs

000062c0     18b (000062c0)     _ECanbMOTORegs

00006300     18c (00006300)     _ECanbMboxes

00006800     1a0 (00006800)     _EPwm1Regs

00006840     1a1 (00006840)     _EPwm2Regs

00006880     1a2 (00006880)     _EPwm3Regs

000068c0     1a3 (000068c0)     _EPwm4Regs

00006900     1a4 (00006900)     _EPwm5Regs

00006940     1a5 (00006940)     _EPwm6Regs

00006a00     1a8 (00006a00)     _ECap1Regs
00006a20     1a8 (00006a00)     _ECap2Regs

00006a40     1a9 (00006a40)     _ECap3Regs
00006a60     1a9 (00006a40)     _ECap4Regs

00006a80     1aa (00006a80)     _ECap5Regs
00006aa0     1aa (00006a80)     _ECap6Regs

00006b00     1ac (00006b00)     _EQep1Regs

00006b40     1ad (00006b40)     _EQep2Regs

00006f80     1be (00006f80)     _GpioCtrlRegs

00006fc0     1bf (00006fc0)     _GpioDataRegs
00006fe0     1bf (00006fc0)     _GpioIntRegs

00007010     1c0 (00007000)     _SysCtrlRegs

00007040     1c1 (00007040)     _SpiaRegs
00007050     1c1 (00007040)     _SciaRegs
00007070     1c1 (00007040)     _XIntruptRegs

00007100     1c4 (00007100)     _AdcRegs

00007750     1dd (00007740)     _ScibRegs
00007770     1dd (00007740)     _ScicRegs

00007900     1e4 (00007900)     _I2caRegs

0000c000     300 (0000c000)     _dataBuf_imag

0000db6a     36d (0000db40)     _pxMBFrameCBByteReceived
0000db6c     36d (0000db40)     _pxMBFrameCBTransmitterEmpty
0000db6e     36d (0000db40)     _pxMBPortCBTimerExpired
0000db70     36d (0000db40)     _pxMBFrameCBReceiveFSMCur
0000db72     36d (0000db40)     _pxMBFrameCBTransmitFSMCur
0000db76     36d (0000db40)     _sdata1
0000db77     36d (0000db40)     _sdata2
0000db78     36d (0000db40)     _rdata1
0000db79     36d (0000db40)     _rdata2
0000db7a     36d (0000db40)     _t1
0000db7c     36d (0000db40)     _t2
0000db7e     36d (0000db40)     _Timer_Count

0000db80     36e (0000db80)     _dataBuf_real

0000f6d8     3db (0000f6c0)     _asic_gain
0000f6d9     3db (0000f6c0)     _j
0000f6da     3db (0000f6c0)     _usAddress
0000f6db     3db (0000f6c0)     _usRegInputBuf
0000f6dc     3db (0000f6c0)     _TSt1
0000f6de     3db (0000f6c0)     _TSt2
0000f6e0     3db (0000f6c0)     _TSt3
0000f6e2     3db (0000f6c0)     _On_Period
0000f6e4     3db (0000f6c0)     _Off_Period
0000f6e6     3db (0000f6c0)     _Period
0000f6e8     3db (0000f6c0)     _Xint1Count
0000f6ea     3db (0000f6c0)     _DMADest
0000f6ec     3db (0000f6c0)     _DMASource
0000f6ee     3db (0000f6c0)     _nextExpt
0000f6fa     3db (0000f6c0)     ___TI_enable_exit_profile_output
0000f6fc     3db (0000f6c0)     ___TI_cleanup_ptr
0000f6fe     3db (0000f6c0)     ___TI_dtors_ptr

0000f700     3dc (0000f700)     _NMR_system_settings

0000f780     3de (0000f780)     _gPulseSeq

0000f880     3e2 (0000f880)     _ucRTUBuf

0000f9c0     3e7 (0000f9c0)     _CpuTimer0
0000f9c8     3e7 (0000f9c0)     _CpuTimer1
0000f9d0     3e7 (0000f9c0)     _CpuTimer2
0000f9d8     3e7 (0000f9c0)     _portMBox
0000f9dc     3e7 (0000f9c0)     _data1
0000f9df     3e7 (0000f9c0)     _data2
0000f9e2     3e7 (0000f9c0)     __lock
0000f9e4     3e7 (0000f9c0)     __unlock
0000f9e6     3e7 (0000f9c0)     _test
0000f9e7     3e7 (0000f9c0)     _errno

0000fa00     3e8 (0000fa00)     _DMABuf1

0033c69c    cf1a (0033c680)     _PieVectTableInit

0033c866    cf21 (0033c840)     _US_NMR
0033c868    cf21 (0033c840)     _MAXT_NMR
0033c86a    cf21 (0033c840)     _FW_VERSION
0033c86b    cf21 (0033c840)     _MB_SLV_ID
0033c86c    cf21 (0033c840)     _TimerTicksPer50us

0033fff8    cfff (0033ffc0)     _CsmPwl

00380090    e002 (00380080)     _PartIdRegs


GLOBAL SYMBOLS: SORTED ALPHABETICALLY BY Name 

page  address   name                                    
----  -------   ----                                    
0     00338000  .text                                   
0     0033c2b0  C$$EXIT                                 
0     0033bd63  FD$$ADD                                 
0     0033bdff  FD$$DIV                                 
0     0033bf12  FD$$MPY                                 
0     0033c45e  FD$$SUB                                 
0     0033c3ee  FD$$TOUL                                
0     0033be8a  FS$$DIV                                 
0     0033c373  I$$DIV                                  
0     0033c384  I$$MOD                                  
0     0033c286  L$$DIV                                  
0     0033c295  L$$MOD                                  
0     0033c3d2  L$$TOFD                                 
0     0033c2a3  UL$$DIV                                 
0     0033c2aa  UL$$MOD                                 
0     0033afd6  _ADCINT_ISR                             
0     00380080  _ADC_cal                                
0     0033b206  _ASIC_mosi_download                     
1     00000b00  _AdcMirror                              
1     00007100  _AdcRegs                                
0     0033b2ab  _AsicGainCtrl                           
0     00339d5f  _CPMG2                                  
1     0000f9c0  _CpuTimer0                              
1     00000c00  _CpuTimer0Regs                          
1     0000f9c8  _CpuTimer1                              
1     00000c08  _CpuTimer1Regs                          
1     0000f9d0  _CpuTimer2                              
1     00000c10  _CpuTimer2Regs                          
1     0033fff8  _CsmPwl                                 
1     00000ae0  _CsmRegs                                
0     0033bb9a  _CsmUnlock                              
0     0033af04  _DATALOG_ISR                            
0     0033b0f8  _DINTCH1_ISR                            
0     0033b102  _DINTCH2_ISR                            
0     0033b10c  _DINTCH3_ISR                            
0     0033b116  _DINTCH4_ISR                            
0     0033b120  _DINTCH5_ISR                            
0     0033b12a  _DINTCH6_ISR                            
1     0000fa00  _DMABuf1                                
0     0033a7a9  _DMACH1AddrConfig                       
0     0033a7b9  _DMACH1BurstConfig                      
0     0033a7ec  _DMACH1ModeConfig                       
0     0033a7c9  _DMACH1TransferConfig                   
0     0033a7d9  _DMACH1WrapConfig                       
0     0033a84e  _DMACH2AddrConfig                       
0     0033a85e  _DMACH2BurstConfig                      
0     0033a891  _DMACH2ModeConfig                       
0     0033a86e  _DMACH2TransferConfig                   
0     0033a87e  _DMACH2WrapConfig                       
0     0033a8f3  _DMACH3AddrConfig                       
0     0033a903  _DMACH3BurstConfig                      
0     0033a936  _DMACH3ModeConfig                       
0     0033a913  _DMACH3TransferConfig                   
0     0033a923  _DMACH3WrapConfig                       
0     0033a998  _DMACH4AddrConfig                       
0     0033a9a8  _DMACH4BurstConfig                      
0     0033a9db  _DMACH4ModeConfig                       
0     0033a9b8  _DMACH4TransferConfig                   
0     0033a9c8  _DMACH4WrapConfig                       
0     0033aa3d  _DMACH5AddrConfig                       
0     0033aa4d  _DMACH5BurstConfig                      
0     0033aa80  _DMACH5ModeConfig                       
0     0033aa5d  _DMACH5TransferConfig                   
0     0033aa6d  _DMACH5WrapConfig                       
0     0033aae2  _DMACH6AddrConfig                       
0     0033aaf2  _DMACH6BurstConfig                      
0     0033ab25  _DMACH6ModeConfig                       
0     0033ab02  _DMACH6TransferConfig                   
0     0033ab12  _DMACH6WrapConfig                       
1     0000f6ea  _DMADest                                
0     0033a79e  _DMAInitialize                          
1     0000f6ec  _DMASource                              
0     0033c48a  _DSP28x_DisableInt                      
0     0033c48e  _DSP28x_RestoreInt                      
0     0000801b  _DSP28x_usDelay                         
1     00000880  _DevEmuRegs                             
0     0033bae6  _DisableDog                             
0     0033babb  _DlPlSeq                                
1     00001000  _DmaRegs                                
0     003381fe  _Do_NMR_experiments                     
0     0033b184  _ECAN0INTA_ISR                          
0     0033b198  _ECAN0INTB_ISR                          
0     0033b18e  _ECAN1INTA_ISR                          
0     0033b1a2  _ECAN1INTB_ISR                          
0     0033b06c  _ECAP1_INT_ISR                          
0     0033b076  _ECAP2_INT_ISR                          
0     0033b080  _ECAP3_INT_ISR                          
0     0033b08a  _ECAP4_INT_ISR                          
0     0033b094  _ECAP5_INT_ISR                          
0     0033b09e  _ECAP6_INT_ISR                          
1     00006040  _ECanaLAMRegs                           
1     000060c0  _ECanaMOTORegs                          
1     00006080  _ECanaMOTSRegs                          
1     00006100  _ECanaMboxes                            
1     00006000  _ECanaRegs                              
1     00006240  _ECanbLAMRegs                           
1     000062c0  _ECanbMOTORegs                          
1     00006280  _ECanbMOTSRegs                          
1     00006300  _ECanbMboxes                            
1     00006200  _ECanbRegs                              
1     00006a00  _ECap1Regs                              
1     00006a20  _ECap2Regs                              
1     00006a40  _ECap3Regs                              
1     00006a60  _ECap4Regs                              
1     00006a80  _ECap5Regs                              
1     00006aa0  _ECap6Regs                              
0     0033af18  _EMUINT_ISR                             
0     0033bac1  _EN_NMR_mode                            
0     0033baca  _EN_Tuning_mode                         
0     0033b030  _EPWM1_INT_ISR                          
0     0033aff4  _EPWM1_TZINT_ISR                        
0     0033b03a  _EPWM2_INT_ISR                          
0     0033affe  _EPWM2_TZINT_ISR                        
0     0033b044  _EPWM3_INT_ISR                          
0     0033b008  _EPWM3_TZINT_ISR                        
0     0033b04e  _EPWM4_INT_ISR                          
0     0033b012  _EPWM4_TZINT_ISR                        
0     0033b058  _EPWM5_INT_ISR                          
0     0033b01c  _EPWM5_TZINT_ISR                        
0     0033b062  _EPWM6_INT_ISR                          
0     0033b026  _EPWM6_TZINT_ISR                        
1     00006800  _EPwm1Regs                              
1     00006840  _EPwm2Regs                              
1     00006880  _EPwm3Regs                              
1     000068c0  _EPwm4Regs                              
1     00006900  _EPwm5Regs                              
1     00006940  _EPwm6Regs                              
0     0033b0a8  _EQEP1_INT_ISR                          
0     0033b0b2  _EQEP2_INT_ISR                          
1     00006b00  _EQep1Regs                              
1     00006b40  _EQep2Regs                              
0     0033c2f8  _EnableInterrupts                       
0     00339b6a  _FID2                                   
0     00339a64  _FID3                                   
0     0033c86a  _FW_VERSION                             
0     00339024  _FinishNMRADC                           
1     00000a80  _FlashRegs                              
0     00338021  _GetAcqTD                               
0     00338000  _GetErrorCode                           
0     003380ad  _GetFullParameters                      
0     003381ae  _GetNMRData                             
0     00338025  _GetNMRParameters                       
0     00339a51  _GetPlsTime                             
1     00006f80  _GpioCtrlRegs                           
1     00006fc0  _GpioDataRegs                           
1     00006fe0  _GpioIntRegs                            
0     0033b134  _I2CINT1A_ISR                           
0     0033b13e  _I2CINT2A_ISR                           
1     00007900  _I2caRegs                               
0     0033af2c  _ILLEGAL_ISR                            
0     0033aef0  _INT13_ISR                              
0     0033aefa  _INT14_ISR                              
0     00339e99  _IR                                     
0     0033a02e  _IRCPMG                                 
0     0033c439  _InitAdc                                
0     0033bc9b  _InitEPwm                               
0     0033bca9  _InitEPwm1Gpio                          
0     003392c9  _InitEPwm2                              
0     0033bcbb  _InitEPwm2Gpio                          
0     0033bccd  _InitEPwm3Gpio                          
0     0033bce1  _InitEPwm4Gpio                          
0     0033bcf5  _InitEPwm5Gpio                          
0     0033bd07  _InitEPwm6Gpio                          
0     0033bc9c  _InitEPwmGpio                           
0     0033bd19  _InitEPwmSyncGpio                       
0     00008000  _InitFlash                              
0     0033c422  _InitGpio                               
0     0033b500  _InitMcbsp                              
0     0033b5d9  _InitMcbspGpio                          
0     0033b505  _InitMcbspa                             
0     0033b564  _InitMcbspa12bit                        
0     0033b56f  _InitMcbspa16bit                        
0     0033b57a  _InitMcbspa20bit                        
0     0033b585  _InitMcbspa24bit                        
0     0033b590  _InitMcbspa32bit                        
0     0033b55d  _InitMcbspa8bit                         
0     0033b5de  _InitMcbspaGpio                         
0     0033b531  _InitMcbspb                             
0     0033b5a2  _InitMcbspb12bit                        
0     0033b5ad  _InitMcbspb16bit                        
0     0033b5b8  _InitMcbspb20bit                        
0     0033b5c3  _InitMcbspb24bit                        
0     0033b5ce  _InitMcbspb32bit                        
0     0033b59b  _InitMcbspb8bit                         
0     0033b618  _InitMcbspbGpio                         
0     0033ba3d  _InitNMR                                
0     0033bb3f  _InitPeripheralClocks                   
0     0033c2d9  _InitPieCtrl                            
0     0033c395  _InitPieVectTable                       
0     0033baee  _InitPll                                
0     0033bad3  _InitSysCtrl                            
0     0033bd2d  _InitTzGpio                             
0     0033b1e8  _LUF_ISR                                
0     0033b1de  _LVF_ISR                                
0     0033c868  _MAXT_NMR                               
0     0033c86b  _MB_SLV_ID                              
0     0033b0e4  _MRINTA_ISR                             
0     0033b0d0  _MRINTB_ISR                             
0     0033b0ee  _MXINTA_ISR                             
0     0033b0da  _MXINTB_ISR                             
1     00005000  _McbspaRegs                             
1     00005040  _McbspbRegs                             
0     0033af22  _NMI_ISR                                
0     0033a1e0  _NMR_job                                
1     0000f700  _NMR_system_settings                    
1     0000f6e4  _Off_Period                             
1     0000f6e2  _On_Period                              
0     0033b1f2  _PIE_RESERVED                           
0     0033968f  _PLL_freq_set                           
0     00339579  _PLL_freq_set2                          
0     00339657  _PLL_freq_set3                          
0     003397f7  _PLL_freq_set_orig                      
0     00339488  _PLL_init                               
0     003397b3  _PLL_mosi                               
0     0033979c  _PLL_write                              
1     00380090  _PartIdRegs                             
1     0000f6e6  _Period                                 
1     00000ce0  _PieCtrlRegs                            
1     00000d00  _PieVectTable                           
0     0033c69c  _PieVectTableInit                       
0     00339994  _PlsGen                                 
0     00339a31  _PlsGenACQ                              
0     003399ef  _PlsGenAddLoop                          
0     00339a08  _PlsGenDelay                            
0     00339a1c  _PlsGenPulse                            
0     00339019  _PrepareNMRADC                          
0     0033af0e  _RTOSINT_ISR                            
0     0032001f  _RamfuncsLoadEnd                        
abs   0000001f  _RamfuncsLoadSize                       
0     00320000  _RamfuncsLoadStart                      
0     00008000  _RamfuncsRunStart                       
0     0033b9c9  _ResetNMR                               
0     00338d70  _Run_NMR_Accumulate                     
0     00338e42  _Run_NMR_Accumulate_CPMG                
0     00338b47  _Run_NMR_Accumulate_CPMG_mcbsp          
0     00338473  _Run_NMR_Accumulate_mcbsp               
0     00338c99  _Run_NMR_Accumulate_test_tuning         
0     00338519  _Run_NMR_Accumulate_tuning_mcbsp        
0     003387c3  _Run_NMR_CPMG                           
0     003388ce  _Run_NMR_CPMG_mcbsp                     
0     00338272  _Run_NMR_FID                            
0     00338306  _Run_NMR_FID_mcbsp                      
0     00338a00  _Run_NMR_IRCPMG_mcbsp                   
0     003383a9  _Run_NMR_IR_mcbsp                       
0     0033b78f  _Run_NMR_NOE1dFID_mcbsp                 
0     003385bc  _Run_NMR_Tuning                         
0     0033864c  _Run_NMR_TuningCurve_mcbsp              
0     00338720  _Run_NMR_Tuning_mcbsp                   
0     00339029  _Run_NMR_test                           
0     0033902c  _Run_NMR_test2017                       
0     0033b15c  _SCIRXINTA_ISR                          
0     0033b170  _SCIRXINTB_ISR                          
0     0033b148  _SCIRXINTC_ISR                          
0     0033b166  _SCITXINTA_ISR                          
0     0033b17a  _SCITXINTB_ISR                          
0     0033b152  _SCITXINTC_ISR                          
0     0033afae  _SEQ1INT_ISR                            
0     0033afb8  _SEQ2INT_ISR                            
0     0033b0bc  _SPIRXINTA_ISR                          
0     0033b301  _SPIRead32bitWordFromADC                
0     0033b361  _SPIRead32bitWordFromADCFast            
0     0033b0c6  _SPITXINTA_ISR                          
1     00007050  _SciaRegs                               
1     00007750  _ScibRegs                               
1     00007770  _ScicRegs                               
0     0033badc  _ServiceDog                             
0     0033c496  _SetDBGIER                              
0     00338004  _SetErrorCode                           
0     0033800c  _SetFreq                                
0     00338013  _SetGain                                
0     003380c7  _SetNMRParameters                       
0     003381ef  _SetPowerLevel                          
0     003381e0  _SetRecGain                             
0     0033801a  _SetTD                                  
0     003381ce  _SetTuningCap                           
1     00007040  _SpiaRegs                               
0     0033a846  _StartDMACH1                            
0     0033a8eb  _StartDMACH2                            
0     0033a990  _StartDMACH3                            
0     0033aa35  _StartDMACH4                            
0     0033aada  _StartDMACH5                            
0     0033ab7f  _StartDMACH6                            
0     0033b2a1  _StartNMRASIC_SEQ                       
0     0033b2a6  _StopNMRASIC_SEQ                        
1     00007010  _SysCtrlRegs                            
0     0033afe0  _TINT0_ISR                              
1     0000f6dc  _TSt1                                   
1     0000f6de  _TSt2                                   
1     0000f6e0  _TSt3                                   
0     0033c86c  _TimerTicksPer50us                      
1     0000db7e  _Timer_Count                            
0     00339c9c  _TuningSeq                              
0     0033af90  _USER10_ISR                             
0     0033af9a  _USER11_ISR                             
0     0033afa4  _USER12_ISR                             
0     0033af36  _USER1_ISR                              
0     0033af40  _USER2_ISR                              
0     0033af4a  _USER3_ISR                              
0     0033af54  _USER4_ISR                              
0     0033af5e  _USER5_ISR                              
0     0033af68  _USER6_ISR                              
0     0033af72  _USER7_ISR                              
0     0033af7c  _USER8_ISR                              
0     0033af86  _USER9_ISR                              
0     0033c866  _US_NMR                                 
0     0033afea  _WAKEINT_ISR                            
0     0033afc2  _XINT1_ISR                              
0     0033afcc  _XINT2_ISR                              
0     0033b1ac  _XINT3_ISR                              
0     0033b1b6  _XINT4_ISR                              
0     0033b1c0  _XINT5_ISR                              
0     0033b1ca  _XINT6_ISR                              
0     0033b1d4  _XINT7_ISR                              
1     00007070  _XIntruptRegs                           
1     0000f6e8  _Xint1Count                             
1     00000b20  _XintfRegs                              
1     00000700  __STACK_END                             
abs   00000300  __STACK_SIZE                            
1     0000f6fc  ___TI_cleanup_ptr                       
1     0000f6fe  ___TI_dtors_ptr                         
1     0000f6fa  ___TI_enable_exit_profile_output        
abs   ffffffff  ___TI_pprof_out_hndl                    
abs   ffffffff  ___TI_prof_data_size                    
abs   ffffffff  ___TI_prof_data_start                   
abs   ffffffff  ___binit__                              
abs   ffffffff  ___c_args__                             
0     0033c92a  ___cinit__                              
0     0033c49b  ___etext__                              
abs   ffffffff  ___pinit__                              
0     00338000  ___text__                               
0     0033c409  __args_main                             
1     0000f9e2  __lock                                  
0     0033c481  __nop                                   
0     0033c47d  __register_lock                         
0     0033c479  __register_unlock                       
1     00000400  __stack                                 
0     0033c301  __system_post_cinit                     
0     0033c499  __system_pre_init                       
1     0000f9e4  __unlock                                
0     0033c2b0  _abort                                  
1     0000f6d8  _asic_gain                              
0     0033c195  _c_int00                                
0     0033b646  _clkg_delay_loop                        
0     00339284  _configure_SPI                          
0     0033c34f  _copy_in                                
0     0033c44d  _copysign                               
0     0033c44d  _copysignf                              
0     0033c46c  _cpu_timer0_isr                         
0     0033c257  _cpu_timer1_isr                         
0     0033c07d  _cpu_timer2_isr                         
1     0000f9dc  _data1                                  
1     0000f9df  _data2                                  
1     0000c000  _dataBuf_imag                           
1     0000db80  _dataBuf_real                           
0     0033b630  _delay_loop                             
0     0033b43f  _eMBClose                               
0     0033b462  _eMBDisable                             
0     0033b450  _eMBEnable                              
0     0033b915  _eMBFuncReadHoldingRegister             
0     0033b95a  _eMBFuncReadWriteMultipleHoldingRegister
0     0033b8b9  _eMBFuncWriteHoldingRegister            
0     0033b8db  _eMBFuncWriteMultipleHoldingRegister    
0     0033b38c  _eMBInit                                
0     0033b478  _eMBPoll                                
0     0033b65c  _eMBRTUInit                             
0     0033b6a7  _eMBRTUReceive                          
0     0033b6d1  _eMBRTUSend                             
0     0033b68e  _eMBRTUStart                            
0     0033b69c  _eMBRTUStop                             
0     0033a36d  _eMBRegHoldingCB                        
0     0033b3d6  _eMBRegisterCB                          
0     0033c0cf  _epwm1_isr                              
1     0000f9e7  _errno                                  
0     0033c2b2  _exit                                   
0     0033c0e4  _floor                                  
0     0033c0e4  _floorf                                 
1     0000f780  _gPulseSeq                              
0     003390dd  _gpio_init                              
0     00338153  _initNMRParameters                      
0     0033941e  _init_spi_dac                           
1     0000f6d9  _j                                      
0     0033c13d  _ldexp                                  
0     0033c13d  _ldexpf                                 
0     003390ba  _led_blink_D40                          
0     00339097  _led_blink_D42                          
0     0033c0be  _local_DINTCH1_ISR                      
0     0033b2d4  _mReadNMR_ACQ                           
0     003398ed  _magnet_reg_read                        
0     00339850  _magnet_temp_init                       
0     00339917  _magnet_temp_mosi                       
0     003398fd  _magnet_temp_read                       
0     003398bc  _magnet_temp_reset                      
0     003398d2  _magnet_temp_sdatac                     
0     003398c7  _magnet_temp_sync                       
0     003398dd  _magnet_temp_write                      
0     0033a20e  _main                                   
0     00339364  _mcsb32bitWordFromADC                   
0     0033c3b5  _memcpy                                 
1     0000f6ee  _nextExpt                               
0     00339986  _plscpy                                 
1     0000f9d8  _portMBox                               
0     0033ab87  _pow                                    
0     0033ab87  _powf                                   
0     0033bff3  _prveMBError2Exception                  
1     0000db6a  _pxMBFrameCBByteReceived                
1     0000db70  _pxMBFrameCBReceiveFSMCur               
1     0000db72  _pxMBFrameCBTransmitFSMCur              
1     0000db6c  _pxMBFrameCBTransmitterEmpty            
1     0000db6e  _pxMBPortCBTimerExpired                 
1     0000db78  _rdata1                                 
1     0000db79  _rdata2                                 
0     0033b1fc  _rsvd_ISR                               
0     0033c13d  _scalbn                                 
0     0033c13d  _scalbnf                                
0     0033c00b  _sciaRxIsr                              
0     0033c04a  _sciaTxIsr                              
1     0000db76  _sdata1                                 
1     0000db77  _sdata2                                 
0     00339303  _setup_McbspbSpi                        
0     00339560  _spi_PLL_read                           
0     003393ee  _spi_dac                                
0     00339451  _spi_dac_MCC                            
0     00339256  _spi_init                               
0     003393a7  _spi_temp_board                         
0     0033c302  _sqrt                                   
0     0033c302  _sqrtf                                  
0     0033c491  _strcpy                                 
1     0000db7a  _t1                                     
1     0000db7c  _t2                                     
1     0000f9e6  _test                                   
0     0033b2de  _trigger_ADC_sample                     
1     0000f880  _ucRTUBuf                               
1     0000f6da  _usAddress                              
0     0033c329  _usMBCRC16                              
1     0000f6db  _usRegInputBuf                          
0     0033bbd4  _vMBPortSerialEnable                    
0     0033bc1b  _vMBPortSerialWaitForTXEnd              
0     0033c252  _vMBPortTimersDisable                   
0     0033c24b  _vMBPortTimersEnable                    
0     0033c20b  _xMBPortEventGet                        
0     0033c1eb  _xMBPortEventInit                       
0     0033c1f1  _xMBPortEventPost                       
0     0033bc91  _xMBPortSerialGetByte                   
0     0033bc23  _xMBPortSerialInit                      
0     0033bc88  _xMBPortSerialPutByte                   
0     0033c226  _xMBPortTimersInit                      
0     0033b70b  _xMBRTUReceiveFSM                       
0     0033b773  _xMBRTUTimerT35Expired                  
0     0033b745  _xMBRTUTransmitFSM                      
0     0033bfcf  _xMBUtilGetBits                         
0     0033bf95  _xMBUtilSetBits                         
abs   ffffffff  binit                                   
0     0033c92a  cinit                                   
0     0033fff6  code_start                              
0     0033c49b  etext                                   
abs   ffffffff  pinit                                   


GLOBAL SYMBOLS: SORTED BY Symbol Address 

page  address   name                                    
----  -------   ----                                    
0     00008000  _InitFlash                              
0     00008000  _RamfuncsRunStart                       
0     0000801b  _DSP28x_usDelay                         
0     00320000  _RamfuncsLoadStart                      
0     0032001f  _RamfuncsLoadEnd                        
0     00338000  .text                                   
0     00338000  _GetErrorCode                           
0     00338000  ___text__                               
0     00338004  _SetErrorCode                           
0     0033800c  _SetFreq                                
0     00338013  _SetGain                                
0     0033801a  _SetTD                                  
0     00338021  _GetAcqTD                               
0     00338025  _GetNMRParameters                       
0     003380ad  _GetFullParameters                      
0     003380c7  _SetNMRParameters                       
0     00338153  _initNMRParameters                      
0     003381ae  _GetNMRData                             
0     003381ce  _SetTuningCap                           
0     003381e0  _SetRecGain                             
0     003381ef  _SetPowerLevel                          
0     003381fe  _Do_NMR_experiments                     
0     00338272  _Run_NMR_FID                            
0     00338306  _Run_NMR_FID_mcbsp                      
0     003383a9  _Run_NMR_IR_mcbsp                       
0     00338473  _Run_NMR_Accumulate_mcbsp               
0     00338519  _Run_NMR_Accumulate_tuning_mcbsp        
0     003385bc  _Run_NMR_Tuning                         
0     0033864c  _Run_NMR_TuningCurve_mcbsp              
0     00338720  _Run_NMR_Tuning_mcbsp                   
0     003387c3  _Run_NMR_CPMG                           
0     003388ce  _Run_NMR_CPMG_mcbsp                     
0     00338a00  _Run_NMR_IRCPMG_mcbsp                   
0     00338b47  _Run_NMR_Accumulate_CPMG_mcbsp          
0     00338c99  _Run_NMR_Accumulate_test_tuning         
0     00338d70  _Run_NMR_Accumulate                     
0     00338e42  _Run_NMR_Accumulate_CPMG                
0     00339019  _PrepareNMRADC                          
0     00339024  _FinishNMRADC                           
0     00339029  _Run_NMR_test                           
0     0033902c  _Run_NMR_test2017                       
0     00339097  _led_blink_D42                          
0     003390ba  _led_blink_D40                          
0     003390dd  _gpio_init                              
0     00339256  _spi_init                               
0     00339284  _configure_SPI                          
0     003392c9  _InitEPwm2                              
0     00339303  _setup_McbspbSpi                        
0     00339364  _mcsb32bitWordFromADC                   
0     003393a7  _spi_temp_board                         
0     003393ee  _spi_dac                                
0     0033941e  _init_spi_dac                           
0     00339451  _spi_dac_MCC                            
0     00339488  _PLL_init                               
0     00339560  _spi_PLL_read                           
0     00339579  _PLL_freq_set2                          
0     00339657  _PLL_freq_set3                          
0     0033968f  _PLL_freq_set                           
0     0033979c  _PLL_write                              
0     003397b3  _PLL_mosi                               
0     003397f7  _PLL_freq_set_orig                      
0     00339850  _magnet_temp_init                       
0     003398bc  _magnet_temp_reset                      
0     003398c7  _magnet_temp_sync                       
0     003398d2  _magnet_temp_sdatac                     
0     003398dd  _magnet_temp_write                      
0     003398ed  _magnet_reg_read                        
0     003398fd  _magnet_temp_read                       
0     00339917  _magnet_temp_mosi                       
0     00339986  _plscpy                                 
0     00339994  _PlsGen                                 
0     003399ef  _PlsGenAddLoop                          
0     00339a08  _PlsGenDelay                            
0     00339a1c  _PlsGenPulse                            
0     00339a31  _PlsGenACQ                              
0     00339a51  _GetPlsTime                             
0     00339a64  _FID3                                   
0     00339b6a  _FID2                                   
0     00339c9c  _TuningSeq                              
0     00339d5f  _CPMG2                                  
0     00339e99  _IR                                     
0     0033a02e  _IRCPMG                                 
0     0033a1e0  _NMR_job                                
0     0033a20e  _main                                   
0     0033a36d  _eMBRegHoldingCB                        
0     0033a79e  _DMAInitialize                          
0     0033a7a9  _DMACH1AddrConfig                       
0     0033a7b9  _DMACH1BurstConfig                      
0     0033a7c9  _DMACH1TransferConfig                   
0     0033a7d9  _DMACH1WrapConfig                       
0     0033a7ec  _DMACH1ModeConfig                       
0     0033a846  _StartDMACH1                            
0     0033a84e  _DMACH2AddrConfig                       
0     0033a85e  _DMACH2BurstConfig                      
0     0033a86e  _DMACH2TransferConfig                   
0     0033a87e  _DMACH2WrapConfig                       
0     0033a891  _DMACH2ModeConfig                       
0     0033a8eb  _StartDMACH2                            
0     0033a8f3  _DMACH3AddrConfig                       
0     0033a903  _DMACH3BurstConfig                      
0     0033a913  _DMACH3TransferConfig                   
0     0033a923  _DMACH3WrapConfig                       
0     0033a936  _DMACH3ModeConfig                       
0     0033a990  _StartDMACH3                            
0     0033a998  _DMACH4AddrConfig                       
0     0033a9a8  _DMACH4BurstConfig                      
0     0033a9b8  _DMACH4TransferConfig                   
0     0033a9c8  _DMACH4WrapConfig                       
0     0033a9db  _DMACH4ModeConfig                       
0     0033aa35  _StartDMACH4                            
0     0033aa3d  _DMACH5AddrConfig                       
0     0033aa4d  _DMACH5BurstConfig                      
0     0033aa5d  _DMACH5TransferConfig                   
0     0033aa6d  _DMACH5WrapConfig                       
0     0033aa80  _DMACH5ModeConfig                       
0     0033aada  _StartDMACH5                            
0     0033aae2  _DMACH6AddrConfig                       
0     0033aaf2  _DMACH6BurstConfig                      
0     0033ab02  _DMACH6TransferConfig                   
0     0033ab12  _DMACH6WrapConfig                       
0     0033ab25  _DMACH6ModeConfig                       
0     0033ab7f  _StartDMACH6                            
0     0033ab87  _pow                                    
0     0033ab87  _powf                                   
0     0033aef0  _INT13_ISR                              
0     0033aefa  _INT14_ISR                              
0     0033af04  _DATALOG_ISR                            
0     0033af0e  _RTOSINT_ISR                            
0     0033af18  _EMUINT_ISR                             
0     0033af22  _NMI_ISR                                
0     0033af2c  _ILLEGAL_ISR                            
0     0033af36  _USER1_ISR                              
0     0033af40  _USER2_ISR                              
0     0033af4a  _USER3_ISR                              
0     0033af54  _USER4_ISR                              
0     0033af5e  _USER5_ISR                              
0     0033af68  _USER6_ISR                              
0     0033af72  _USER7_ISR                              
0     0033af7c  _USER8_ISR                              
0     0033af86  _USER9_ISR                              
0     0033af90  _USER10_ISR                             
0     0033af9a  _USER11_ISR                             
0     0033afa4  _USER12_ISR                             
0     0033afae  _SEQ1INT_ISR                            
0     0033afb8  _SEQ2INT_ISR                            
0     0033afc2  _XINT1_ISR                              
0     0033afcc  _XINT2_ISR                              
0     0033afd6  _ADCINT_ISR                             
0     0033afe0  _TINT0_ISR                              
0     0033afea  _WAKEINT_ISR                            
0     0033aff4  _EPWM1_TZINT_ISR                        
0     0033affe  _EPWM2_TZINT_ISR                        
0     0033b008  _EPWM3_TZINT_ISR                        
0     0033b012  _EPWM4_TZINT_ISR                        
0     0033b01c  _EPWM5_TZINT_ISR                        
0     0033b026  _EPWM6_TZINT_ISR                        
0     0033b030  _EPWM1_INT_ISR                          
0     0033b03a  _EPWM2_INT_ISR                          
0     0033b044  _EPWM3_INT_ISR                          
0     0033b04e  _EPWM4_INT_ISR                          
0     0033b058  _EPWM5_INT_ISR                          
0     0033b062  _EPWM6_INT_ISR                          
0     0033b06c  _ECAP1_INT_ISR                          
0     0033b076  _ECAP2_INT_ISR                          
0     0033b080  _ECAP3_INT_ISR                          
0     0033b08a  _ECAP4_INT_ISR                          
0     0033b094  _ECAP5_INT_ISR                          
0     0033b09e  _ECAP6_INT_ISR                          
0     0033b0a8  _EQEP1_INT_ISR                          
0     0033b0b2  _EQEP2_INT_ISR                          
0     0033b0bc  _SPIRXINTA_ISR                          
0     0033b0c6  _SPITXINTA_ISR                          
0     0033b0d0  _MRINTB_ISR                             
0     0033b0da  _MXINTB_ISR                             
0     0033b0e4  _MRINTA_ISR                             
0     0033b0ee  _MXINTA_ISR                             
0     0033b0f8  _DINTCH1_ISR                            
0     0033b102  _DINTCH2_ISR                            
0     0033b10c  _DINTCH3_ISR                            
0     0033b116  _DINTCH4_ISR                            
0     0033b120  _DINTCH5_ISR                            
0     0033b12a  _DINTCH6_ISR                            
0     0033b134  _I2CINT1A_ISR                           
0     0033b13e  _I2CINT2A_ISR                           
0     0033b148  _SCIRXINTC_ISR                          
0     0033b152  _SCITXINTC_ISR                          
0     0033b15c  _SCIRXINTA_ISR                          
0     0033b166  _SCITXINTA_ISR                          
0     0033b170  _SCIRXINTB_ISR                          
0     0033b17a  _SCITXINTB_ISR                          
0     0033b184  _ECAN0INTA_ISR                          
0     0033b18e  _ECAN1INTA_ISR                          
0     0033b198  _ECAN0INTB_ISR                          
0     0033b1a2  _ECAN1INTB_ISR                          
0     0033b1ac  _XINT3_ISR                              
0     0033b1b6  _XINT4_ISR                              
0     0033b1c0  _XINT5_ISR                              
0     0033b1ca  _XINT6_ISR                              
0     0033b1d4  _XINT7_ISR                              
0     0033b1de  _LVF_ISR                                
0     0033b1e8  _LUF_ISR                                
0     0033b1f2  _PIE_RESERVED                           
0     0033b1fc  _rsvd_ISR                               
0     0033b206  _ASIC_mosi_download                     
0     0033b2a1  _StartNMRASIC_SEQ                       
0     0033b2a6  _StopNMRASIC_SEQ                        
0     0033b2ab  _AsicGainCtrl                           
0     0033b2d4  _mReadNMR_ACQ                           
0     0033b2de  _trigger_ADC_sample                     
0     0033b301  _SPIRead32bitWordFromADC                
0     0033b361  _SPIRead32bitWordFromADCFast            
0     0033b38c  _eMBInit                                
0     0033b3d6  _eMBRegisterCB                          
0     0033b43f  _eMBClose                               
0     0033b450  _eMBEnable                              
0     0033b462  _eMBDisable                             
0     0033b478  _eMBPoll                                
0     0033b500  _InitMcbsp                              
0     0033b505  _InitMcbspa                             
0     0033b531  _InitMcbspb                             
0     0033b55d  _InitMcbspa8bit                         
0     0033b564  _InitMcbspa12bit                        
0     0033b56f  _InitMcbspa16bit                        
0     0033b57a  _InitMcbspa20bit                        
0     0033b585  _InitMcbspa24bit                        
0     0033b590  _InitMcbspa32bit                        
0     0033b59b  _InitMcbspb8bit                         
0     0033b5a2  _InitMcbspb12bit                        
0     0033b5ad  _InitMcbspb16bit                        
0     0033b5b8  _InitMcbspb20bit                        
0     0033b5c3  _InitMcbspb24bit                        
0     0033b5ce  _InitMcbspb32bit                        
0     0033b5d9  _InitMcbspGpio                          
0     0033b5de  _InitMcbspaGpio                         
0     0033b618  _InitMcbspbGpio                         
0     0033b630  _delay_loop                             
0     0033b646  _clkg_delay_loop                        
0     0033b65c  _eMBRTUInit                             
0     0033b68e  _eMBRTUStart                            
0     0033b69c  _eMBRTUStop                             
0     0033b6a7  _eMBRTUReceive                          
0     0033b6d1  _eMBRTUSend                             
0     0033b70b  _xMBRTUReceiveFSM                       
0     0033b745  _xMBRTUTransmitFSM                      
0     0033b773  _xMBRTUTimerT35Expired                  
0     0033b78f  _Run_NMR_NOE1dFID_mcbsp                 
0     0033b8b9  _eMBFuncWriteHoldingRegister            
0     0033b8db  _eMBFuncWriteMultipleHoldingRegister    
0     0033b915  _eMBFuncReadHoldingRegister             
0     0033b95a  _eMBFuncReadWriteMultipleHoldingRegister
0     0033b9c9  _ResetNMR                               
0     0033ba3d  _InitNMR                                
0     0033babb  _DlPlSeq                                
0     0033bac1  _EN_NMR_mode                            
0     0033baca  _EN_Tuning_mode                         
0     0033bad3  _InitSysCtrl                            
0     0033badc  _ServiceDog                             
0     0033bae6  _DisableDog                             
0     0033baee  _InitPll                                
0     0033bb3f  _InitPeripheralClocks                   
0     0033bb9a  _CsmUnlock                              
0     0033bbd4  _vMBPortSerialEnable                    
0     0033bc1b  _vMBPortSerialWaitForTXEnd              
0     0033bc23  _xMBPortSerialInit                      
0     0033bc88  _xMBPortSerialPutByte                   
0     0033bc91  _xMBPortSerialGetByte                   
0     0033bc9b  _InitEPwm                               
0     0033bc9c  _InitEPwmGpio                           
0     0033bca9  _InitEPwm1Gpio                          
0     0033bcbb  _InitEPwm2Gpio                          
0     0033bccd  _InitEPwm3Gpio                          
0     0033bce1  _InitEPwm4Gpio                          
0     0033bcf5  _InitEPwm5Gpio                          
0     0033bd07  _InitEPwm6Gpio                          
0     0033bd19  _InitEPwmSyncGpio                       
0     0033bd2d  _InitTzGpio                             
0     0033bd63  FD$$ADD                                 
0     0033bdff  FD$$DIV                                 
0     0033be8a  FS$$DIV                                 
0     0033bf12  FD$$MPY                                 
0     0033bf95  _xMBUtilSetBits                         
0     0033bfcf  _xMBUtilGetBits                         
0     0033bff3  _prveMBError2Exception                  
0     0033c00b  _sciaRxIsr                              
0     0033c04a  _sciaTxIsr                              
0     0033c07d  _cpu_timer2_isr                         
0     0033c0be  _local_DINTCH1_ISR                      
0     0033c0cf  _epwm1_isr                              
0     0033c0e4  _floor                                  
0     0033c0e4  _floorf                                 
0     0033c13d  _ldexp                                  
0     0033c13d  _ldexpf                                 
0     0033c13d  _scalbn                                 
0     0033c13d  _scalbnf                                
0     0033c195  _c_int00                                
0     0033c1eb  _xMBPortEventInit                       
0     0033c1f1  _xMBPortEventPost                       
0     0033c20b  _xMBPortEventGet                        
0     0033c226  _xMBPortTimersInit                      
0     0033c24b  _vMBPortTimersEnable                    
0     0033c252  _vMBPortTimersDisable                   
0     0033c257  _cpu_timer1_isr                         
0     0033c286  L$$DIV                                  
0     0033c295  L$$MOD                                  
0     0033c2a3  UL$$DIV                                 
0     0033c2aa  UL$$MOD                                 
0     0033c2b0  C$$EXIT                                 
0     0033c2b0  _abort                                  
0     0033c2b2  _exit                                   
0     0033c2d9  _InitPieCtrl                            
0     0033c2f8  _EnableInterrupts                       
0     0033c301  __system_post_cinit                     
0     0033c302  _sqrt                                   
0     0033c302  _sqrtf                                  
0     0033c329  _usMBCRC16                              
0     0033c34f  _copy_in                                
0     0033c373  I$$DIV                                  
0     0033c384  I$$MOD                                  
0     0033c395  _InitPieVectTable                       
0     0033c3b5  _memcpy                                 
0     0033c3d2  L$$TOFD                                 
0     0033c3ee  FD$$TOUL                                
0     0033c409  __args_main                             
0     0033c422  _InitGpio                               
0     0033c439  _InitAdc                                
0     0033c44d  _copysign                               
0     0033c44d  _copysignf                              
0     0033c45e  FD$$SUB                                 
0     0033c46c  _cpu_timer0_isr                         
0     0033c479  __register_unlock                       
0     0033c47d  __register_lock                         
0     0033c481  __nop                                   
0     0033c48a  _DSP28x_DisableInt                      
0     0033c48e  _DSP28x_RestoreInt                      
0     0033c491  _strcpy                                 
0     0033c496  _SetDBGIER                              
0     0033c499  __system_pre_init                       
0     0033c49b  ___etext__                              
0     0033c49b  etext                                   
0     0033c69c  _PieVectTableInit                       
0     0033c866  _US_NMR                                 
0     0033c868  _MAXT_NMR                               
0     0033c86a  _FW_VERSION                             
0     0033c86b  _MB_SLV_ID                              
0     0033c86c  _TimerTicksPer50us                      
0     0033c92a  ___cinit__                              
0     0033c92a  cinit                                   
0     0033fff6  code_start                              
0     00380080  _ADC_cal                                
1     00000400  __stack                                 
1     00000700  __STACK_END                             
1     00000880  _DevEmuRegs                             
1     00000a80  _FlashRegs                              
1     00000ae0  _CsmRegs                                
1     00000b00  _AdcMirror                              
1     00000b20  _XintfRegs                              
1     00000c00  _CpuTimer0Regs                          
1     00000c08  _CpuTimer1Regs                          
1     00000c10  _CpuTimer2Regs                          
1     00000ce0  _PieCtrlRegs                            
1     00000d00  _PieVectTable                           
1     00001000  _DmaRegs                                
1     00005000  _McbspaRegs                             
1     00005040  _McbspbRegs                             
1     00006000  _ECanaRegs                              
1     00006040  _ECanaLAMRegs                           
1     00006080  _ECanaMOTSRegs                          
1     000060c0  _ECanaMOTORegs                          
1     00006100  _ECanaMboxes                            
1     00006200  _ECanbRegs                              
1     00006240  _ECanbLAMRegs                           
1     00006280  _ECanbMOTSRegs                          
1     000062c0  _ECanbMOTORegs                          
1     00006300  _ECanbMboxes                            
1     00006800  _EPwm1Regs                              
1     00006840  _EPwm2Regs                              
1     00006880  _EPwm3Regs                              
1     000068c0  _EPwm4Regs                              
1     00006900  _EPwm5Regs                              
1     00006940  _EPwm6Regs                              
1     00006a00  _ECap1Regs                              
1     00006a20  _ECap2Regs                              
1     00006a40  _ECap3Regs                              
1     00006a60  _ECap4Regs                              
1     00006a80  _ECap5Regs                              
1     00006aa0  _ECap6Regs                              
1     00006b00  _EQep1Regs                              
1     00006b40  _EQep2Regs                              
1     00006f80  _GpioCtrlRegs                           
1     00006fc0  _GpioDataRegs                           
1     00006fe0  _GpioIntRegs                            
1     00007010  _SysCtrlRegs                            
1     00007040  _SpiaRegs                               
1     00007050  _SciaRegs                               
1     00007070  _XIntruptRegs                           
1     00007100  _AdcRegs                                
1     00007750  _ScibRegs                               
1     00007770  _ScicRegs                               
1     00007900  _I2caRegs                               
1     0000c000  _dataBuf_imag                           
1     0000db6a  _pxMBFrameCBByteReceived                
1     0000db6c  _pxMBFrameCBTransmitterEmpty            
1     0000db6e  _pxMBPortCBTimerExpired                 
1     0000db70  _pxMBFrameCBReceiveFSMCur               
1     0000db72  _pxMBFrameCBTransmitFSMCur              
1     0000db76  _sdata1                                 
1     0000db77  _sdata2                                 
1     0000db78  _rdata1                                 
1     0000db79  _rdata2                                 
1     0000db7a  _t1                                     
1     0000db7c  _t2                                     
1     0000db7e  _Timer_Count                            
1     0000db80  _dataBuf_real                           
1     0000f6d8  _asic_gain                              
1     0000f6d9  _j                                      
1     0000f6da  _usAddress                              
1     0000f6db  _usRegInputBuf                          
1     0000f6dc  _TSt1                                   
1     0000f6de  _TSt2                                   
1     0000f6e0  _TSt3                                   
1     0000f6e2  _On_Period                              
1     0000f6e4  _Off_Period                             
1     0000f6e6  _Period                                 
1     0000f6e8  _Xint1Count                             
1     0000f6ea  _DMADest                                
1     0000f6ec  _DMASource                              
1     0000f6ee  _nextExpt                               
1     0000f6fa  ___TI_enable_exit_profile_output        
1     0000f6fc  ___TI_cleanup_ptr                       
1     0000f6fe  ___TI_dtors_ptr                         
1     0000f700  _NMR_system_settings                    
1     0000f780  _gPulseSeq                              
1     0000f880  _ucRTUBuf                               
1     0000f9c0  _CpuTimer0                              
1     0000f9c8  _CpuTimer1                              
1     0000f9d0  _CpuTimer2                              
1     0000f9d8  _portMBox                               
1     0000f9dc  _data1                                  
1     0000f9df  _data2                                  
1     0000f9e2  __lock                                  
1     0000f9e4  __unlock                                
1     0000f9e6  _test                                   
1     0000f9e7  _errno                                  
1     0000fa00  _DMABuf1                                
1     0033fff8  _CsmPwl                                 
1     00380090  _PartIdRegs                             
abs   0000001f  _RamfuncsLoadSize                       
abs   00000300  __STACK_SIZE                            
abs   ffffffff  ___TI_pprof_out_hndl                    
abs   ffffffff  ___TI_prof_data_size                    
abs   ffffffff  ___TI_prof_data_start                   
abs   ffffffff  ___binit__                              
abs   ffffffff  ___c_args__                             
abs   ffffffff  ___pinit__                              
abs   ffffffff  binit                                   
abs   ffffffff  pinit                                   

[456 symbols]
