******************************************************************************
             TMS320C2000 Linker PC v16.9.3                     
******************************************************************************
>> Linked Wed Sep 06 17:31:15 2017

OUTPUT FILE NAME:   <uNMR_CCS613.out>
ENTRY POINT SYMBOL: "_c_int00"  address: 0033bc73


MEMORY CONFIGURATION

         name            origin    length      used     unused   attr    fill
----------------------  --------  ---------  --------  --------  ----  --------
PAGE 0:
  ZONE0                 00004000   00001000  00000000  00001000  RWIX
  RAML0                 00008000   00001000  0000001f  00000fe1  RWIX
  RAML1                 00009000   00003000  00000000  00003000  RWIX
  ZONE6                 00100000   00100000  00000000  00100000  RWIX
  ZONE7A                00200000   0000fc00  00000000  0000fc00  RWIX
  FLASHH                00300000   00008000  00000000  00008000  RWIX
  FLASHG                00308000   00008000  00000000  00008000  RWIX
  FLASHF                00310000   00008000  00000000  00008000  RWIX
  FLASHE                00318000   00008000  00000000  00008000  RWIX
  FLASHD                00320000   00008000  0000001f  00007fe1  RWIX
  FLASHC                00328000   00008000  00000000  00008000  RWIX
  FLASHA                00338000   00007f80  000043e1  00003b9f  RWIX
  CSM_RSVD              0033ff80   00000076  00000076  00000000  RWIX
  BEGIN                 0033fff6   00000002  00000002  00000000  RWIX
  CSM_PWL               0033fff8   00000008  00000008  00000000  RWIX
  ADC_CAL               00380080   00000009  00000007  00000002  RWIX
  OTP                   00380400   00000400  00000000  00000400  RWIX
  IQTABLES              003fe000   00000b50  00000000  00000b50  RWIX
  IQTABLES2             003feb50   0000008c  00000000  0000008c  RWIX
  FPUTABLES             003febdc   000006a0  00000000  000006a0  RWIX
  ROM                   003ff27c   00000d44  00000000  00000d44  RWIX
  RESET                 003fffc0   00000002  00000000  00000002  RWIX
  VECTORS               003fffc2   0000003e  00000000  0000003e  RWIX

PAGE 1:
  BOOT_RSVD             00000000   00000050  00000000  00000050  RWIX
  RAMM0                 00000050   000003b0  00000000  000003b0  RWIX
  RAMM1                 00000400   00000400  00000300  00000100  RWIX
  DEV_EMU               00000880   00000180  000000d0  000000b0  RWIX
  FLASH_REGS            00000a80   00000060  00000008  00000058  RWIX
  CSM                   00000ae0   00000010  00000010  00000000  RWIX
  ADC_MIRROR            00000b00   00000010  00000010  00000000  RWIX
  XINTF                 00000b20   00000020  0000001e  00000002  RWIX
  CPU_TIMER0            00000c00   00000008  00000008  00000000  RWIX
  CPU_TIMER1            00000c08   00000008  00000008  00000000  RWIX
  CPU_TIMER2            00000c10   00000008  00000008  00000000  RWIX
  PIE_CTRL              00000ce0   00000020  0000001a  00000006  RWIX
  PIE_VECT              00000d00   00000100  00000100  00000000  RWIX
  DMA                   00001000   00000200  000000e0  00000120  RWIX
  MCBSPA                00005000   00000040  00000025  0000001b  RWIX
  MCBSPB                00005040   00000040  00000025  0000001b  RWIX
  ECANA                 00006000   00000040  00000034  0000000c  RWIX
  ECANA_LAM             00006040   00000040  00000040  00000000  RWIX
  ECANA_MOTS            00006080   00000040  00000040  00000000  RWIX
  ECANA_MOTO            000060c0   00000040  00000040  00000000  RWIX
  ECANA_MBOX            00006100   00000100  00000100  00000000  RWIX
  ECANB                 00006200   00000040  00000034  0000000c  RWIX
  ECANB_LAM             00006240   00000040  00000040  00000000  RWIX
  ECANB_MOTS            00006280   00000040  00000040  00000000  RWIX
  ECANB_MOTO            000062c0   00000040  00000040  00000000  RWIX
  ECANB_MBOX            00006300   00000100  00000100  00000000  RWIX
  EPWM1                 00006800   00000022  00000022  00000000  RWIX
  EPWM2                 00006840   00000022  00000022  00000000  RWIX
  EPWM3                 00006880   00000022  00000022  00000000  RWIX
  EPWM4                 000068c0   00000022  00000022  00000000  RWIX
  EPWM5                 00006900   00000022  00000022  00000000  RWIX
  EPWM6                 00006940   00000022  00000022  00000000  RWIX
  ECAP1                 00006a00   00000020  00000020  00000000  RWIX
  ECAP2                 00006a20   00000020  00000020  00000000  RWIX
  ECAP3                 00006a40   00000020  00000020  00000000  RWIX
  ECAP4                 00006a60   00000020  00000020  00000000  RWIX
  ECAP5                 00006a80   00000020  00000020  00000000  RWIX
  ECAP6                 00006aa0   00000020  00000020  00000000  RWIX
  EQEP1                 00006b00   00000040  00000040  00000000  RWIX
  EQEP2                 00006b40   00000040  00000040  00000000  RWIX
  GPIOCTRL              00006f80   00000040  0000002e  00000012  RWIX
  GPIODAT               00006fc0   00000020  00000020  00000000  RWIX
  GPIOINT               00006fe0   00000020  0000000a  00000016  RWIX
  SYSTEM                00007010   00000020  00000020  00000000  RWIX
  SPIA                  00007040   00000010  00000010  00000000  RWIX
  SCIA                  00007050   00000010  00000010  00000000  RWIX
  XINTRUPT              00007070   00000010  00000010  00000000  RWIX
  ADC                   00007100   00000020  0000001e  00000002  RWIX
  SCIB                  00007750   00000010  00000010  00000000  RWIX
  SCIC                  00007770   00000010  00000010  00000000  RWIX
  I2CA                  00007900   00000040  00000022  0000001e  RWIX
  RAML4                 0000c000   00004000  00003a94  0000056c  RWIX
  ZONE7B                0020fc00   00000400  00000000  00000400  RWIX
  FLASHB                00330000   00008000  00000000  00008000  RWIX
  CSM_PWL               0033fff8   00000008  00000008  00000000  RWIX
  PARTID                00380090   00000001  00000001  00000000  RWIX


SECTION ALLOCATION MAP

 output                                  attributes/
section   page    origin      length       input sections
--------  ----  ----------  ----------   ----------------
ramfuncs   0    00320000    0000001f     RUN ADDR = 00008000
                  00320000    0000001b     DSP2833x_SysCtrl.obj (ramfuncs)
                  0032001b    00000004     DSP2833x_usDelay.obj (ramfuncs)

.text      0    00338000    00003f39     
                  00338000    00000d8f     RunNMR.obj (.text)
                  00338d8f    00000791     gpio_init.obj (.text)
                  00339520    0000068e     nmr_plsq.obj (.text)
                  00339bae    0000051e     tempcontoller.obj (.text)
                  0033a0cc    00000467     main.obj (.text)
                  0033a533    000003e9     DSP2833x_DMA.obj (.text)
                  0033a91c    00000380     rts2800_fpu32.lib : e_powf.obj (.text)
                  0033ac9c    00000316     DSP2833x_DefaultIsr.obj (.text:retain)
                  0033afb2    00000186     asic.obj (.text)
                  0033b138    00000174     mb.obj (.text)
                  0033b2ac    0000015c     DSP2833x_Mcbsp.obj (.text)
                  0033b408    00000133     mbrtu.obj (.text)
                  0033b53b    00000110     mbfuncholding.obj (.text)
                  0033b64b    0000010a     nmr.obj (.text)
                  0033b755    000000f8     DSP2833x_SysCtrl.obj (.text)
                  0033b84d    000000d0     portserial.obj (.text)
                  0033b91d    000000c8     DSP2833x_EPwm.obj (.text)
                  0033b9e5    00000088     rts2800_fpu32.lib : fs_div28.obj (.text)
                  0033ba6d    00000074     mbutils.obj (.text)
                  0033bae1    00000072     portserial.obj (.text:retain)
                  0033bb53    00000067     main.obj (.text:retain)
                  0033bbba    00000062     rts2800_fpu32.lib : s_scalbnf.obj (.text)
                  0033bc1c    00000057                       : s_floorf.obj (.text)
                  0033bc73    00000056                       : boot28.obj (.text)
                  0033bcc9    0000003b     portevent.obj (.text)
                  0033bd04    00000037     porttimer.obj (.text)
                  0033bd3b    0000002f     porttimer.obj (.text:retain)
                  0033bd6a    0000002a     rts2800_fpu32.lib : l_div28.obj (.text)
                  0033bd94    00000029                       : exit.obj (.text)
                  0033bdbd    00000028     DSP2833x_PieCtrl.obj (.text)
                  0033bde5    00000026     mbcrc.obj (.text)
                  0033be0b    00000001     rts2800_fpu32.lib : startup.obj (.text)
                  0033be0c    00000025                       : e_sqrtf.obj (.text)
                  0033be31    00000024                       : cpy_tbl.obj (.text)
                  0033be55    00000022                       : i_div28.obj (.text)
                  0033be77    00000020     DSP2833x_PieVect.obj (.text)
                  0033be97    0000001e     rts2800_fpu32.lib : memcpy.obj (.text)
                  0033beb5    00000019                       : args_main.obj (.text)
                  0033bece    00000017     DSP2833x_Gpio.obj (.text)
                  0033bee5    00000014     DSP2833x_Adc.obj (.text)
                  0033bef9    00000011     rts2800_fpu32.lib : s_copysignf.obj (.text)
                  0033bf0a    0000000d     cpu_timer.obj (.text:retain)
                  0033bf17    00000009     rts2800_fpu32.lib : _lock.obj (.text)
                  0033bf20    00000008     DSP2833x_CodeStartBranch.obj (.text)
                  0033bf28    00000007     DSP2833x_DisInt.obj (.text)
                  0033bf2f    00000005     rts2800_fpu32.lib : strcpy.obj (.text)
                  0033bf34    00000003     DSP2833x_DBGIER.obj (.text)
                  0033bf37    00000002     rts2800_fpu32.lib : pre_init.obj (.text)

.econst    0    0033bf3a    000003b4     
                  0033bf3a    00000100     mbcrc.obj (.econst:.string:_aucCRCHi)
                  0033c03a    00000100     mbcrc.obj (.econst:.string:_aucCRCLo)
                  0033c13a    00000100     DSP2833x_PieVect.obj (.econst:_PieVectTableInit)
                  0033c23a    00000032     rts2800_fpu32.lib : e_powf.obj (.econst)
                  0033c26c    0000000f     RunNMR.obj (.econst:.string)
                  0033c27b    0000000f     tempcontoller.obj (.econst:_$P$T0$1)
                  0033c28a    0000000f     tempcontoller.obj (.econst:_$P$T1$2)
                  0033c299    00000001     --HOLE-- [fill = 0]
                  0033c29a    00000006     rts2800_fpu32.lib : s_scalbnf.obj (.econst)
                  0033c2a0    00000004     RunNMR.obj (.econst:_$P$T0$1)
                  0033c2a4    00000004     RunNMR.obj (.econst:_$P$T1$2)
                  0033c2a8    00000004     RunNMR.obj (.econst:_$P$T10$11)
                  0033c2ac    00000004     RunNMR.obj (.econst:_$P$T11$12)
                  0033c2b0    00000004     RunNMR.obj (.econst:_$P$T12$13)
                  0033c2b4    00000004     RunNMR.obj (.econst:_$P$T13$14)
                  0033c2b8    00000004     RunNMR.obj (.econst:_$P$T2$3)
                  0033c2bc    00000004     RunNMR.obj (.econst:_$P$T3$4)
                  0033c2c0    00000004     RunNMR.obj (.econst:_$P$T4$5)
                  0033c2c4    00000004     RunNMR.obj (.econst:_$P$T5$6)
                  0033c2c8    00000004     RunNMR.obj (.econst:_$P$T6$7)
                  0033c2cc    00000004     RunNMR.obj (.econst:_$P$T7$8)
                  0033c2d0    00000004     RunNMR.obj (.econst:_$P$T8$9)
                  0033c2d4    00000004     RunNMR.obj (.econst:_$P$T9$10)
                  0033c2d8    00000004     rts2800_fpu32.lib : e_powf.obj (.econst:_bp)
                  0033c2dc    00000004                       : e_powf.obj (.econst:_dp_h)
                  0033c2e0    00000004                       : e_powf.obj (.econst:_dp_l)
                  0033c2e4    00000004     nmr_plsq.obj (.econst)
                  0033c2e8    00000002     main.obj (.econst)
                  0033c2ea    00000002     porttimer.obj (.econst)
                  0033c2ec    00000002     rts2800_fpu32.lib : s_floorf.obj (.econst)

.switch    0    0033c2ee    00000092     
                  0033c2ee    0000003a     main.obj (.switch:_eMBRegHoldingCB)
                  0033c328    0000002c     RunNMR.obj (.switch:_GetNMRParameters)
                  0033c354    0000002c     RunNMR.obj (.switch:_SetNMRParameters)

.cinit     0    0033c380    00000062     
                  0033c380    00000018     gpio_init.obj (.cinit)
                  0033c398    00000017     mb.obj (.cinit)
                  0033c3af    00000015     main.obj (.cinit)
                  0033c3c4    0000000e     rts2800_fpu32.lib : exit.obj (.cinit)
                  0033c3d2    00000005                       : _lock.obj (.cinit:__lock)
                  0033c3d7    00000005                       : _lock.obj (.cinit:__unlock)
                  0033c3dc    00000004                       : errno.obj (.cinit)
                  0033c3e0    00000002     --HOLE-- [fill = 0]

csm_rsvd   0    0033ff80    00000076     
                  0033ff80    00000076     DSP2833x_CSMPasswords.obj (csm_rsvd)

codestart 
*          0    0033fff6    00000002     
                  0033fff6    00000002     DSP2833x_CodeStartBranch.obj (codestart)

csmpasswds 
*          0    0033fff8    00000008     
                  0033fff8    00000008     DSP2833x_CSMPasswords.obj (csmpasswds)

.adc_cal   0    00380080    00000007     NOLOAD SECTION
                  00380080    00000007     DSP2833x_ADC_cal.obj (.adc_cal)

.stack     1    00000400    00000300     UNINITIALIZED
                  00000400    00000300     --HOLE--

DevEmuRegsFile 
*          1    00000880    000000d0     UNINITIALIZED
                  00000880    000000d0     DSP2833x_GlobalVariableDefs.obj (DevEmuRegsFile)

FlashRegsFile 
*          1    00000a80    00000008     UNINITIALIZED
                  00000a80    00000008     DSP2833x_GlobalVariableDefs.obj (FlashRegsFile)

CsmRegsFile 
*          1    00000ae0    00000010     UNINITIALIZED
                  00000ae0    00000010     DSP2833x_GlobalVariableDefs.obj (CsmRegsFile)

AdcMirrorFile 
*          1    00000b00    00000010     UNINITIALIZED
                  00000b00    00000010     DSP2833x_GlobalVariableDefs.obj (AdcMirrorFile)

XintfRegsFile 
*          1    00000b20    0000001e     UNINITIALIZED
                  00000b20    0000001e     DSP2833x_GlobalVariableDefs.obj (XintfRegsFile)

CpuTimer0RegsFile 
*          1    00000c00    00000008     UNINITIALIZED
                  00000c00    00000008     DSP2833x_GlobalVariableDefs.obj (CpuTimer0RegsFile)

CpuTimer1RegsFile 
*          1    00000c08    00000008     UNINITIALIZED
                  00000c08    00000008     DSP2833x_GlobalVariableDefs.obj (CpuTimer1RegsFile)

CpuTimer2RegsFile 
*          1    00000c10    00000008     UNINITIALIZED
                  00000c10    00000008     DSP2833x_GlobalVariableDefs.obj (CpuTimer2RegsFile)

PieCtrlRegsFile 
*          1    00000ce0    0000001a     UNINITIALIZED
                  00000ce0    0000001a     DSP2833x_GlobalVariableDefs.obj (PieCtrlRegsFile)

PieVectTableFile 
*          1    00000d00    00000100     UNINITIALIZED
                  00000d00    00000100     DSP2833x_GlobalVariableDefs.obj (PieVectTableFile)

DmaRegsFile 
*          1    00001000    000000e0     UNINITIALIZED
                  00001000    000000e0     DSP2833x_GlobalVariableDefs.obj (DmaRegsFile)

McbspaRegsFile 
*          1    00005000    00000025     UNINITIALIZED
                  00005000    00000025     DSP2833x_GlobalVariableDefs.obj (McbspaRegsFile)

McbspbRegsFile 
*          1    00005040    00000025     UNINITIALIZED
                  00005040    00000025     DSP2833x_GlobalVariableDefs.obj (McbspbRegsFile)

ECanaRegsFile 
*          1    00006000    00000034     UNINITIALIZED
                  00006000    00000034     DSP2833x_GlobalVariableDefs.obj (ECanaRegsFile)

ECanaLAMRegsFile 
*          1    00006040    00000040     UNINITIALIZED
                  00006040    00000040     DSP2833x_GlobalVariableDefs.obj (ECanaLAMRegsFile)

ECanaMOTSRegsFile 
*          1    00006080    00000040     UNINITIALIZED
                  00006080    00000040     DSP2833x_GlobalVariableDefs.obj (ECanaMOTSRegsFile)

ECanaMOTORegsFile 
*          1    000060c0    00000040     UNINITIALIZED
                  000060c0    00000040     DSP2833x_GlobalVariableDefs.obj (ECanaMOTORegsFile)

ECanaMboxesFile 
*          1    00006100    00000100     UNINITIALIZED
                  00006100    00000100     DSP2833x_GlobalVariableDefs.obj (ECanaMboxesFile)

ECanbRegsFile 
*          1    00006200    00000034     UNINITIALIZED
                  00006200    00000034     DSP2833x_GlobalVariableDefs.obj (ECanbRegsFile)

ECanbLAMRegsFile 
*          1    00006240    00000040     UNINITIALIZED
                  00006240    00000040     DSP2833x_GlobalVariableDefs.obj (ECanbLAMRegsFile)

ECanbMOTSRegsFile 
*          1    00006280    00000040     UNINITIALIZED
                  00006280    00000040     DSP2833x_GlobalVariableDefs.obj (ECanbMOTSRegsFile)

ECanbMOTORegsFile 
*          1    000062c0    00000040     UNINITIALIZED
                  000062c0    00000040     DSP2833x_GlobalVariableDefs.obj (ECanbMOTORegsFile)

ECanbMboxesFile 
*          1    00006300    00000100     UNINITIALIZED
                  00006300    00000100     DSP2833x_GlobalVariableDefs.obj (ECanbMboxesFile)

EPwm1RegsFile 
*          1    00006800    00000022     UNINITIALIZED
                  00006800    00000022     DSP2833x_GlobalVariableDefs.obj (EPwm1RegsFile)

EPwm2RegsFile 
*          1    00006840    00000022     UNINITIALIZED
                  00006840    00000022     DSP2833x_GlobalVariableDefs.obj (EPwm2RegsFile)

EPwm3RegsFile 
*          1    00006880    00000022     UNINITIALIZED
                  00006880    00000022     DSP2833x_GlobalVariableDefs.obj (EPwm3RegsFile)

EPwm4RegsFile 
*          1    000068c0    00000022     UNINITIALIZED
                  000068c0    00000022     DSP2833x_GlobalVariableDefs.obj (EPwm4RegsFile)

EPwm5RegsFile 
*          1    00006900    00000022     UNINITIALIZED
                  00006900    00000022     DSP2833x_GlobalVariableDefs.obj (EPwm5RegsFile)

EPwm6RegsFile 
*          1    00006940    00000022     UNINITIALIZED
                  00006940    00000022     DSP2833x_GlobalVariableDefs.obj (EPwm6RegsFile)

ECap1RegsFile 
*          1    00006a00    00000020     UNINITIALIZED
                  00006a00    00000020     DSP2833x_GlobalVariableDefs.obj (ECap1RegsFile)

ECap2RegsFile 
*          1    00006a20    00000020     UNINITIALIZED
                  00006a20    00000020     DSP2833x_GlobalVariableDefs.obj (ECap2RegsFile)

ECap3RegsFile 
*          1    00006a40    00000020     UNINITIALIZED
                  00006a40    00000020     DSP2833x_GlobalVariableDefs.obj (ECap3RegsFile)

ECap4RegsFile 
*          1    00006a60    00000020     UNINITIALIZED
                  00006a60    00000020     DSP2833x_GlobalVariableDefs.obj (ECap4RegsFile)

ECap5RegsFile 
*          1    00006a80    00000020     UNINITIALIZED
                  00006a80    00000020     DSP2833x_GlobalVariableDefs.obj (ECap5RegsFile)

ECap6RegsFile 
*          1    00006aa0    00000020     UNINITIALIZED
                  00006aa0    00000020     DSP2833x_GlobalVariableDefs.obj (ECap6RegsFile)

EQep1RegsFile 
*          1    00006b00    00000040     UNINITIALIZED
                  00006b00    00000040     DSP2833x_GlobalVariableDefs.obj (EQep1RegsFile)

EQep2RegsFile 
*          1    00006b40    00000040     UNINITIALIZED
                  00006b40    00000040     DSP2833x_GlobalVariableDefs.obj (EQep2RegsFile)

GpioCtrlRegsFile 
*          1    00006f80    0000002e     UNINITIALIZED
                  00006f80    0000002e     DSP2833x_GlobalVariableDefs.obj (GpioCtrlRegsFile)

GpioDataRegsFile 
*          1    00006fc0    00000020     UNINITIALIZED
                  00006fc0    00000020     DSP2833x_GlobalVariableDefs.obj (GpioDataRegsFile)

GpioIntRegsFile 
*          1    00006fe0    0000000a     UNINITIALIZED
                  00006fe0    0000000a     DSP2833x_GlobalVariableDefs.obj (GpioIntRegsFile)

SysCtrlRegsFile 
*          1    00007010    00000020     UNINITIALIZED
                  00007010    00000020     DSP2833x_GlobalVariableDefs.obj (SysCtrlRegsFile)

SpiaRegsFile 
*          1    00007040    00000010     UNINITIALIZED
                  00007040    00000010     DSP2833x_GlobalVariableDefs.obj (SpiaRegsFile)

SciaRegsFile 
*          1    00007050    00000010     UNINITIALIZED
                  00007050    00000010     DSP2833x_GlobalVariableDefs.obj (SciaRegsFile)

XIntruptRegsFile 
*          1    00007070    00000010     UNINITIALIZED
                  00007070    00000010     DSP2833x_GlobalVariableDefs.obj (XIntruptRegsFile)

AdcRegsFile 
*          1    00007100    0000001e     UNINITIALIZED
                  00007100    0000001e     DSP2833x_GlobalVariableDefs.obj (AdcRegsFile)

ScibRegsFile 
*          1    00007750    00000010     UNINITIALIZED
                  00007750    00000010     DSP2833x_GlobalVariableDefs.obj (ScibRegsFile)

ScicRegsFile 
*          1    00007770    00000010     UNINITIALIZED
                  00007770    00000010     DSP2833x_GlobalVariableDefs.obj (ScicRegsFile)

I2caRegsFile 
*          1    00007900    00000022     UNINITIALIZED
                  00007900    00000022     DSP2833x_GlobalVariableDefs.obj (I2caRegsFile)

.ebss      1    0000c000    00003a6c     UNINITIALIZED
                  0000c000    00003858     RunNMR.obj (.ebss)
                  0000f858    0000001c     main.obj (.ebss)
                  0000f874    00000006     rts2800_fpu32.lib : exit.obj (.ebss)
                  0000f87a    00000004     portevent.obj (.ebss)
                  0000f87e    00000002     rts2800_fpu32.lib : _lock.obj (.ebss:__lock)
                  0000f880    00000140     mbrtu.obj (.ebss)
                  0000f9c0    00000080     mb.obj (.ebss)
                  0000fa40    00000018     DSP2833x_CpuTimers.obj (.ebss)
                  0000fa58    00000010     gpio_init.obj (.ebss)
                  0000fa68    00000002     rts2800_fpu32.lib : _lock.obj (.ebss:__unlock)
                  0000fa6a    00000001     mbfuncdiag.obj (.ebss)
                  0000fa6b    00000001     rts2800_fpu32.lib : errno.obj (.ebss)

DMARAML4   1    0000fa80    00000028     UNINITIALIZED
                  0000fa80    00000028     main.obj (DMARAML4)

CsmPwlFile 
*          1    0033fff8    00000008     UNINITIALIZED
                  0033fff8    00000008     DSP2833x_GlobalVariableDefs.obj (CsmPwlFile)

PartIdRegsFile 
*          1    00380090    00000001     UNINITIALIZED
                  00380090    00000001     DSP2833x_GlobalVariableDefs.obj (PartIdRegsFile)

.pinit     0    00338000    00000000     UNINITIALIZED

.reset     0    003fffc0    00000002     DSECT
                  003fffc0    00000002     rts2800_fpu32.lib : boot28.obj (.reset)

vectors    0    003fffc2    00000000     DSECT

MODULE SUMMARY

       Module                            code    initialized data   uninitialized data
       ------                            ----    ----------------   ------------------
    .\DSP2833x\source\
       DSP2833x_GlobalVariableDefs.obj   0       0                  2679              
    +--+---------------------------------+-------+------------------+--------------------+
       Total:                            0       0                  2679              
                                                                                      
    .\DSP2833x_common\source\
       DSP2833x_DMA.obj                  1001    0                  0                 
       DSP2833x_DefaultIsr.obj           790     0                  0                 
       DSP2833x_Mcbsp.obj                348     0                  0                 
       DSP2833x_SysCtrl.obj              302     0                  0                 
       DSP2833x_PieVect.obj              32      256                0                 
       DSP2833x_EPwm.obj                 200     0                  0                 
       DSP2833x_CSMPasswords.obj         0       126                0                 
       DSP2833x_PieCtrl.obj              40      0                  0                 
       DSP2833x_CpuTimers.obj            0       0                  24                
       DSP2833x_Gpio.obj                 23      0                  0                 
       DSP2833x_Adc.obj                  20      0                  0                 
       DSP2833x_CodeStartBranch.obj      10      0                  0                 
       DSP2833x_usDelay.obj              8       0                  0                 
       DSP2833x_ADC_cal.obj              7       0                  0                 
       DSP2833x_DisInt.obj               7       0                  0                 
       DSP2833x_DBGIER.obj               3       0                  0                 
    +--+---------------------------------+-------+------------------+--------------------+
       Total:                            2791    382                24                
                                                                                      
    .\SOURCE\
       RunNMR.obj                        3471    159                14424             
       gpio_init.obj                     1937    24                 16                
       nmr_plsq.obj                      1678    4                  0                 
       main.obj                          1230    81                 68                
       tempcontoller.obj                 1310    30                 0                 
       asic.obj                          390     0                  0                 
       nmr.obj                           266     0                  0                 
       cpu_timer.obj                     13      0                  0                 
    +--+---------------------------------+-------+------------------+--------------------+
       Total:                            10295   298                14508             
                                                                                      
    .\freeMODBUS\
       mb.obj                            372     23                 128               
       portserial.obj                    322     0                  0                 
       porttimer.obj                     102     2                  0                 
       portevent.obj                     59      0                  4                 
    +--+---------------------------------+-------+------------------+--------------------+
       Total:                            855     25                 132               
                                                                                      
    .\freeMODBUS\functions\
       mbfuncholding.obj                 272     0                  0                 
       mbutils.obj                       116     0                  0                 
       mbfuncdiag.obj                    0       0                  1                 
    +--+---------------------------------+-------+------------------+--------------------+
       Total:                            388     0                  1                 
                                                                                      
    .\freeMODBUS\rtu\
       mbrtu.obj                         307     0                  320               
       mbcrc.obj                         38      512                0                 
    +--+---------------------------------+-------+------------------+--------------------+
       Total:                            345     512                320               
                                                                                      
    C:\ti\ccsv7\tools\compiler\ti-cgt-c2000_16.9.3.LTS\lib\rts2800_fpu32.lib
       e_powf.obj                        896     62                 0                 
       fs_div28.obj                      136     0                  0                 
       s_scalbnf.obj                     98      6                  0                 
       s_floorf.obj                      87      2                  0                 
       boot28.obj                        86      0                  0                 
       exit.obj                          41      14                 6                 
       l_div28.obj                       42      0                  0                 
       e_sqrtf.obj                       37      0                  0                 
       cpy_tbl.obj                       36      0                  0                 
       i_div28.obj                       34      0                  0                 
       memcpy.obj                        30      0                  0                 
       args_main.obj                     25      0                  0                 
       _lock.obj                         9       10                 4                 
       s_copysignf.obj                   17      0                  0                 
       errno.obj                         0       4                  1                 
       strcpy.obj                        5       0                  0                 
       pre_init.obj                      2       0                  0                 
       startup.obj                       1       0                  0                 
    +--+---------------------------------+-------+------------------+--------------------+
       Total:                            1582    98                 11                
                                                                                      
       Stack:                            0       0                  768               
    +--+---------------------------------+-------+------------------+--------------------+
       Grand Total:                      16256   1315               18443             


GLOBAL DATA SYMBOLS: SORTED BY DATA PAGE

address     data page           name
--------    ----------------    ----
00000400      10 (00000400)     __stack

00000880      22 (00000880)     _DevEmuRegs

00000a80      2a (00000a80)     _FlashRegs

00000ae0      2b (00000ac0)     _CsmRegs

00000b00      2c (00000b00)     _AdcMirror
00000b20      2c (00000b00)     _XintfRegs

00000c00      30 (00000c00)     _CpuTimer0Regs
00000c08      30 (00000c00)     _CpuTimer1Regs
00000c10      30 (00000c00)     _CpuTimer2Regs

00000ce0      33 (00000cc0)     _PieCtrlRegs

00000d00      34 (00000d00)     _PieVectTable

00001000      40 (00001000)     _DmaRegs

00005000     140 (00005000)     _McbspaRegs

00005040     141 (00005040)     _McbspbRegs

00006000     180 (00006000)     _ECanaRegs

00006040     181 (00006040)     _ECanaLAMRegs

00006080     182 (00006080)     _ECanaMOTSRegs

000060c0     183 (000060c0)     _ECanaMOTORegs

00006100     184 (00006100)     _ECanaMboxes

00006200     188 (00006200)     _ECanbRegs

00006240     189 (00006240)     _ECanbLAMRegs

00006280     18a (00006280)     _ECanbMOTSRegs

000062c0     18b (000062c0)     _ECanbMOTORegs

00006300     18c (00006300)     _ECanbMboxes

00006800     1a0 (00006800)     _EPwm1Regs

00006840     1a1 (00006840)     _EPwm2Regs

00006880     1a2 (00006880)     _EPwm3Regs

000068c0     1a3 (000068c0)     _EPwm4Regs

00006900     1a4 (00006900)     _EPwm5Regs

00006940     1a5 (00006940)     _EPwm6Regs

00006a00     1a8 (00006a00)     _ECap1Regs
00006a20     1a8 (00006a00)     _ECap2Regs

00006a40     1a9 (00006a40)     _ECap3Regs
00006a60     1a9 (00006a40)     _ECap4Regs

00006a80     1aa (00006a80)     _ECap5Regs
00006aa0     1aa (00006a80)     _ECap6Regs

00006b00     1ac (00006b00)     _EQep1Regs

00006b40     1ad (00006b40)     _EQep2Regs

00006f80     1be (00006f80)     _GpioCtrlRegs

00006fc0     1bf (00006fc0)     _GpioDataRegs
00006fe0     1bf (00006fc0)     _GpioIntRegs

00007010     1c0 (00007000)     _SysCtrlRegs

00007040     1c1 (00007040)     _SpiaRegs
00007050     1c1 (00007040)     _SciaRegs
00007070     1c1 (00007040)     _XIntruptRegs

00007100     1c4 (00007100)     _AdcRegs

00007750     1dd (00007740)     _ScibRegs
00007770     1dd (00007740)     _ScicRegs

00007900     1e4 (00007900)     _I2caRegs

0000c000     300 (0000c000)     _NMR_system_settings

0000c080     302 (0000c080)     _gPulseSeq

0000c180     306 (0000c180)     _dataBuf_real

0000dd00     374 (0000dd00)     _dataBuf_imag

0000f858     3e1 (0000f840)     _usAddress
0000f859     3e1 (0000f840)     _usRegInputBuf
0000f85a     3e1 (0000f840)     _asic_gain
0000f85b     3e1 (0000f840)     _j
0000f85c     3e1 (0000f840)     _TSt1
0000f85e     3e1 (0000f840)     _TSt2
0000f860     3e1 (0000f840)     _Off_Period
0000f862     3e1 (0000f840)     _Period
0000f864     3e1 (0000f840)     _TSt3
0000f866     3e1 (0000f840)     _On_Period
0000f868     3e1 (0000f840)     _DMADest
0000f86a     3e1 (0000f840)     _DMASource
0000f86c     3e1 (0000f840)     _Xint1Count
0000f86e     3e1 (0000f840)     _nextExpt
0000f874     3e1 (0000f840)     ___TI_enable_exit_profile_output
0000f876     3e1 (0000f840)     ___TI_cleanup_ptr
0000f878     3e1 (0000f840)     ___TI_dtors_ptr
0000f87a     3e1 (0000f840)     _portMBox
0000f87e     3e1 (0000f840)     __lock

0000f8c0     3e3 (0000f8c0)     _ucRTUBuf

0000f9c8     3e7 (0000f9c0)     _pxMBFrameCBReceiveFSMCur
0000f9ca     3e7 (0000f9c0)     _pxMBPortCBTimerExpired
0000f9d6     3e7 (0000f9c0)     _pxMBFrameCBTransmitterEmpty
0000f9d8     3e7 (0000f9c0)     _pxMBFrameCBTransmitFSMCur
0000f9dc     3e7 (0000f9c0)     _pxMBFrameCBByteReceived

0000fa40     3e9 (0000fa40)     _CpuTimer1
0000fa48     3e9 (0000fa40)     _CpuTimer2
0000fa50     3e9 (0000fa40)     _CpuTimer0
0000fa58     3e9 (0000fa40)     _sdata1
0000fa59     3e9 (0000fa40)     _sdata2
0000fa5a     3e9 (0000fa40)     _rdata2
0000fa5b     3e9 (0000fa40)     _rdata1
0000fa5c     3e9 (0000fa40)     _t1
0000fa5e     3e9 (0000fa40)     _Timer_Count
0000fa60     3e9 (0000fa40)     _t2
0000fa62     3e9 (0000fa40)     _data1
0000fa65     3e9 (0000fa40)     _data2
0000fa68     3e9 (0000fa40)     __unlock
0000fa6a     3e9 (0000fa40)     _test
0000fa6b     3e9 (0000fa40)     _errno

0000fa80     3ea (0000fa80)     _DMABuf1

0033c13a    cf04 (0033c100)     _PieVectTableInit

0033c2e4    cf0b (0033c2c0)     _US_NMR
0033c2e6    cf0b (0033c2c0)     _MAXT_NMR
0033c2e8    cf0b (0033c2c0)     _FW_VERSION
0033c2e9    cf0b (0033c2c0)     _MB_SLV_ID
0033c2ea    cf0b (0033c2c0)     _TimerTicksPer50us

0033fff8    cfff (0033ffc0)     _CsmPwl

00380090    e002 (00380080)     _PartIdRegs


GLOBAL SYMBOLS: SORTED ALPHABETICALLY BY Name 

page  address   name                                    
----  -------   ----                                    
0     00338000  .text                                   
0     0033bd94  C$$EXIT                                 
0     0033b9e5  FS$$DIV                                 
0     0033be55  I$$DIV                                  
0     0033be66  I$$MOD                                  
0     0033bd6a  L$$DIV                                  
0     0033bd79  L$$MOD                                  
0     0033bd87  UL$$DIV                                 
0     0033bd8e  UL$$MOD                                 
0     0033ad82  _ADCINT_ISR                             
0     00380080  _ADC_cal                                
0     0033a070  _ADS1248_Configure                      
0     0033a0b6  _ADS1248_ReadTemp                       
0     0033a0a8  _ADS1248_SendCommand_8bits              
0     00339ea8  _ADS1248_init                           
0     00339bae  _ADS1248_init_2                         
0     0033afb2  _ASIC_mosi_download                     
1     00000b00  _AdcMirror                              
1     00007100  _AdcRegs                                
0     0033b057  _AsicGainCtrl                           
0     003398f6  _CPMG2                                  
1     0000fa50  _CpuTimer0                              
1     00000c00  _CpuTimer0Regs                          
1     0000fa40  _CpuTimer1                              
1     00000c08  _CpuTimer1Regs                          
1     0000fa48  _CpuTimer2                              
1     00000c10  _CpuTimer2Regs                          
1     0033fff8  _CsmPwl                                 
1     00000ae0  _CsmRegs                                
0     0033b81c  _CsmUnlock                              
0     0033acb0  _DATALOG_ISR                            
0     0033aea4  _DINTCH1_ISR                            
0     0033aeae  _DINTCH2_ISR                            
0     0033aeb8  _DINTCH3_ISR                            
0     0033aec2  _DINTCH4_ISR                            
0     0033aecc  _DINTCH5_ISR                            
0     0033aed6  _DINTCH6_ISR                            
1     0000fa80  _DMABuf1                                
0     0033a53e  _DMACH1AddrConfig                       
0     0033a54e  _DMACH1BurstConfig                      
0     0033a581  _DMACH1ModeConfig                       
0     0033a55e  _DMACH1TransferConfig                   
0     0033a56e  _DMACH1WrapConfig                       
0     0033a5e3  _DMACH2AddrConfig                       
0     0033a5f3  _DMACH2BurstConfig                      
0     0033a626  _DMACH2ModeConfig                       
0     0033a603  _DMACH2TransferConfig                   
0     0033a613  _DMACH2WrapConfig                       
0     0033a688  _DMACH3AddrConfig                       
0     0033a698  _DMACH3BurstConfig                      
0     0033a6cb  _DMACH3ModeConfig                       
0     0033a6a8  _DMACH3TransferConfig                   
0     0033a6b8  _DMACH3WrapConfig                       
0     0033a72d  _DMACH4AddrConfig                       
0     0033a73d  _DMACH4BurstConfig                      
0     0033a770  _DMACH4ModeConfig                       
0     0033a74d  _DMACH4TransferConfig                   
0     0033a75d  _DMACH4WrapConfig                       
0     0033a7d2  _DMACH5AddrConfig                       
0     0033a7e2  _DMACH5BurstConfig                      
0     0033a815  _DMACH5ModeConfig                       
0     0033a7f2  _DMACH5TransferConfig                   
0     0033a802  _DMACH5WrapConfig                       
0     0033a877  _DMACH6AddrConfig                       
0     0033a887  _DMACH6BurstConfig                      
0     0033a8ba  _DMACH6ModeConfig                       
0     0033a897  _DMACH6TransferConfig                   
0     0033a8a7  _DMACH6WrapConfig                       
1     0000f868  _DMADest                                
0     0033a533  _DMAInitialize                          
1     0000f86a  _DMASource                              
0     0033bf28  _DSP28x_DisableInt                      
0     0033bf2c  _DSP28x_RestoreInt                      
0     0000801b  _DSP28x_usDelay                         
1     00000880  _DevEmuRegs                             
0     0033b768  _DisableDog                             
0     0033b73d  _DlPlSeq                                
1     00001000  _DmaRegs                                
0     00338209  _Do_NMR_experiments                     
0     0033af30  _ECAN0INTA_ISR                          
0     0033af44  _ECAN0INTB_ISR                          
0     0033af3a  _ECAN1INTA_ISR                          
0     0033af4e  _ECAN1INTB_ISR                          
0     0033ae18  _ECAP1_INT_ISR                          
0     0033ae22  _ECAP2_INT_ISR                          
0     0033ae2c  _ECAP3_INT_ISR                          
0     0033ae36  _ECAP4_INT_ISR                          
0     0033ae40  _ECAP5_INT_ISR                          
0     0033ae4a  _ECAP6_INT_ISR                          
1     00006040  _ECanaLAMRegs                           
1     000060c0  _ECanaMOTORegs                          
1     00006080  _ECanaMOTSRegs                          
1     00006100  _ECanaMboxes                            
1     00006000  _ECanaRegs                              
1     00006240  _ECanbLAMRegs                           
1     000062c0  _ECanbMOTORegs                          
1     00006280  _ECanbMOTSRegs                          
1     00006300  _ECanbMboxes                            
1     00006200  _ECanbRegs                              
1     00006a00  _ECap1Regs                              
1     00006a20  _ECap2Regs                              
1     00006a40  _ECap3Regs                              
1     00006a60  _ECap4Regs                              
1     00006a80  _ECap5Regs                              
1     00006aa0  _ECap6Regs                              
0     0033acc4  _EMUINT_ISR                             
0     0033b743  _EN_NMR_mode                            
0     0033b74c  _EN_Tuning_mode                         
0     0033addc  _EPWM1_INT_ISR                          
0     0033ada0  _EPWM1_TZINT_ISR                        
0     0033ade6  _EPWM2_INT_ISR                          
0     0033adaa  _EPWM2_TZINT_ISR                        
0     0033adf0  _EPWM3_INT_ISR                          
0     0033adb4  _EPWM3_TZINT_ISR                        
0     0033adfa  _EPWM4_INT_ISR                          
0     0033adbe  _EPWM4_TZINT_ISR                        
0     0033ae04  _EPWM5_INT_ISR                          
0     0033adc8  _EPWM5_TZINT_ISR                        
0     0033ae0e  _EPWM6_INT_ISR                          
0     0033add2  _EPWM6_TZINT_ISR                        
1     00006800  _EPwm1Regs                              
1     00006840  _EPwm2Regs                              
1     00006880  _EPwm3Regs                              
1     000068c0  _EPwm4Regs                              
1     00006900  _EPwm5Regs                              
1     00006940  _EPwm6Regs                              
0     0033ae54  _EQEP1_INT_ISR                          
0     0033ae5e  _EQEP2_INT_ISR                          
1     00006b00  _EQep1Regs                              
1     00006b40  _EQep2Regs                              
0     0033bddc  _EnableInterrupts                       
0     00339703  _FID2                                   
0     003395ff  _FID3                                   
0     0033c2e8  _FW_VERSION                             
0     00338d1e  _FinishNMRADC                           
1     00000a80  _FlashRegs                              
0     00338021  _GetAcqTD                               
0     00338000  _GetErrorCode                           
0     003380a8  _GetFullParameters                      
0     003381bb  _GetNMRData                             
0     00338025  _GetNMRParameters                       
0     003395ec  _GetPlsTime                             
1     00006f80  _GpioCtrlRegs                           
1     00006fc0  _GpioDataRegs                           
1     00006fe0  _GpioIntRegs                            
0     0033aee0  _I2CINT1A_ISR                           
0     0033aeea  _I2CINT2A_ISR                           
1     00007900  _I2caRegs                               
0     0033acd8  _ILLEGAL_ISR                            
0     0033ac9c  _INT13_ISR                              
0     0033aca6  _INT14_ISR                              
0     00339a31  _IRCPMG                                 
0     0033bee5  _InitAdc                                
0     0033b91d  _InitEPwm                               
0     0033b92b  _InitEPwm1Gpio                          
0     00338fc1  _InitEPwm2                              
0     0033b93d  _InitEPwm2Gpio                          
0     0033b94f  _InitEPwm3Gpio                          
0     0033b963  _InitEPwm4Gpio                          
0     0033b977  _InitEPwm5Gpio                          
0     0033b989  _InitEPwm6Gpio                          
0     0033b91e  _InitEPwmGpio                           
0     0033b99b  _InitEPwmSyncGpio                       
0     00008000  _InitFlash                              
0     0033bece  _InitGpio                               
0     0033b2ac  _InitMcbsp                              
0     0033b385  _InitMcbspGpio                          
0     0033b2b1  _InitMcbspa                             
0     0033b310  _InitMcbspa12bit                        
0     0033b31b  _InitMcbspa16bit                        
0     0033b326  _InitMcbspa20bit                        
0     0033b331  _InitMcbspa24bit                        
0     0033b33c  _InitMcbspa32bit                        
0     0033b309  _InitMcbspa8bit                         
0     0033b38a  _InitMcbspaGpio                         
0     0033b2dd  _InitMcbspb                             
0     0033b34e  _InitMcbspb12bit                        
0     0033b359  _InitMcbspb16bit                        
0     0033b364  _InitMcbspb20bit                        
0     0033b36f  _InitMcbspb24bit                        
0     0033b37a  _InitMcbspb32bit                        
0     0033b347  _InitMcbspb8bit                         
0     0033b3c4  _InitMcbspbGpio                         
0     0033b6bf  _InitNMR                                
0     0033b7c1  _InitPeripheralClocks                   
0     0033bdbd  _InitPieCtrl                            
0     0033be77  _InitPieVectTable                       
0     0033b770  _InitPll                                
0     0033b755  _InitSysCtrl                            
0     0033b9af  _InitTzGpio                             
0     0033af94  _LUF_ISR                                
0     0033af8a  _LVF_ISR                                
0     0033c2e6  _MAXT_NMR                               
0     0033c2e9  _MB_SLV_ID                              
0     0033ae90  _MRINTA_ISR                             
0     0033ae7c  _MRINTB_ISR                             
0     0033ae9a  _MXINTA_ISR                             
0     0033ae86  _MXINTB_ISR                             
1     00005000  _McbspaRegs                             
1     00005040  _McbspbRegs                             
0     0033acce  _NMI_ISR                                
0     0033a0cc  _NMR_job                                
1     0000c000  _NMR_system_settings                    
1     0000f860  _Off_Period                             
1     0000f866  _On_Period                              
0     0033af9e  _PIE_RESERVED                           
0     0033935f  _PLL_freq_set                           
0     00339269  _PLL_freq_set2                          
0     003394c7  _PLL_freq_set_orig                      
0     00339178  _PLL_init                               
0     00339483  _PLL_mosi                               
0     0033946c  _PLL_write                              
1     00380090  _PartIdRegs                             
1     0000f862  _Period                                 
1     00000ce0  _PieCtrlRegs                            
1     00000d00  _PieVectTable                           
0     0033c13a  _PieVectTableInit                       
0     0033952e  _PlsGen                                 
0     003395cc  _PlsGenACQ                              
0     0033958a  _PlsGenAddLoop                          
0     003395a3  _PlsGenDelay                            
0     003395b7  _PlsGenPulse                            
0     00338cfd  _PrepareNMRADC                          
0     0033acba  _RTOSINT_ISR                            
0     0032001f  _RamfuncsLoadEnd                        
abs   0000001f  _RamfuncsLoadSize                       
0     00320000  _RamfuncsLoadStart                      
0     00008000  _RamfuncsRunStart                       
0     0033b64b  _ResetNMR                               
0     00338a5f  _Run_NMR_Accumulate                     
0     00338b2f  _Run_NMR_Accumulate_CPMG                
0     0033883a  _Run_NMR_Accumulate_CPMG_mcbsp          
0     003383a0  _Run_NMR_Accumulate_mcbsp               
0     0033898a  _Run_NMR_Accumulate_test_tuning         
0     00338445  _Run_NMR_Accumulate_tuning_mcbsp        
0     00338601  _Run_NMR_CPMG                           
0     0033870d  _Run_NMR_CPMG_mcbsp                     
0     0033826b  _Run_NMR_FID                            
0     003382fe  _Run_NMR_FID_mcbsp                      
0     003384e3  _Run_NMR_Tuning                         
0     00338572  _Run_NMR_Tuning_mcbsp                   
0     00338d23  _Run_NMR_test                           
0     0033af08  _SCIRXINTA_ISR                          
0     0033af1c  _SCIRXINTB_ISR                          
0     0033aef4  _SCIRXINTC_ISR                          
0     0033af12  _SCITXINTA_ISR                          
0     0033af26  _SCITXINTB_ISR                          
0     0033aefe  _SCITXINTC_ISR                          
0     0033ad5a  _SEQ1INT_ISR                            
0     0033ad64  _SEQ2INT_ISR                            
0     0033ae68  _SPIRXINTA_ISR                          
0     0033b0ad  _SPIRead32bitWordFromADC                
0     0033b10d  _SPIRead32bitWordFromADCFast            
0     0033ae72  _SPITXINTA_ISR                          
1     00007050  _SciaRegs                               
1     00007750  _ScibRegs                               
1     00007770  _ScicRegs                               
0     0033b75e  _ServiceDog                             
0     0033bf34  _SetDBGIER                              
0     00338004  _SetErrorCode                           
0     0033800c  _SetFreq                                
0     00338013  _SetGain                                
0     003380c2  _SetNMRParameters                       
0     003381fa  _SetPowerLevel                          
0     003381eb  _SetRecGain                             
0     0033801a  _SetTD                                  
0     003381db  _SetTuningCap                           
1     00007040  _SpiaRegs                               
0     0033a5db  _StartDMACH1                            
0     0033a680  _StartDMACH2                            
0     0033a725  _StartDMACH3                            
0     0033a7ca  _StartDMACH4                            
0     0033a86f  _StartDMACH5                            
0     0033a914  _StartDMACH6                            
0     0033b04d  _StartNMRASIC_SEQ                       
0     0033b052  _StopNMRASIC_SEQ                        
1     00007010  _SysCtrlRegs                            
0     0033ad8c  _TINT0_ISR                              
1     0000f85c  _TSt1                                   
1     0000f85e  _TSt2                                   
1     0000f864  _TSt3                                   
0     0033c2ea  _TimerTicksPer50us                      
1     0000fa5e  _Timer_Count                            
0     00339833  _TuningSeq                              
0     0033ad3c  _USER10_ISR                             
0     0033ad46  _USER11_ISR                             
0     0033ad50  _USER12_ISR                             
0     0033ace2  _USER1_ISR                              
0     0033acec  _USER2_ISR                              
0     0033acf6  _USER3_ISR                              
0     0033ad00  _USER4_ISR                              
0     0033ad0a  _USER5_ISR                              
0     0033ad14  _USER6_ISR                              
0     0033ad1e  _USER7_ISR                              
0     0033ad28  _USER8_ISR                              
0     0033ad32  _USER9_ISR                              
0     0033c2e4  _US_NMR                                 
0     0033ad96  _WAKEINT_ISR                            
0     0033ad6e  _XINT1_ISR                              
0     0033ad78  _XINT2_ISR                              
0     0033af58  _XINT3_ISR                              
0     0033af62  _XINT4_ISR                              
0     0033af6c  _XINT5_ISR                              
0     0033af76  _XINT6_ISR                              
0     0033af80  _XINT7_ISR                              
1     00007070  _XIntruptRegs                           
1     0000f86c  _Xint1Count                             
1     00000b20  _XintfRegs                              
1     00000700  __STACK_END                             
abs   00000300  __STACK_SIZE                            
1     0000f876  ___TI_cleanup_ptr                       
1     0000f878  ___TI_dtors_ptr                         
1     0000f874  ___TI_enable_exit_profile_output        
abs   ffffffff  ___TI_pprof_out_hndl                    
abs   ffffffff  ___TI_prof_data_size                    
abs   ffffffff  ___TI_prof_data_start                   
abs   ffffffff  ___binit__                              
abs   ffffffff  ___c_args__                             
0     0033c380  ___cinit__                              
0     0033bf39  ___etext__                              
abs   ffffffff  ___pinit__                              
0     00338000  ___text__                               
0     0033beb5  __args_main                             
1     0000f87e  __lock                                  
0     0033bf1f  __nop                                   
0     0033bf1b  __register_lock                         
0     0033bf17  __register_unlock                       
1     00000400  __stack                                 
0     0033be0b  __system_post_cinit                     
0     0033bf37  __system_pre_init                       
1     0000fa68  __unlock                                
0     0033bd94  _abort                                  
1     0000f85a  _asic_gain                              
0     0033bc73  _c_int00                                
0     0033b3f2  _clkg_delay_loop                        
0     00338f7c  _configure_SPI                          
0     0033be31  _copy_in                                
0     0033bef9  _copysign                               
0     0033bef9  _copysignf                              
0     0033bf0a  _cpu_timer0_isr                         
0     0033bd3b  _cpu_timer1_isr                         
0     0033bb53  _cpu_timer2_isr                         
1     0000fa62  _data1                                  
1     0000fa65  _data2                                  
1     0000dd00  _dataBuf_imag                           
1     0000c180  _dataBuf_real                           
0     0033b3dc  _delay_loop                             
0     0033b1eb  _eMBClose                               
0     0033b20e  _eMBDisable                             
0     0033b1fc  _eMBEnable                              
0     0033b597  _eMBFuncReadHoldingRegister             
0     0033b5dc  _eMBFuncReadWriteMultipleHoldingRegister
0     0033b53b  _eMBFuncWriteHoldingRegister            
0     0033b55d  _eMBFuncWriteMultipleHoldingRegister    
0     0033b138  _eMBInit                                
0     0033b224  _eMBPoll                                
0     0033b408  _eMBRTUInit                             
0     0033b453  _eMBRTUReceive                          
0     0033b47d  _eMBRTUSend                             
0     0033b43a  _eMBRTUStart                            
0     0033b448  _eMBRTUStop                             
0     0033a255  _eMBRegHoldingCB                        
0     0033b182  _eMBRegisterCB                          
0     0033bba5  _epwm1_isr                              
1     0000fa6b  _errno                                  
0     0033bd96  _exit                                   
0     0033bc1c  _floor                                  
0     0033bc1c  _floorf                                 
1     0000c080  _gPulseSeq                              
0     00338dd5  _gpio_init                              
0     00338167  _initNMRParameters                      
0     0033910f  _init_spi_dac                           
1     0000f85b  _j                                      
0     0033bbba  _ldexp                                  
0     0033bbba  _ldexpf                                 
0     00338db2  _led_blink_D40                          
0     00338d8f  _led_blink_D42                          
0     0033bb94  _local_DINTCH1_ISR                      
0     0033b080  _mReadNMR_ACQ                           
0     0033a0f7  _main                                   
0     003390a3  _mcsb32bitWordFromADC                   
0     0033be97  _memcpy                                 
1     0000f86e  _nextExpt                               
0     00339520  _plscpy                                 
1     0000f87a  _portMBox                               
0     0033a91c  _pow                                    
0     0033a91c  _powf                                   
0     0033bac9  _prveMBError2Exception                  
1     0000f9dc  _pxMBFrameCBByteReceived                
1     0000f9c8  _pxMBFrameCBReceiveFSMCur               
1     0000f9d8  _pxMBFrameCBTransmitFSMCur              
1     0000f9d6  _pxMBFrameCBTransmitterEmpty            
1     0000f9ca  _pxMBPortCBTimerExpired                 
1     0000fa5b  _rdata1                                 
1     0000fa5a  _rdata2                                 
0     0033afa8  _rsvd_ISR                               
0     0033bbba  _scalbn                                 
0     0033bbba  _scalbnf                                
0     0033bae1  _sciaRxIsr                              
0     0033bb20  _sciaTxIsr                              
1     0000fa58  _sdata1                                 
1     0000fa59  _sdata2                                 
0     00339042  _setup_McbspbSpi                        
0     00339250  _spi_PLL_read                           
0     003390e6  _spi_dac                                
0     00339142  _spi_dac_MCC                            
0     00338f4e  _spi_init                               
0     00338ffb  _spi_temp_board                         
0     0033be0c  _sqrt                                   
0     0033be0c  _sqrtf                                  
0     0033bf2f  _strcpy                                 
1     0000fa5c  _t1                                     
1     0000fa60  _t2                                     
1     0000fa6a  _test                                   
0     0033b08a  _trigger_ADC_sample                     
1     0000f8c0  _ucRTUBuf                               
1     0000f858  _usAddress                              
0     0033bde5  _usMBCRC16                              
1     0000f859  _usRegInputBuf                          
0     0033b856  _vMBPortSerialEnable                    
0     0033b89d  _vMBPortSerialWaitForTXEnd              
0     0033bd36  _vMBPortTimersDisable                   
0     0033bd2f  _vMBPortTimersEnable                    
0     0033bce9  _xMBPortEventGet                        
0     0033bcc9  _xMBPortEventInit                       
0     0033bccf  _xMBPortEventPost                       
0     0033b913  _xMBPortSerialGetByte                   
0     0033b8a5  _xMBPortSerialInit                      
0     0033b90a  _xMBPortSerialPutByte                   
0     0033bd04  _xMBPortTimersInit                      
0     0033b4b7  _xMBRTUReceiveFSM                       
0     0033b51f  _xMBRTUTimerT35Expired                  
0     0033b4f1  _xMBRTUTransmitFSM                      
0     0033baa6  _xMBUtilGetBits                         
0     0033ba6d  _xMBUtilSetBits                         
abs   ffffffff  binit                                   
0     0033c380  cinit                                   
0     0033fff6  code_start                              
0     0033bf39  etext                                   
abs   ffffffff  pinit                                   


GLOBAL SYMBOLS: SORTED BY Symbol Address 

page  address   name                                    
----  -------   ----                                    
0     00008000  _InitFlash                              
0     00008000  _RamfuncsRunStart                       
0     0000801b  _DSP28x_usDelay                         
0     00320000  _RamfuncsLoadStart                      
0     0032001f  _RamfuncsLoadEnd                        
0     00338000  .text                                   
0     00338000  _GetErrorCode                           
0     00338000  ___text__                               
0     00338004  _SetErrorCode                           
0     0033800c  _SetFreq                                
0     00338013  _SetGain                                
0     0033801a  _SetTD                                  
0     00338021  _GetAcqTD                               
0     00338025  _GetNMRParameters                       
0     003380a8  _GetFullParameters                      
0     003380c2  _SetNMRParameters                       
0     00338167  _initNMRParameters                      
0     003381bb  _GetNMRData                             
0     003381db  _SetTuningCap                           
0     003381eb  _SetRecGain                             
0     003381fa  _SetPowerLevel                          
0     00338209  _Do_NMR_experiments                     
0     0033826b  _Run_NMR_FID                            
0     003382fe  _Run_NMR_FID_mcbsp                      
0     003383a0  _Run_NMR_Accumulate_mcbsp               
0     00338445  _Run_NMR_Accumulate_tuning_mcbsp        
0     003384e3  _Run_NMR_Tuning                         
0     00338572  _Run_NMR_Tuning_mcbsp                   
0     00338601  _Run_NMR_CPMG                           
0     0033870d  _Run_NMR_CPMG_mcbsp                     
0     0033883a  _Run_NMR_Accumulate_CPMG_mcbsp          
0     0033898a  _Run_NMR_Accumulate_test_tuning         
0     00338a5f  _Run_NMR_Accumulate                     
0     00338b2f  _Run_NMR_Accumulate_CPMG                
0     00338cfd  _PrepareNMRADC                          
0     00338d1e  _FinishNMRADC                           
0     00338d23  _Run_NMR_test                           
0     00338d8f  _led_blink_D42                          
0     00338db2  _led_blink_D40                          
0     00338dd5  _gpio_init                              
0     00338f4e  _spi_init                               
0     00338f7c  _configure_SPI                          
0     00338fc1  _InitEPwm2                              
0     00338ffb  _spi_temp_board                         
0     00339042  _setup_McbspbSpi                        
0     003390a3  _mcsb32bitWordFromADC                   
0     003390e6  _spi_dac                                
0     0033910f  _init_spi_dac                           
0     00339142  _spi_dac_MCC                            
0     00339178  _PLL_init                               
0     00339250  _spi_PLL_read                           
0     00339269  _PLL_freq_set2                          
0     0033935f  _PLL_freq_set                           
0     0033946c  _PLL_write                              
0     00339483  _PLL_mosi                               
0     003394c7  _PLL_freq_set_orig                      
0     00339520  _plscpy                                 
0     0033952e  _PlsGen                                 
0     0033958a  _PlsGenAddLoop                          
0     003395a3  _PlsGenDelay                            
0     003395b7  _PlsGenPulse                            
0     003395cc  _PlsGenACQ                              
0     003395ec  _GetPlsTime                             
0     003395ff  _FID3                                   
0     00339703  _FID2                                   
0     00339833  _TuningSeq                              
0     003398f6  _CPMG2                                  
0     00339a31  _IRCPMG                                 
0     00339bae  _ADS1248_init_2                         
0     00339ea8  _ADS1248_init                           
0     0033a070  _ADS1248_Configure                      
0     0033a0a8  _ADS1248_SendCommand_8bits              
0     0033a0b6  _ADS1248_ReadTemp                       
0     0033a0cc  _NMR_job                                
0     0033a0f7  _main                                   
0     0033a255  _eMBRegHoldingCB                        
0     0033a533  _DMAInitialize                          
0     0033a53e  _DMACH1AddrConfig                       
0     0033a54e  _DMACH1BurstConfig                      
0     0033a55e  _DMACH1TransferConfig                   
0     0033a56e  _DMACH1WrapConfig                       
0     0033a581  _DMACH1ModeConfig                       
0     0033a5db  _StartDMACH1                            
0     0033a5e3  _DMACH2AddrConfig                       
0     0033a5f3  _DMACH2BurstConfig                      
0     0033a603  _DMACH2TransferConfig                   
0     0033a613  _DMACH2WrapConfig                       
0     0033a626  _DMACH2ModeConfig                       
0     0033a680  _StartDMACH2                            
0     0033a688  _DMACH3AddrConfig                       
0     0033a698  _DMACH3BurstConfig                      
0     0033a6a8  _DMACH3TransferConfig                   
0     0033a6b8  _DMACH3WrapConfig                       
0     0033a6cb  _DMACH3ModeConfig                       
0     0033a725  _StartDMACH3                            
0     0033a72d  _DMACH4AddrConfig                       
0     0033a73d  _DMACH4BurstConfig                      
0     0033a74d  _DMACH4TransferConfig                   
0     0033a75d  _DMACH4WrapConfig                       
0     0033a770  _DMACH4ModeConfig                       
0     0033a7ca  _StartDMACH4                            
0     0033a7d2  _DMACH5AddrConfig                       
0     0033a7e2  _DMACH5BurstConfig                      
0     0033a7f2  _DMACH5TransferConfig                   
0     0033a802  _DMACH5WrapConfig                       
0     0033a815  _DMACH5ModeConfig                       
0     0033a86f  _StartDMACH5                            
0     0033a877  _DMACH6AddrConfig                       
0     0033a887  _DMACH6BurstConfig                      
0     0033a897  _DMACH6TransferConfig                   
0     0033a8a7  _DMACH6WrapConfig                       
0     0033a8ba  _DMACH6ModeConfig                       
0     0033a914  _StartDMACH6                            
0     0033a91c  _pow                                    
0     0033a91c  _powf                                   
0     0033ac9c  _INT13_ISR                              
0     0033aca6  _INT14_ISR                              
0     0033acb0  _DATALOG_ISR                            
0     0033acba  _RTOSINT_ISR                            
0     0033acc4  _EMUINT_ISR                             
0     0033acce  _NMI_ISR                                
0     0033acd8  _ILLEGAL_ISR                            
0     0033ace2  _USER1_ISR                              
0     0033acec  _USER2_ISR                              
0     0033acf6  _USER3_ISR                              
0     0033ad00  _USER4_ISR                              
0     0033ad0a  _USER5_ISR                              
0     0033ad14  _USER6_ISR                              
0     0033ad1e  _USER7_ISR                              
0     0033ad28  _USER8_ISR                              
0     0033ad32  _USER9_ISR                              
0     0033ad3c  _USER10_ISR                             
0     0033ad46  _USER11_ISR                             
0     0033ad50  _USER12_ISR                             
0     0033ad5a  _SEQ1INT_ISR                            
0     0033ad64  _SEQ2INT_ISR                            
0     0033ad6e  _XINT1_ISR                              
0     0033ad78  _XINT2_ISR                              
0     0033ad82  _ADCINT_ISR                             
0     0033ad8c  _TINT0_ISR                              
0     0033ad96  _WAKEINT_ISR                            
0     0033ada0  _EPWM1_TZINT_ISR                        
0     0033adaa  _EPWM2_TZINT_ISR                        
0     0033adb4  _EPWM3_TZINT_ISR                        
0     0033adbe  _EPWM4_TZINT_ISR                        
0     0033adc8  _EPWM5_TZINT_ISR                        
0     0033add2  _EPWM6_TZINT_ISR                        
0     0033addc  _EPWM1_INT_ISR                          
0     0033ade6  _EPWM2_INT_ISR                          
0     0033adf0  _EPWM3_INT_ISR                          
0     0033adfa  _EPWM4_INT_ISR                          
0     0033ae04  _EPWM5_INT_ISR                          
0     0033ae0e  _EPWM6_INT_ISR                          
0     0033ae18  _ECAP1_INT_ISR                          
0     0033ae22  _ECAP2_INT_ISR                          
0     0033ae2c  _ECAP3_INT_ISR                          
0     0033ae36  _ECAP4_INT_ISR                          
0     0033ae40  _ECAP5_INT_ISR                          
0     0033ae4a  _ECAP6_INT_ISR                          
0     0033ae54  _EQEP1_INT_ISR                          
0     0033ae5e  _EQEP2_INT_ISR                          
0     0033ae68  _SPIRXINTA_ISR                          
0     0033ae72  _SPITXINTA_ISR                          
0     0033ae7c  _MRINTB_ISR                             
0     0033ae86  _MXINTB_ISR                             
0     0033ae90  _MRINTA_ISR                             
0     0033ae9a  _MXINTA_ISR                             
0     0033aea4  _DINTCH1_ISR                            
0     0033aeae  _DINTCH2_ISR                            
0     0033aeb8  _DINTCH3_ISR                            
0     0033aec2  _DINTCH4_ISR                            
0     0033aecc  _DINTCH5_ISR                            
0     0033aed6  _DINTCH6_ISR                            
0     0033aee0  _I2CINT1A_ISR                           
0     0033aeea  _I2CINT2A_ISR                           
0     0033aef4  _SCIRXINTC_ISR                          
0     0033aefe  _SCITXINTC_ISR                          
0     0033af08  _SCIRXINTA_ISR                          
0     0033af12  _SCITXINTA_ISR                          
0     0033af1c  _SCIRXINTB_ISR                          
0     0033af26  _SCITXINTB_ISR                          
0     0033af30  _ECAN0INTA_ISR                          
0     0033af3a  _ECAN1INTA_ISR                          
0     0033af44  _ECAN0INTB_ISR                          
0     0033af4e  _ECAN1INTB_ISR                          
0     0033af58  _XINT3_ISR                              
0     0033af62  _XINT4_ISR                              
0     0033af6c  _XINT5_ISR                              
0     0033af76  _XINT6_ISR                              
0     0033af80  _XINT7_ISR                              
0     0033af8a  _LVF_ISR                                
0     0033af94  _LUF_ISR                                
0     0033af9e  _PIE_RESERVED                           
0     0033afa8  _rsvd_ISR                               
0     0033afb2  _ASIC_mosi_download                     
0     0033b04d  _StartNMRASIC_SEQ                       
0     0033b052  _StopNMRASIC_SEQ                        
0     0033b057  _AsicGainCtrl                           
0     0033b080  _mReadNMR_ACQ                           
0     0033b08a  _trigger_ADC_sample                     
0     0033b0ad  _SPIRead32bitWordFromADC                
0     0033b10d  _SPIRead32bitWordFromADCFast            
0     0033b138  _eMBInit                                
0     0033b182  _eMBRegisterCB                          
0     0033b1eb  _eMBClose                               
0     0033b1fc  _eMBEnable                              
0     0033b20e  _eMBDisable                             
0     0033b224  _eMBPoll                                
0     0033b2ac  _InitMcbsp                              
0     0033b2b1  _InitMcbspa                             
0     0033b2dd  _InitMcbspb                             
0     0033b309  _InitMcbspa8bit                         
0     0033b310  _InitMcbspa12bit                        
0     0033b31b  _InitMcbspa16bit                        
0     0033b326  _InitMcbspa20bit                        
0     0033b331  _InitMcbspa24bit                        
0     0033b33c  _InitMcbspa32bit                        
0     0033b347  _InitMcbspb8bit                         
0     0033b34e  _InitMcbspb12bit                        
0     0033b359  _InitMcbspb16bit                        
0     0033b364  _InitMcbspb20bit                        
0     0033b36f  _InitMcbspb24bit                        
0     0033b37a  _InitMcbspb32bit                        
0     0033b385  _InitMcbspGpio                          
0     0033b38a  _InitMcbspaGpio                         
0     0033b3c4  _InitMcbspbGpio                         
0     0033b3dc  _delay_loop                             
0     0033b3f2  _clkg_delay_loop                        
0     0033b408  _eMBRTUInit                             
0     0033b43a  _eMBRTUStart                            
0     0033b448  _eMBRTUStop                             
0     0033b453  _eMBRTUReceive                          
0     0033b47d  _eMBRTUSend                             
0     0033b4b7  _xMBRTUReceiveFSM                       
0     0033b4f1  _xMBRTUTransmitFSM                      
0     0033b51f  _xMBRTUTimerT35Expired                  
0     0033b53b  _eMBFuncWriteHoldingRegister            
0     0033b55d  _eMBFuncWriteMultipleHoldingRegister    
0     0033b597  _eMBFuncReadHoldingRegister             
0     0033b5dc  _eMBFuncReadWriteMultipleHoldingRegister
0     0033b64b  _ResetNMR                               
0     0033b6bf  _InitNMR                                
0     0033b73d  _DlPlSeq                                
0     0033b743  _EN_NMR_mode                            
0     0033b74c  _EN_Tuning_mode                         
0     0033b755  _InitSysCtrl                            
0     0033b75e  _ServiceDog                             
0     0033b768  _DisableDog                             
0     0033b770  _InitPll                                
0     0033b7c1  _InitPeripheralClocks                   
0     0033b81c  _CsmUnlock                              
0     0033b856  _vMBPortSerialEnable                    
0     0033b89d  _vMBPortSerialWaitForTXEnd              
0     0033b8a5  _xMBPortSerialInit                      
0     0033b90a  _xMBPortSerialPutByte                   
0     0033b913  _xMBPortSerialGetByte                   
0     0033b91d  _InitEPwm                               
0     0033b91e  _InitEPwmGpio                           
0     0033b92b  _InitEPwm1Gpio                          
0     0033b93d  _InitEPwm2Gpio                          
0     0033b94f  _InitEPwm3Gpio                          
0     0033b963  _InitEPwm4Gpio                          
0     0033b977  _InitEPwm5Gpio                          
0     0033b989  _InitEPwm6Gpio                          
0     0033b99b  _InitEPwmSyncGpio                       
0     0033b9af  _InitTzGpio                             
0     0033b9e5  FS$$DIV                                 
0     0033ba6d  _xMBUtilSetBits                         
0     0033baa6  _xMBUtilGetBits                         
0     0033bac9  _prveMBError2Exception                  
0     0033bae1  _sciaRxIsr                              
0     0033bb20  _sciaTxIsr                              
0     0033bb53  _cpu_timer2_isr                         
0     0033bb94  _local_DINTCH1_ISR                      
0     0033bba5  _epwm1_isr                              
0     0033bbba  _ldexp                                  
0     0033bbba  _ldexpf                                 
0     0033bbba  _scalbn                                 
0     0033bbba  _scalbnf                                
0     0033bc1c  _floor                                  
0     0033bc1c  _floorf                                 
0     0033bc73  _c_int00                                
0     0033bcc9  _xMBPortEventInit                       
0     0033bccf  _xMBPortEventPost                       
0     0033bce9  _xMBPortEventGet                        
0     0033bd04  _xMBPortTimersInit                      
0     0033bd2f  _vMBPortTimersEnable                    
0     0033bd36  _vMBPortTimersDisable                   
0     0033bd3b  _cpu_timer1_isr                         
0     0033bd6a  L$$DIV                                  
0     0033bd79  L$$MOD                                  
0     0033bd87  UL$$DIV                                 
0     0033bd8e  UL$$MOD                                 
0     0033bd94  C$$EXIT                                 
0     0033bd94  _abort                                  
0     0033bd96  _exit                                   
0     0033bdbd  _InitPieCtrl                            
0     0033bddc  _EnableInterrupts                       
0     0033bde5  _usMBCRC16                              
0     0033be0b  __system_post_cinit                     
0     0033be0c  _sqrt                                   
0     0033be0c  _sqrtf                                  
0     0033be31  _copy_in                                
0     0033be55  I$$DIV                                  
0     0033be66  I$$MOD                                  
0     0033be77  _InitPieVectTable                       
0     0033be97  _memcpy                                 
0     0033beb5  __args_main                             
0     0033bece  _InitGpio                               
0     0033bee5  _InitAdc                                
0     0033bef9  _copysign                               
0     0033bef9  _copysignf                              
0     0033bf0a  _cpu_timer0_isr                         
0     0033bf17  __register_unlock                       
0     0033bf1b  __register_lock                         
0     0033bf1f  __nop                                   
0     0033bf28  _DSP28x_DisableInt                      
0     0033bf2c  _DSP28x_RestoreInt                      
0     0033bf2f  _strcpy                                 
0     0033bf34  _SetDBGIER                              
0     0033bf37  __system_pre_init                       
0     0033bf39  ___etext__                              
0     0033bf39  etext                                   
0     0033c13a  _PieVectTableInit                       
0     0033c2e4  _US_NMR                                 
0     0033c2e6  _MAXT_NMR                               
0     0033c2e8  _FW_VERSION                             
0     0033c2e9  _MB_SLV_ID                              
0     0033c2ea  _TimerTicksPer50us                      
0     0033c380  ___cinit__                              
0     0033c380  cinit                                   
0     0033fff6  code_start                              
0     00380080  _ADC_cal                                
1     00000400  __stack                                 
1     00000700  __STACK_END                             
1     00000880  _DevEmuRegs                             
1     00000a80  _FlashRegs                              
1     00000ae0  _CsmRegs                                
1     00000b00  _AdcMirror                              
1     00000b20  _XintfRegs                              
1     00000c00  _CpuTimer0Regs                          
1     00000c08  _CpuTimer1Regs                          
1     00000c10  _CpuTimer2Regs                          
1     00000ce0  _PieCtrlRegs                            
1     00000d00  _PieVectTable                           
1     00001000  _DmaRegs                                
1     00005000  _McbspaRegs                             
1     00005040  _McbspbRegs                             
1     00006000  _ECanaRegs                              
1     00006040  _ECanaLAMRegs                           
1     00006080  _ECanaMOTSRegs                          
1     000060c0  _ECanaMOTORegs                          
1     00006100  _ECanaMboxes                            
1     00006200  _ECanbRegs                              
1     00006240  _ECanbLAMRegs                           
1     00006280  _ECanbMOTSRegs                          
1     000062c0  _ECanbMOTORegs                          
1     00006300  _ECanbMboxes                            
1     00006800  _EPwm1Regs                              
1     00006840  _EPwm2Regs                              
1     00006880  _EPwm3Regs                              
1     000068c0  _EPwm4Regs                              
1     00006900  _EPwm5Regs                              
1     00006940  _EPwm6Regs                              
1     00006a00  _ECap1Regs                              
1     00006a20  _ECap2Regs                              
1     00006a40  _ECap3Regs                              
1     00006a60  _ECap4Regs                              
1     00006a80  _ECap5Regs                              
1     00006aa0  _ECap6Regs                              
1     00006b00  _EQep1Regs                              
1     00006b40  _EQep2Regs                              
1     00006f80  _GpioCtrlRegs                           
1     00006fc0  _GpioDataRegs                           
1     00006fe0  _GpioIntRegs                            
1     00007010  _SysCtrlRegs                            
1     00007040  _SpiaRegs                               
1     00007050  _SciaRegs                               
1     00007070  _XIntruptRegs                           
1     00007100  _AdcRegs                                
1     00007750  _ScibRegs                               
1     00007770  _ScicRegs                               
1     00007900  _I2caRegs                               
1     0000c000  _NMR_system_settings                    
1     0000c080  _gPulseSeq                              
1     0000c180  _dataBuf_real                           
1     0000dd00  _dataBuf_imag                           
1     0000f858  _usAddress                              
1     0000f859  _usRegInputBuf                          
1     0000f85a  _asic_gain                              
1     0000f85b  _j                                      
1     0000f85c  _TSt1                                   
1     0000f85e  _TSt2                                   
1     0000f860  _Off_Period                             
1     0000f862  _Period                                 
1     0000f864  _TSt3                                   
1     0000f866  _On_Period                              
1     0000f868  _DMADest                                
1     0000f86a  _DMASource                              
1     0000f86c  _Xint1Count                             
1     0000f86e  _nextExpt                               
1     0000f874  ___TI_enable_exit_profile_output        
1     0000f876  ___TI_cleanup_ptr                       
1     0000f878  ___TI_dtors_ptr                         
1     0000f87a  _portMBox                               
1     0000f87e  __lock                                  
1     0000f8c0  _ucRTUBuf                               
1     0000f9c8  _pxMBFrameCBReceiveFSMCur               
1     0000f9ca  _pxMBPortCBTimerExpired                 
1     0000f9d6  _pxMBFrameCBTransmitterEmpty            
1     0000f9d8  _pxMBFrameCBTransmitFSMCur              
1     0000f9dc  _pxMBFrameCBByteReceived                
1     0000fa40  _CpuTimer1                              
1     0000fa48  _CpuTimer2                              
1     0000fa50  _CpuTimer0                              
1     0000fa58  _sdata1                                 
1     0000fa59  _sdata2                                 
1     0000fa5a  _rdata2                                 
1     0000fa5b  _rdata1                                 
1     0000fa5c  _t1                                     
1     0000fa5e  _Timer_Count                            
1     0000fa60  _t2                                     
1     0000fa62  _data1                                  
1     0000fa65  _data2                                  
1     0000fa68  __unlock                                
1     0000fa6a  _test                                   
1     0000fa6b  _errno                                  
1     0000fa80  _DMABuf1                                
1     0033fff8  _CsmPwl                                 
1     00380090  _PartIdRegs                             
abs   0000001f  _RamfuncsLoadSize                       
abs   00000300  __STACK_SIZE                            
abs   ffffffff  ___TI_pprof_out_hndl                    
abs   ffffffff  ___TI_prof_data_size                    
abs   ffffffff  ___TI_prof_data_start                   
abs   ffffffff  ___binit__                              
abs   ffffffff  ___c_args__                             
abs   ffffffff  ___pinit__                              
abs   ffffffff  binit                                   
abs   ffffffff  pinit                                   

[440 symbols]
